{"op_code":0,"worker_id":"c9513ea3-dd37-44eb-b147-ac167a780404-140198971524928","study_name":"cox_tuning_tabicl_1_-1_seed42","directions":[2]}
{"op_code":4,"worker_id":"c9513ea3-dd37-44eb-b147-ac167a780404-140198971524928","study_id":0,"datetime_start":"2026-04-01T17:13:05.822526"}
{"op_code":5,"worker_id":"c9513ea3-dd37-44eb-b147-ac167a780404-140198971524928","trial_id":0,"param_name":"num_nodes","param_value_internal":4,"distribution":"{\"name\": \"CategoricalDistribution\", \"attributes\": {\"choices\": [[32], [64], [128], [64, 32], [128, 64]]}}"}
{"op_code":5,"worker_id":"c9513ea3-dd37-44eb-b147-ac167a780404-140198971524928","trial_id":0,"param_name":"dropout","param_value_internal":0.278827859149474,"distribution":"{\"name\": \"FloatDistribution\", \"attributes\": {\"step\": null, \"low\": 0.0, \"high\": 0.3, \"log\": false}}"}
{"op_code":5,"worker_id":"c9513ea3-dd37-44eb-b147-ac167a780404-140198971524928","trial_id":0,"param_name":"learning_rate","param_value_internal":0.00028872121252943847,"distribution":"{\"name\": \"FloatDistribution\", \"attributes\": {\"step\": null, \"low\": 0.0001, \"high\": 0.01, \"log\": true}}"}
{"op_code":5,"worker_id":"c9513ea3-dd37-44eb-b147-ac167a780404-140198971524928","trial_id":0,"param_name":"batch_norm","param_value_internal":1,"distribution":"{\"name\": \"CategoricalDistribution\", \"attributes\": {\"choices\": [true, false]}}"}
{"op_code":6,"worker_id":"c9513ea3-dd37-44eb-b147-ac167a780404-140198971524928","trial_id":0,"state":1,"values":[0.7776931941730632],"datetime_complete":"2026-04-01T17:13:17.914843"}
{"op_code":4,"worker_id":"c9513ea3-dd37-44eb-b147-ac167a780404-140198971524928","study_id":0,"datetime_start":"2026-04-01T17:13:17.939554"}
{"op_code":5,"worker_id":"c9513ea3-dd37-44eb-b147-ac167a780404-140198971524928","trial_id":1,"param_name":"num_nodes","param_value_internal":1,"distribution":"{\"name\": \"CategoricalDistribution\", \"attributes\": {\"choices\": [[32], [64], [128], [64, 32], [128, 64]]}}"}
{"op_code":5,"worker_id":"c9513ea3-dd37-44eb-b147-ac167a780404-140198971524928","trial_id":1,"param_name":"dropout","param_value_internal":0.08463515235616761,"distribution":"{\"name\": \"FloatDistribution\", \"attributes\": {\"step\": null, \"low\": 0.0, \"high\": 0.3, \"log\": false}}"}
{"op_code":5,"worker_id":"c9513ea3-dd37-44eb-b147-ac167a780404-140198971524928","trial_id":1,"param_name":"learning_rate","param_value_internal":0.006454157228319123,"distribution":"{\"name\": \"FloatDistribution\", \"attributes\": {\"step\": null, \"low\": 0.0001, \"high\": 0.01, \"log\": true}}"}
{"op_code":5,"worker_id":"c9513ea3-dd37-44eb-b147-ac167a780404-140198971524928","trial_id":1,"param_name":"batch_norm","param_value_internal":1,"distribution":"{\"name\": \"CategoricalDistribution\", \"attributes\": {\"choices\": [true, false]}}"}
{"op_code":6,"worker_id":"c9513ea3-dd37-44eb-b147-ac167a780404-140198971524928","trial_id":1,"state":1,"values":[0.7482862232483044],"datetime_complete":"2026-04-01T17:13:25.538869"}
{"op_code":4,"worker_id":"c9513ea3-dd37-44eb-b147-ac167a780404-140198971524928","study_id":0,"datetime_start":"2026-04-01T17:13:25.553599"}
{"op_code":5,"worker_id":"c9513ea3-dd37-44eb-b147-ac167a780404-140198971524928","trial_id":2,"param_name":"num_nodes","param_value_internal":0,"distribution":"{\"name\": \"CategoricalDistribution\", \"attributes\": {\"choices\": [[32], [64], [128], [64, 32], [128, 64]]}}"}
{"op_code":5,"worker_id":"c9513ea3-dd37-44eb-b147-ac167a780404-140198971524928","trial_id":2,"param_name":"dropout","param_value_internal":0.2250457472420295,"distribution":"{\"name\": \"FloatDistribution\", \"attributes\": {\"step\": null, \"low\": 0.0, \"high\": 0.3, \"log\": false}}"}
{"op_code":5,"worker_id":"c9513ea3-dd37-44eb-b147-ac167a780404-140198971524928","trial_id":2,"param_name":"learning_rate","param_value_internal":0.00011261575865589077,"distribution":"{\"name\": \"FloatDistribution\", \"attributes\": {\"step\": null, \"low\": 0.0001, \"high\": 0.01, \"log\": true}}"}
{"op_code":5,"worker_id":"c9513ea3-dd37-44eb-b147-ac167a780404-140198971524928","trial_id":2,"param_name":"batch_norm","param_value_internal":0,"distribution":"{\"name\": \"CategoricalDistribution\", \"attributes\": {\"choices\": [true, false]}}"}
{"op_code":6,"worker_id":"c9513ea3-dd37-44eb-b147-ac167a780404-140198971524928","trial_id":2,"state":1,"values":[0.7886690354337126],"datetime_complete":"2026-04-01T17:13:33.137686"}
{"op_code":4,"worker_id":"c9513ea3-dd37-44eb-b147-ac167a780404-140198971524928","study_id":0,"datetime_start":"2026-04-01T17:13:33.155136"}
{"op_code":5,"worker_id":"c9513ea3-dd37-44eb-b147-ac167a780404-140198971524928","trial_id":3,"param_name":"num_nodes","param_value_internal":4,"distribution":"{\"name\": \"CategoricalDistribution\", \"attributes\": {\"choices\": [[32], [64], [128], [64, 32], [128, 64]]}}"}
{"op_code":5,"worker_id":"c9513ea3-dd37-44eb-b147-ac167a780404-140198971524928","trial_id":3,"param_name":"dropout","param_value_internal":0.18397898122932027,"distribution":"{\"name\": \"FloatDistribution\", \"attributes\": {\"step\": null, \"low\": 0.0, \"high\": 0.3, \"log\": false}}"}
{"op_code":5,"worker_id":"c9513ea3-dd37-44eb-b147-ac167a780404-140198971524928","trial_id":3,"param_name":"learning_rate","param_value_internal":0.00437717054962924,"distribution":"{\"name\": \"FloatDistribution\", \"attributes\": {\"step\": null, \"low\": 0.0001, \"high\": 0.01, \"log\": true}}"}
{"op_code":5,"worker_id":"c9513ea3-dd37-44eb-b147-ac167a780404-140198971524928","trial_id":3,"param_name":"batch_norm","param_value_internal":1,"distribution":"{\"name\": \"CategoricalDistribution\", \"attributes\": {\"choices\": [true, false]}}"}
{"op_code":6,"worker_id":"c9513ea3-dd37-44eb-b147-ac167a780404-140198971524928","trial_id":3,"state":1,"values":[0.7953132160710553],"datetime_complete":"2026-04-01T17:13:41.794061"}
{"op_code":4,"worker_id":"c9513ea3-dd37-44eb-b147-ac167a780404-140198971524928","study_id":0,"datetime_start":"2026-04-01T17:13:41.811969"}
{"op_code":5,"worker_id":"c9513ea3-dd37-44eb-b147-ac167a780404-140198971524928","trial_id":4,"param_name":"num_nodes","param_value_internal":1,"distribution":"{\"name\": \"CategoricalDistribution\", \"attributes\": {\"choices\": [[32], [64], [128], [64, 32], [128, 64]]}}"}
{"op_code":5,"worker_id":"c9513ea3-dd37-44eb-b147-ac167a780404-140198971524928","trial_id":4,"param_name":"dropout","param_value_internal":0.15362883010510003,"distribution":"{\"name\": \"FloatDistribution\", \"attributes\": {\"step\": null, \"low\": 0.0, \"high\": 0.3, \"log\": false}}"}
{"op_code":5,"worker_id":"c9513ea3-dd37-44eb-b147-ac167a780404-140198971524928","trial_id":4,"param_name":"learning_rate","param_value_internal":0.0037342010422130737,"distribution":"{\"name\": \"FloatDistribution\", \"attributes\": {\"step\": null, \"low\": 0.0001, \"high\": 0.01, \"log\": true}}"}
{"op_code":5,"worker_id":"c9513ea3-dd37-44eb-b147-ac167a780404-140198971524928","trial_id":4,"param_name":"batch_norm","param_value_internal":0,"distribution":"{\"name\": \"CategoricalDistribution\", \"attributes\": {\"choices\": [true, false]}}"}
{"op_code":6,"worker_id":"c9513ea3-dd37-44eb-b147-ac167a780404-140198971524928","trial_id":4,"state":1,"values":[0.7985288844487823],"datetime_complete":"2026-04-01T17:13:49.412606"}
{"op_code":4,"worker_id":"c9513ea3-dd37-44eb-b147-ac167a780404-140198971524928","study_id":0,"datetime_start":"2026-04-01T17:13:49.423499"}
{"op_code":5,"worker_id":"c9513ea3-dd37-44eb-b147-ac167a780404-140198971524928","trial_id":5,"param_name":"num_nodes","param_value_internal":3,"distribution":"{\"name\": \"CategoricalDistribution\", \"attributes\": {\"choices\": [[32], [64], [128], [64, 32], [128, 64]]}}"}
{"op_code":5,"worker_id":"c9513ea3-dd37-44eb-b147-ac167a780404-140198971524928","trial_id":5,"param_name":"dropout","param_value_internal":0.26959891266125946,"distribution":"{\"name\": \"FloatDistribution\", \"attributes\": {\"step\": null, \"low\": 0.0, \"high\": 0.3, \"log\": false}}"}
{"op_code":5,"worker_id":"c9513ea3-dd37-44eb-b147-ac167a780404-140198971524928","trial_id":5,"param_name":"learning_rate","param_value_internal":0.009213512501837719,"distribution":"{\"name\": \"FloatDistribution\", \"attributes\": {\"step\": null, \"low\": 0.0001, \"high\": 0.01, \"log\": true}}"}
{"op_code":5,"worker_id":"c9513ea3-dd37-44eb-b147-ac167a780404-140198971524928","trial_id":5,"param_name":"batch_norm","param_value_internal":1,"distribution":"{\"name\": \"CategoricalDistribution\", \"attributes\": {\"choices\": [true, false]}}"}
{"op_code":6,"worker_id":"c9513ea3-dd37-44eb-b147-ac167a780404-140198971524928","trial_id":5,"state":1,"values":[0.26624660360607394],"datetime_complete":"2026-04-01T17:13:57.891580"}
{"op_code":4,"worker_id":"c9513ea3-dd37-44eb-b147-ac167a780404-140198971524928","study_id":0,"datetime_start":"2026-04-01T17:13:57.910953"}
{"op_code":5,"worker_id":"c9513ea3-dd37-44eb-b147-ac167a780404-140198971524928","trial_id":6,"param_name":"num_nodes","param_value_internal":3,"distribution":"{\"name\": \"CategoricalDistribution\", \"attributes\": {\"choices\": [[32], [64], [128], [64, 32], [128, 64]]}}"}
{"op_code":5,"worker_id":"c9513ea3-dd37-44eb-b147-ac167a780404-140198971524928","trial_id":6,"param_name":"dropout","param_value_internal":0.12428935349018581,"distribution":"{\"name\": \"FloatDistribution\", \"attributes\": {\"step\": null, \"low\": 0.0, \"high\": 0.3, \"log\": false}}"}
{"op_code":5,"worker_id":"c9513ea3-dd37-44eb-b147-ac167a780404-140198971524928","trial_id":6,"param_name":"learning_rate","param_value_internal":0.0071420156324127175,"distribution":"{\"name\": \"FloatDistribution\", \"attributes\": {\"step\": null, \"low\": 0.0001, \"high\": 0.01, \"log\": true}}"}
{"op_code":5,"worker_id":"c9513ea3-dd37-44eb-b147-ac167a780404-140198971524928","trial_id":6,"param_name":"batch_norm","param_value_internal":0,"distribution":"{\"name\": \"CategoricalDistribution\", \"attributes\": {\"choices\": [true, false]}}"}
{"op_code":6,"worker_id":"c9513ea3-dd37-44eb-b147-ac167a780404-140198971524928","trial_id":6,"state":1,"values":[0.455248135698521],"datetime_complete":"2026-04-01T17:14:06.392067"}
{"op_code":4,"worker_id":"c9513ea3-dd37-44eb-b147-ac167a780404-140198971524928","study_id":0,"datetime_start":"2026-04-01T17:14:06.405409"}
{"op_code":5,"worker_id":"c9513ea3-dd37-44eb-b147-ac167a780404-140198971524928","trial_id":7,"param_name":"num_nodes","param_value_internal":1,"distribution":"{\"name\": \"CategoricalDistribution\", \"attributes\": {\"choices\": [[32], [64], [128], [64, 32], [128, 64]]}}"}
{"op_code":5,"worker_id":"c9513ea3-dd37-44eb-b147-ac167a780404-140198971524928","trial_id":7,"param_name":"dropout","param_value_internal":0.2878627918085665,"distribution":"{\"name\": \"FloatDistribution\", \"attributes\": {\"step\": null, \"low\": 0.0, \"high\": 0.3, \"log\": false}}"}
{"op_code":5,"worker_id":"c9513ea3-dd37-44eb-b147-ac167a780404-140198971524928","trial_id":7,"param_name":"learning_rate","param_value_internal":0.0012933914223046987,"distribution":"{\"name\": \"FloatDistribution\", \"attributes\": {\"step\": null, \"low\": 0.0001, \"high\": 0.01, \"log\": true}}"}
{"op_code":5,"worker_id":"c9513ea3-dd37-44eb-b147-ac167a780404-140198971524928","trial_id":7,"param_name":"batch_norm","param_value_internal":1,"distribution":"{\"name\": \"CategoricalDistribution\", \"attributes\": {\"choices\": [true, false]}}"}
{"op_code":6,"worker_id":"c9513ea3-dd37-44eb-b147-ac167a780404-140198971524928","trial_id":7,"state":1,"values":[0.7824102747987092],"datetime_complete":"2026-04-01T17:14:13.983486"}
{"op_code":4,"worker_id":"c9513ea3-dd37-44eb-b147-ac167a780404-140198971524928","study_id":0,"datetime_start":"2026-04-01T17:14:14.007830"}
{"op_code":5,"worker_id":"c9513ea3-dd37-44eb-b147-ac167a780404-140198971524928","trial_id":8,"param_name":"num_nodes","param_value_internal":4,"distribution":"{\"name\": \"CategoricalDistribution\", \"attributes\": {\"choices\": [[32], [64], [128], [64, 32], [128, 64]]}}"}
{"op_code":5,"worker_id":"c9513ea3-dd37-44eb-b147-ac167a780404-140198971524928","trial_id":8,"param_name":"dropout","param_value_internal":0.29549196772196196,"distribution":"{\"name\": \"FloatDistribution\", \"attributes\": {\"step\": null, \"low\": 0.0, \"high\": 0.3, \"log\": false}}"}
{"op_code":5,"worker_id":"c9513ea3-dd37-44eb-b147-ac167a780404-140198971524928","trial_id":8,"param_name":"learning_rate","param_value_internal":0.0003580749141294656,"distribution":"{\"name\": \"FloatDistribution\", \"attributes\": {\"step\": null, \"low\": 0.0001, \"high\": 0.01, \"log\": true}}"}
{"op_code":5,"worker_id":"c9513ea3-dd37-44eb-b147-ac167a780404-140198971524928","trial_id":8,"param_name":"batch_norm","param_value_internal":1,"distribution":"{\"name\": \"CategoricalDistribution\", \"attributes\": {\"choices\": [true, false]}}"}
{"op_code":6,"worker_id":"c9513ea3-dd37-44eb-b147-ac167a780404-140198971524928","trial_id":8,"state":1,"values":[0.7696147142235321],"datetime_complete":"2026-04-01T17:14:22.458927"}
{"op_code":4,"worker_id":"c9513ea3-dd37-44eb-b147-ac167a780404-140198971524928","study_id":0,"datetime_start":"2026-04-01T17:14:22.486496"}
{"op_code":5,"worker_id":"c9513ea3-dd37-44eb-b147-ac167a780404-140198971524928","trial_id":9,"param_name":"num_nodes","param_value_internal":1,"distribution":"{\"name\": \"CategoricalDistribution\", \"attributes\": {\"choices\": [[32], [64], [128], [64, 32], [128, 64]]}}"}
{"op_code":5,"worker_id":"c9513ea3-dd37-44eb-b147-ac167a780404-140198971524928","trial_id":9,"param_name":"dropout","param_value_internal":0.08614171536101024,"distribution":"{\"name\": \"FloatDistribution\", \"attributes\": {\"step\": null, \"low\": 0.0, \"high\": 0.3, \"log\": false}}"}
{"op_code":5,"worker_id":"c9513ea3-dd37-44eb-b147-ac167a780404-140198971524928","trial_id":9,"param_name":"learning_rate","param_value_internal":0.001130688247340421,"distribution":"{\"name\": \"FloatDistribution\", \"attributes\": {\"step\": null, \"low\": 0.0001, \"high\": 0.01, \"log\": true}}"}
{"op_code":5,"worker_id":"c9513ea3-dd37-44eb-b147-ac167a780404-140198971524928","trial_id":9,"param_name":"batch_norm","param_value_internal":1,"distribution":"{\"name\": \"CategoricalDistribution\", \"attributes\": {\"choices\": [true, false]}}"}
{"op_code":6,"worker_id":"c9513ea3-dd37-44eb-b147-ac167a780404-140198971524928","trial_id":9,"state":1,"values":[0.7633559535885287],"datetime_complete":"2026-04-01T17:14:29.957006"}
{"op_code":4,"worker_id":"c9513ea3-dd37-44eb-b147-ac167a780404-140198971524928","study_id":0,"datetime_start":"2026-04-01T17:14:29.981024"}
{"op_code":5,"worker_id":"c9513ea3-dd37-44eb-b147-ac167a780404-140198971524928","trial_id":10,"param_name":"num_nodes","param_value_internal":2,"distribution":"{\"name\": \"CategoricalDistribution\", \"attributes\": {\"choices\": [[32], [64], [128], [64, 32], [128, 64]]}}"}
{"op_code":5,"worker_id":"c9513ea3-dd37-44eb-b147-ac167a780404-140198971524928","trial_id":10,"param_name":"dropout","param_value_internal":0.0074084165565722615,"distribution":"{\"name\": \"FloatDistribution\", \"attributes\": {\"step\": null, \"low\": 0.0, \"high\": 0.3, \"log\": false}}"}
{"op_code":5,"worker_id":"c9513ea3-dd37-44eb-b147-ac167a780404-140198971524928","trial_id":10,"param_name":"learning_rate","param_value_internal":0.002539476423532755,"distribution":"{\"name\": \"FloatDistribution\", \"attributes\": {\"step\": null, \"low\": 0.0001, \"high\": 0.01, \"log\": true}}"}
{"op_code":5,"worker_id":"c9513ea3-dd37-44eb-b147-ac167a780404-140198971524928","trial_id":10,"param_name":"batch_norm","param_value_internal":0,"distribution":"{\"name\": \"CategoricalDistribution\", \"attributes\": {\"choices\": [true, false]}}"}
{"op_code":6,"worker_id":"c9513ea3-dd37-44eb-b147-ac167a780404-140198971524928","trial_id":10,"state":1,"values":[0.7720652951339286],"datetime_complete":"2026-04-01T17:14:37.625695"}
{"op_code":4,"worker_id":"c9513ea3-dd37-44eb-b147-ac167a780404-140198971524928","study_id":0,"datetime_start":"2026-04-01T17:14:37.654786"}
{"op_code":5,"worker_id":"c9513ea3-dd37-44eb-b147-ac167a780404-140198971524928","trial_id":11,"param_name":"num_nodes","param_value_internal":4,"distribution":"{\"name\": \"CategoricalDistribution\", \"attributes\": {\"choices\": [[32], [64], [128], [64, 32], [128, 64]]}}"}
{"op_code":5,"worker_id":"c9513ea3-dd37-44eb-b147-ac167a780404-140198971524928","trial_id":11,"param_name":"dropout","param_value_internal":0.20152888982524833,"distribution":"{\"name\": \"FloatDistribution\", \"attributes\": {\"step\": null, \"low\": 0.0, \"high\": 0.3, \"log\": false}}"}
{"op_code":5,"worker_id":"c9513ea3-dd37-44eb-b147-ac167a780404-140198971524928","trial_id":11,"param_name":"learning_rate","param_value_internal":0.0026171981153993384,"distribution":"{\"name\": \"FloatDistribution\", \"attributes\": {\"step\": null, \"low\": 0.0001, \"high\": 0.01, \"log\": true}}"}
{"op_code":5,"worker_id":"c9513ea3-dd37-44eb-b147-ac167a780404-140198971524928","trial_id":11,"param_name":"batch_norm","param_value_internal":0,"distribution":"{\"name\": \"CategoricalDistribution\", \"attributes\": {\"choices\": [true, false]}}"}
{"op_code":6,"worker_id":"c9513ea3-dd37-44eb-b147-ac167a780404-140198971524928","trial_id":11,"state":1,"values":[0.6878366432794065],"datetime_complete":"2026-04-01T17:14:46.160381"}
{"op_code":4,"worker_id":"c9513ea3-dd37-44eb-b147-ac167a780404-140198971524928","study_id":0,"datetime_start":"2026-04-01T17:14:46.180597"}
{"op_code":5,"worker_id":"c9513ea3-dd37-44eb-b147-ac167a780404-140198971524928","trial_id":12,"param_name":"num_nodes","param_value_internal":2,"distribution":"{\"name\": \"CategoricalDistribution\", \"attributes\": {\"choices\": [[32], [64], [128], [64, 32], [128, 64]]}}"}
{"op_code":5,"worker_id":"c9513ea3-dd37-44eb-b147-ac167a780404-140198971524928","trial_id":12,"param_name":"dropout","param_value_internal":0.16956044373735035,"distribution":"{\"name\": \"FloatDistribution\", \"attributes\": {\"step\": null, \"low\": 0.0, \"high\": 0.3, \"log\": false}}"}
{"op_code":5,"worker_id":"c9513ea3-dd37-44eb-b147-ac167a780404-140198971524928","trial_id":12,"param_name":"learning_rate","param_value_internal":0.0032689277142600288,"distribution":"{\"name\": \"FloatDistribution\", \"attributes\": {\"step\": null, \"low\": 0.0001, \"high\": 0.01, \"log\": true}}"}
{"op_code":5,"worker_id":"c9513ea3-dd37-44eb-b147-ac167a780404-140198971524928","trial_id":12,"param_name":"batch_norm","param_value_internal":0,"distribution":"{\"name\": \"CategoricalDistribution\", \"attributes\": {\"choices\": [true, false]}}"}
{"op_code":6,"worker_id":"c9513ea3-dd37-44eb-b147-ac167a780404-140198971524928","trial_id":12,"state":1,"values":[0.7774880203409721],"datetime_complete":"2026-04-01T17:14:53.863972"}
{"op_code":4,"worker_id":"c9513ea3-dd37-44eb-b147-ac167a780404-140198971524928","study_id":0,"datetime_start":"2026-04-01T17:14:53.881440"}
{"op_code":5,"worker_id":"c9513ea3-dd37-44eb-b147-ac167a780404-140198971524928","trial_id":13,"param_name":"num_nodes","param_value_internal":0,"distribution":"{\"name\": \"CategoricalDistribution\", \"attributes\": {\"choices\": [[32], [64], [128], [64, 32], [128, 64]]}}"}
{"op_code":5,"worker_id":"c9513ea3-dd37-44eb-b147-ac167a780404-140198971524928","trial_id":13,"param_name":"dropout","param_value_internal":0.1501723594455138,"distribution":"{\"name\": \"FloatDistribution\", \"attributes\": {\"step\": null, \"low\": 0.0, \"high\": 0.3, \"log\": false}}"}
{"op_code":5,"worker_id":"c9513ea3-dd37-44eb-b147-ac167a780404-140198971524928","trial_id":13,"param_name":"learning_rate","param_value_internal":0.0038716434378291706,"distribution":"{\"name\": \"FloatDistribution\", \"attributes\": {\"step\": null, \"low\": 0.0001, \"high\": 0.01, \"log\": true}}"}
{"op_code":5,"worker_id":"c9513ea3-dd37-44eb-b147-ac167a780404-140198971524928","trial_id":13,"param_name":"batch_norm","param_value_internal":0,"distribution":"{\"name\": \"CategoricalDistribution\", \"attributes\": {\"choices\": [true, false]}}"}
{"op_code":6,"worker_id":"c9513ea3-dd37-44eb-b147-ac167a780404-140198971524928","trial_id":13,"state":1,"values":[0.7230805221002897],"datetime_complete":"2026-04-01T17:15:01.365934"}
{"op_code":4,"worker_id":"c9513ea3-dd37-44eb-b147-ac167a780404-140198971524928","study_id":0,"datetime_start":"2026-04-01T17:15:01.380344"}
{"op_code":5,"worker_id":"c9513ea3-dd37-44eb-b147-ac167a780404-140198971524928","trial_id":14,"param_name":"num_nodes","param_value_internal":4,"distribution":"{\"name\": \"CategoricalDistribution\", \"attributes\": {\"choices\": [[32], [64], [128], [64, 32], [128, 64]]}}"}
{"op_code":5,"worker_id":"c9513ea3-dd37-44eb-b147-ac167a780404-140198971524928","trial_id":14,"param_name":"dropout","param_value_internal":0.2057716891071012,"distribution":"{\"name\": \"FloatDistribution\", \"attributes\": {\"step\": null, \"low\": 0.0, \"high\": 0.3, \"log\": false}}"}
{"op_code":5,"worker_id":"c9513ea3-dd37-44eb-b147-ac167a780404-140198971524928","trial_id":14,"param_name":"learning_rate","param_value_internal":0.001784767541990587,"distribution":"{\"name\": \"FloatDistribution\", \"attributes\": {\"step\": null, \"low\": 0.0001, \"high\": 0.01, \"log\": true}}"}
{"op_code":5,"worker_id":"c9513ea3-dd37-44eb-b147-ac167a780404-140198971524928","trial_id":14,"param_name":"batch_norm","param_value_internal":1,"distribution":"{\"name\": \"CategoricalDistribution\", \"attributes\": {\"choices\": [true, false]}}"}
{"op_code":6,"worker_id":"c9513ea3-dd37-44eb-b147-ac167a780404-140198971524928","trial_id":14,"state":1,"values":[0.7618679639277558],"datetime_complete":"2026-04-01T17:15:09.835749"}
{"op_code":4,"worker_id":"c9513ea3-dd37-44eb-b147-ac167a780404-140198971524928","study_id":0,"datetime_start":"2026-04-01T17:15:09.853675"}
{"op_code":5,"worker_id":"c9513ea3-dd37-44eb-b147-ac167a780404-140198971524928","trial_id":15,"param_name":"num_nodes","param_value_internal":1,"distribution":"{\"name\": \"CategoricalDistribution\", \"attributes\": {\"choices\": [[32], [64], [128], [64, 32], [128, 64]]}}"}
{"op_code":5,"worker_id":"c9513ea3-dd37-44eb-b147-ac167a780404-140198971524928","trial_id":15,"param_name":"dropout","param_value_internal":0.11359743439206195,"distribution":"{\"name\": \"FloatDistribution\", \"attributes\": {\"step\": null, \"low\": 0.0, \"high\": 0.3, \"log\": false}}"}
{"op_code":5,"worker_id":"c9513ea3-dd37-44eb-b147-ac167a780404-140198971524928","trial_id":15,"param_name":"learning_rate","param_value_internal":0.0005934161089945835,"distribution":"{\"name\": \"FloatDistribution\", \"attributes\": {\"step\": null, \"low\": 0.0001, \"high\": 0.01, \"log\": true}}"}
{"op_code":5,"worker_id":"c9513ea3-dd37-44eb-b147-ac167a780404-140198971524928","trial_id":15,"param_name":"batch_norm","param_value_internal":0,"distribution":"{\"name\": \"CategoricalDistribution\", \"attributes\": {\"choices\": [true, false]}}"}
{"op_code":6,"worker_id":"c9513ea3-dd37-44eb-b147-ac167a780404-140198971524928","trial_id":15,"state":1,"values":[0.7326278165860992],"datetime_complete":"2026-04-01T17:15:17.314040"}
{"op_code":4,"worker_id":"c9513ea3-dd37-44eb-b147-ac167a780404-140198971524928","study_id":0,"datetime_start":"2026-04-01T17:15:17.326515"}
{"op_code":5,"worker_id":"c9513ea3-dd37-44eb-b147-ac167a780404-140198971524928","trial_id":16,"param_name":"num_nodes","param_value_internal":1,"distribution":"{\"name\": \"CategoricalDistribution\", \"attributes\": {\"choices\": [[32], [64], [128], [64, 32], [128, 64]]}}"}
{"op_code":5,"worker_id":"c9513ea3-dd37-44eb-b147-ac167a780404-140198971524928","trial_id":16,"param_name":"dropout","param_value_internal":0.17583662613328488,"distribution":"{\"name\": \"FloatDistribution\", \"attributes\": {\"step\": null, \"low\": 0.0, \"high\": 0.3, \"log\": false}}"}
{"op_code":5,"worker_id":"c9513ea3-dd37-44eb-b147-ac167a780404-140198971524928","trial_id":16,"param_name":"learning_rate","param_value_internal":0.004704662105696917,"distribution":"{\"name\": \"FloatDistribution\", \"attributes\": {\"step\": null, \"low\": 0.0001, \"high\": 0.01, \"log\": true}}"}
{"op_code":5,"worker_id":"c9513ea3-dd37-44eb-b147-ac167a780404-140198971524928","trial_id":16,"param_name":"batch_norm","param_value_internal":1,"distribution":"{\"name\": \"CategoricalDistribution\", \"attributes\": {\"choices\": [true, false]}}"}
{"op_code":6,"worker_id":"c9513ea3-dd37-44eb-b147-ac167a780404-140198971524928","trial_id":16,"state":1,"values":[0.7703069362177833],"datetime_complete":"2026-04-01T17:15:24.790874"}
{"op_code":4,"worker_id":"c9513ea3-dd37-44eb-b147-ac167a780404-140198971524928","study_id":0,"datetime_start":"2026-04-01T17:15:24.814763"}
{"op_code":5,"worker_id":"c9513ea3-dd37-44eb-b147-ac167a780404-140198971524928","trial_id":17,"param_name":"num_nodes","param_value_internal":4,"distribution":"{\"name\": \"CategoricalDistribution\", \"attributes\": {\"choices\": [[32], [64], [128], [64, 32], [128, 64]]}}"}
{"op_code":5,"worker_id":"c9513ea3-dd37-44eb-b147-ac167a780404-140198971524928","trial_id":17,"param_name":"dropout","param_value_internal":0.03636661335588259,"distribution":"{\"name\": \"FloatDistribution\", \"attributes\": {\"step\": null, \"low\": 0.0, \"high\": 0.3, \"log\": false}}"}
{"op_code":5,"worker_id":"c9513ea3-dd37-44eb-b147-ac167a780404-140198971524928","trial_id":17,"param_name":"learning_rate","param_value_internal":0.0007397784071278233,"distribution":"{\"name\": \"FloatDistribution\", \"attributes\": {\"step\": null, \"low\": 0.0001, \"high\": 0.01, \"log\": true}}"}
{"op_code":5,"worker_id":"c9513ea3-dd37-44eb-b147-ac167a780404-140198971524928","trial_id":17,"param_name":"batch_norm","param_value_internal":0,"distribution":"{\"name\": \"CategoricalDistribution\", \"attributes\": {\"choices\": [true, false]}}"}
{"op_code":6,"worker_id":"c9513ea3-dd37-44eb-b147-ac167a780404-140198971524928","trial_id":17,"state":1,"values":[0.5940472743519287],"datetime_complete":"2026-04-01T17:15:33.268361"}
{"op_code":4,"worker_id":"c9513ea3-dd37-44eb-b147-ac167a780404-140198971524928","study_id":0,"datetime_start":"2026-04-01T17:15:33.289522"}
{"op_code":5,"worker_id":"c9513ea3-dd37-44eb-b147-ac167a780404-140198971524928","trial_id":18,"param_name":"num_nodes","param_value_internal":2,"distribution":"{\"name\": \"CategoricalDistribution\", \"attributes\": {\"choices\": [[32], [64], [128], [64, 32], [128, 64]]}}"}
{"op_code":5,"worker_id":"c9513ea3-dd37-44eb-b147-ac167a780404-140198971524928","trial_id":18,"param_name":"dropout","param_value_internal":0.2372230532298636,"distribution":"{\"name\": \"FloatDistribution\", \"attributes\": {\"step\": null, \"low\": 0.0, \"high\": 0.3, \"log\": false}}"}
{"op_code":5,"worker_id":"c9513ea3-dd37-44eb-b147-ac167a780404-140198971524928","trial_id":18,"param_name":"learning_rate","param_value_internal":0.005247399077318429,"distribution":"{\"name\": \"FloatDistribution\", \"attributes\": {\"step\": null, \"low\": 0.0001, \"high\": 0.01, \"log\": true}}"}
{"op_code":5,"worker_id":"c9513ea3-dd37-44eb-b147-ac167a780404-140198971524928","trial_id":18,"param_name":"batch_norm","param_value_internal":1,"distribution":"{\"name\": \"CategoricalDistribution\", \"attributes\": {\"choices\": [true, false]}}"}
{"op_code":6,"worker_id":"c9513ea3-dd37-44eb-b147-ac167a780404-140198971524928","trial_id":18,"state":1,"values":[0.7801571976706059],"datetime_complete":"2026-04-01T17:15:41.048951"}
{"op_code":4,"worker_id":"c9513ea3-dd37-44eb-b147-ac167a780404-140198971524928","study_id":0,"datetime_start":"2026-04-01T17:15:41.068130"}
{"op_code":5,"worker_id":"c9513ea3-dd37-44eb-b147-ac167a780404-140198971524928","trial_id":19,"param_name":"num_nodes","param_value_internal":3,"distribution":"{\"name\": \"CategoricalDistribution\", \"attributes\": {\"choices\": [[32], [64], [128], [64, 32], [128, 64]]}}"}
{"op_code":5,"worker_id":"c9513ea3-dd37-44eb-b147-ac167a780404-140198971524928","trial_id":19,"param_name":"dropout","param_value_internal":0.11533146005464595,"distribution":"{\"name\": \"FloatDistribution\", \"attributes\": {\"step\": null, \"low\": 0.0, \"high\": 0.3, \"log\": false}}"}
{"op_code":5,"worker_id":"c9513ea3-dd37-44eb-b147-ac167a780404-140198971524928","trial_id":19,"param_name":"learning_rate","param_value_internal":0.0018874877315093715,"distribution":"{\"name\": \"FloatDistribution\", \"attributes\": {\"step\": null, \"low\": 0.0001, \"high\": 0.01, \"log\": true}}"}
{"op_code":5,"worker_id":"c9513ea3-dd37-44eb-b147-ac167a780404-140198971524928","trial_id":19,"param_name":"batch_norm","param_value_internal":0,"distribution":"{\"name\": \"CategoricalDistribution\", \"attributes\": {\"choices\": [true, false]}}"}
{"op_code":6,"worker_id":"c9513ea3-dd37-44eb-b147-ac167a780404-140198971524928","trial_id":19,"state":1,"values":[0.7893516698657166],"datetime_complete":"2026-04-01T17:15:49.428025"}
{"op_code":4,"worker_id":"c9513ea3-dd37-44eb-b147-ac167a780404-140198971524928","study_id":0,"datetime_start":"2026-04-01T17:15:49.455209"}
{"op_code":5,"worker_id":"c9513ea3-dd37-44eb-b147-ac167a780404-140198971524928","trial_id":20,"param_name":"num_nodes","param_value_internal":0,"distribution":"{\"name\": \"CategoricalDistribution\", \"attributes\": {\"choices\": [[32], [64], [128], [64, 32], [128, 64]]}}"}
{"op_code":5,"worker_id":"c9513ea3-dd37-44eb-b147-ac167a780404-140198971524928","trial_id":20,"param_name":"dropout","param_value_internal":0.17723568087890074,"distribution":"{\"name\": \"FloatDistribution\", \"attributes\": {\"step\": null, \"low\": 0.0, \"high\": 0.3, \"log\": false}}"}
{"op_code":5,"worker_id":"c9513ea3-dd37-44eb-b147-ac167a780404-140198971524928","trial_id":20,"param_name":"learning_rate","param_value_internal":0.009254561338214132,"distribution":"{\"name\": \"FloatDistribution\", \"attributes\": {\"step\": null, \"low\": 0.0001, \"high\": 0.01, \"log\": true}}"}
{"op_code":5,"worker_id":"c9513ea3-dd37-44eb-b147-ac167a780404-140198971524928","trial_id":20,"param_name":"batch_norm","param_value_internal":0,"distribution":"{\"name\": \"CategoricalDistribution\", \"attributes\": {\"choices\": [true, false]}}"}
{"op_code":6,"worker_id":"c9513ea3-dd37-44eb-b147-ac167a780404-140198971524928","trial_id":20,"state":1,"values":[0.7090558360450155],"datetime_complete":"2026-04-01T17:15:56.902379"}
{"op_code":4,"worker_id":"c9513ea3-dd37-44eb-b147-ac167a780404-140198971524928","study_id":0,"datetime_start":"2026-04-01T17:15:56.927575"}
{"op_code":5,"worker_id":"c9513ea3-dd37-44eb-b147-ac167a780404-140198971524928","trial_id":21,"param_name":"num_nodes","param_value_internal":3,"distribution":"{\"name\": \"CategoricalDistribution\", \"attributes\": {\"choices\": [[32], [64], [128], [64, 32], [128, 64]]}}"}
{"op_code":5,"worker_id":"c9513ea3-dd37-44eb-b147-ac167a780404-140198971524928","trial_id":21,"param_name":"dropout","param_value_internal":0.12422185166998519,"distribution":"{\"name\": \"FloatDistribution\", \"attributes\": {\"step\": null, \"low\": 0.0, \"high\": 0.3, \"log\": false}}"}
{"op_code":5,"worker_id":"c9513ea3-dd37-44eb-b147-ac167a780404-140198971524928","trial_id":21,"param_name":"learning_rate","param_value_internal":0.001822914564042072,"distribution":"{\"name\": \"FloatDistribution\", \"attributes\": {\"step\": null, \"low\": 0.0001, \"high\": 0.01, \"log\": true}}"}
{"op_code":5,"worker_id":"c9513ea3-dd37-44eb-b147-ac167a780404-140198971524928","trial_id":21,"param_name":"batch_norm","param_value_internal":0,"distribution":"{\"name\": \"CategoricalDistribution\", \"attributes\": {\"choices\": [true, false]}}"}
{"op_code":6,"worker_id":"c9513ea3-dd37-44eb-b147-ac167a780404-140198971524928","trial_id":21,"state":1,"values":[0.721797706271608],"datetime_complete":"2026-04-01T17:16:05.210837"}
{"op_code":4,"worker_id":"c9513ea3-dd37-44eb-b147-ac167a780404-140198971524928","study_id":0,"datetime_start":"2026-04-01T17:16:05.228462"}
{"op_code":5,"worker_id":"c9513ea3-dd37-44eb-b147-ac167a780404-140198971524928","trial_id":22,"param_name":"num_nodes","param_value_internal":3,"distribution":"{\"name\": \"CategoricalDistribution\", \"attributes\": {\"choices\": [[32], [64], [128], [64, 32], [128, 64]]}}"}
{"op_code":5,"worker_id":"c9513ea3-dd37-44eb-b147-ac167a780404-140198971524928","trial_id":22,"param_name":"dropout","param_value_internal":0.07454842784780415,"distribution":"{\"name\": \"FloatDistribution\", \"attributes\": {\"step\": null, \"low\": 0.0, \"high\": 0.3, \"log\": false}}"}
{"op_code":5,"worker_id":"c9513ea3-dd37-44eb-b147-ac167a780404-140198971524928","trial_id":22,"param_name":"learning_rate","param_value_internal":0.001689950872564322,"distribution":"{\"name\": \"FloatDistribution\", \"attributes\": {\"step\": null, \"low\": 0.0001, \"high\": 0.01, \"log\": true}}"}
{"op_code":5,"worker_id":"c9513ea3-dd37-44eb-b147-ac167a780404-140198971524928","trial_id":22,"param_name":"batch_norm","param_value_internal":0,"distribution":"{\"name\": \"CategoricalDistribution\", \"attributes\": {\"choices\": [true, false]}}"}
{"op_code":6,"worker_id":"c9513ea3-dd37-44eb-b147-ac167a780404-140198971524928","trial_id":22,"state":1,"values":[0.7668189810722346],"datetime_complete":"2026-04-01T17:16:13.518959"}
{"op_code":4,"worker_id":"c9513ea3-dd37-44eb-b147-ac167a780404-140198971524928","study_id":0,"datetime_start":"2026-04-01T17:16:13.532308"}
{"op_code":5,"worker_id":"c9513ea3-dd37-44eb-b147-ac167a780404-140198971524928","trial_id":23,"param_name":"num_nodes","param_value_internal":3,"distribution":"{\"name\": \"CategoricalDistribution\", \"attributes\": {\"choices\": [[32], [64], [128], [64, 32], [128, 64]]}}"}
{"op_code":5,"worker_id":"c9513ea3-dd37-44eb-b147-ac167a780404-140198971524928","trial_id":23,"param_name":"dropout","param_value_internal":0.14791225169487252,"distribution":"{\"name\": \"FloatDistribution\", \"attributes\": {\"step\": null, \"low\": 0.0, \"high\": 0.3, \"log\": false}}"}
{"op_code":5,"worker_id":"c9513ea3-dd37-44eb-b147-ac167a780404-140198971524928","trial_id":23,"param_name":"learning_rate","param_value_internal":0.0028645554725418507,"distribution":"{\"name\": \"FloatDistribution\", \"attributes\": {\"step\": null, \"low\": 0.0001, \"high\": 0.01, \"log\": true}}"}
{"op_code":5,"worker_id":"c9513ea3-dd37-44eb-b147-ac167a780404-140198971524928","trial_id":23,"param_name":"batch_norm","param_value_internal":0,"distribution":"{\"name\": \"CategoricalDistribution\", \"attributes\": {\"choices\": [true, false]}}"}
{"op_code":6,"worker_id":"c9513ea3-dd37-44eb-b147-ac167a780404-140198971524928","trial_id":23,"state":1,"values":[0.7617260680064966],"datetime_complete":"2026-04-01T17:16:21.780611"}
{"op_code":4,"worker_id":"c9513ea3-dd37-44eb-b147-ac167a780404-140198971524928","study_id":0,"datetime_start":"2026-04-01T17:16:21.793595"}
{"op_code":5,"worker_id":"c9513ea3-dd37-44eb-b147-ac167a780404-140198971524928","trial_id":24,"param_name":"num_nodes","param_value_internal":3,"distribution":"{\"name\": \"CategoricalDistribution\", \"attributes\": {\"choices\": [[32], [64], [128], [64, 32], [128, 64]]}}"}
{"op_code":5,"worker_id":"c9513ea3-dd37-44eb-b147-ac167a780404-140198971524928","trial_id":24,"param_name":"dropout","param_value_internal":0.1507126418091146,"distribution":"{\"name\": \"FloatDistribution\", \"attributes\": {\"step\": null, \"low\": 0.0, \"high\": 0.3, \"log\": false}}"}
{"op_code":5,"worker_id":"c9513ea3-dd37-44eb-b147-ac167a780404-140198971524928","trial_id":24,"param_name":"learning_rate","param_value_internal":0.004344204707294682,"distribution":"{\"name\": \"FloatDistribution\", \"attributes\": {\"step\": null, \"low\": 0.0001, \"high\": 0.01, \"log\": true}}"}
{"op_code":5,"worker_id":"c9513ea3-dd37-44eb-b147-ac167a780404-140198971524928","trial_id":24,"param_name":"batch_norm","param_value_internal":0,"distribution":"{\"name\": \"CategoricalDistribution\", \"attributes\": {\"choices\": [true, false]}}"}
{"op_code":6,"worker_id":"c9513ea3-dd37-44eb-b147-ac167a780404-140198971524928","trial_id":24,"state":1,"values":[0.6218166896448575],"datetime_complete":"2026-04-01T17:16:30.071644"}
{"op_code":4,"worker_id":"c9513ea3-dd37-44eb-b147-ac167a780404-140198971524928","study_id":0,"datetime_start":"2026-04-01T17:16:30.089327"}
{"op_code":5,"worker_id":"c9513ea3-dd37-44eb-b147-ac167a780404-140198971524928","trial_id":25,"param_name":"num_nodes","param_value_internal":4,"distribution":"{\"name\": \"CategoricalDistribution\", \"attributes\": {\"choices\": [[32], [64], [128], [64, 32], [128, 64]]}}"}
{"op_code":5,"worker_id":"c9513ea3-dd37-44eb-b147-ac167a780404-140198971524928","trial_id":25,"param_name":"dropout","param_value_internal":0.10790109006101198,"distribution":"{\"name\": \"FloatDistribution\", \"attributes\": {\"step\": null, \"low\": 0.0, \"high\": 0.3, \"log\": false}}"}
{"op_code":5,"worker_id":"c9513ea3-dd37-44eb-b147-ac167a780404-140198971524928","trial_id":25,"param_name":"learning_rate","param_value_internal":0.0007361399211446609,"distribution":"{\"name\": \"FloatDistribution\", \"attributes\": {\"step\": null, \"low\": 0.0001, \"high\": 0.01, \"log\": true}}"}
{"op_code":5,"worker_id":"c9513ea3-dd37-44eb-b147-ac167a780404-140198971524928","trial_id":25,"param_name":"batch_norm","param_value_internal":0,"distribution":"{\"name\": \"CategoricalDistribution\", \"attributes\": {\"choices\": [true, false]}}"}
{"op_code":6,"worker_id":"c9513ea3-dd37-44eb-b147-ac167a780404-140198971524928","trial_id":25,"state":1,"values":[0.698407889413222],"datetime_complete":"2026-04-01T17:16:38.448929"}
{"op_code":4,"worker_id":"c9513ea3-dd37-44eb-b147-ac167a780404-140198971524928","study_id":0,"datetime_start":"2026-04-01T17:16:38.463615"}
{"op_code":5,"worker_id":"c9513ea3-dd37-44eb-b147-ac167a780404-140198971524928","trial_id":26,"param_name":"num_nodes","param_value_internal":1,"distribution":"{\"name\": \"CategoricalDistribution\", \"attributes\": {\"choices\": [[32], [64], [128], [64, 32], [128, 64]]}}"}
{"op_code":5,"worker_id":"c9513ea3-dd37-44eb-b147-ac167a780404-140198971524928","trial_id":26,"param_name":"dropout","param_value_internal":0.056866824607012215,"distribution":"{\"name\": \"FloatDistribution\", \"attributes\": {\"step\": null, \"low\": 0.0, \"high\": 0.3, \"log\": false}}"}
{"op_code":5,"worker_id":"c9513ea3-dd37-44eb-b147-ac167a780404-140198971524928","trial_id":26,"param_name":"learning_rate","param_value_internal":0.0020551538230935964,"distribution":"{\"name\": \"FloatDistribution\", \"attributes\": {\"step\": null, \"low\": 0.0001, \"high\": 0.01, \"log\": true}}"}
{"op_code":5,"worker_id":"c9513ea3-dd37-44eb-b147-ac167a780404-140198971524928","trial_id":26,"param_name":"batch_norm","param_value_internal":1,"distribution":"{\"name\": \"CategoricalDistribution\", \"attributes\": {\"choices\": [true, false]}}"}
{"op_code":6,"worker_id":"c9513ea3-dd37-44eb-b147-ac167a780404-140198971524928","trial_id":26,"state":1,"values":[0.7756088581405115],"datetime_complete":"2026-04-01T17:16:45.921725"}
{"op_code":4,"worker_id":"c9513ea3-dd37-44eb-b147-ac167a780404-140198971524928","study_id":0,"datetime_start":"2026-04-01T17:16:45.939842"}
{"op_code":5,"worker_id":"c9513ea3-dd37-44eb-b147-ac167a780404-140198971524928","trial_id":27,"param_name":"num_nodes","param_value_internal":3,"distribution":"{\"name\": \"CategoricalDistribution\", \"attributes\": {\"choices\": [[32], [64], [128], [64, 32], [128, 64]]}}"}
{"op_code":5,"worker_id":"c9513ea3-dd37-44eb-b147-ac167a780404-140198971524928","trial_id":27,"param_name":"dropout","param_value_internal":0.248107211570611,"distribution":"{\"name\": \"FloatDistribution\", \"attributes\": {\"step\": null, \"low\": 0.0, \"high\": 0.3, \"log\": false}}"}
{"op_code":5,"worker_id":"c9513ea3-dd37-44eb-b147-ac167a780404-140198971524928","trial_id":27,"param_name":"learning_rate","param_value_internal":0.005945481414995172,"distribution":"{\"name\": \"FloatDistribution\", \"attributes\": {\"step\": null, \"low\": 0.0001, \"high\": 0.01, \"log\": true}}"}
{"op_code":5,"worker_id":"c9513ea3-dd37-44eb-b147-ac167a780404-140198971524928","trial_id":27,"param_name":"batch_norm","param_value_internal":0,"distribution":"{\"name\": \"CategoricalDistribution\", \"attributes\": {\"choices\": [true, false]}}"}
{"op_code":6,"worker_id":"c9513ea3-dd37-44eb-b147-ac167a780404-140198971524928","trial_id":27,"state":1,"values":[0.7249999520621888],"datetime_complete":"2026-04-01T17:16:54.202798"}
{"op_code":4,"worker_id":"c9513ea3-dd37-44eb-b147-ac167a780404-140198971524928","study_id":0,"datetime_start":"2026-04-01T17:16:54.231673"}
{"op_code":5,"worker_id":"c9513ea3-dd37-44eb-b147-ac167a780404-140198971524928","trial_id":28,"param_name":"num_nodes","param_value_internal":1,"distribution":"{\"name\": \"CategoricalDistribution\", \"attributes\": {\"choices\": [[32], [64], [128], [64, 32], [128, 64]]}}"}
{"op_code":5,"worker_id":"c9513ea3-dd37-44eb-b147-ac167a780404-140198971524928","trial_id":28,"param_name":"dropout","param_value_internal":0.19834564832862506,"distribution":"{\"name\": \"FloatDistribution\", \"attributes\": {\"step\": null, \"low\": 0.0, \"high\": 0.3, \"log\": false}}"}
{"op_code":5,"worker_id":"c9513ea3-dd37-44eb-b147-ac167a780404-140198971524928","trial_id":28,"param_name":"learning_rate","param_value_internal":0.0013226790373393853,"distribution":"{\"name\": \"FloatDistribution\", \"attributes\": {\"step\": null, \"low\": 0.0001, \"high\": 0.01, \"log\": true}}"}
{"op_code":5,"worker_id":"c9513ea3-dd37-44eb-b147-ac167a780404-140198971524928","trial_id":28,"param_name":"batch_norm","param_value_internal":1,"distribution":"{\"name\": \"CategoricalDistribution\", \"attributes\": {\"choices\": [true, false]}}"}
{"op_code":6,"worker_id":"c9513ea3-dd37-44eb-b147-ac167a780404-140198971524928","trial_id":28,"state":1,"values":[0.7576130038024271],"datetime_complete":"2026-04-01T17:17:01.762897"}
{"op_code":4,"worker_id":"c9513ea3-dd37-44eb-b147-ac167a780404-140198971524928","study_id":0,"datetime_start":"2026-04-01T17:17:01.777581"}
{"op_code":5,"worker_id":"c9513ea3-dd37-44eb-b147-ac167a780404-140198971524928","trial_id":29,"param_name":"num_nodes","param_value_internal":4,"distribution":"{\"name\": \"CategoricalDistribution\", \"attributes\": {\"choices\": [[32], [64], [128], [64, 32], [128, 64]]}}"}
{"op_code":5,"worker_id":"c9513ea3-dd37-44eb-b147-ac167a780404-140198971524928","trial_id":29,"param_name":"dropout","param_value_internal":0.13239213659768487,"distribution":"{\"name\": \"FloatDistribution\", \"attributes\": {\"step\": null, \"low\": 0.0, \"high\": 0.3, \"log\": false}}"}
{"op_code":5,"worker_id":"c9513ea3-dd37-44eb-b147-ac167a780404-140198971524928","trial_id":29,"param_name":"learning_rate","param_value_internal":0.00014839640741398435,"distribution":"{\"name\": \"FloatDistribution\", \"attributes\": {\"step\": null, \"low\": 0.0001, \"high\": 0.01, \"log\": true}}"}
{"op_code":5,"worker_id":"c9513ea3-dd37-44eb-b147-ac167a780404-140198971524928","trial_id":29,"param_name":"batch_norm","param_value_internal":1,"distribution":"{\"name\": \"CategoricalDistribution\", \"attributes\": {\"choices\": [true, false]}}"}
{"op_code":6,"worker_id":"c9513ea3-dd37-44eb-b147-ac167a780404-140198971524928","trial_id":29,"state":1,"values":[0.7783010456195387],"datetime_complete":"2026-04-01T17:17:10.159654"}
{"op_code":4,"worker_id":"c9513ea3-dd37-44eb-b147-ac167a780404-140198971524928","study_id":0,"datetime_start":"2026-04-01T17:17:10.182114"}
{"op_code":5,"worker_id":"c9513ea3-dd37-44eb-b147-ac167a780404-140198971524928","trial_id":30,"param_name":"num_nodes","param_value_internal":4,"distribution":"{\"name\": \"CategoricalDistribution\", \"attributes\": {\"choices\": [[32], [64], [128], [64, 32], [128, 64]]}}"}
{"op_code":5,"worker_id":"c9513ea3-dd37-44eb-b147-ac167a780404-140198971524928","trial_id":30,"param_name":"dropout","param_value_internal":0.09949738390836083,"distribution":"{\"name\": \"FloatDistribution\", \"attributes\": {\"step\": null, \"low\": 0.0, \"high\": 0.3, \"log\": false}}"}
{"op_code":5,"worker_id":"c9513ea3-dd37-44eb-b147-ac167a780404-140198971524928","trial_id":30,"param_name":"learning_rate","param_value_internal":0.003436065493003138,"distribution":"{\"name\": \"FloatDistribution\", \"attributes\": {\"step\": null, \"low\": 0.0001, \"high\": 0.01, \"log\": true}}"}
{"op_code":5,"worker_id":"c9513ea3-dd37-44eb-b147-ac167a780404-140198971524928","trial_id":30,"param_name":"batch_norm","param_value_internal":0,"distribution":"{\"name\": \"CategoricalDistribution\", \"attributes\": {\"choices\": [true, false]}}"}
{"op_code":6,"worker_id":"c9513ea3-dd37-44eb-b147-ac167a780404-140198971524928","trial_id":30,"state":1,"values":[0.7871542005986474],"datetime_complete":"2026-04-01T17:17:18.714388"}
{"op_code":4,"worker_id":"c9513ea3-dd37-44eb-b147-ac167a780404-140198971524928","study_id":0,"datetime_start":"2026-04-01T17:17:18.741366"}
{"op_code":5,"worker_id":"c9513ea3-dd37-44eb-b147-ac167a780404-140198971524928","trial_id":31,"param_name":"num_nodes","param_value_internal":0,"distribution":"{\"name\": \"CategoricalDistribution\", \"attributes\": {\"choices\": [[32], [64], [128], [64, 32], [128, 64]]}}"}
{"op_code":5,"worker_id":"c9513ea3-dd37-44eb-b147-ac167a780404-140198971524928","trial_id":31,"param_name":"dropout","param_value_internal":0.22395272413031747,"distribution":"{\"name\": \"FloatDistribution\", \"attributes\": {\"step\": null, \"low\": 0.0, \"high\": 0.3, \"log\": false}}"}
{"op_code":5,"worker_id":"c9513ea3-dd37-44eb-b147-ac167a780404-140198971524928","trial_id":31,"param_name":"learning_rate","param_value_internal":0.00011426019031652172,"distribution":"{\"name\": \"FloatDistribution\", \"attributes\": {\"step\": null, \"low\": 0.0001, \"high\": 0.01, \"log\": true}}"}
{"op_code":5,"worker_id":"c9513ea3-dd37-44eb-b147-ac167a780404-140198971524928","trial_id":31,"param_name":"batch_norm","param_value_internal":0,"distribution":"{\"name\": \"CategoricalDistribution\", \"attributes\": {\"choices\": [true, false]}}"}
{"op_code":6,"worker_id":"c9513ea3-dd37-44eb-b147-ac167a780404-140198971524928","trial_id":31,"state":1,"values":[0.7951003721891664],"datetime_complete":"2026-04-01T17:17:26.255439"}
{"op_code":4,"worker_id":"c9513ea3-dd37-44eb-b147-ac167a780404-140198971524928","study_id":0,"datetime_start":"2026-04-01T17:17:26.276288"}
{"op_code":5,"worker_id":"c9513ea3-dd37-44eb-b147-ac167a780404-140198971524928","trial_id":32,"param_name":"num_nodes","param_value_internal":0,"distribution":"{\"name\": \"CategoricalDistribution\", \"attributes\": {\"choices\": [[32], [64], [128], [64, 32], [128, 64]]}}"}
{"op_code":5,"worker_id":"c9513ea3-dd37-44eb-b147-ac167a780404-140198971524928","trial_id":32,"param_name":"dropout","param_value_internal":0.1874354747664198,"distribution":"{\"name\": \"FloatDistribution\", \"attributes\": {\"step\": null, \"low\": 0.0, \"high\": 0.3, \"log\": false}}"}
{"op_code":5,"worker_id":"c9513ea3-dd37-44eb-b147-ac167a780404-140198971524928","trial_id":32,"param_name":"learning_rate","param_value_internal":0.0002356141682672774,"distribution":"{\"name\": \"FloatDistribution\", \"attributes\": {\"step\": null, \"low\": 0.0001, \"high\": 0.01, \"log\": true}}"}
{"op_code":5,"worker_id":"c9513ea3-dd37-44eb-b147-ac167a780404-140198971524928","trial_id":32,"param_name":"batch_norm","param_value_internal":0,"distribution":"{\"name\": \"CategoricalDistribution\", \"attributes\": {\"choices\": [true, false]}}"}
{"op_code":6,"worker_id":"c9513ea3-dd37-44eb-b147-ac167a780404-140198971524928","trial_id":32,"state":1,"values":[0.7825349131079233],"datetime_complete":"2026-04-01T17:17:33.811073"}
{"op_code":4,"worker_id":"c9513ea3-dd37-44eb-b147-ac167a780404-140198971524928","study_id":0,"datetime_start":"2026-04-01T17:17:33.830632"}
{"op_code":5,"worker_id":"c9513ea3-dd37-44eb-b147-ac167a780404-140198971524928","trial_id":33,"param_name":"num_nodes","param_value_internal":0,"distribution":"{\"name\": \"CategoricalDistribution\", \"attributes\": {\"choices\": [[32], [64], [128], [64, 32], [128, 64]]}}"}
{"op_code":5,"worker_id":"c9513ea3-dd37-44eb-b147-ac167a780404-140198971524928","trial_id":33,"param_name":"dropout","param_value_internal":0.2265915146939902,"distribution":"{\"name\": \"FloatDistribution\", \"attributes\": {\"step\": null, \"low\": 0.0, \"high\": 0.3, \"log\": false}}"}
{"op_code":5,"worker_id":"c9513ea3-dd37-44eb-b147-ac167a780404-140198971524928","trial_id":33,"param_name":"learning_rate","param_value_internal":0.0004173101009161422,"distribution":"{\"name\": \"FloatDistribution\", \"attributes\": {\"step\": null, \"low\": 0.0001, \"high\": 0.01, \"log\": true}}"}
{"op_code":5,"worker_id":"c9513ea3-dd37-44eb-b147-ac167a780404-140198971524928","trial_id":33,"param_name":"batch_norm","param_value_internal":0,"distribution":"{\"name\": \"CategoricalDistribution\", \"attributes\": {\"choices\": [true, false]}}"}
{"op_code":6,"worker_id":"c9513ea3-dd37-44eb-b147-ac167a780404-140198971524928","trial_id":33,"state":1,"values":[0.782435202460552],"datetime_complete":"2026-04-01T17:17:41.336457"}
{"op_code":4,"worker_id":"c9513ea3-dd37-44eb-b147-ac167a780404-140198971524928","study_id":0,"datetime_start":"2026-04-01T17:17:41.364031"}
{"op_code":5,"worker_id":"c9513ea3-dd37-44eb-b147-ac167a780404-140198971524928","trial_id":34,"param_name":"num_nodes","param_value_internal":0,"distribution":"{\"name\": \"CategoricalDistribution\", \"attributes\": {\"choices\": [[32], [64], [128], [64, 32], [128, 64]]}}"}
{"op_code":5,"worker_id":"c9513ea3-dd37-44eb-b147-ac167a780404-140198971524928","trial_id":34,"param_name":"dropout","param_value_internal":0.26072662848674794,"distribution":"{\"name\": \"FloatDistribution\", \"attributes\": {\"step\": null, \"low\": 0.0, \"high\": 0.3, \"log\": false}}"}
{"op_code":5,"worker_id":"c9513ea3-dd37-44eb-b147-ac167a780404-140198971524928","trial_id":34,"param_name":"learning_rate","param_value_internal":0.0002042379581721288,"distribution":"{\"name\": \"FloatDistribution\", \"attributes\": {\"step\": null, \"low\": 0.0001, \"high\": 0.01, \"log\": true}}"}
{"op_code":5,"worker_id":"c9513ea3-dd37-44eb-b147-ac167a780404-140198971524928","trial_id":34,"param_name":"batch_norm","param_value_internal":0,"distribution":"{\"name\": \"CategoricalDistribution\", \"attributes\": {\"choices\": [true, false]}}"}
{"op_code":6,"worker_id":"c9513ea3-dd37-44eb-b147-ac167a780404-140198971524928","trial_id":34,"state":1,"values":[0.7980169086247793],"datetime_complete":"2026-04-01T17:17:48.930049"}
{"op_code":4,"worker_id":"c9513ea3-dd37-44eb-b147-ac167a780404-140198971524928","study_id":0,"datetime_start":"2026-04-01T17:17:48.954921"}
{"op_code":5,"worker_id":"c9513ea3-dd37-44eb-b147-ac167a780404-140198971524928","trial_id":35,"param_name":"num_nodes","param_value_internal":0,"distribution":"{\"name\": \"CategoricalDistribution\", \"attributes\": {\"choices\": [[32], [64], [128], [64, 32], [128, 64]]}}"}
{"op_code":5,"worker_id":"c9513ea3-dd37-44eb-b147-ac167a780404-140198971524928","trial_id":35,"param_name":"dropout","param_value_internal":0.2718493170948141,"distribution":"{\"name\": \"FloatDistribution\", \"attributes\": {\"step\": null, \"low\": 0.0, \"high\": 0.3, \"log\": false}}"}
{"op_code":5,"worker_id":"c9513ea3-dd37-44eb-b147-ac167a780404-140198971524928","trial_id":35,"param_name":"learning_rate","param_value_internal":0.00010043856160251935,"distribution":"{\"name\": \"FloatDistribution\", \"attributes\": {\"step\": null, \"low\": 0.0001, \"high\": 0.01, \"log\": true}}"}
{"op_code":5,"worker_id":"c9513ea3-dd37-44eb-b147-ac167a780404-140198971524928","trial_id":35,"param_name":"batch_norm","param_value_internal":0,"distribution":"{\"name\": \"CategoricalDistribution\", \"attributes\": {\"choices\": [true, false]}}"}
{"op_code":6,"worker_id":"c9513ea3-dd37-44eb-b147-ac167a780404-140198971524928","trial_id":35,"state":1,"values":[0.7879365456780228],"datetime_complete":"2026-04-01T17:17:56.558855"}
{"op_code":4,"worker_id":"c9513ea3-dd37-44eb-b147-ac167a780404-140198971524928","study_id":0,"datetime_start":"2026-04-01T17:17:56.588699"}
{"op_code":5,"worker_id":"c9513ea3-dd37-44eb-b147-ac167a780404-140198971524928","trial_id":36,"param_name":"num_nodes","param_value_internal":0,"distribution":"{\"name\": \"CategoricalDistribution\", \"attributes\": {\"choices\": [[32], [64], [128], [64, 32], [128, 64]]}}"}
{"op_code":5,"worker_id":"c9513ea3-dd37-44eb-b147-ac167a780404-140198971524928","trial_id":36,"param_name":"dropout","param_value_internal":0.25830656500735677,"distribution":"{\"name\": \"FloatDistribution\", \"attributes\": {\"step\": null, \"low\": 0.0, \"high\": 0.3, \"log\": false}}"}
{"op_code":5,"worker_id":"c9513ea3-dd37-44eb-b147-ac167a780404-140198971524928","trial_id":36,"param_name":"learning_rate","param_value_internal":0.00019469659512627623,"distribution":"{\"name\": \"FloatDistribution\", \"attributes\": {\"step\": null, \"low\": 0.0001, \"high\": 0.01, \"log\": true}}"}
{"op_code":5,"worker_id":"c9513ea3-dd37-44eb-b147-ac167a780404-140198971524928","trial_id":36,"param_name":"batch_norm","param_value_internal":1,"distribution":"{\"name\": \"CategoricalDistribution\", \"attributes\": {\"choices\": [true, false]}}"}
{"op_code":6,"worker_id":"c9513ea3-dd37-44eb-b147-ac167a780404-140198971524928","trial_id":36,"state":1,"values":[0.7987513158929185],"datetime_complete":"2026-04-01T17:18:04.226402"}
{"op_code":4,"worker_id":"c9513ea3-dd37-44eb-b147-ac167a780404-140198971524928","study_id":0,"datetime_start":"2026-04-01T17:18:04.244692"}
{"op_code":5,"worker_id":"c9513ea3-dd37-44eb-b147-ac167a780404-140198971524928","trial_id":37,"param_name":"num_nodes","param_value_internal":0,"distribution":"{\"name\": \"CategoricalDistribution\", \"attributes\": {\"choices\": [[32], [64], [128], [64, 32], [128, 64]]}}"}
{"op_code":5,"worker_id":"c9513ea3-dd37-44eb-b147-ac167a780404-140198971524928","trial_id":37,"param_name":"dropout","param_value_internal":0.2551585657235132,"distribution":"{\"name\": \"FloatDistribution\", \"attributes\": {\"step\": null, \"low\": 0.0, \"high\": 0.3, \"log\": false}}"}
{"op_code":5,"worker_id":"c9513ea3-dd37-44eb-b147-ac167a780404-140198971524928","trial_id":37,"param_name":"learning_rate","param_value_internal":0.0001873907622460506,"distribution":"{\"name\": \"FloatDistribution\", \"attributes\": {\"step\": null, \"low\": 0.0001, \"high\": 0.01, \"log\": true}}"}
{"op_code":5,"worker_id":"c9513ea3-dd37-44eb-b147-ac167a780404-140198971524928","trial_id":37,"param_name":"batch_norm","param_value_internal":1,"distribution":"{\"name\": \"CategoricalDistribution\", \"attributes\": {\"choices\": [true, false]}}"}
{"op_code":6,"worker_id":"c9513ea3-dd37-44eb-b147-ac167a780404-140198971524928","trial_id":37,"state":1,"values":[0.7897390073805054],"datetime_complete":"2026-04-01T17:18:11.799891"}
{"op_code":4,"worker_id":"c9513ea3-dd37-44eb-b147-ac167a780404-140198971524928","study_id":0,"datetime_start":"2026-04-01T17:18:11.815768"}
{"op_code":5,"worker_id":"c9513ea3-dd37-44eb-b147-ac167a780404-140198971524928","trial_id":38,"param_name":"num_nodes","param_value_internal":0,"distribution":"{\"name\": \"CategoricalDistribution\", \"attributes\": {\"choices\": [[32], [64], [128], [64, 32], [128, 64]]}}"}
{"op_code":5,"worker_id":"c9513ea3-dd37-44eb-b147-ac167a780404-140198971524928","trial_id":38,"param_name":"dropout","param_value_internal":0.26613644914708656,"distribution":"{\"name\": \"FloatDistribution\", \"attributes\": {\"step\": null, \"low\": 0.0, \"high\": 0.3, \"log\": false}}"}
{"op_code":5,"worker_id":"c9513ea3-dd37-44eb-b147-ac167a780404-140198971524928","trial_id":38,"param_name":"learning_rate","param_value_internal":0.0003026772177472236,"distribution":"{\"name\": \"FloatDistribution\", \"attributes\": {\"step\": null, \"low\": 0.0001, \"high\": 0.01, \"log\": true}}"}
{"op_code":5,"worker_id":"c9513ea3-dd37-44eb-b147-ac167a780404-140198971524928","trial_id":38,"param_name":"batch_norm","param_value_internal":1,"distribution":"{\"name\": \"CategoricalDistribution\", \"attributes\": {\"choices\": [true, false]}}"}
{"op_code":6,"worker_id":"c9513ea3-dd37-44eb-b147-ac167a780404-140198971524928","trial_id":38,"state":1,"values":[0.7857563340229986],"datetime_complete":"2026-04-01T17:18:19.377714"}
{"op_code":4,"worker_id":"c9513ea3-dd37-44eb-b147-ac167a780404-140198971524928","study_id":0,"datetime_start":"2026-04-01T17:18:19.390484"}
{"op_code":5,"worker_id":"c9513ea3-dd37-44eb-b147-ac167a780404-140198971524928","trial_id":39,"param_name":"num_nodes","param_value_internal":0,"distribution":"{\"name\": \"CategoricalDistribution\", \"attributes\": {\"choices\": [[32], [64], [128], [64, 32], [128, 64]]}}"}
{"op_code":5,"worker_id":"c9513ea3-dd37-44eb-b147-ac167a780404-140198971524928","trial_id":39,"param_name":"dropout","param_value_internal":0.2950542378975325,"distribution":"{\"name\": \"FloatDistribution\", \"attributes\": {\"step\": null, \"low\": 0.0, \"high\": 0.3, \"log\": false}}"}
{"op_code":5,"worker_id":"c9513ea3-dd37-44eb-b147-ac167a780404-140198971524928","trial_id":39,"param_name":"learning_rate","param_value_internal":0.00046201197934225363,"distribution":"{\"name\": \"FloatDistribution\", \"attributes\": {\"step\": null, \"low\": 0.0001, \"high\": 0.01, \"log\": true}}"}
{"op_code":5,"worker_id":"c9513ea3-dd37-44eb-b147-ac167a780404-140198971524928","trial_id":39,"param_name":"batch_norm","param_value_internal":1,"distribution":"{\"name\": \"CategoricalDistribution\", \"attributes\": {\"choices\": [true, false]}}"}
{"op_code":6,"worker_id":"c9513ea3-dd37-44eb-b147-ac167a780404-140198971524928","trial_id":39,"state":1,"values":[0.7920630324692383],"datetime_complete":"2026-04-01T17:18:26.956372"}
{"op_code":4,"worker_id":"c9513ea3-dd37-44eb-b147-ac167a780404-140198971524928","study_id":0,"datetime_start":"2026-04-01T17:18:26.975397"}
{"op_code":5,"worker_id":"c9513ea3-dd37-44eb-b147-ac167a780404-140198971524928","trial_id":40,"param_name":"num_nodes","param_value_internal":1,"distribution":"{\"name\": \"CategoricalDistribution\", \"attributes\": {\"choices\": [[32], [64], [128], [64, 32], [128, 64]]}}"}
{"op_code":5,"worker_id":"c9513ea3-dd37-44eb-b147-ac167a780404-140198971524928","trial_id":40,"param_name":"dropout","param_value_internal":0.22416119792912725,"distribution":"{\"name\": \"FloatDistribution\", \"attributes\": {\"step\": null, \"low\": 0.0, \"high\": 0.3, \"log\": false}}"}
{"op_code":5,"worker_id":"c9513ea3-dd37-44eb-b147-ac167a780404-140198971524928","trial_id":40,"param_name":"learning_rate","param_value_internal":0.00018210746891385033,"distribution":"{\"name\": \"FloatDistribution\", \"attributes\": {\"step\": null, \"low\": 0.0001, \"high\": 0.01, \"log\": true}}"}
{"op_code":5,"worker_id":"c9513ea3-dd37-44eb-b147-ac167a780404-140198971524928","trial_id":40,"param_name":"batch_norm","param_value_internal":1,"distribution":"{\"name\": \"CategoricalDistribution\", \"attributes\": {\"choices\": [true, false]}}"}
{"op_code":6,"worker_id":"c9513ea3-dd37-44eb-b147-ac167a780404-140198971524928","trial_id":40,"state":1,"values":[0.7880132461760008],"datetime_complete":"2026-04-01T17:18:34.621865"}
{"op_code":4,"worker_id":"c9513ea3-dd37-44eb-b147-ac167a780404-140198971524928","study_id":0,"datetime_start":"2026-04-01T17:18:34.631651"}
{"op_code":5,"worker_id":"c9513ea3-dd37-44eb-b147-ac167a780404-140198971524928","trial_id":41,"param_name":"num_nodes","param_value_internal":0,"distribution":"{\"name\": \"CategoricalDistribution\", \"attributes\": {\"choices\": [[32], [64], [128], [64, 32], [128, 64]]}}"}
{"op_code":5,"worker_id":"c9513ea3-dd37-44eb-b147-ac167a780404-140198971524928","trial_id":41,"param_name":"dropout","param_value_internal":0.22185819753358604,"distribution":"{\"name\": \"FloatDistribution\", \"attributes\": {\"step\": null, \"low\": 0.0, \"high\": 0.3, \"log\": false}}"}
{"op_code":5,"worker_id":"c9513ea3-dd37-44eb-b147-ac167a780404-140198971524928","trial_id":41,"param_name":"learning_rate","param_value_internal":0.00013532612931892318,"distribution":"{\"name\": \"FloatDistribution\", \"attributes\": {\"step\": null, \"low\": 0.0001, \"high\": 0.01, \"log\": true}}"}
{"op_code":5,"worker_id":"c9513ea3-dd37-44eb-b147-ac167a780404-140198971524928","trial_id":41,"param_name":"batch_norm","param_value_internal":1,"distribution":"{\"name\": \"CategoricalDistribution\", \"attributes\": {\"choices\": [true, false]}}"}
{"op_code":6,"worker_id":"c9513ea3-dd37-44eb-b147-ac167a780404-140198971524928","trial_id":41,"state":1,"values":[0.7933228381485267],"datetime_complete":"2026-04-01T17:18:42.327796"}
{"op_code":4,"worker_id":"c9513ea3-dd37-44eb-b147-ac167a780404-140198971524928","study_id":0,"datetime_start":"2026-04-01T17:18:42.346492"}
{"op_code":5,"worker_id":"c9513ea3-dd37-44eb-b147-ac167a780404-140198971524928","trial_id":42,"param_name":"num_nodes","param_value_internal":0,"distribution":"{\"name\": \"CategoricalDistribution\", \"attributes\": {\"choices\": [[32], [64], [128], [64, 32], [128, 64]]}}"}
{"op_code":5,"worker_id":"c9513ea3-dd37-44eb-b147-ac167a780404-140198971524928","trial_id":42,"param_name":"dropout","param_value_internal":0.24692132267515735,"distribution":"{\"name\": \"FloatDistribution\", \"attributes\": {\"step\": null, \"low\": 0.0, \"high\": 0.3, \"log\": false}}"}
{"op_code":5,"worker_id":"c9513ea3-dd37-44eb-b147-ac167a780404-140198971524928","trial_id":42,"param_name":"learning_rate","param_value_internal":0.0073379363930860305,"distribution":"{\"name\": \"FloatDistribution\", \"attributes\": {\"step\": null, \"low\": 0.0001, \"high\": 0.01, \"log\": true}}"}
{"op_code":5,"worker_id":"c9513ea3-dd37-44eb-b147-ac167a780404-140198971524928","trial_id":42,"param_name":"batch_norm","param_value_internal":1,"distribution":"{\"name\": \"CategoricalDistribution\", \"attributes\": {\"choices\": [true, false]}}"}
{"op_code":6,"worker_id":"c9513ea3-dd37-44eb-b147-ac167a780404-140198971524928","trial_id":42,"state":1,"values":[0.6130076374520862],"datetime_complete":"2026-04-01T17:18:50.039216"}
{"op_code":4,"worker_id":"c9513ea3-dd37-44eb-b147-ac167a780404-140198971524928","study_id":0,"datetime_start":"2026-04-01T17:18:50.057215"}
{"op_code":5,"worker_id":"c9513ea3-dd37-44eb-b147-ac167a780404-140198971524928","trial_id":43,"param_name":"num_nodes","param_value_internal":0,"distribution":"{\"name\": \"CategoricalDistribution\", \"attributes\": {\"choices\": [[32], [64], [128], [64, 32], [128, 64]]}}"}
{"op_code":5,"worker_id":"c9513ea3-dd37-44eb-b147-ac167a780404-140198971524928","trial_id":43,"param_name":"dropout","param_value_internal":0.2830625852777938,"distribution":"{\"name\": \"FloatDistribution\", \"attributes\": {\"step\": null, \"low\": 0.0, \"high\": 0.3, \"log\": false}}"}
{"op_code":5,"worker_id":"c9513ea3-dd37-44eb-b147-ac167a780404-140198971524928","trial_id":43,"param_name":"learning_rate","param_value_internal":0.00022769400149301398,"distribution":"{\"name\": \"FloatDistribution\", \"attributes\": {\"step\": null, \"low\": 0.0001, \"high\": 0.01, \"log\": true}}"}
{"op_code":5,"worker_id":"c9513ea3-dd37-44eb-b147-ac167a780404-140198971524928","trial_id":43,"param_name":"batch_norm","param_value_internal":0,"distribution":"{\"name\": \"CategoricalDistribution\", \"attributes\": {\"choices\": [true, false]}}"}
{"op_code":6,"worker_id":"c9513ea3-dd37-44eb-b147-ac167a780404-140198971524928","trial_id":43,"state":1,"values":[0.7867189252726223],"datetime_complete":"2026-04-01T17:18:57.726862"}
{"op_code":4,"worker_id":"c9513ea3-dd37-44eb-b147-ac167a780404-140198971524928","study_id":0,"datetime_start":"2026-04-01T17:18:57.738538"}
{"op_code":5,"worker_id":"c9513ea3-dd37-44eb-b147-ac167a780404-140198971524928","trial_id":44,"param_name":"num_nodes","param_value_internal":2,"distribution":"{\"name\": \"CategoricalDistribution\", \"attributes\": {\"choices\": [[32], [64], [128], [64, 32], [128, 64]]}}"}
{"op_code":5,"worker_id":"c9513ea3-dd37-44eb-b147-ac167a780404-140198971524928","trial_id":44,"param_name":"dropout","param_value_internal":0.2123902635133284,"distribution":"{\"name\": \"FloatDistribution\", \"attributes\": {\"step\": null, \"low\": 0.0, \"high\": 0.3, \"log\": false}}"}
{"op_code":5,"worker_id":"c9513ea3-dd37-44eb-b147-ac167a780404-140198971524928","trial_id":44,"param_name":"learning_rate","param_value_internal":0.00012324637563284135,"distribution":"{\"name\": \"FloatDistribution\", \"attributes\": {\"step\": null, \"low\": 0.0001, \"high\": 0.01, \"log\": true}}"}
{"op_code":5,"worker_id":"c9513ea3-dd37-44eb-b147-ac167a780404-140198971524928","trial_id":44,"param_name":"batch_norm","param_value_internal":1,"distribution":"{\"name\": \"CategoricalDistribution\", \"attributes\": {\"choices\": [true, false]}}"}
{"op_code":6,"worker_id":"c9513ea3-dd37-44eb-b147-ac167a780404-140198971524928","trial_id":44,"state":1,"values":[0.7917217152532363],"datetime_complete":"2026-04-01T17:19:05.474474"}
{"op_code":4,"worker_id":"c9513ea3-dd37-44eb-b147-ac167a780404-140198971524928","study_id":0,"datetime_start":"2026-04-01T17:19:05.493123"}
{"op_code":5,"worker_id":"c9513ea3-dd37-44eb-b147-ac167a780404-140198971524928","trial_id":45,"param_name":"num_nodes","param_value_internal":0,"distribution":"{\"name\": \"CategoricalDistribution\", \"attributes\": {\"choices\": [[32], [64], [128], [64, 32], [128, 64]]}}"}
{"op_code":5,"worker_id":"c9513ea3-dd37-44eb-b147-ac167a780404-140198971524928","trial_id":45,"param_name":"dropout","param_value_internal":0.2594337309136737,"distribution":"{\"name\": \"FloatDistribution\", \"attributes\": {\"step\": null, \"low\": 0.0, \"high\": 0.3, \"log\": false}}"}
{"op_code":5,"worker_id":"c9513ea3-dd37-44eb-b147-ac167a780404-140198971524928","trial_id":45,"param_name":"learning_rate","param_value_internal":0.0001711588700963756,"distribution":"{\"name\": \"FloatDistribution\", \"attributes\": {\"step\": null, \"low\": 0.0001, \"high\": 0.01, \"log\": true}}"}
{"op_code":5,"worker_id":"c9513ea3-dd37-44eb-b147-ac167a780404-140198971524928","trial_id":45,"param_name":"batch_norm","param_value_internal":0,"distribution":"{\"name\": \"CategoricalDistribution\", \"attributes\": {\"choices\": [true, false]}}"}
{"op_code":6,"worker_id":"c9513ea3-dd37-44eb-b147-ac167a780404-140198971524928","trial_id":45,"state":1,"values":[0.7950831145771214],"datetime_complete":"2026-04-01T17:19:13.168637"}
{"op_code":4,"worker_id":"c9513ea3-dd37-44eb-b147-ac167a780404-140198971524928","study_id":0,"datetime_start":"2026-04-01T17:19:13.183413"}
{"op_code":5,"worker_id":"c9513ea3-dd37-44eb-b147-ac167a780404-140198971524928","trial_id":46,"param_name":"num_nodes","param_value_internal":1,"distribution":"{\"name\": \"CategoricalDistribution\", \"attributes\": {\"choices\": [[32], [64], [128], [64, 32], [128, 64]]}}"}
{"op_code":5,"worker_id":"c9513ea3-dd37-44eb-b147-ac167a780404-140198971524928","trial_id":46,"param_name":"dropout","param_value_internal":0.23650243968645557,"distribution":"{\"name\": \"FloatDistribution\", \"attributes\": {\"step\": null, \"low\": 0.0, \"high\": 0.3, \"log\": false}}"}
{"op_code":5,"worker_id":"c9513ea3-dd37-44eb-b147-ac167a780404-140198971524928","trial_id":46,"param_name":"learning_rate","param_value_internal":0.0002735988322612941,"distribution":"{\"name\": \"FloatDistribution\", \"attributes\": {\"step\": null, \"low\": 0.0001, \"high\": 0.01, \"log\": true}}"}
{"op_code":5,"worker_id":"c9513ea3-dd37-44eb-b147-ac167a780404-140198971524928","trial_id":46,"param_name":"batch_norm","param_value_internal":1,"distribution":"{\"name\": \"CategoricalDistribution\", \"attributes\": {\"choices\": [true, false]}}"}
{"op_code":6,"worker_id":"c9513ea3-dd37-44eb-b147-ac167a780404-140198971524928","trial_id":46,"state":1,"values":[0.7853574914335131],"datetime_complete":"2026-04-01T17:19:20.855847"}
{"op_code":4,"worker_id":"c9513ea3-dd37-44eb-b147-ac167a780404-140198971524928","study_id":0,"datetime_start":"2026-04-01T17:19:20.874313"}
{"op_code":5,"worker_id":"c9513ea3-dd37-44eb-b147-ac167a780404-140198971524928","trial_id":47,"param_name":"num_nodes","param_value_internal":4,"distribution":"{\"name\": \"CategoricalDistribution\", \"attributes\": {\"choices\": [[32], [64], [128], [64, 32], [128, 64]]}}"}
{"op_code":5,"worker_id":"c9513ea3-dd37-44eb-b147-ac167a780404-140198971524928","trial_id":47,"param_name":"dropout","param_value_internal":0.16635595312164403,"distribution":"{\"name\": \"FloatDistribution\", \"attributes\": {\"step\": null, \"low\": 0.0, \"high\": 0.3, \"log\": false}}"}
{"op_code":5,"worker_id":"c9513ea3-dd37-44eb-b147-ac167a780404-140198971524928","trial_id":47,"param_name":"learning_rate","param_value_internal":0.00011022837855136894,"distribution":"{\"name\": \"FloatDistribution\", \"attributes\": {\"step\": null, \"low\": 0.0001, \"high\": 0.01, \"log\": true}}"}
{"op_code":5,"worker_id":"c9513ea3-dd37-44eb-b147-ac167a780404-140198971524928","trial_id":47,"param_name":"batch_norm","param_value_internal":0,"distribution":"{\"name\": \"CategoricalDistribution\", \"attributes\": {\"choices\": [true, false]}}"}
{"op_code":6,"worker_id":"c9513ea3-dd37-44eb-b147-ac167a780404-140198971524928","trial_id":47,"state":1,"values":[0.7825732633569124],"datetime_complete":"2026-04-01T17:19:29.321198"}
{"op_code":4,"worker_id":"c9513ea3-dd37-44eb-b147-ac167a780404-140198971524928","study_id":0,"datetime_start":"2026-04-01T17:19:29.349603"}
{"op_code":5,"worker_id":"c9513ea3-dd37-44eb-b147-ac167a780404-140198971524928","trial_id":48,"param_name":"num_nodes","param_value_internal":0,"distribution":"{\"name\": \"CategoricalDistribution\", \"attributes\": {\"choices\": [[32], [64], [128], [64, 32], [128, 64]]}}"}
{"op_code":5,"worker_id":"c9513ea3-dd37-44eb-b147-ac167a780404-140198971524928","trial_id":48,"param_name":"dropout","param_value_internal":0.19045546247271972,"distribution":"{\"name\": \"FloatDistribution\", \"attributes\": {\"step\": null, \"low\": 0.0, \"high\": 0.3, \"log\": false}}"}
{"op_code":5,"worker_id":"c9513ea3-dd37-44eb-b147-ac167a780404-140198971524928","trial_id":48,"param_name":"learning_rate","param_value_internal":0.007776865182909438,"distribution":"{\"name\": \"FloatDistribution\", \"attributes\": {\"step\": null, \"low\": 0.0001, \"high\": 0.01, \"log\": true}}"}
{"op_code":5,"worker_id":"c9513ea3-dd37-44eb-b147-ac167a780404-140198971524928","trial_id":48,"param_name":"batch_norm","param_value_internal":0,"distribution":"{\"name\": \"CategoricalDistribution\", \"attributes\": {\"choices\": [true, false]}}"}
{"op_code":6,"worker_id":"c9513ea3-dd37-44eb-b147-ac167a780404-140198971524928","trial_id":48,"state":1,"values":[0.7880515964249898],"datetime_complete":"2026-04-01T17:19:36.986729"}
{"op_code":4,"worker_id":"c9513ea3-dd37-44eb-b147-ac167a780404-140198971524928","study_id":0,"datetime_start":"2026-04-01T17:19:36.999462"}
{"op_code":5,"worker_id":"c9513ea3-dd37-44eb-b147-ac167a780404-140198971524928","trial_id":49,"param_name":"num_nodes","param_value_internal":2,"distribution":"{\"name\": \"CategoricalDistribution\", \"attributes\": {\"choices\": [[32], [64], [128], [64, 32], [128, 64]]}}"}
{"op_code":5,"worker_id":"c9513ea3-dd37-44eb-b147-ac167a780404-140198971524928","trial_id":49,"param_name":"dropout","param_value_internal":0.2801870203364146,"distribution":"{\"name\": \"FloatDistribution\", \"attributes\": {\"step\": null, \"low\": 0.0, \"high\": 0.3, \"log\": false}}"}
{"op_code":5,"worker_id":"c9513ea3-dd37-44eb-b147-ac167a780404-140198971524928","trial_id":49,"param_name":"learning_rate","param_value_internal":0.0009211394491345946,"distribution":"{\"name\": \"FloatDistribution\", \"attributes\": {\"step\": null, \"low\": 0.0001, \"high\": 0.01, \"log\": true}}"}
{"op_code":5,"worker_id":"c9513ea3-dd37-44eb-b147-ac167a780404-140198971524928","trial_id":49,"param_name":"batch_norm","param_value_internal":1,"distribution":"{\"name\": \"CategoricalDistribution\", \"attributes\": {\"choices\": [true, false]}}"}
{"op_code":6,"worker_id":"c9513ea3-dd37-44eb-b147-ac167a780404-140198971524928","trial_id":49,"state":1,"values":[0.7698812484540056],"datetime_complete":"2026-04-01T17:19:44.660198"}
{"op_code":4,"worker_id":"c9513ea3-dd37-44eb-b147-ac167a780404-140198971524928","study_id":0,"datetime_start":"2026-04-01T17:19:44.671350"}
{"op_code":5,"worker_id":"c9513ea3-dd37-44eb-b147-ac167a780404-140198971524928","trial_id":50,"param_name":"num_nodes","param_value_internal":0,"distribution":"{\"name\": \"CategoricalDistribution\", \"attributes\": {\"choices\": [[32], [64], [128], [64, 32], [128, 64]]}}"}
{"op_code":5,"worker_id":"c9513ea3-dd37-44eb-b147-ac167a780404-140198971524928","trial_id":50,"param_name":"dropout","param_value_internal":0.15837039142548817,"distribution":"{\"name\": \"FloatDistribution\", \"attributes\": {\"step\": null, \"low\": 0.0, \"high\": 0.3, \"log\": false}}"}
{"op_code":5,"worker_id":"c9513ea3-dd37-44eb-b147-ac167a780404-140198971524928","trial_id":50,"param_name":"learning_rate","param_value_internal":0.0003526562187904352,"distribution":"{\"name\": \"FloatDistribution\", \"attributes\": {\"step\": null, \"low\": 0.0001, \"high\": 0.01, \"log\": true}}"}
{"op_code":5,"worker_id":"c9513ea3-dd37-44eb-b147-ac167a780404-140198971524928","trial_id":50,"param_name":"batch_norm","param_value_internal":0,"distribution":"{\"name\": \"CategoricalDistribution\", \"attributes\": {\"choices\": [true, false]}}"}
{"op_code":6,"worker_id":"c9513ea3-dd37-44eb-b147-ac167a780404-140198971524928","trial_id":50,"state":1,"values":[0.7524376377013627],"datetime_complete":"2026-04-01T17:19:52.190097"}
{"op_code":4,"worker_id":"c9513ea3-dd37-44eb-b147-ac167a780404-140198971524928","study_id":0,"datetime_start":"2026-04-01T17:19:52.205410"}
{"op_code":5,"worker_id":"c9513ea3-dd37-44eb-b147-ac167a780404-140198971524928","trial_id":51,"param_name":"num_nodes","param_value_internal":0,"distribution":"{\"name\": \"CategoricalDistribution\", \"attributes\": {\"choices\": [[32], [64], [128], [64, 32], [128, 64]]}}"}
{"op_code":5,"worker_id":"c9513ea3-dd37-44eb-b147-ac167a780404-140198971524928","trial_id":51,"param_name":"dropout","param_value_internal":0.2586689754349679,"distribution":"{\"name\": \"FloatDistribution\", \"attributes\": {\"step\": null, \"low\": 0.0, \"high\": 0.3, \"log\": false}}"}
{"op_code":5,"worker_id":"c9513ea3-dd37-44eb-b147-ac167a780404-140198971524928","trial_id":51,"param_name":"learning_rate","param_value_internal":0.00016795786805476977,"distribution":"{\"name\": \"FloatDistribution\", \"attributes\": {\"step\": null, \"low\": 0.0001, \"high\": 0.01, \"log\": true}}"}
{"op_code":5,"worker_id":"c9513ea3-dd37-44eb-b147-ac167a780404-140198971524928","trial_id":51,"param_name":"batch_norm","param_value_internal":0,"distribution":"{\"name\": \"CategoricalDistribution\", \"attributes\": {\"choices\": [true, false]}}"}
{"op_code":6,"worker_id":"c9513ea3-dd37-44eb-b147-ac167a780404-140198971524928","trial_id":51,"state":1,"values":[0.798003486037633],"datetime_complete":"2026-04-01T17:19:59.779321"}
{"op_code":4,"worker_id":"c9513ea3-dd37-44eb-b147-ac167a780404-140198971524928","study_id":0,"datetime_start":"2026-04-01T17:19:59.794839"}
{"op_code":5,"worker_id":"c9513ea3-dd37-44eb-b147-ac167a780404-140198971524928","trial_id":52,"param_name":"num_nodes","param_value_internal":0,"distribution":"{\"name\": \"CategoricalDistribution\", \"attributes\": {\"choices\": [[32], [64], [128], [64, 32], [128, 64]]}}"}
{"op_code":5,"worker_id":"c9513ea3-dd37-44eb-b147-ac167a780404-140198971524928","trial_id":52,"param_name":"dropout","param_value_internal":0.23778846246524238,"distribution":"{\"name\": \"FloatDistribution\", \"attributes\": {\"step\": null, \"low\": 0.0, \"high\": 0.3, \"log\": false}}"}
{"op_code":5,"worker_id":"c9513ea3-dd37-44eb-b147-ac167a780404-140198971524928","trial_id":52,"param_name":"learning_rate","param_value_internal":0.00015849484531802323,"distribution":"{\"name\": \"FloatDistribution\", \"attributes\": {\"step\": null, \"low\": 0.0001, \"high\": 0.01, \"log\": true}}"}
{"op_code":5,"worker_id":"c9513ea3-dd37-44eb-b147-ac167a780404-140198971524928","trial_id":52,"param_name":"batch_norm","param_value_internal":0,"distribution":"{\"name\": \"CategoricalDistribution\", \"attributes\": {\"choices\": [true, false]}}"}
{"op_code":6,"worker_id":"c9513ea3-dd37-44eb-b147-ac167a780404-140198971524928","trial_id":52,"state":1,"values":[0.787207890947232],"datetime_complete":"2026-04-01T17:20:07.368034"}
{"op_code":4,"worker_id":"c9513ea3-dd37-44eb-b147-ac167a780404-140198971524928","study_id":0,"datetime_start":"2026-04-01T17:20:07.380551"}
{"op_code":5,"worker_id":"c9513ea3-dd37-44eb-b147-ac167a780404-140198971524928","trial_id":53,"param_name":"num_nodes","param_value_internal":0,"distribution":"{\"name\": \"CategoricalDistribution\", \"attributes\": {\"choices\": [[32], [64], [128], [64, 32], [128, 64]]}}"}
{"op_code":5,"worker_id":"c9513ea3-dd37-44eb-b147-ac167a780404-140198971524928","trial_id":53,"param_name":"dropout","param_value_internal":0.21196701662475845,"distribution":"{\"name\": \"FloatDistribution\", \"attributes\": {\"step\": null, \"low\": 0.0, \"high\": 0.3, \"log\": false}}"}
{"op_code":5,"worker_id":"c9513ea3-dd37-44eb-b147-ac167a780404-140198971524928","trial_id":53,"param_name":"learning_rate","param_value_internal":0.0002160908590517534,"distribution":"{\"name\": \"FloatDistribution\", \"attributes\": {\"step\": null, \"low\": 0.0001, \"high\": 0.01, \"log\": true}}"}
{"op_code":5,"worker_id":"c9513ea3-dd37-44eb-b147-ac167a780404-140198971524928","trial_id":53,"param_name":"batch_norm","param_value_internal":0,"distribution":"{\"name\": \"CategoricalDistribution\", \"attributes\": {\"choices\": [true, false]}}"}
{"op_code":6,"worker_id":"c9513ea3-dd37-44eb-b147-ac167a780404-140198971524928","trial_id":53,"state":1,"values":[0.7932614777501443],"datetime_complete":"2026-04-01T17:20:14.937856"}
{"op_code":4,"worker_id":"c9513ea3-dd37-44eb-b147-ac167a780404-140198971524928","study_id":0,"datetime_start":"2026-04-01T17:20:14.956277"}
{"op_code":5,"worker_id":"c9513ea3-dd37-44eb-b147-ac167a780404-140198971524928","trial_id":54,"param_name":"num_nodes","param_value_internal":1,"distribution":"{\"name\": \"CategoricalDistribution\", \"attributes\": {\"choices\": [[32], [64], [128], [64, 32], [128, 64]]}}"}
{"op_code":5,"worker_id":"c9513ea3-dd37-44eb-b147-ac167a780404-140198971524928","trial_id":54,"param_name":"dropout","param_value_internal":0.2998459273272652,"distribution":"{\"name\": \"FloatDistribution\", \"attributes\": {\"step\": null, \"low\": 0.0, \"high\": 0.3, \"log\": false}}"}
{"op_code":5,"worker_id":"c9513ea3-dd37-44eb-b147-ac167a780404-140198971524928","trial_id":54,"param_name":"learning_rate","param_value_internal":0.00013803391079287978,"distribution":"{\"name\": \"FloatDistribution\", \"attributes\": {\"step\": null, \"low\": 0.0001, \"high\": 0.01, \"log\": true}}"}
{"op_code":5,"worker_id":"c9513ea3-dd37-44eb-b147-ac167a780404-140198971524928","trial_id":54,"param_name":"batch_norm","param_value_internal":0,"distribution":"{\"name\": \"CategoricalDistribution\", \"attributes\": {\"choices\": [true, false]}}"}
{"op_code":6,"worker_id":"c9513ea3-dd37-44eb-b147-ac167a780404-140198971524928","trial_id":54,"state":1,"values":[0.7915453041078869],"datetime_complete":"2026-04-01T17:20:22.518105"}
{"op_code":4,"worker_id":"c9513ea3-dd37-44eb-b147-ac167a780404-140198971524928","study_id":0,"datetime_start":"2026-04-01T17:20:22.532282"}
{"op_code":5,"worker_id":"c9513ea3-dd37-44eb-b147-ac167a780404-140198971524928","trial_id":55,"param_name":"num_nodes","param_value_internal":4,"distribution":"{\"name\": \"CategoricalDistribution\", \"attributes\": {\"choices\": [[32], [64], [128], [64, 32], [128, 64]]}}"}
{"op_code":5,"worker_id":"c9513ea3-dd37-44eb-b147-ac167a780404-140198971524928","trial_id":55,"param_name":"dropout","param_value_internal":0.2700896034418932,"distribution":"{\"name\": \"FloatDistribution\", \"attributes\": {\"step\": null, \"low\": 0.0, \"high\": 0.3, \"log\": false}}"}
{"op_code":5,"worker_id":"c9513ea3-dd37-44eb-b147-ac167a780404-140198971524928","trial_id":55,"param_name":"learning_rate","param_value_internal":0.00026581473332566827,"distribution":"{\"name\": \"FloatDistribution\", \"attributes\": {\"step\": null, \"low\": 0.0001, \"high\": 0.01, \"log\": true}}"}
{"op_code":5,"worker_id":"c9513ea3-dd37-44eb-b147-ac167a780404-140198971524928","trial_id":55,"param_name":"batch_norm","param_value_internal":0,"distribution":"{\"name\": \"CategoricalDistribution\", \"attributes\": {\"choices\": [true, false]}}"}
{"op_code":6,"worker_id":"c9513ea3-dd37-44eb-b147-ac167a780404-140198971524928","trial_id":55,"state":1,"values":[0.744232601930168],"datetime_complete":"2026-04-01T17:20:31.004202"}
{"op_code":4,"worker_id":"c9513ea3-dd37-44eb-b147-ac167a780404-140198971524928","study_id":0,"datetime_start":"2026-04-01T17:20:31.017775"}
{"op_code":5,"worker_id":"c9513ea3-dd37-44eb-b147-ac167a780404-140198971524928","trial_id":56,"param_name":"num_nodes","param_value_internal":0,"distribution":"{\"name\": \"CategoricalDistribution\", \"attributes\": {\"choices\": [[32], [64], [128], [64, 32], [128, 64]]}}"}
{"op_code":5,"worker_id":"c9513ea3-dd37-44eb-b147-ac167a780404-140198971524928","trial_id":56,"param_name":"dropout","param_value_internal":0.24868827463295817,"distribution":"{\"name\": \"FloatDistribution\", \"attributes\": {\"step\": null, \"low\": 0.0, \"high\": 0.3, \"log\": false}}"}
{"op_code":5,"worker_id":"c9513ea3-dd37-44eb-b147-ac167a780404-140198971524928","trial_id":56,"param_name":"learning_rate","param_value_internal":0.00019456836352363263,"distribution":"{\"name\": \"FloatDistribution\", \"attributes\": {\"step\": null, \"low\": 0.0001, \"high\": 0.01, \"log\": true}}"}
{"op_code":5,"worker_id":"c9513ea3-dd37-44eb-b147-ac167a780404-140198971524928","trial_id":56,"param_name":"batch_norm","param_value_internal":0,"distribution":"{\"name\": \"CategoricalDistribution\", \"attributes\": {\"choices\": [true, false]}}"}
{"op_code":6,"worker_id":"c9513ea3-dd37-44eb-b147-ac167a780404-140198971524928","trial_id":56,"state":1,"values":[0.7806710910070583],"datetime_complete":"2026-04-01T17:20:38.588187"}
{"op_code":4,"worker_id":"c9513ea3-dd37-44eb-b147-ac167a780404-140198971524928","study_id":0,"datetime_start":"2026-04-01T17:20:38.602507"}
{"op_code":5,"worker_id":"c9513ea3-dd37-44eb-b147-ac167a780404-140198971524928","trial_id":57,"param_name":"num_nodes","param_value_internal":0,"distribution":"{\"name\": \"CategoricalDistribution\", \"attributes\": {\"choices\": [[32], [64], [128], [64, 32], [128, 64]]}}"}
{"op_code":5,"worker_id":"c9513ea3-dd37-44eb-b147-ac167a780404-140198971524928","trial_id":57,"param_name":"dropout","param_value_internal":0.18127033729322725,"distribution":"{\"name\": \"FloatDistribution\", \"attributes\": {\"step\": null, \"low\": 0.0, \"high\": 0.3, \"log\": false}}"}
{"op_code":5,"worker_id":"c9513ea3-dd37-44eb-b147-ac167a780404-140198971524928","trial_id":57,"param_name":"learning_rate","param_value_internal":0.00012067169371829174,"distribution":"{\"name\": \"FloatDistribution\", \"attributes\": {\"step\": null, \"low\": 0.0001, \"high\": 0.01, \"log\": true}}"}
{"op_code":5,"worker_id":"c9513ea3-dd37-44eb-b147-ac167a780404-140198971524928","trial_id":57,"param_name":"batch_norm","param_value_internal":0,"distribution":"{\"name\": \"CategoricalDistribution\", \"attributes\": {\"choices\": [true, false]}}"}
{"op_code":6,"worker_id":"c9513ea3-dd37-44eb-b147-ac167a780404-140198971524928","trial_id":57,"state":1,"values":[0.8039151769192862],"datetime_complete":"2026-04-01T17:20:46.202433"}
{"op_code":4,"worker_id":"c9513ea3-dd37-44eb-b147-ac167a780404-140198971524928","study_id":0,"datetime_start":"2026-04-01T17:20:46.229870"}
{"op_code":5,"worker_id":"c9513ea3-dd37-44eb-b147-ac167a780404-140198971524928","trial_id":58,"param_name":"num_nodes","param_value_internal":1,"distribution":"{\"name\": \"CategoricalDistribution\", \"attributes\": {\"choices\": [[32], [64], [128], [64, 32], [128, 64]]}}"}
{"op_code":5,"worker_id":"c9513ea3-dd37-44eb-b147-ac167a780404-140198971524928","trial_id":58,"param_name":"dropout","param_value_internal":0.13595668963376953,"distribution":"{\"name\": \"FloatDistribution\", \"attributes\": {\"step\": null, \"low\": 0.0, \"high\": 0.3, \"log\": false}}"}
{"op_code":5,"worker_id":"c9513ea3-dd37-44eb-b147-ac167a780404-140198971524928","trial_id":58,"param_name":"learning_rate","param_value_internal":0.0005275581915047912,"distribution":"{\"name\": \"FloatDistribution\", \"attributes\": {\"step\": null, \"low\": 0.0001, \"high\": 0.01, \"log\": true}}"}
{"op_code":5,"worker_id":"c9513ea3-dd37-44eb-b147-ac167a780404-140198971524928","trial_id":58,"param_name":"batch_norm","param_value_internal":1,"distribution":"{\"name\": \"CategoricalDistribution\", \"attributes\": {\"choices\": [true, false]}}"}
{"op_code":6,"worker_id":"c9513ea3-dd37-44eb-b147-ac167a780404-140198971524928","trial_id":58,"state":1,"values":[0.7594538157538988],"datetime_complete":"2026-04-01T17:20:53.842657"}
{"op_code":4,"worker_id":"c9513ea3-dd37-44eb-b147-ac167a780404-140198971524928","study_id":0,"datetime_start":"2026-04-01T17:20:53.858736"}
{"op_code":5,"worker_id":"c9513ea3-dd37-44eb-b147-ac167a780404-140198971524928","trial_id":59,"param_name":"num_nodes","param_value_internal":4,"distribution":"{\"name\": \"CategoricalDistribution\", \"attributes\": {\"choices\": [[32], [64], [128], [64, 32], [128, 64]]}}"}
{"op_code":5,"worker_id":"c9513ea3-dd37-44eb-b147-ac167a780404-140198971524928","trial_id":59,"param_name":"dropout","param_value_internal":0.1807474288029426,"distribution":"{\"name\": \"FloatDistribution\", \"attributes\": {\"step\": null, \"low\": 0.0, \"high\": 0.3, \"log\": false}}"}
{"op_code":5,"worker_id":"c9513ea3-dd37-44eb-b147-ac167a780404-140198971524928","trial_id":59,"param_name":"learning_rate","param_value_internal":0.0024002461662783947,"distribution":"{\"name\": \"FloatDistribution\", \"attributes\": {\"step\": null, \"low\": 0.0001, \"high\": 0.01, \"log\": true}}"}
{"op_code":5,"worker_id":"c9513ea3-dd37-44eb-b147-ac167a780404-140198971524928","trial_id":59,"param_name":"batch_norm","param_value_internal":0,"distribution":"{\"name\": \"CategoricalDistribution\", \"attributes\": {\"choices\": [true, false]}}"}
