{"op_code":0,"worker_id":"4c65fec3-70f4-4a99-9fd6-ebe6312a3866-140248758003520","study_name":"cox_tuning_tabdpt_1_-1_seed42","directions":[2]}
{"op_code":4,"worker_id":"4c65fec3-70f4-4a99-9fd6-ebe6312a3866-140248758003520","study_id":0,"datetime_start":"2026-04-01T17:19:39.683077"}
{"op_code":5,"worker_id":"4c65fec3-70f4-4a99-9fd6-ebe6312a3866-140248758003520","trial_id":0,"param_name":"num_nodes","param_value_internal":2,"distribution":"{\"name\": \"CategoricalDistribution\", \"attributes\": {\"choices\": [[32], [64], [128], [64, 32], [128, 64]]}}"}
{"op_code":5,"worker_id":"4c65fec3-70f4-4a99-9fd6-ebe6312a3866-140248758003520","trial_id":0,"param_name":"dropout","param_value_internal":0.24971356987329207,"distribution":"{\"name\": \"FloatDistribution\", \"attributes\": {\"step\": null, \"low\": 0.0, \"high\": 0.3, \"log\": false}}"}
{"op_code":5,"worker_id":"4c65fec3-70f4-4a99-9fd6-ebe6312a3866-140248758003520","trial_id":0,"param_name":"learning_rate","param_value_internal":0.002380419482573325,"distribution":"{\"name\": \"FloatDistribution\", \"attributes\": {\"step\": null, \"low\": 0.0001, \"high\": 0.01, \"log\": true}}"}
{"op_code":5,"worker_id":"4c65fec3-70f4-4a99-9fd6-ebe6312a3866-140248758003520","trial_id":0,"param_name":"batch_norm","param_value_internal":0,"distribution":"{\"name\": \"CategoricalDistribution\", \"attributes\": {\"choices\": [true, false]}}"}
{"op_code":6,"worker_id":"4c65fec3-70f4-4a99-9fd6-ebe6312a3866-140248758003520","trial_id":0,"state":1,"values":[0.7487464262361724],"datetime_complete":"2026-04-01T17:19:49.573951"}
{"op_code":4,"worker_id":"4c65fec3-70f4-4a99-9fd6-ebe6312a3866-140248758003520","study_id":0,"datetime_start":"2026-04-01T17:19:49.586367"}
{"op_code":5,"worker_id":"4c65fec3-70f4-4a99-9fd6-ebe6312a3866-140248758003520","trial_id":1,"param_name":"num_nodes","param_value_internal":2,"distribution":"{\"name\": \"CategoricalDistribution\", \"attributes\": {\"choices\": [[32], [64], [128], [64, 32], [128, 64]]}}"}
{"op_code":5,"worker_id":"4c65fec3-70f4-4a99-9fd6-ebe6312a3866-140248758003520","trial_id":1,"param_name":"dropout","param_value_internal":0.0035676499889839893,"distribution":"{\"name\": \"FloatDistribution\", \"attributes\": {\"step\": null, \"low\": 0.0, \"high\": 0.3, \"log\": false}}"}
{"op_code":5,"worker_id":"4c65fec3-70f4-4a99-9fd6-ebe6312a3866-140248758003520","trial_id":1,"param_name":"learning_rate","param_value_internal":0.0031512325180578873,"distribution":"{\"name\": \"FloatDistribution\", \"attributes\": {\"step\": null, \"low\": 0.0001, \"high\": 0.01, \"log\": true}}"}
{"op_code":5,"worker_id":"4c65fec3-70f4-4a99-9fd6-ebe6312a3866-140248758003520","trial_id":1,"param_name":"batch_norm","param_value_internal":1,"distribution":"{\"name\": \"CategoricalDistribution\", \"attributes\": {\"choices\": [true, false]}}"}
{"op_code":6,"worker_id":"4c65fec3-70f4-4a99-9fd6-ebe6312a3866-140248758003520","trial_id":1,"state":1,"values":[0.7243863480783649],"datetime_complete":"2026-04-01T17:19:57.627135"}
{"op_code":4,"worker_id":"4c65fec3-70f4-4a99-9fd6-ebe6312a3866-140248758003520","study_id":0,"datetime_start":"2026-04-01T17:19:57.643745"}
{"op_code":5,"worker_id":"4c65fec3-70f4-4a99-9fd6-ebe6312a3866-140248758003520","trial_id":2,"param_name":"num_nodes","param_value_internal":1,"distribution":"{\"name\": \"CategoricalDistribution\", \"attributes\": {\"choices\": [[32], [64], [128], [64, 32], [128, 64]]}}"}
{"op_code":5,"worker_id":"4c65fec3-70f4-4a99-9fd6-ebe6312a3866-140248758003520","trial_id":2,"param_name":"dropout","param_value_internal":0.2624690575826191,"distribution":"{\"name\": \"FloatDistribution\", \"attributes\": {\"step\": null, \"low\": 0.0, \"high\": 0.3, \"log\": false}}"}
{"op_code":5,"worker_id":"4c65fec3-70f4-4a99-9fd6-ebe6312a3866-140248758003520","trial_id":2,"param_name":"learning_rate","param_value_internal":0.00020169892592924996,"distribution":"{\"name\": \"FloatDistribution\", \"attributes\": {\"step\": null, \"low\": 0.0001, \"high\": 0.01, \"log\": true}}"}
{"op_code":5,"worker_id":"4c65fec3-70f4-4a99-9fd6-ebe6312a3866-140248758003520","trial_id":2,"param_name":"batch_norm","param_value_internal":1,"distribution":"{\"name\": \"CategoricalDistribution\", \"attributes\": {\"choices\": [true, false]}}"}
{"op_code":6,"worker_id":"4c65fec3-70f4-4a99-9fd6-ebe6312a3866-140248758003520","trial_id":2,"state":1,"values":[0.7221735387117001],"datetime_complete":"2026-04-01T17:20:05.510392"}
{"op_code":4,"worker_id":"4c65fec3-70f4-4a99-9fd6-ebe6312a3866-140248758003520","study_id":0,"datetime_start":"2026-04-01T17:20:05.522309"}
{"op_code":5,"worker_id":"4c65fec3-70f4-4a99-9fd6-ebe6312a3866-140248758003520","trial_id":3,"param_name":"num_nodes","param_value_internal":0,"distribution":"{\"name\": \"CategoricalDistribution\", \"attributes\": {\"choices\": [[32], [64], [128], [64, 32], [128, 64]]}}"}
{"op_code":5,"worker_id":"4c65fec3-70f4-4a99-9fd6-ebe6312a3866-140248758003520","trial_id":3,"param_name":"dropout","param_value_internal":0.11272337109030212,"distribution":"{\"name\": \"FloatDistribution\", \"attributes\": {\"step\": null, \"low\": 0.0, \"high\": 0.3, \"log\": false}}"}
{"op_code":5,"worker_id":"4c65fec3-70f4-4a99-9fd6-ebe6312a3866-140248758003520","trial_id":3,"param_name":"learning_rate","param_value_internal":0.004233529862023626,"distribution":"{\"name\": \"FloatDistribution\", \"attributes\": {\"step\": null, \"low\": 0.0001, \"high\": 0.01, \"log\": true}}"}
{"op_code":5,"worker_id":"4c65fec3-70f4-4a99-9fd6-ebe6312a3866-140248758003520","trial_id":3,"param_name":"batch_norm","param_value_internal":1,"distribution":"{\"name\": \"CategoricalDistribution\", \"attributes\": {\"choices\": [true, false]}}"}
{"op_code":6,"worker_id":"4c65fec3-70f4-4a99-9fd6-ebe6312a3866-140248758003520","trial_id":3,"state":1,"values":[0.6998747864370509],"datetime_complete":"2026-04-01T17:20:13.349917"}
{"op_code":4,"worker_id":"4c65fec3-70f4-4a99-9fd6-ebe6312a3866-140248758003520","study_id":0,"datetime_start":"2026-04-01T17:20:13.363079"}
{"op_code":5,"worker_id":"4c65fec3-70f4-4a99-9fd6-ebe6312a3866-140248758003520","trial_id":4,"param_name":"num_nodes","param_value_internal":3,"distribution":"{\"name\": \"CategoricalDistribution\", \"attributes\": {\"choices\": [[32], [64], [128], [64, 32], [128, 64]]}}"}
{"op_code":5,"worker_id":"4c65fec3-70f4-4a99-9fd6-ebe6312a3866-140248758003520","trial_id":4,"param_name":"dropout","param_value_internal":0.2839556654090397,"distribution":"{\"name\": \"FloatDistribution\", \"attributes\": {\"step\": null, \"low\": 0.0, \"high\": 0.3, \"log\": false}}"}
{"op_code":5,"worker_id":"4c65fec3-70f4-4a99-9fd6-ebe6312a3866-140248758003520","trial_id":4,"param_name":"learning_rate","param_value_internal":0.0007688527290170429,"distribution":"{\"name\": \"FloatDistribution\", \"attributes\": {\"step\": null, \"low\": 0.0001, \"high\": 0.01, \"log\": true}}"}
{"op_code":5,"worker_id":"4c65fec3-70f4-4a99-9fd6-ebe6312a3866-140248758003520","trial_id":4,"param_name":"batch_norm","param_value_internal":0,"distribution":"{\"name\": \"CategoricalDistribution\", \"attributes\": {\"choices\": [true, false]}}"}
{"op_code":6,"worker_id":"4c65fec3-70f4-4a99-9fd6-ebe6312a3866-140248758003520","trial_id":4,"state":1,"values":[0.7541212136319795],"datetime_complete":"2026-04-01T17:20:22.093032"}
{"op_code":4,"worker_id":"4c65fec3-70f4-4a99-9fd6-ebe6312a3866-140248758003520","study_id":0,"datetime_start":"2026-04-01T17:20:22.115643"}
{"op_code":5,"worker_id":"4c65fec3-70f4-4a99-9fd6-ebe6312a3866-140248758003520","trial_id":5,"param_name":"num_nodes","param_value_internal":2,"distribution":"{\"name\": \"CategoricalDistribution\", \"attributes\": {\"choices\": [[32], [64], [128], [64, 32], [128, 64]]}}"}
{"op_code":5,"worker_id":"4c65fec3-70f4-4a99-9fd6-ebe6312a3866-140248758003520","trial_id":5,"param_name":"dropout","param_value_internal":0.012455170033469798,"distribution":"{\"name\": \"FloatDistribution\", \"attributes\": {\"step\": null, \"low\": 0.0, \"high\": 0.3, \"log\": false}}"}
{"op_code":5,"worker_id":"4c65fec3-70f4-4a99-9fd6-ebe6312a3866-140248758003520","trial_id":5,"param_name":"learning_rate","param_value_internal":0.0013248105873120116,"distribution":"{\"name\": \"FloatDistribution\", \"attributes\": {\"step\": null, \"low\": 0.0001, \"high\": 0.01, \"log\": true}}"}
{"op_code":5,"worker_id":"4c65fec3-70f4-4a99-9fd6-ebe6312a3866-140248758003520","trial_id":5,"param_name":"batch_norm","param_value_internal":1,"distribution":"{\"name\": \"CategoricalDistribution\", \"attributes\": {\"choices\": [true, false]}}"}
{"op_code":6,"worker_id":"4c65fec3-70f4-4a99-9fd6-ebe6312a3866-140248758003520","trial_id":5,"state":1,"values":[0.665173563639362],"datetime_complete":"2026-04-01T17:20:30.136298"}
{"op_code":4,"worker_id":"4c65fec3-70f4-4a99-9fd6-ebe6312a3866-140248758003520","study_id":0,"datetime_start":"2026-04-01T17:20:30.148338"}
{"op_code":5,"worker_id":"4c65fec3-70f4-4a99-9fd6-ebe6312a3866-140248758003520","trial_id":6,"param_name":"num_nodes","param_value_internal":0,"distribution":"{\"name\": \"CategoricalDistribution\", \"attributes\": {\"choices\": [[32], [64], [128], [64, 32], [128, 64]]}}"}
{"op_code":5,"worker_id":"4c65fec3-70f4-4a99-9fd6-ebe6312a3866-140248758003520","trial_id":6,"param_name":"dropout","param_value_internal":0.11392371239793236,"distribution":"{\"name\": \"FloatDistribution\", \"attributes\": {\"step\": null, \"low\": 0.0, \"high\": 0.3, \"log\": false}}"}
{"op_code":5,"worker_id":"4c65fec3-70f4-4a99-9fd6-ebe6312a3866-140248758003520","trial_id":6,"param_name":"learning_rate","param_value_internal":0.00521949908248987,"distribution":"{\"name\": \"FloatDistribution\", \"attributes\": {\"step\": null, \"low\": 0.0001, \"high\": 0.01, \"log\": true}}"}
{"op_code":5,"worker_id":"4c65fec3-70f4-4a99-9fd6-ebe6312a3866-140248758003520","trial_id":6,"param_name":"batch_norm","param_value_internal":0,"distribution":"{\"name\": \"CategoricalDistribution\", \"attributes\": {\"choices\": [true, false]}}"}
{"op_code":6,"worker_id":"4c65fec3-70f4-4a99-9fd6-ebe6312a3866-140248758003520","trial_id":6,"state":1,"values":[0.7502440034591925],"datetime_complete":"2026-04-01T17:20:37.995639"}
{"op_code":4,"worker_id":"4c65fec3-70f4-4a99-9fd6-ebe6312a3866-140248758003520","study_id":0,"datetime_start":"2026-04-01T17:20:38.016586"}
{"op_code":5,"worker_id":"4c65fec3-70f4-4a99-9fd6-ebe6312a3866-140248758003520","trial_id":7,"param_name":"num_nodes","param_value_internal":2,"distribution":"{\"name\": \"CategoricalDistribution\", \"attributes\": {\"choices\": [[32], [64], [128], [64, 32], [128, 64]]}}"}
{"op_code":5,"worker_id":"4c65fec3-70f4-4a99-9fd6-ebe6312a3866-140248758003520","trial_id":7,"param_name":"dropout","param_value_internal":0.1028450528357152,"distribution":"{\"name\": \"FloatDistribution\", \"attributes\": {\"step\": null, \"low\": 0.0, \"high\": 0.3, \"log\": false}}"}
{"op_code":5,"worker_id":"4c65fec3-70f4-4a99-9fd6-ebe6312a3866-140248758003520","trial_id":7,"param_name":"learning_rate","param_value_internal":0.001106704605888287,"distribution":"{\"name\": \"FloatDistribution\", \"attributes\": {\"step\": null, \"low\": 0.0001, \"high\": 0.01, \"log\": true}}"}
{"op_code":5,"worker_id":"4c65fec3-70f4-4a99-9fd6-ebe6312a3866-140248758003520","trial_id":7,"param_name":"batch_norm","param_value_internal":1,"distribution":"{\"name\": \"CategoricalDistribution\", \"attributes\": {\"choices\": [true, false]}}"}
{"op_code":6,"worker_id":"4c65fec3-70f4-4a99-9fd6-ebe6312a3866-140248758003520","trial_id":7,"state":1,"values":[0.6850121474413673],"datetime_complete":"2026-04-01T17:20:46.081576"}
{"op_code":4,"worker_id":"4c65fec3-70f4-4a99-9fd6-ebe6312a3866-140248758003520","study_id":0,"datetime_start":"2026-04-01T17:20:46.099356"}
{"op_code":5,"worker_id":"4c65fec3-70f4-4a99-9fd6-ebe6312a3866-140248758003520","trial_id":8,"param_name":"num_nodes","param_value_internal":0,"distribution":"{\"name\": \"CategoricalDistribution\", \"attributes\": {\"choices\": [[32], [64], [128], [64, 32], [128, 64]]}}"}
{"op_code":5,"worker_id":"4c65fec3-70f4-4a99-9fd6-ebe6312a3866-140248758003520","trial_id":8,"param_name":"dropout","param_value_internal":0.24960327938240648,"distribution":"{\"name\": \"FloatDistribution\", \"attributes\": {\"step\": null, \"low\": 0.0, \"high\": 0.3, \"log\": false}}"}
{"op_code":5,"worker_id":"4c65fec3-70f4-4a99-9fd6-ebe6312a3866-140248758003520","trial_id":8,"param_name":"learning_rate","param_value_internal":0.0025449245180001632,"distribution":"{\"name\": \"FloatDistribution\", \"attributes\": {\"step\": null, \"low\": 0.0001, \"high\": 0.01, \"log\": true}}"}
{"op_code":5,"worker_id":"4c65fec3-70f4-4a99-9fd6-ebe6312a3866-140248758003520","trial_id":8,"param_name":"batch_norm","param_value_internal":0,"distribution":"{\"name\": \"CategoricalDistribution\", \"attributes\": {\"choices\": [true, false]}}"}
{"op_code":6,"worker_id":"4c65fec3-70f4-4a99-9fd6-ebe6312a3866-140248758003520","trial_id":8,"state":1,"values":[0.7609609805391662],"datetime_complete":"2026-04-01T17:20:53.987903"}
{"op_code":4,"worker_id":"4c65fec3-70f4-4a99-9fd6-ebe6312a3866-140248758003520","study_id":0,"datetime_start":"2026-04-01T17:20:54.010244"}
{"op_code":5,"worker_id":"4c65fec3-70f4-4a99-9fd6-ebe6312a3866-140248758003520","trial_id":9,"param_name":"num_nodes","param_value_internal":2,"distribution":"{\"name\": \"CategoricalDistribution\", \"attributes\": {\"choices\": [[32], [64], [128], [64, 32], [128, 64]]}}"}
{"op_code":5,"worker_id":"4c65fec3-70f4-4a99-9fd6-ebe6312a3866-140248758003520","trial_id":9,"param_name":"dropout","param_value_internal":0.12991524637224408,"distribution":"{\"name\": \"FloatDistribution\", \"attributes\": {\"step\": null, \"low\": 0.0, \"high\": 0.3, \"log\": false}}"}
{"op_code":5,"worker_id":"4c65fec3-70f4-4a99-9fd6-ebe6312a3866-140248758003520","trial_id":9,"param_name":"learning_rate","param_value_internal":0.002916221832194562,"distribution":"{\"name\": \"FloatDistribution\", \"attributes\": {\"step\": null, \"low\": 0.0001, \"high\": 0.01, \"log\": true}}"}
{"op_code":5,"worker_id":"4c65fec3-70f4-4a99-9fd6-ebe6312a3866-140248758003520","trial_id":9,"param_name":"batch_norm","param_value_internal":0,"distribution":"{\"name\": \"CategoricalDistribution\", \"attributes\": {\"choices\": [true, false]}}"}
