/scratch.hpc/luca.cotugno/Foundation_model_clinical_data/src/tabicl/embedding.py:142: UserWarning: The given NumPy array is not writable, and PyTorch does not support non-writable tensors. This means writing to this tensor will result in undefined behavior. You may want to copy the array to protect its data or make it writable before converting it to a tensor. This type of warning will be suppressed for the rest of this program. (Triggered internally at /pytorch/torch/csrc/utils/tensor_numpy.cpp:213.)
  y_t = torch.from_numpy(y_ctx).long().unsqueeze(0).to(self.device)    # (1, ctx_size)
/scratch.hpc/luca.cotugno/Foundation_model_clinical_data/.venv/lib/python3.12/site-packages/sklearn/utils/validation.py:2684: UserWarning: X has feature names, but RandomSurvivalForest was fitted without feature names
  warnings.warn(
/scratch.hpc/luca.cotugno/Foundation_model_clinical_data/.venv/lib/python3.12/site-packages/sklearn/utils/validation.py:2684: UserWarning: X has feature names, but RandomSurvivalForest was fitted without feature names
  warnings.warn(
/scratch.hpc/luca.cotugno/Foundation_model_clinical_data/.venv/lib/python3.12/site-packages/sklearn/utils/validation.py:2684: UserWarning: X has feature names, but RandomSurvivalForest was fitted without feature names
  warnings.warn(
/scratch.hpc/luca.cotugno/Foundation_model_clinical_data/.venv/lib/python3.12/site-packages/sklearn/utils/validation.py:2684: UserWarning: X has feature names, but RandomSurvivalForest was fitted without feature names
  warnings.warn(
/scratch.hpc/luca.cotugno/Foundation_model_clinical_data/.venv/lib/python3.12/site-packages/sklearn/utils/validation.py:2684: UserWarning: X has feature names, but RandomSurvivalForest was fitted without feature names
  warnings.warn(
/scratch.hpc/luca.cotugno/Foundation_model_clinical_data/.venv/lib/python3.12/site-packages/sklearn/utils/validation.py:2684: UserWarning: X has feature names, but RandomSurvivalForest was fitted without feature names
  warnings.warn(
/scratch.hpc/luca.cotugno/Foundation_model_clinical_data/.venv/lib/python3.12/site-packages/sklearn/utils/validation.py:2684: UserWarning: X has feature names, but RandomSurvivalForest was fitted without feature names
  warnings.warn(
/scratch.hpc/luca.cotugno/Foundation_model_clinical_data/.venv/lib/python3.12/site-packages/sklearn/utils/validation.py:2684: UserWarning: X has feature names, but RandomSurvivalForest was fitted without feature names
  warnings.warn(
/scratch.hpc/luca.cotugno/Foundation_model_clinical_data/.venv/lib/python3.12/site-packages/sklearn/utils/validation.py:2684: UserWarning: X has feature names, but RandomSurvivalForest was fitted without feature names
  warnings.warn(
/scratch.hpc/luca.cotugno/Foundation_model_clinical_data/.venv/lib/python3.12/site-packages/sklearn/utils/validation.py:2684: UserWarning: X has feature names, but RandomSurvivalForest was fitted without feature names
  warnings.warn(
/scratch.hpc/luca.cotugno/Foundation_model_clinical_data/.venv/lib/python3.12/site-packages/pycox/models/cox.py:251: RuntimeWarning: overflow encountered in exp
  expg = np.exp(self.predict(input, batch_size, True, eval_, num_workers=num_workers)).reshape(1, -1)
/scratch.hpc/luca.cotugno/Foundation_model_clinical_data/.venv/lib/python3.12/site-packages/pycox/models/cox.py:252: RuntimeWarning: invalid value encountered in dot
  return pd.DataFrame(bch.values.reshape(-1, 1).dot(expg),
/scratch.hpc/luca.cotugno/Foundation_model_clinical_data/.venv/lib/python3.12/site-packages/sklearn/utils/validation.py:2684: UserWarning: X has feature names, but RandomSurvivalForest was fitted without feature names
  warnings.warn(
/scratch.hpc/luca.cotugno/Foundation_model_clinical_data/.venv/lib/python3.12/site-packages/sklearn/utils/validation.py:2684: UserWarning: X has feature names, but RandomSurvivalForest was fitted without feature names
  warnings.warn(
/scratch.hpc/luca.cotugno/Foundation_model_clinical_data/.venv/lib/python3.12/site-packages/pycox/models/cox.py:251: RuntimeWarning: overflow encountered in exp
  expg = np.exp(self.predict(input, batch_size, True, eval_, num_workers=num_workers)).reshape(1, -1)
/scratch.hpc/luca.cotugno/Foundation_model_clinical_data/.venv/lib/python3.12/site-packages/pycox/models/cox.py:252: RuntimeWarning: invalid value encountered in dot
  return pd.DataFrame(bch.values.reshape(-1, 1).dot(expg),
/scratch.hpc/luca.cotugno/Foundation_model_clinical_data/.venv/lib/python3.12/site-packages/sklearn/utils/validation.py:2684: UserWarning: X has feature names, but RandomSurvivalForest was fitted without feature names
  warnings.warn(
/scratch.hpc/luca.cotugno/Foundation_model_clinical_data/.venv/lib/python3.12/site-packages/sklearn/utils/validation.py:2684: UserWarning: X has feature names, but RandomSurvivalForest was fitted without feature names
  warnings.warn(
/scratch.hpc/luca.cotugno/Foundation_model_clinical_data/.venv/lib/python3.12/site-packages/pycox/models/cox.py:251: RuntimeWarning: overflow encountered in exp
  expg = np.exp(self.predict(input, batch_size, True, eval_, num_workers=num_workers)).reshape(1, -1)
/scratch.hpc/luca.cotugno/Foundation_model_clinical_data/.venv/lib/python3.12/site-packages/pycox/models/cox.py:252: RuntimeWarning: invalid value encountered in dot
  return pd.DataFrame(bch.values.reshape(-1, 1).dot(expg),
/scratch.hpc/luca.cotugno/Foundation_model_clinical_data/.venv/lib/python3.12/site-packages/sklearn/utils/validation.py:2684: UserWarning: X has feature names, but RandomSurvivalForest was fitted without feature names
  warnings.warn(
/scratch.hpc/luca.cotugno/Foundation_model_clinical_data/.venv/lib/python3.12/site-packages/sklearn/utils/validation.py:2684: UserWarning: X has feature names, but RandomSurvivalForest was fitted without feature names
  warnings.warn(
/scratch.hpc/luca.cotugno/Foundation_model_clinical_data/.venv/lib/python3.12/site-packages/pycox/models/cox.py:251: RuntimeWarning: overflow encountered in exp
  expg = np.exp(self.predict(input, batch_size, True, eval_, num_workers=num_workers)).reshape(1, -1)
/scratch.hpc/luca.cotugno/Foundation_model_clinical_data/.venv/lib/python3.12/site-packages/pycox/models/cox.py:252: RuntimeWarning: invalid value encountered in dot
  return pd.DataFrame(bch.values.reshape(-1, 1).dot(expg),
/scratch.hpc/luca.cotugno/Foundation_model_clinical_data/.venv/lib/python3.12/site-packages/sklearn/utils/validation.py:2684: UserWarning: X has feature names, but RandomSurvivalForest was fitted without feature names
  warnings.warn(
/scratch.hpc/luca.cotugno/Foundation_model_clinical_data/.venv/lib/python3.12/site-packages/sklearn/utils/validation.py:2684: UserWarning: X has feature names, but RandomSurvivalForest was fitted without feature names
  warnings.warn(
/scratch.hpc/luca.cotugno/Foundation_model_clinical_data/.venv/lib/python3.12/site-packages/pycox/models/cox.py:251: RuntimeWarning: overflow encountered in exp
  expg = np.exp(self.predict(input, batch_size, True, eval_, num_workers=num_workers)).reshape(1, -1)
/scratch.hpc/luca.cotugno/Foundation_model_clinical_data/.venv/lib/python3.12/site-packages/pycox/models/cox.py:252: RuntimeWarning: invalid value encountered in dot
  return pd.DataFrame(bch.values.reshape(-1, 1).dot(expg),
/scratch.hpc/luca.cotugno/Foundation_model_clinical_data/.venv/lib/python3.12/site-packages/sklearn/utils/validation.py:2684: UserWarning: X has feature names, but RandomSurvivalForest was fitted without feature names
  warnings.warn(
/scratch.hpc/luca.cotugno/Foundation_model_clinical_data/.venv/lib/python3.12/site-packages/sklearn/utils/validation.py:2684: UserWarning: X has feature names, but RandomSurvivalForest was fitted without feature names
  warnings.warn(
STARTED  model=tabicl  seed=42  tuning=False  shap=False


Preprocess: Replace NaN with -1
Loading existing folds from tmp/splits/OrmoniTirodei_seed42.pkl
X_train shape: (5161, 76), X_test shape: (1291, 76)
Generating TABICL Embeddings...
Warming up TabICL model (triggering checkpoint load)...
ARRIVATO QUI 1
Loading TabICL model checkpoint 'tabicl-classifier-v1.1-0506.ckpt'...
ARRIVATO QUI
Performing dummy prediction to ensure model is loaded...
Warming up TabICL model (triggering checkpoint load)...
ARRIVATO QUI 1
Loading TabICL model checkpoint 'tabicl-classifier-v1.1-0506.ckpt'...
ARRIVATO QUI
Performing dummy prediction to ensure model is loaded...
Successfully generated embeddings with shape: (5161, 512)
  [ckpt] Loading DeepSurv Simple from checkpoints/tabicl/OrmoniTirodei/-1/seed42/fold1/tabicl_deepsurv_simple.pt
C-index TRAIN: 0.9277
C-index TEST:  0.7075
  [ckpt] Loading DeepSurv Vanilla from checkpoints/tabicl/OrmoniTirodei/-1/seed42/fold1/tabicl_deepsurv_vanilla.pt
C-index TRAIN: 0.9239
C-index TEST:  0.7334
  [ckpt] Loading TABICL RSF from checkpoints/tabicl/OrmoniTirodei/-1/seed42/fold1/tabicl_rsf.pkl
C-index train: 0.9640
C-index test:  0.7389
  [ckpt] Loading TABICL Cox (embedding) from checkpoints/tabicl/OrmoniTirodei/-1/seed42/fold1/tabicl_tab_cox.pkl
C-index train: 0.9294
C-index test:  0.7340
  [ckpt] Loading DeepSurv Vanilla baseline from checkpoints/tabicl/OrmoniTirodei/-1/seed42/fold1/deepsurv_vanilla_baseline.pt
C-index TRAIN: 0.8089
C-index TEST:  0.7857
  [ckpt] Loading DeepSurv Simple baseline from checkpoints/tabicl/OrmoniTirodei/-1/seed42/fold1/deepsurv_simple_baseline.pt
C-index TRAIN: 0.7835
C-index TEST:  0.7774
  [ckpt] Loading RSF baseline from checkpoints/tabicl/OrmoniTirodei/-1/seed42/fold1/rsf_baseline.pkl
C-index train: 0.9081
C-index test:  0.7890
  [ckpt] Loading Cox baseline from checkpoints/tabicl/OrmoniTirodei/-1/seed42/fold1/tabicl_cox.pkl
C-index train: 0.8007
C-index test:  0.7911
X_train shape: (5161, 76), X_test shape: (1291, 76)
Generating TABICL Embeddings...
Warming up TabICL model (triggering checkpoint load)...
ARRIVATO QUI 1
Loading TabICL model checkpoint 'tabicl-classifier-v1.1-0506.ckpt'...
ARRIVATO QUI
Performing dummy prediction to ensure model is loaded...
Warming up TabICL model (triggering checkpoint load)...
ARRIVATO QUI 1
Loading TabICL model checkpoint 'tabicl-classifier-v1.1-0506.ckpt'...
ARRIVATO QUI
Performing dummy prediction to ensure model is loaded...
Successfully generated embeddings with shape: (5161, 512)
  [ckpt] Loading DeepSurv Simple from checkpoints/tabicl/OrmoniTirodei/-1/seed42/fold2/tabicl_deepsurv_simple.pt
C-index TRAIN: 0.9254
C-index TEST:  0.7540
  [ckpt] Loading DeepSurv Vanilla from checkpoints/tabicl/OrmoniTirodei/-1/seed42/fold2/tabicl_deepsurv_vanilla.pt
C-index TRAIN: 0.9189
C-index TEST:  0.7744
  [ckpt] Loading TABICL RSF from checkpoints/tabicl/OrmoniTirodei/-1/seed42/fold2/tabicl_rsf.pkl
C-index train: 0.9651
C-index test:  0.7575
  Fitting TABICL Cox (embedding)...
C-index train: 0.9284
C-index test:  0.7521
  [surv] Saved → survival_predictions/tabicl/OrmoniTirodei/-1/seed42/fold2/tabicl_cox.pkl
  [ckpt] Loading DeepSurv Vanilla baseline from checkpoints/tabicl/OrmoniTirodei/-1/seed42/fold2/deepsurv_vanilla_baseline.pt
C-index TRAIN: 0.8033
C-index TEST:  0.7967
  [surv] Saved → survival_predictions/tabicl/OrmoniTirodei/-1/seed42/fold2/deepsurv_vanilla.pkl
  [ckpt] Loading DeepSurv Simple baseline from checkpoints/tabicl/OrmoniTirodei/-1/seed42/fold2/deepsurv_simple_baseline.pt
C-index TRAIN: 0.7875
C-index TEST:  0.7931
  [surv] Saved → survival_predictions/tabicl/OrmoniTirodei/-1/seed42/fold2/deepsurv_simple.pkl
  [ckpt] Loading RSF baseline from checkpoints/tabicl/OrmoniTirodei/-1/seed42/fold2/rsf_baseline.pkl
C-index train: 0.9091
C-index test:  0.8083
  [surv] Saved → survival_predictions/tabicl/OrmoniTirodei/-1/seed42/fold2/rsf.pkl
  [ckpt] Loading Cox baseline from checkpoints/tabicl/OrmoniTirodei/-1/seed42/fold2/tabicl_cox.pkl
C-index train: 0.7979
C-index test:  0.8054
  [surv] Saved → survival_predictions/tabicl/OrmoniTirodei/-1/seed42/fold2/cox.pkl
X_train shape: (5162, 76), X_test shape: (1290, 76)
Generating TABICL Embeddings...
Warming up TabICL model (triggering checkpoint load)...
ARRIVATO QUI 1
Loading TabICL model checkpoint 'tabicl-classifier-v1.1-0506.ckpt'...
ARRIVATO QUI
Performing dummy prediction to ensure model is loaded...
Warming up TabICL model (triggering checkpoint load)...
ARRIVATO QUI 1
Loading TabICL model checkpoint 'tabicl-classifier-v1.1-0506.ckpt'...
ARRIVATO QUI
Performing dummy prediction to ensure model is loaded...
Successfully generated embeddings with shape: (5162, 512)
  [ckpt] Loading DeepSurv Simple from checkpoints/tabicl/OrmoniTirodei/-1/seed42/fold3/tabicl_deepsurv_simple.pt
C-index TRAIN: 0.9248
C-index TEST:  0.7318
  [surv] Saved → survival_predictions/tabicl/OrmoniTirodei/-1/seed42/fold3/tabicl_deepsurv_simple.pkl
  [ckpt] Loading DeepSurv Vanilla from checkpoints/tabicl/OrmoniTirodei/-1/seed42/fold3/tabicl_deepsurv_vanilla.pt
C-index TRAIN: 0.9171
C-index TEST:  0.7487
  [surv] Saved → survival_predictions/tabicl/OrmoniTirodei/-1/seed42/fold3/tabicl_deepsurv_vanilla.pkl
  [ckpt] Loading TABICL RSF from checkpoints/tabicl/OrmoniTirodei/-1/seed42/fold3/tabicl_rsf.pkl
C-index train: 0.9632
C-index test:  0.7273
  [surv] Saved → survival_predictions/tabicl/OrmoniTirodei/-1/seed42/fold3/tabicl_rsf.pkl
  [ckpt] Loading TABICL Cox (embedding) from checkpoints/tabicl/OrmoniTirodei/-1/seed42/fold3/tabicl_tab_cox.pkl
C-index train: 0.9262
C-index test:  0.7391
  [surv] Saved → survival_predictions/tabicl/OrmoniTirodei/-1/seed42/fold3/tabicl_cox.pkl
  [ckpt] Loading DeepSurv Vanilla baseline from checkpoints/tabicl/OrmoniTirodei/-1/seed42/fold3/deepsurv_vanilla_baseline.pt
C-index TRAIN: 0.8084
C-index TEST:  0.7811
  [surv] Saved → survival_predictions/tabicl/OrmoniTirodei/-1/seed42/fold3/deepsurv_vanilla.pkl
  [ckpt] Loading DeepSurv Simple baseline from checkpoints/tabicl/OrmoniTirodei/-1/seed42/fold3/deepsurv_simple_baseline.pt
C-index TRAIN: 0.7871
C-index TEST:  0.7658
  [surv] Saved → survival_predictions/tabicl/OrmoniTirodei/-1/seed42/fold3/deepsurv_simple.pkl
  [ckpt] Loading RSF baseline from checkpoints/tabicl/OrmoniTirodei/-1/seed42/fold3/rsf_baseline.pkl
C-index train: 0.9086
C-index test:  0.7865
  [surv] Saved → survival_predictions/tabicl/OrmoniTirodei/-1/seed42/fold3/rsf.pkl
  [ckpt] Loading Cox baseline from checkpoints/tabicl/OrmoniTirodei/-1/seed42/fold3/tabicl_cox.pkl
C-index train: 0.8041
C-index test:  0.7835
  [surv] Saved → survival_predictions/tabicl/OrmoniTirodei/-1/seed42/fold3/cox.pkl
X_train shape: (5162, 76), X_test shape: (1290, 76)
Generating TABICL Embeddings...
Warming up TabICL model (triggering checkpoint load)...
ARRIVATO QUI 1
Loading TabICL model checkpoint 'tabicl-classifier-v1.1-0506.ckpt'...
ARRIVATO QUI
Performing dummy prediction to ensure model is loaded...
Warming up TabICL model (triggering checkpoint load)...
ARRIVATO QUI 1
Loading TabICL model checkpoint 'tabicl-classifier-v1.1-0506.ckpt'...
ARRIVATO QUI
Performing dummy prediction to ensure model is loaded...
Successfully generated embeddings with shape: (5162, 512)
  [ckpt] Loading DeepSurv Simple from checkpoints/tabicl/OrmoniTirodei/-1/seed42/fold4/tabicl_deepsurv_simple.pt
C-index TRAIN: 0.9252
C-index TEST:  0.7420
  [surv] Saved → survival_predictions/tabicl/OrmoniTirodei/-1/seed42/fold4/tabicl_deepsurv_simple.pkl
  [ckpt] Loading DeepSurv Vanilla from checkpoints/tabicl/OrmoniTirodei/-1/seed42/fold4/tabicl_deepsurv_vanilla.pt
C-index TRAIN: 0.9218
C-index TEST:  0.7379
  [surv] Saved → survival_predictions/tabicl/OrmoniTirodei/-1/seed42/fold4/tabicl_deepsurv_vanilla.pkl
  [ckpt] Loading TABICL RSF from checkpoints/tabicl/OrmoniTirodei/-1/seed42/fold4/tabicl_rsf.pkl
C-index train: 0.9622
C-index test:  0.7297
  [surv] Saved → survival_predictions/tabicl/OrmoniTirodei/-1/seed42/fold4/tabicl_rsf.pkl
  [ckpt] Loading TABICL Cox (embedding) from checkpoints/tabicl/OrmoniTirodei/-1/seed42/fold4/tabicl_tab_cox.pkl
C-index train: 0.9267
C-index test:  0.7494
  [surv] Saved → survival_predictions/tabicl/OrmoniTirodei/-1/seed42/fold4/tabicl_cox.pkl
  [ckpt] Loading DeepSurv Vanilla baseline from checkpoints/tabicl/OrmoniTirodei/-1/seed42/fold4/deepsurv_vanilla_baseline.pt
C-index TRAIN: 0.8042
C-index TEST:  0.7930
  [surv] Saved → survival_predictions/tabicl/OrmoniTirodei/-1/seed42/fold4/deepsurv_vanilla.pkl
  [ckpt] Loading DeepSurv Simple baseline from checkpoints/tabicl/OrmoniTirodei/-1/seed42/fold4/deepsurv_simple_baseline.pt
C-index TRAIN: 0.7970
C-index TEST:  0.7852
  [surv] Saved → survival_predictions/tabicl/OrmoniTirodei/-1/seed42/fold4/deepsurv_simple.pkl
  [ckpt] Loading RSF baseline from checkpoints/tabicl/OrmoniTirodei/-1/seed42/fold4/rsf_baseline.pkl
C-index train: 0.9077
C-index test:  0.7910
  [surv] Saved → survival_predictions/tabicl/OrmoniTirodei/-1/seed42/fold4/rsf.pkl
  [ckpt] Loading Cox baseline from checkpoints/tabicl/OrmoniTirodei/-1/seed42/fold4/tabicl_cox.pkl
C-index train: 0.8013
C-index test:  0.7894
  [surv] Saved → survival_predictions/tabicl/OrmoniTirodei/-1/seed42/fold4/cox.pkl
X_train shape: (5162, 76), X_test shape: (1290, 76)
Generating TABICL Embeddings...
Warming up TabICL model (triggering checkpoint load)...
ARRIVATO QUI 1
Loading TabICL model checkpoint 'tabicl-classifier-v1.1-0506.ckpt'...
ARRIVATO QUI
Performing dummy prediction to ensure model is loaded...
Warming up TabICL model (triggering checkpoint load)...
ARRIVATO QUI 1
Loading TabICL model checkpoint 'tabicl-classifier-v1.1-0506.ckpt'...
ARRIVATO QUI
Performing dummy prediction to ensure model is loaded...
Successfully generated embeddings with shape: (5162, 512)
  [ckpt] Loading DeepSurv Simple from checkpoints/tabicl/OrmoniTirodei/-1/seed42/fold5/tabicl_deepsurv_simple.pt
C-index TRAIN: 0.9244
C-index TEST:  0.7458
  [surv] Saved → survival_predictions/tabicl/OrmoniTirodei/-1/seed42/fold5/tabicl_deepsurv_simple.pkl
  [ckpt] Loading DeepSurv Vanilla from checkpoints/tabicl/OrmoniTirodei/-1/seed42/fold5/tabicl_deepsurv_vanilla.pt
C-index TRAIN: 0.9114
C-index TEST:  0.7552
  [surv] Saved → survival_predictions/tabicl/OrmoniTirodei/-1/seed42/fold5/tabicl_deepsurv_vanilla.pkl
  [ckpt] Loading TABICL RSF from checkpoints/tabicl/OrmoniTirodei/-1/seed42/fold5/tabicl_rsf.pkl
C-index train: 0.9641
C-index test:  0.7425
  [surv] Saved → survival_predictions/tabicl/OrmoniTirodei/-1/seed42/fold5/tabicl_rsf.pkl
  [ckpt] Loading TABICL Cox (embedding) from checkpoints/tabicl/OrmoniTirodei/-1/seed42/fold5/tabicl_tab_cox.pkl
C-index train: 0.9257
C-index test:  0.7496
  [surv] Saved → survival_predictions/tabicl/OrmoniTirodei/-1/seed42/fold5/tabicl_cox.pkl
  [ckpt] Loading DeepSurv Vanilla baseline from checkpoints/tabicl/OrmoniTirodei/-1/seed42/fold5/deepsurv_vanilla_baseline.pt
C-index TRAIN: 0.8072
C-index TEST:  0.7935
  [surv] Saved → survival_predictions/tabicl/OrmoniTirodei/-1/seed42/fold5/deepsurv_vanilla.pkl
  [ckpt] Loading DeepSurv Simple baseline from checkpoints/tabicl/OrmoniTirodei/-1/seed42/fold5/deepsurv_simple_baseline.pt
C-index TRAIN: 0.7868
C-index TEST:  0.7841
  [surv] Saved → survival_predictions/tabicl/OrmoniTirodei/-1/seed42/fold5/deepsurv_simple.pkl
  [ckpt] Loading RSF baseline from checkpoints/tabicl/OrmoniTirodei/-1/seed42/fold5/rsf_baseline.pkl
C-index train: 0.9083
C-index test:  0.7933
  [surv] Saved → survival_predictions/tabicl/OrmoniTirodei/-1/seed42/fold5/rsf.pkl
  [ckpt] Loading Cox baseline from checkpoints/tabicl/OrmoniTirodei/-1/seed42/fold5/tabicl_cox.pkl
C-index train: 0.7999
C-index test:  0.7937
  [surv] Saved → survival_predictions/tabicl/OrmoniTirodei/-1/seed42/fold5/cox.pkl


Preprocess: Keep NaN
Loading existing folds from tmp/splits/OrmoniTirodei_seed42.pkl
X_train shape: (5161, 76), X_test shape: (1291, 76)
Generating TABICL Embeddings...
Warming up TabICL model (triggering checkpoint load)...
ARRIVATO QUI 1
Loading TabICL model checkpoint 'tabicl-classifier-v1.1-0506.ckpt'...
ARRIVATO QUI
Performing dummy prediction to ensure model is loaded...
Warming up TabICL model (triggering checkpoint load)...
ARRIVATO QUI 1
Loading TabICL model checkpoint 'tabicl-classifier-v1.1-0506.ckpt'...
ARRIVATO QUI
Performing dummy prediction to ensure model is loaded...
Successfully generated embeddings with shape: (5161, 512)
  [ckpt] Loading DeepSurv Simple from checkpoints/tabicl/OrmoniTirodei/NaN/seed42/fold1/tabicl_deepsurv_simple.pt
C-index TRAIN: 0.9193
C-index TEST:  0.7224
  [surv] Saved → survival_predictions/tabicl/OrmoniTirodei/NaN/seed42/fold1/tabicl_deepsurv_simple.pkl
  [ckpt] Loading DeepSurv Vanilla from checkpoints/tabicl/OrmoniTirodei/NaN/seed42/fold1/tabicl_deepsurv_vanilla.pt
C-index TRAIN: 0.9193
C-index TEST:  0.7476
  [surv] Saved → survival_predictions/tabicl/OrmoniTirodei/NaN/seed42/fold1/tabicl_deepsurv_vanilla.pkl
  [ckpt] Loading TABICL RSF from checkpoints/tabicl/OrmoniTirodei/NaN/seed42/fold1/tabicl_rsf.pkl
C-index train: 0.9628
C-index test:  0.7406
  [surv] Saved → survival_predictions/tabicl/OrmoniTirodei/NaN/seed42/fold1/tabicl_rsf.pkl
  [ckpt] Loading TABICL Cox (embedding) from checkpoints/tabicl/OrmoniTirodei/NaN/seed42/fold1/tabicl_tab_cox.pkl
C-index train: 0.9277
C-index test:  0.7446
  [surv] Saved → survival_predictions/tabicl/OrmoniTirodei/NaN/seed42/fold1/tabicl_cox.pkl
X_train shape: (5161, 76), X_test shape: (1291, 76)
Generating TABICL Embeddings...
Warming up TabICL model (triggering checkpoint load)...
ARRIVATO QUI 1
Loading TabICL model checkpoint 'tabicl-classifier-v1.1-0506.ckpt'...
ARRIVATO QUI
Performing dummy prediction to ensure model is loaded...
Warming up TabICL model (triggering checkpoint load)...
ARRIVATO QUI 1
Loading TabICL model checkpoint 'tabicl-classifier-v1.1-0506.ckpt'...
ARRIVATO QUI
Performing dummy prediction to ensure model is loaded...
Successfully generated embeddings with shape: (5161, 512)
  [ckpt] Loading DeepSurv Simple from checkpoints/tabicl/OrmoniTirodei/NaN/seed42/fold2/tabicl_deepsurv_simple.pt
C-index TRAIN: 0.9248
C-index TEST:  0.7600
  [surv] Saved → survival_predictions/tabicl/OrmoniTirodei/NaN/seed42/fold2/tabicl_deepsurv_simple.pkl
  [ckpt] Loading DeepSurv Vanilla from checkpoints/tabicl/OrmoniTirodei/NaN/seed42/fold2/tabicl_deepsurv_vanilla.pt
C-index TRAIN: 0.9183
C-index TEST:  0.7610
  [surv] Saved → survival_predictions/tabicl/OrmoniTirodei/NaN/seed42/fold2/tabicl_deepsurv_vanilla.pkl
  [ckpt] Loading TABICL RSF from checkpoints/tabicl/OrmoniTirodei/NaN/seed42/fold2/tabicl_rsf.pkl
C-index train: 0.9638
C-index test:  0.7699
  [surv] Saved → survival_predictions/tabicl/OrmoniTirodei/NaN/seed42/fold2/tabicl_rsf.pkl
  [ckpt] Loading TABICL Cox (embedding) from checkpoints/tabicl/OrmoniTirodei/NaN/seed42/fold2/tabicl_tab_cox.pkl
C-index train: 0.9256
C-index test:  0.7608
  [surv] Saved → survival_predictions/tabicl/OrmoniTirodei/NaN/seed42/fold2/tabicl_cox.pkl
X_train shape: (5162, 76), X_test shape: (1290, 76)
Generating TABICL Embeddings...
Warming up TabICL model (triggering checkpoint load)...
ARRIVATO QUI 1
Loading TabICL model checkpoint 'tabicl-classifier-v1.1-0506.ckpt'...
ARRIVATO QUI
Performing dummy prediction to ensure model is loaded...
Warming up TabICL model (triggering checkpoint load)...
ARRIVATO QUI 1
Loading TabICL model checkpoint 'tabicl-classifier-v1.1-0506.ckpt'...
ARRIVATO QUI
Performing dummy prediction to ensure model is loaded...
Successfully generated embeddings with shape: (5162, 512)
  [ckpt] Loading DeepSurv Simple from checkpoints/tabicl/OrmoniTirodei/NaN/seed42/fold3/tabicl_deepsurv_simple.pt
C-index TRAIN: 0.9220
C-index TEST:  0.7184
  [surv] Saved → survival_predictions/tabicl/OrmoniTirodei/NaN/seed42/fold3/tabicl_deepsurv_simple.pkl
  [ckpt] Loading DeepSurv Vanilla from checkpoints/tabicl/OrmoniTirodei/NaN/seed42/fold3/tabicl_deepsurv_vanilla.pt
C-index TRAIN: 0.9161
C-index TEST:  0.7416
  [surv] Saved → survival_predictions/tabicl/OrmoniTirodei/NaN/seed42/fold3/tabicl_deepsurv_vanilla.pkl
  [ckpt] Loading TABICL RSF from checkpoints/tabicl/OrmoniTirodei/NaN/seed42/fold3/tabicl_rsf.pkl
C-index train: 0.9605
C-index test:  0.7282
  [surv] Saved → survival_predictions/tabicl/OrmoniTirodei/NaN/seed42/fold3/tabicl_rsf.pkl
  [ckpt] Loading TABICL Cox (embedding) from checkpoints/tabicl/OrmoniTirodei/NaN/seed42/fold3/tabicl_tab_cox.pkl
C-index train: 0.9244
C-index test:  0.7295
  [surv] Saved → survival_predictions/tabicl/OrmoniTirodei/NaN/seed42/fold3/tabicl_cox.pkl
X_train shape: (5162, 76), X_test shape: (1290, 76)
Generating TABICL Embeddings...
Warming up TabICL model (triggering checkpoint load)...
ARRIVATO QUI 1
Loading TabICL model checkpoint 'tabicl-classifier-v1.1-0506.ckpt'...
ARRIVATO QUI
Performing dummy prediction to ensure model is loaded...
Warming up TabICL model (triggering checkpoint load)...
ARRIVATO QUI 1
Loading TabICL model checkpoint 'tabicl-classifier-v1.1-0506.ckpt'...
ARRIVATO QUI
Performing dummy prediction to ensure model is loaded...
Successfully generated embeddings with shape: (5162, 512)
  [ckpt] Loading DeepSurv Simple from checkpoints/tabicl/OrmoniTirodei/NaN/seed42/fold4/tabicl_deepsurv_simple.pt
C-index TRAIN: 0.9223
C-index TEST:  0.7364
  [surv] Saved → survival_predictions/tabicl/OrmoniTirodei/NaN/seed42/fold4/tabicl_deepsurv_simple.pkl
  [ckpt] Loading DeepSurv Vanilla from checkpoints/tabicl/OrmoniTirodei/NaN/seed42/fold4/tabicl_deepsurv_vanilla.pt
C-index TRAIN: 0.9201
C-index TEST:  0.7422
  [surv] Saved → survival_predictions/tabicl/OrmoniTirodei/NaN/seed42/fold4/tabicl_deepsurv_vanilla.pkl
  [ckpt] Loading TABICL RSF from checkpoints/tabicl/OrmoniTirodei/NaN/seed42/fold4/tabicl_rsf.pkl
C-index train: 0.9607
C-index test:  0.7406
  [surv] Saved → survival_predictions/tabicl/OrmoniTirodei/NaN/seed42/fold4/tabicl_rsf.pkl
  [ckpt] Loading TABICL Cox (embedding) from checkpoints/tabicl/OrmoniTirodei/NaN/seed42/fold4/tabicl_tab_cox.pkl
C-index train: 0.9249
C-index test:  0.7423
  [surv] Saved → survival_predictions/tabicl/OrmoniTirodei/NaN/seed42/fold4/tabicl_cox.pkl
X_train shape: (5162, 76), X_test shape: (1290, 76)
Generating TABICL Embeddings...
Warming up TabICL model (triggering checkpoint load)...
ARRIVATO QUI 1
Loading TabICL model checkpoint 'tabicl-classifier-v1.1-0506.ckpt'...
ARRIVATO QUI
Performing dummy prediction to ensure model is loaded...
Warming up TabICL model (triggering checkpoint load)...
ARRIVATO QUI 1
Loading TabICL model checkpoint 'tabicl-classifier-v1.1-0506.ckpt'...
ARRIVATO QUI
Performing dummy prediction to ensure model is loaded...
Successfully generated embeddings with shape: (5162, 512)
  [ckpt] Loading DeepSurv Simple from checkpoints/tabicl/OrmoniTirodei/NaN/seed42/fold5/tabicl_deepsurv_simple.pt
C-index TRAIN: 0.9238
C-index TEST:  0.7317
  [surv] Saved → survival_predictions/tabicl/OrmoniTirodei/NaN/seed42/fold5/tabicl_deepsurv_simple.pkl
  [ckpt] Loading DeepSurv Vanilla from checkpoints/tabicl/OrmoniTirodei/NaN/seed42/fold5/tabicl_deepsurv_vanilla.pt
C-index TRAIN: 0.9143
C-index TEST:  0.7665
  [surv] Saved → survival_predictions/tabicl/OrmoniTirodei/NaN/seed42/fold5/tabicl_deepsurv_vanilla.pkl
  [ckpt] Loading TABICL RSF from checkpoints/tabicl/OrmoniTirodei/NaN/seed42/fold5/tabicl_rsf.pkl
C-index train: 0.9623
C-index test:  0.7496
  [surv] Saved → survival_predictions/tabicl/OrmoniTirodei/NaN/seed42/fold5/tabicl_rsf.pkl
  [ckpt] Loading TABICL Cox (embedding) from checkpoints/tabicl/OrmoniTirodei/NaN/seed42/fold5/tabicl_tab_cox.pkl
C-index train: 0.9233
C-index test:  0.7534
  [surv] Saved → survival_predictions/tabicl/OrmoniTirodei/NaN/seed42/fold5/tabicl_cox.pkl

  Preprocess: -1 | Seed: 42
  TABICL Train Vanilla → mean: 0.918626 | std: 0.004299 | min: 0.911415 | max: 0.923905
  TABICL Test Vanilla → mean: 0.749931 | std: 0.014468 | min: 0.733442 | max: 0.774419
  TABICL Train Simple → mean: 0.925504 | std: 0.001139 | min: 0.924388 | max: 0.927671
  TABICL Test Simple → mean: 0.736233 | std: 0.016024 | min: 0.707527 | max: 0.754009
  TABICL Train RSF → mean: 0.963731 | std: 0.000968 | min: 0.962248 | max: 0.965148
  TABICL Test RSF → mean: 0.739172 | std: 0.010736 | min: 0.727323 | max: 0.757474
  TABICL Train Cox → mean: 0.927282 | std: 0.001419 | min: 0.925667 | max: 0.929423
  TABICL Test Cox → mean: 0.744828 | std: 0.007007 | min: 0.734027 | max: 0.752066
  Train DeepSurv Vanilla → mean: 0.806400 | std: 0.002247 | min: 0.803300 | max: 0.808894
  Test DeepSurv Vanilla → mean: 0.790014 | std: 0.005736 | min: 0.781132 | max: 0.796745
  Train DeepSurv Simple → mean: 0.788384 | std: 0.004558 | min: 0.783485 | max: 0.797042
  Test DeepSurv Simple → mean: 0.781121 | std: 0.009116 | min: 0.765843 | max: 0.793072
  Train RSF  → mean: 0.908356 | std: 0.000484 | min: 0.907708 | max: 0.909131
  Test RSF   → mean: 0.793611 | std: 0.007696 | min: 0.786462 | max: 0.808318
  Train Cox  → mean: 0.800750 | std: 0.002026 | min: 0.797857 | max: 0.804083
  Test Cox   → mean: 0.792607 | std: 0.007239 | min: 0.783452 | max: 0.805430

  Preprocess: NaN | Seed: 42
  TABICL Train Vanilla → mean: 0.917625 | std: 0.002111 | min: 0.914319 | max: 0.920058
  TABICL Test Vanilla → mean: 0.751767 | std: 0.010170 | min: 0.741573 | max: 0.766538
  TABICL Train Simple → mean: 0.922439 | std: 0.001895 | min: 0.919253 | max: 0.924846
  TABICL Test Simple → mean: 0.733769 | std: 0.014607 | min: 0.718354 | max: 0.760008
  TABICL Train RSF → mean: 0.962018 | std: 0.001267 | min: 0.960471 | max: 0.963838
  TABICL Test RSF → mean: 0.745777 | std: 0.013842 | min: 0.728157 | max: 0.769852
  TABICL Train Cox → mean: 0.925172 | std: 0.001453 | min: 0.923280 | max: 0.927655
  TABICL Test Cox → mean: 0.746109 | std: 0.010580 | min: 0.729519 | max: 0.760759
Result saved in 'results/OrmoniTirodei/tabicl/results_cv_OrmoniTirodei_tabicl_seed42.txt'


Preprocess: Replace NaN with -1
Loading existing folds from tmp/splits/HURRAH_seed42.pkl
X_train shape: (13566, 61), X_test shape: (3392, 61)
Generating TABICL Embeddings...
Warming up TabICL model (triggering checkpoint load)...
ARRIVATO QUI 1
Loading TabICL model checkpoint 'tabicl-classifier-v1.1-0506.ckpt'...
ARRIVATO QUI
Performing dummy prediction to ensure model is loaded...
Warming up TabICL model (triggering checkpoint load)...
ARRIVATO QUI 1
Loading TabICL model checkpoint 'tabicl-classifier-v1.1-0506.ckpt'...
ARRIVATO QUI
Performing dummy prediction to ensure model is loaded...
Successfully generated embeddings with shape: (13566, 512)
  [ckpt] Loading DeepSurv Simple from checkpoints/tabicl/HURRAH/-1/seed42/fold1/tabicl_deepsurv_simple.pt
C-index TRAIN: 0.9468
C-index TEST:  0.7779
  [surv] Saved → survival_predictions/tabicl/HURRAH/-1/seed42/fold1/tabicl_deepsurv_simple.pkl
  [ckpt] Loading DeepSurv Vanilla from checkpoints/tabicl/HURRAH/-1/seed42/fold1/tabicl_deepsurv_vanilla.pt
C-index TRAIN: 0.9503
C-index TEST:  0.7656
  [surv] Saved → survival_predictions/tabicl/HURRAH/-1/seed42/fold1/tabicl_deepsurv_vanilla.pkl
  [ckpt] Loading TABICL RSF from checkpoints/tabicl/HURRAH/-1/seed42/fold1/tabicl_rsf.pkl
C-index train: 0.9563
C-index test:  0.7329
  [surv] Saved → survival_predictions/tabicl/HURRAH/-1/seed42/fold1/tabicl_rsf.pkl
  [ckpt] Loading TABICL Cox (embedding) from checkpoints/tabicl/HURRAH/-1/seed42/fold1/tabicl_tab_cox.pkl
C-index train: 0.9493
C-index test:  0.7311
  [surv] Saved → survival_predictions/tabicl/HURRAH/-1/seed42/fold1/tabicl_cox.pkl
  [ckpt] Loading DeepSurv Vanilla baseline from checkpoints/tabicl/HURRAH/-1/seed42/fold1/deepsurv_vanilla_baseline.pt
C-index TRAIN: 0.4548
C-index TEST:  0.4494
  [surv] Saved → survival_predictions/tabicl/HURRAH/-1/seed42/fold1/deepsurv_vanilla.pkl
  [ckpt] Loading DeepSurv Simple baseline from checkpoints/tabicl/HURRAH/-1/seed42/fold1/deepsurv_simple_baseline.pt
C-index TRAIN: 0.4606
C-index TEST:  0.4596
  [surv] Saved → survival_predictions/tabicl/HURRAH/-1/seed42/fold1/deepsurv_simple.pkl
  [ckpt] Loading RSF baseline from checkpoints/tabicl/HURRAH/-1/seed42/fold1/rsf_baseline.pkl
C-index train: 0.5331
C-index test:  0.5470
  [surv] Saved → survival_predictions/tabicl/HURRAH/-1/seed42/fold1/rsf.pkl
  [ckpt] Loading Cox baseline from checkpoints/tabicl/HURRAH/-1/seed42/fold1/tabicl_cox.pkl
C-index train: 0.6512
C-index test:  0.6506
  [surv] Saved → survival_predictions/tabicl/HURRAH/-1/seed42/fold1/cox.pkl
X_train shape: (13566, 61), X_test shape: (3392, 61)
Generating TABICL Embeddings...
Warming up TabICL model (triggering checkpoint load)...
ARRIVATO QUI 1
Loading TabICL model checkpoint 'tabicl-classifier-v1.1-0506.ckpt'...
ARRIVATO QUI
Performing dummy prediction to ensure model is loaded...
Warming up TabICL model (triggering checkpoint load)...
ARRIVATO QUI 1
Loading TabICL model checkpoint 'tabicl-classifier-v1.1-0506.ckpt'...
ARRIVATO QUI
Performing dummy prediction to ensure model is loaded...
Successfully generated embeddings with shape: (13566, 512)
  [ckpt] Loading DeepSurv Simple from checkpoints/tabicl/HURRAH/-1/seed42/fold2/tabicl_deepsurv_simple.pt
C-index TRAIN: 0.9485
C-index TEST:  0.7806
  [surv] Saved → survival_predictions/tabicl/HURRAH/-1/seed42/fold2/tabicl_deepsurv_simple.pkl
  [ckpt] Loading DeepSurv Vanilla from checkpoints/tabicl/HURRAH/-1/seed42/fold2/tabicl_deepsurv_vanilla.pt
C-index TRAIN: 0.9505
C-index TEST:  0.8019
  [surv] Saved → survival_predictions/tabicl/HURRAH/-1/seed42/fold2/tabicl_deepsurv_vanilla.pkl
  [ckpt] Loading TABICL RSF from checkpoints/tabicl/HURRAH/-1/seed42/fold2/tabicl_rsf.pkl
C-index train: 0.9558
C-index test:  0.7228
  [surv] Saved → survival_predictions/tabicl/HURRAH/-1/seed42/fold2/tabicl_rsf.pkl
  [ckpt] Loading TABICL Cox (embedding) from checkpoints/tabicl/HURRAH/-1/seed42/fold2/tabicl_tab_cox.pkl
C-index train: 0.9486
C-index test:  0.7582
  [surv] Saved → survival_predictions/tabicl/HURRAH/-1/seed42/fold2/tabicl_cox.pkl
  [ckpt] Loading DeepSurv Vanilla baseline from checkpoints/tabicl/HURRAH/-1/seed42/fold2/deepsurv_vanilla_baseline.pt
C-index TRAIN: 0.5020
C-index TEST:  0.5015
  [surv] Saved → survival_predictions/tabicl/HURRAH/-1/seed42/fold2/deepsurv_vanilla.pkl
  [ckpt] Loading DeepSurv Simple baseline from checkpoints/tabicl/HURRAH/-1/seed42/fold2/deepsurv_simple_baseline.pt
C-index TRAIN: 0.4336
C-index TEST:  0.4337
  [surv] Saved → survival_predictions/tabicl/HURRAH/-1/seed42/fold2/deepsurv_simple.pkl
  [ckpt] Loading RSF baseline from checkpoints/tabicl/HURRAH/-1/seed42/fold2/rsf_baseline.pkl
C-index train: 0.5613
C-index test:  0.5884
  [surv] Saved → survival_predictions/tabicl/HURRAH/-1/seed42/fold2/rsf.pkl
  [ckpt] Loading Cox baseline from checkpoints/tabicl/HURRAH/-1/seed42/fold2/tabicl_cox.pkl
C-index train: 0.6597
C-index test:  0.6584
  [surv] Saved → survival_predictions/tabicl/HURRAH/-1/seed42/fold2/cox.pkl
X_train shape: (13566, 61), X_test shape: (3392, 61)
Generating TABICL Embeddings...
Warming up TabICL model (triggering checkpoint load)...
ARRIVATO QUI 1
Loading TabICL model checkpoint 'tabicl-classifier-v1.1-0506.ckpt'...
ARRIVATO QUI
Performing dummy prediction to ensure model is loaded...
Warming up TabICL model (triggering checkpoint load)...
ARRIVATO QUI 1
Loading TabICL model checkpoint 'tabicl-classifier-v1.1-0506.ckpt'...
ARRIVATO QUI
Performing dummy prediction to ensure model is loaded...
Successfully generated embeddings with shape: (13566, 512)
  [ckpt] Loading DeepSurv Simple from checkpoints/tabicl/HURRAH/-1/seed42/fold3/tabicl_deepsurv_simple.pt
C-index TRAIN: 0.9496
C-index TEST:  0.7807
  [surv] Saved → survival_predictions/tabicl/HURRAH/-1/seed42/fold3/tabicl_deepsurv_simple.pkl
  [ckpt] Loading DeepSurv Vanilla from checkpoints/tabicl/HURRAH/-1/seed42/fold3/tabicl_deepsurv_vanilla.pt
C-index TRAIN: 0.9511
C-index TEST:  0.7872
  [surv] Saved → survival_predictions/tabicl/HURRAH/-1/seed42/fold3/tabicl_deepsurv_vanilla.pkl
  [ckpt] Loading TABICL RSF from checkpoints/tabicl/HURRAH/-1/seed42/fold3/tabicl_rsf.pkl
C-index train: 0.9553
C-index test:  0.7280
  [surv] Saved → survival_predictions/tabicl/HURRAH/-1/seed42/fold3/tabicl_rsf.pkl
  [ckpt] Loading TABICL Cox (embedding) from checkpoints/tabicl/HURRAH/-1/seed42/fold3/tabicl_tab_cox.pkl
C-index train: 0.9490
C-index test:  0.7545
  [surv] Saved → survival_predictions/tabicl/HURRAH/-1/seed42/fold3/tabicl_cox.pkl
  [ckpt] Loading DeepSurv Vanilla baseline from checkpoints/tabicl/HURRAH/-1/seed42/fold3/deepsurv_vanilla_baseline.pt
C-index TRAIN: 0.5009
C-index TEST:  0.5011
  [surv] Saved → survival_predictions/tabicl/HURRAH/-1/seed42/fold3/deepsurv_vanilla.pkl
  [ckpt] Loading DeepSurv Simple baseline from checkpoints/tabicl/HURRAH/-1/seed42/fold3/deepsurv_simple_baseline.pt
C-index TRAIN: 0.4285
C-index TEST:  0.4070
  [surv] Saved → survival_predictions/tabicl/HURRAH/-1/seed42/fold3/deepsurv_simple.pkl
  [ckpt] Loading RSF baseline from checkpoints/tabicl/HURRAH/-1/seed42/fold3/rsf_baseline.pkl
C-index train: 0.6480
C-index test:  0.6257
  [surv] Saved → survival_predictions/tabicl/HURRAH/-1/seed42/fold3/rsf.pkl
  [ckpt] Loading Cox baseline from checkpoints/tabicl/HURRAH/-1/seed42/fold3/tabicl_cox.pkl
C-index train: 0.6675
C-index test:  0.6697
  [surv] Saved → survival_predictions/tabicl/HURRAH/-1/seed42/fold3/cox.pkl
X_train shape: (13567, 61), X_test shape: (3391, 61)
Generating TABICL Embeddings...
Warming up TabICL model (triggering checkpoint load)...
ARRIVATO QUI 1
Loading TabICL model checkpoint 'tabicl-classifier-v1.1-0506.ckpt'...
ARRIVATO QUI
Performing dummy prediction to ensure model is loaded...
Warming up TabICL model (triggering checkpoint load)...
ARRIVATO QUI 1
Loading TabICL model checkpoint 'tabicl-classifier-v1.1-0506.ckpt'...
ARRIVATO QUI
Performing dummy prediction to ensure model is loaded...
Successfully generated embeddings with shape: (13567, 512)
  [ckpt] Loading DeepSurv Simple from checkpoints/tabicl/HURRAH/-1/seed42/fold4/tabicl_deepsurv_simple.pt
C-index TRAIN: 0.9464
C-index TEST:  0.8013
  [surv] Saved → survival_predictions/tabicl/HURRAH/-1/seed42/fold4/tabicl_deepsurv_simple.pkl
  [ckpt] Loading DeepSurv Vanilla from checkpoints/tabicl/HURRAH/-1/seed42/fold4/tabicl_deepsurv_vanilla.pt
C-index TRAIN: 0.9480
C-index TEST:  0.7745
  [surv] Saved → survival_predictions/tabicl/HURRAH/-1/seed42/fold4/tabicl_deepsurv_vanilla.pkl
  [ckpt] Loading TABICL RSF from checkpoints/tabicl/HURRAH/-1/seed42/fold4/tabicl_rsf.pkl
C-index train: 0.9570
C-index test:  0.7032
  [surv] Saved → survival_predictions/tabicl/HURRAH/-1/seed42/fold4/tabicl_rsf.pkl
  [ckpt] Loading TABICL Cox (embedding) from checkpoints/tabicl/HURRAH/-1/seed42/fold4/tabicl_tab_cox.pkl
C-index train: 0.9472
C-index test:  0.7626
  [surv] Saved → survival_predictions/tabicl/HURRAH/-1/seed42/fold4/tabicl_cox.pkl
  [ckpt] Loading DeepSurv Vanilla baseline from checkpoints/tabicl/HURRAH/-1/seed42/fold4/deepsurv_vanilla_baseline.pt
C-index TRAIN: 0.4874
C-index TEST:  0.4804
  [surv] Saved → survival_predictions/tabicl/HURRAH/-1/seed42/fold4/deepsurv_vanilla.pkl
  [ckpt] Loading DeepSurv Simple baseline from checkpoints/tabicl/HURRAH/-1/seed42/fold4/deepsurv_simple_baseline.pt
C-index TRAIN: 0.4598
C-index TEST:  0.4839
  [surv] Saved → survival_predictions/tabicl/HURRAH/-1/seed42/fold4/deepsurv_simple.pkl
  [ckpt] Loading RSF baseline from checkpoints/tabicl/HURRAH/-1/seed42/fold4/rsf_baseline.pkl
C-index train: 0.6242
C-index test:  0.6330
  [surv] Saved → survival_predictions/tabicl/HURRAH/-1/seed42/fold4/rsf.pkl
  [ckpt] Loading Cox baseline from checkpoints/tabicl/HURRAH/-1/seed42/fold4/tabicl_cox.pkl
C-index train: 0.7222
C-index test:  0.7153
  [surv] Saved → survival_predictions/tabicl/HURRAH/-1/seed42/fold4/cox.pkl
X_train shape: (13567, 61), X_test shape: (3391, 61)
Generating TABICL Embeddings...
Warming up TabICL model (triggering checkpoint load)...
ARRIVATO QUI 1
Loading TabICL model checkpoint 'tabicl-classifier-v1.1-0506.ckpt'...
ARRIVATO QUI
Performing dummy prediction to ensure model is loaded...
Warming up TabICL model (triggering checkpoint load)...
ARRIVATO QUI 1
Loading TabICL model checkpoint 'tabicl-classifier-v1.1-0506.ckpt'...
ARRIVATO QUI
Performing dummy prediction to ensure model is loaded...
Successfully generated embeddings with shape: (13567, 512)
  [ckpt] Loading DeepSurv Simple from checkpoints/tabicl/HURRAH/-1/seed42/fold5/tabicl_deepsurv_simple.pt
C-index TRAIN: 0.9481
C-index TEST:  0.7758
  [surv] Saved → survival_predictions/tabicl/HURRAH/-1/seed42/fold5/tabicl_deepsurv_simple.pkl
  [ckpt] Loading DeepSurv Vanilla from checkpoints/tabicl/HURRAH/-1/seed42/fold5/tabicl_deepsurv_vanilla.pt
C-index TRAIN: 0.9510
C-index TEST:  0.7571
  [surv] Saved → survival_predictions/tabicl/HURRAH/-1/seed42/fold5/tabicl_deepsurv_vanilla.pkl
  [ckpt] Loading TABICL RSF from checkpoints/tabicl/HURRAH/-1/seed42/fold5/tabicl_rsf.pkl
C-index train: 0.9540
C-index test:  0.7074
  [surv] Saved → survival_predictions/tabicl/HURRAH/-1/seed42/fold5/tabicl_rsf.pkl
  [ckpt] Loading TABICL Cox (embedding) from checkpoints/tabicl/HURRAH/-1/seed42/fold5/tabicl_tab_cox.pkl
C-index train: 0.9499
C-index test:  0.7351
  [surv] Saved → survival_predictions/tabicl/HURRAH/-1/seed42/fold5/tabicl_cox.pkl
  [ckpt] Loading DeepSurv Vanilla baseline from checkpoints/tabicl/HURRAH/-1/seed42/fold5/deepsurv_vanilla_baseline.pt
C-index TRAIN: 0.3513
C-index TEST:  0.3407
  [surv] Saved → survival_predictions/tabicl/HURRAH/-1/seed42/fold5/deepsurv_vanilla.pkl
  [ckpt] Loading DeepSurv Simple baseline from checkpoints/tabicl/HURRAH/-1/seed42/fold5/deepsurv_simple_baseline.pt
C-index TRAIN: 0.4644
C-index TEST:  0.4614
  [surv] Saved → survival_predictions/tabicl/HURRAH/-1/seed42/fold5/deepsurv_simple.pkl
  [ckpt] Loading RSF baseline from checkpoints/tabicl/HURRAH/-1/seed42/fold5/rsf_baseline.pkl
C-index train: 0.6305
C-index test:  0.6056
  [surv] Saved → survival_predictions/tabicl/HURRAH/-1/seed42/fold5/rsf.pkl
  [ckpt] Loading Cox baseline from checkpoints/tabicl/HURRAH/-1/seed42/fold5/tabicl_cox.pkl
C-index train: 0.5843
C-index test:  0.5882
  [surv] Saved → survival_predictions/tabicl/HURRAH/-1/seed42/fold5/cox.pkl


Preprocess: Keep NaN
Loading existing folds from tmp/splits/HURRAH_seed42.pkl
X_train shape: (13566, 61), X_test shape: (3392, 61)
Generating TABICL Embeddings...
Warming up TabICL model (triggering checkpoint load)...
ARRIVATO QUI 1
Loading TabICL model checkpoint 'tabicl-classifier-v1.1-0506.ckpt'...
ARRIVATO QUI
Performing dummy prediction to ensure model is loaded...
Warming up TabICL model (triggering checkpoint load)...
ARRIVATO QUI 1
Loading TabICL model checkpoint 'tabicl-classifier-v1.1-0506.ckpt'...
ARRIVATO QUI
Performing dummy prediction to ensure model is loaded...
Successfully generated embeddings with shape: (13566, 512)
  [ckpt] Loading DeepSurv Simple from checkpoints/tabicl/HURRAH/NaN/seed42/fold1/tabicl_deepsurv_simple.pt
C-index TRAIN: 0.9455
C-index TEST:  0.7803
  [surv] Saved → survival_predictions/tabicl/HURRAH/NaN/seed42/fold1/tabicl_deepsurv_simple.pkl
  [ckpt] Loading DeepSurv Vanilla from checkpoints/tabicl/HURRAH/NaN/seed42/fold1/tabicl_deepsurv_vanilla.pt
C-index TRAIN: 0.9461
C-index TEST:  0.7511
  [surv] Saved → survival_predictions/tabicl/HURRAH/NaN/seed42/fold1/tabicl_deepsurv_vanilla.pkl
  [ckpt] Loading TABICL RSF from checkpoints/tabicl/HURRAH/NaN/seed42/fold1/tabicl_rsf.pkl
C-index train: 0.9560
C-index test:  0.7141
  [surv] Saved → survival_predictions/tabicl/HURRAH/NaN/seed42/fold1/tabicl_rsf.pkl
  [ckpt] Loading TABICL Cox (embedding) from checkpoints/tabicl/HURRAH/NaN/seed42/fold1/tabicl_tab_cox.pkl
C-index train: 0.9501
C-index test:  0.6769
  [surv] Saved → survival_predictions/tabicl/HURRAH/NaN/seed42/fold1/tabicl_cox.pkl
X_train shape: (13566, 61), X_test shape: (3392, 61)
Generating TABICL Embeddings...
Warming up TabICL model (triggering checkpoint load)...
ARRIVATO QUI 1
Loading TabICL model checkpoint 'tabicl-classifier-v1.1-0506.ckpt'...
ARRIVATO QUI
Performing dummy prediction to ensure model is loaded...
Warming up TabICL model (triggering checkpoint load)...
ARRIVATO QUI 1
Loading TabICL model checkpoint 'tabicl-classifier-v1.1-0506.ckpt'...
ARRIVATO QUI
Performing dummy prediction to ensure model is loaded...
Successfully generated embeddings with shape: (13566, 512)
  [ckpt] Loading DeepSurv Simple from checkpoints/tabicl/HURRAH/NaN/seed42/fold2/tabicl_deepsurv_simple.pt
C-index TRAIN: 0.9499
C-index TEST:  0.7196
  [surv] Saved → survival_predictions/tabicl/HURRAH/NaN/seed42/fold2/tabicl_deepsurv_simple.pkl
  [ckpt] Loading DeepSurv Vanilla from checkpoints/tabicl/HURRAH/NaN/seed42/fold2/tabicl_deepsurv_vanilla.pt
C-index TRAIN: 0.9484
C-index TEST:  0.6753
  [surv] Saved → survival_predictions/tabicl/HURRAH/NaN/seed42/fold2/tabicl_deepsurv_vanilla.pkl
  [ckpt] Loading TABICL RSF from checkpoints/tabicl/HURRAH/NaN/seed42/fold2/tabicl_rsf.pkl
C-index train: 0.9570
C-index test:  0.7061
  [surv] Saved → survival_predictions/tabicl/HURRAH/NaN/seed42/fold2/tabicl_rsf.pkl
  [ckpt] Loading TABICL Cox (embedding) from checkpoints/tabicl/HURRAH/NaN/seed42/fold2/tabicl_tab_cox.pkl
C-index train: 0.9499
C-index test:  0.7119
  [surv] Saved → survival_predictions/tabicl/HURRAH/NaN/seed42/fold2/tabicl_cox.pkl
X_train shape: (13566, 61), X_test shape: (3392, 61)
Generating TABICL Embeddings...
Warming up TabICL model (triggering checkpoint load)...
ARRIVATO QUI 1
Loading TabICL model checkpoint 'tabicl-classifier-v1.1-0506.ckpt'...
ARRIVATO QUI
Performing dummy prediction to ensure model is loaded...
Warming up TabICL model (triggering checkpoint load)...
ARRIVATO QUI 1
Loading TabICL model checkpoint 'tabicl-classifier-v1.1-0506.ckpt'...
ARRIVATO QUI
Performing dummy prediction to ensure model is loaded...
Successfully generated embeddings with shape: (13566, 512)
  [ckpt] Loading DeepSurv Simple from checkpoints/tabicl/HURRAH/NaN/seed42/fold3/tabicl_deepsurv_simple.pt
C-index TRAIN: 0.9475
C-index TEST:  0.7620
  [surv] Saved → survival_predictions/tabicl/HURRAH/NaN/seed42/fold3/tabicl_deepsurv_simple.pkl
  [ckpt] Loading DeepSurv Vanilla from checkpoints/tabicl/HURRAH/NaN/seed42/fold3/tabicl_deepsurv_vanilla.pt
C-index TRAIN: 0.9477
C-index TEST:  0.7151
  [surv] Saved → survival_predictions/tabicl/HURRAH/NaN/seed42/fold3/tabicl_deepsurv_vanilla.pkl
  [ckpt] Loading TABICL RSF from checkpoints/tabicl/HURRAH/NaN/seed42/fold3/tabicl_rsf.pkl
C-index train: 0.9551
C-index test:  0.7045
  [surv] Saved → survival_predictions/tabicl/HURRAH/NaN/seed42/fold3/tabicl_rsf.pkl
  [ckpt] Loading TABICL Cox (embedding) from checkpoints/tabicl/HURRAH/NaN/seed42/fold3/tabicl_tab_cox.pkl
C-index train: 0.9488
C-index test:  0.7415
  [surv] Saved → survival_predictions/tabicl/HURRAH/NaN/seed42/fold3/tabicl_cox.pkl
X_train shape: (13567, 61), X_test shape: (3391, 61)
Generating TABICL Embeddings...
Warming up TabICL model (triggering checkpoint load)...
ARRIVATO QUI 1
Loading TabICL model checkpoint 'tabicl-classifier-v1.1-0506.ckpt'...
ARRIVATO QUI
Performing dummy prediction to ensure model is loaded...
Warming up TabICL model (triggering checkpoint load)...
ARRIVATO QUI 1
Loading TabICL model checkpoint 'tabicl-classifier-v1.1-0506.ckpt'...
ARRIVATO QUI
Performing dummy prediction to ensure model is loaded...
Successfully generated embeddings with shape: (13567, 512)
  [ckpt] Loading DeepSurv Simple from checkpoints/tabicl/HURRAH/NaN/seed42/fold4/tabicl_deepsurv_simple.pt
C-index TRAIN: 0.9456
C-index TEST:  0.6611
  [surv] Saved → survival_predictions/tabicl/HURRAH/NaN/seed42/fold4/tabicl_deepsurv_simple.pkl
  [ckpt] Loading DeepSurv Vanilla from checkpoints/tabicl/HURRAH/NaN/seed42/fold4/tabicl_deepsurv_vanilla.pt
C-index TRAIN: 0.9465
C-index TEST:  0.7292
  [surv] Saved → survival_predictions/tabicl/HURRAH/NaN/seed42/fold4/tabicl_deepsurv_vanilla.pkl
  [ckpt] Loading TABICL RSF from checkpoints/tabicl/HURRAH/NaN/seed42/fold4/tabicl_rsf.pkl
C-index train: 0.9561
C-index test:  0.6991
  [surv] Saved → survival_predictions/tabicl/HURRAH/NaN/seed42/fold4/tabicl_rsf.pkl
  [ckpt] Loading TABICL Cox (embedding) from checkpoints/tabicl/HURRAH/NaN/seed42/fold4/tabicl_tab_cox.pkl
C-index train: 0.9490
C-index test:  0.7214
  [surv] Saved → survival_predictions/tabicl/HURRAH/NaN/seed42/fold4/tabicl_cox.pkl
X_train shape: (13567, 61), X_test shape: (3391, 61)
Generating TABICL Embeddings...
Warming up TabICL model (triggering checkpoint load)...
ARRIVATO QUI 1
Loading TabICL model checkpoint 'tabicl-classifier-v1.1-0506.ckpt'...
ARRIVATO QUI
Performing dummy prediction to ensure model is loaded...
Warming up TabICL model (triggering checkpoint load)...
ARRIVATO QUI 1
Loading TabICL model checkpoint 'tabicl-classifier-v1.1-0506.ckpt'...
ARRIVATO QUI
Performing dummy prediction to ensure model is loaded...
Successfully generated embeddings with shape: (13567, 512)
  [ckpt] Loading DeepSurv Simple from checkpoints/tabicl/HURRAH/NaN/seed42/fold5/tabicl_deepsurv_simple.pt
C-index TRAIN: 0.9447
C-index TEST:  0.7401
  [surv] Saved → survival_predictions/tabicl/HURRAH/NaN/seed42/fold5/tabicl_deepsurv_simple.pkl
  [ckpt] Loading DeepSurv Vanilla from checkpoints/tabicl/HURRAH/NaN/seed42/fold5/tabicl_deepsurv_vanilla.pt
C-index TRAIN: 0.9534
C-index TEST:  0.7008
  [surv] Saved → survival_predictions/tabicl/HURRAH/NaN/seed42/fold5/tabicl_deepsurv_vanilla.pkl
  [ckpt] Loading TABICL RSF from checkpoints/tabicl/HURRAH/NaN/seed42/fold5/tabicl_rsf.pkl
C-index train: 0.9563
C-index test:  0.7068
  [surv] Saved → survival_predictions/tabicl/HURRAH/NaN/seed42/fold5/tabicl_rsf.pkl
  [ckpt] Loading TABICL Cox (embedding) from checkpoints/tabicl/HURRAH/NaN/seed42/fold5/tabicl_tab_cox.pkl
C-index train: 0.9521
C-index test:  0.6858
  [surv] Saved → survival_predictions/tabicl/HURRAH/NaN/seed42/fold5/tabicl_cox.pkl

  Preprocess: -1 | Seed: 42
  TABICL Train Vanilla → mean: 0.950178 | std: 0.001130 | min: 0.947994 | max: 0.951107
  TABICL Test Vanilla → mean: 0.777279 | std: 0.015840 | min: 0.757144 | max: 0.801913
  TABICL Train Simple → mean: 0.947899 | std: 0.001166 | min: 0.946392 | max: 0.949635
  TABICL Test Simple → mean: 0.783257 | std: 0.009226 | min: 0.775795 | max: 0.801341
  TABICL Train RSF → mean: 0.955683 | std: 0.001020 | min: 0.953994 | max: 0.957037
  TABICL Test RSF → mean: 0.718843 | std: 0.011618 | min: 0.703158 | max: 0.732915
  TABICL Train Cox → mean: 0.948792 | std: 0.000894 | min: 0.947224 | max: 0.949872
  TABICL Test Cox → mean: 0.748288 | std: 0.012733 | min: 0.731053 | max: 0.762568
  Train DeepSurv Vanilla → mean: 0.459268 | std: 0.056607 | min: 0.351317 | max: 0.501953
  Test DeepSurv Vanilla → mean: 0.454607 | std: 0.060039 | min: 0.340684 | max: 0.501464
  Train DeepSurv Simple → mean: 0.449365 | std: 0.015140 | min: 0.428460 | max: 0.464401
  Test DeepSurv Simple → mean: 0.449108 | std: 0.026400 | min: 0.406971 | max: 0.483937
  Train RSF  → mean: 0.599403 | std: 0.044227 | min: 0.533099 | max: 0.647963
  Test RSF   → mean: 0.599936 | std: 0.030749 | min: 0.546997 | max: 0.633001
  Train Cox  → mean: 0.656994 | std: 0.044020 | min: 0.584325 | max: 0.722245
  Test Cox   → mean: 0.656428 | std: 0.040843 | min: 0.588169 | max: 0.715300

  Preprocess: NaN | Seed: 42
  TABICL Train Vanilla → mean: 0.948409 | std: 0.002613 | min: 0.946055 | max: 0.953355
  TABICL Test Vanilla → mean: 0.714306 | std: 0.025641 | min: 0.675251 | max: 0.751133
  TABICL Train Simple → mean: 0.946650 | std: 0.001866 | min: 0.944732 | max: 0.949896
  TABICL Test Simple → mean: 0.732640 | std: 0.041192 | min: 0.661089 | max: 0.780338
  TABICL Train RSF → mean: 0.956113 | std: 0.000620 | min: 0.955120 | max: 0.957045
  TABICL Test RSF → mean: 0.706107 | std: 0.004841 | min: 0.699060 | max: 0.714124
  TABICL Train Cox → mean: 0.949997 | std: 0.001197 | min: 0.948777 | max: 0.952147
  TABICL Test Cox → mean: 0.707485 | std: 0.023550 | min: 0.676936 | max: 0.741487
Result saved in 'results/HURRAH/tabicl/results_cv_HURRAH_tabicl_seed42.txt'
