ENV CHECKPOINT PATH: 
DEFAULT PATH: /scratch.hpc/luca.cotugno/Foundation_model_clinical_data/src/models_diff/tabdpt1_1.pth
ENV CHECKPOINT PATH: 
DEFAULT PATH: /scratch.hpc/luca.cotugno/Foundation_model_clinical_data/src/models_diff/tabdpt1_1.pth
ENV CHECKPOINT PATH: 
DEFAULT PATH: /scratch.hpc/luca.cotugno/Foundation_model_clinical_data/src/models_diff/tabdpt1_1.pth
ENV CHECKPOINT PATH: 
DEFAULT PATH: /scratch.hpc/luca.cotugno/Foundation_model_clinical_data/src/models_diff/tabdpt1_1.pth
ENV CHECKPOINT PATH: 
DEFAULT PATH: /scratch.hpc/luca.cotugno/Foundation_model_clinical_data/src/models_diff/tabdpt1_1.pth
ENV CHECKPOINT PATH: 
DEFAULT PATH: /scratch.hpc/luca.cotugno/Foundation_model_clinical_data/src/models_diff/tabdpt1_1.pth
/scratch.hpc/luca.cotugno/Foundation_model_clinical_data/.venv/lib/python3.12/site-packages/pycox/models/cox.py:251: RuntimeWarning: overflow encountered in exp
  expg = np.exp(self.predict(input, batch_size, True, eval_, num_workers=num_workers)).reshape(1, -1)
ENV CHECKPOINT PATH: 
DEFAULT PATH: /scratch.hpc/luca.cotugno/Foundation_model_clinical_data/src/models_diff/tabdpt1_1.pth
ENV CHECKPOINT PATH: 
DEFAULT PATH: /scratch.hpc/luca.cotugno/Foundation_model_clinical_data/src/models_diff/tabdpt1_1.pth
ENV CHECKPOINT PATH: 
DEFAULT PATH: /scratch.hpc/luca.cotugno/Foundation_model_clinical_data/src/models_diff/tabdpt1_1.pth
ENV CHECKPOINT PATH: 
DEFAULT PATH: /scratch.hpc/luca.cotugno/Foundation_model_clinical_data/src/models_diff/tabdpt1_1.pth
ENV CHECKPOINT PATH: 
DEFAULT PATH: /scratch.hpc/luca.cotugno/Foundation_model_clinical_data/src/models_diff/tabdpt1_1.pth
ENV CHECKPOINT PATH: 
DEFAULT PATH: /scratch.hpc/luca.cotugno/Foundation_model_clinical_data/src/models_diff/tabdpt1_1.pth
ENV CHECKPOINT PATH: 
DEFAULT PATH: /scratch.hpc/luca.cotugno/Foundation_model_clinical_data/src/models_diff/tabdpt1_1.pth
ENV CHECKPOINT PATH: 
DEFAULT PATH: /scratch.hpc/luca.cotugno/Foundation_model_clinical_data/src/models_diff/tabdpt1_1.pth
ENV CHECKPOINT PATH: 
DEFAULT PATH: /scratch.hpc/luca.cotugno/Foundation_model_clinical_data/src/models_diff/tabdpt1_1.pth
ENV CHECKPOINT PATH: 
DEFAULT PATH: /scratch.hpc/luca.cotugno/Foundation_model_clinical_data/src/models_diff/tabdpt1_1.pth
ENV CHECKPOINT PATH: 
DEFAULT PATH: /scratch.hpc/luca.cotugno/Foundation_model_clinical_data/src/models_diff/tabdpt1_1.pth
ENV CHECKPOINT PATH: 
DEFAULT PATH: /scratch.hpc/luca.cotugno/Foundation_model_clinical_data/src/models_diff/tabdpt1_1.pth
ENV CHECKPOINT PATH: 
DEFAULT PATH: /scratch.hpc/luca.cotugno/Foundation_model_clinical_data/src/models_diff/tabdpt1_1.pth
ENV CHECKPOINT PATH: 
DEFAULT PATH: /scratch.hpc/luca.cotugno/Foundation_model_clinical_data/src/models_diff/tabdpt1_1.pth
ENV CHECKPOINT PATH: 
DEFAULT PATH: /scratch.hpc/luca.cotugno/Foundation_model_clinical_data/src/models_diff/tabdpt1_1.pth
ENV CHECKPOINT PATH: 
DEFAULT PATH: /scratch.hpc/luca.cotugno/Foundation_model_clinical_data/src/models_diff/tabdpt1_1.pth
ENV CHECKPOINT PATH: 
DEFAULT PATH: /scratch.hpc/luca.cotugno/Foundation_model_clinical_data/src/models_diff/tabdpt1_1.pth
ENV CHECKPOINT PATH: 
DEFAULT PATH: /scratch.hpc/luca.cotugno/Foundation_model_clinical_data/src/models_diff/tabdpt1_1.pth
ENV CHECKPOINT PATH: 
DEFAULT PATH: /scratch.hpc/luca.cotugno/Foundation_model_clinical_data/src/models_diff/tabdpt1_1.pth
ENV CHECKPOINT PATH: 
DEFAULT PATH: /scratch.hpc/luca.cotugno/Foundation_model_clinical_data/src/models_diff/tabdpt1_1.pth
/scratch.hpc/luca.cotugno/Foundation_model_clinical_data/.venv/lib/python3.12/site-packages/pycox/models/cox.py:251: RuntimeWarning: overflow encountered in exp
  expg = np.exp(self.predict(input, batch_size, True, eval_, num_workers=num_workers)).reshape(1, -1)
/scratch.hpc/luca.cotugno/Foundation_model_clinical_data/.venv/lib/python3.12/site-packages/pycox/models/cox.py:252: RuntimeWarning: invalid value encountered in dot
  return pd.DataFrame(bch.values.reshape(-1, 1).dot(expg),
ENV CHECKPOINT PATH: 
DEFAULT PATH: /scratch.hpc/luca.cotugno/Foundation_model_clinical_data/src/models_diff/tabdpt1_1.pth
ENV CHECKPOINT PATH: 
DEFAULT PATH: /scratch.hpc/luca.cotugno/Foundation_model_clinical_data/src/models_diff/tabdpt1_1.pth
ENV CHECKPOINT PATH: 
DEFAULT PATH: /scratch.hpc/luca.cotugno/Foundation_model_clinical_data/src/models_diff/tabdpt1_1.pth
ENV CHECKPOINT PATH: 
DEFAULT PATH: /scratch.hpc/luca.cotugno/Foundation_model_clinical_data/src/models_diff/tabdpt1_1.pth
/scratch.hpc/luca.cotugno/Foundation_model_clinical_data/.venv/lib/python3.12/site-packages/pycox/models/cox.py:251: RuntimeWarning: overflow encountered in exp
  expg = np.exp(self.predict(input, batch_size, True, eval_, num_workers=num_workers)).reshape(1, -1)
ENV CHECKPOINT PATH: 
DEFAULT PATH: /scratch.hpc/luca.cotugno/Foundation_model_clinical_data/src/models_diff/tabdpt1_1.pth
ENV CHECKPOINT PATH: 
DEFAULT PATH: /scratch.hpc/luca.cotugno/Foundation_model_clinical_data/src/models_diff/tabdpt1_1.pth
ENV CHECKPOINT PATH: 
DEFAULT PATH: /scratch.hpc/luca.cotugno/Foundation_model_clinical_data/src/models_diff/tabdpt1_1.pth
ENV CHECKPOINT PATH: 
DEFAULT PATH: /scratch.hpc/luca.cotugno/Foundation_model_clinical_data/src/models_diff/tabdpt1_1.pth
ENV CHECKPOINT PATH: 
DEFAULT PATH: /scratch.hpc/luca.cotugno/Foundation_model_clinical_data/src/models_diff/tabdpt1_1.pth
ENV CHECKPOINT PATH: 
DEFAULT PATH: /scratch.hpc/luca.cotugno/Foundation_model_clinical_data/src/models_diff/tabdpt1_1.pth
ENV CHECKPOINT PATH: 
DEFAULT PATH: /scratch.hpc/luca.cotugno/Foundation_model_clinical_data/src/models_diff/tabdpt1_1.pth
ENV CHECKPOINT PATH: 
DEFAULT PATH: /scratch.hpc/luca.cotugno/Foundation_model_clinical_data/src/models_diff/tabdpt1_1.pth
ENV CHECKPOINT PATH: 
DEFAULT PATH: /scratch.hpc/luca.cotugno/Foundation_model_clinical_data/src/models_diff/tabdpt1_1.pth
ENV CHECKPOINT PATH: 
DEFAULT PATH: /scratch.hpc/luca.cotugno/Foundation_model_clinical_data/src/models_diff/tabdpt1_1.pth
STARTED  model=tabdpt  seed=456  tuning=True  shap=False


Preprocess: Replace NaN with -1
Loading existing folds from tmp/splits/OrmoniTirodei_seed456.pkl
X_train shape: (5161, 76), X_test shape: (1291, 76)
Generating TABDPT Embeddings...
<class 'dict'>
Loaded TabDPTModel from checkpoint.
<class 'dict'>
Loaded TabDPTModel from checkpoint.
Successfully generated embeddings with shape: (5161, 768)
  [ckpt] Loading TABDPT DeepSurv Tuned from checkpoints/tabdpt/OrmoniTirodei/-1/seed456/fold1
C-index train: 0.8007
C-index test:  0.7775
  [ckpt] Loading TABDPT RSF Tuned from checkpoints/tabdpt/OrmoniTirodei/-1/seed456/fold1
C-index train: 0.9102
C-index test:  0.7546
  [ckpt] Loading DeepSurv Simple from checkpoints/tabdpt/OrmoniTirodei/-1/seed456/fold1/tabdpt_deepsurv_simple.pt
C-index TRAIN: 0.7539
C-index TEST:  0.7531
  [ckpt] Loading DeepSurv Vanilla from checkpoints/tabdpt/OrmoniTirodei/-1/seed456/fold1/tabdpt_deepsurv_vanilla.pt
C-index TRAIN: 0.7940
C-index TEST:  0.7737
  [ckpt] Loading TABDPT RSF from checkpoints/tabdpt/OrmoniTirodei/-1/seed456/fold1/tabdpt_rsf.pkl
C-index train: 0.9203
C-index test:  0.7616
  [ckpt] Loading TABDPT Cox (embedding) from checkpoints/tabdpt/OrmoniTirodei/-1/seed456/fold1/tabdpt_tab_cox.pkl
C-index train: 0.8150
C-index test:  0.7735
  [ckpt] Loading DeepSurv Vanilla baseline from checkpoints/tabdpt/OrmoniTirodei/-1/seed456/fold1/deepsurv_vanilla_baseline.pt
C-index TRAIN: 0.8038
C-index TEST:  0.7881
  [ckpt] Loading DeepSurv Simple baseline from checkpoints/tabdpt/OrmoniTirodei/-1/seed456/fold1/deepsurv_simple_baseline.pt
C-index TRAIN: 0.7961
C-index TEST:  0.7809
  [ckpt] Loading RSF baseline from checkpoints/tabdpt/OrmoniTirodei/-1/seed456/fold1/rsf_baseline.pkl
C-index train: 0.9014
C-index test:  0.7914
  [ckpt] Loading Cox baseline from checkpoints/tabdpt/OrmoniTirodei/-1/seed456/fold1/tabdpt_cox.pkl
C-index train: 0.8023
C-index test:  0.7859
  [ckpt] Loading DeepSurv Tuned baseline from checkpoints/tabdpt/OrmoniTirodei/-1/seed456/fold1
C-index train: 0.8034
C-index test:  0.7903
  [ckpt] Loading RSF Tuned baseline from checkpoints/tabdpt/OrmoniTirodei/-1/seed456/fold1
C-index train: 0.8975
C-index test:  0.7926
X_train shape: (5161, 76), X_test shape: (1291, 76)
Generating TABDPT Embeddings...
<class 'dict'>
Loaded TabDPTModel from checkpoint.
<class 'dict'>
Loaded TabDPTModel from checkpoint.
Successfully generated embeddings with shape: (5161, 768)
  [ckpt] Loading TABDPT DeepSurv Tuned from checkpoints/tabdpt/OrmoniTirodei/-1/seed456/fold2
C-index train: 0.8075
C-index test:  0.7806
  [ckpt] Loading TABDPT RSF Tuned from checkpoints/tabdpt/OrmoniTirodei/-1/seed456/fold2
C-index train: 0.8985
C-index test:  0.7592
  [ckpt] Loading DeepSurv Simple from checkpoints/tabdpt/OrmoniTirodei/-1/seed456/fold2/tabdpt_deepsurv_simple.pt
C-index TRAIN: 0.8026
C-index TEST:  0.7507
  [ckpt] Loading DeepSurv Vanilla from checkpoints/tabdpt/OrmoniTirodei/-1/seed456/fold2/tabdpt_deepsurv_vanilla.pt
C-index TRAIN: 0.8219
C-index TEST:  0.7613
  [ckpt] Loading TABDPT RSF from checkpoints/tabdpt/OrmoniTirodei/-1/seed456/fold2/tabdpt_rsf.pkl
C-index train: 0.9179
C-index test:  0.7549
  [ckpt] Loading TABDPT Cox (embedding) from checkpoints/tabdpt/OrmoniTirodei/-1/seed456/fold2/tabdpt_tab_cox.pkl
C-index train: 0.8128
C-index test:  0.7666
  [ckpt] Loading DeepSurv Vanilla baseline from checkpoints/tabdpt/OrmoniTirodei/-1/seed456/fold2/deepsurv_vanilla_baseline.pt
C-index TRAIN: 0.8139
C-index TEST:  0.7792
  [ckpt] Loading DeepSurv Simple baseline from checkpoints/tabdpt/OrmoniTirodei/-1/seed456/fold2/deepsurv_simple_baseline.pt
C-index TRAIN: 0.7876
C-index TEST:  0.7669
  [ckpt] Loading RSF baseline from checkpoints/tabdpt/OrmoniTirodei/-1/seed456/fold2/rsf_baseline.pkl
C-index train: 0.9012
C-index test:  0.7832
  [ckpt] Loading Cox baseline from checkpoints/tabdpt/OrmoniTirodei/-1/seed456/fold2/tabdpt_cox.pkl
C-index train: 0.8021
C-index test:  0.7868
  [ckpt] Loading DeepSurv Tuned baseline from checkpoints/tabdpt/OrmoniTirodei/-1/seed456/fold2
C-index train: 0.8079
C-index test:  0.7786
  [ckpt] Loading RSF Tuned baseline from checkpoints/tabdpt/OrmoniTirodei/-1/seed456/fold2
C-index train: 0.9033
C-index test:  0.7839
X_train shape: (5162, 76), X_test shape: (1290, 76)
Generating TABDPT Embeddings...
<class 'dict'>
Loaded TabDPTModel from checkpoint.
<class 'dict'>
Loaded TabDPTModel from checkpoint.
Successfully generated embeddings with shape: (5162, 768)
  [ckpt] Loading TABDPT DeepSurv Tuned from checkpoints/tabdpt/OrmoniTirodei/-1/seed456/fold3
C-index train: 0.8120
C-index test:  0.7631
  [ckpt] Loading TABDPT RSF Tuned from checkpoints/tabdpt/OrmoniTirodei/-1/seed456/fold3
C-index train: 0.9080
C-index test:  0.7560
  [ckpt] Loading DeepSurv Simple from checkpoints/tabdpt/OrmoniTirodei/-1/seed456/fold3/tabdpt_deepsurv_simple.pt
C-index TRAIN: 0.8118
C-index TEST:  0.7185
  [ckpt] Loading DeepSurv Vanilla from checkpoints/tabdpt/OrmoniTirodei/-1/seed456/fold3/tabdpt_deepsurv_vanilla.pt
C-index TRAIN: 0.8289
C-index TEST:  0.7603
  [ckpt] Loading TABDPT RSF from checkpoints/tabdpt/OrmoniTirodei/-1/seed456/fold3/tabdpt_rsf.pkl
C-index train: 0.9186
C-index test:  0.7530
  [ckpt] Loading TABDPT Cox (embedding) from checkpoints/tabdpt/OrmoniTirodei/-1/seed456/fold3/tabdpt_tab_cox.pkl
C-index train: 0.8169
C-index test:  0.7564
  [ckpt] Loading DeepSurv Vanilla baseline from checkpoints/tabdpt/OrmoniTirodei/-1/seed456/fold3/deepsurv_vanilla_baseline.pt
C-index TRAIN: 0.8079
C-index TEST:  0.7699
  [ckpt] Loading DeepSurv Simple baseline from checkpoints/tabdpt/OrmoniTirodei/-1/seed456/fold3/deepsurv_simple_baseline.pt
C-index TRAIN: 0.7856
C-index TEST:  0.7632
  [ckpt] Loading RSF baseline from checkpoints/tabdpt/OrmoniTirodei/-1/seed456/fold3/rsf_baseline.pkl
C-index train: 0.9024
C-index test:  0.7854
  [ckpt] Loading Cox baseline from checkpoints/tabdpt/OrmoniTirodei/-1/seed456/fold3/tabdpt_cox.pkl
C-index train: 0.8041
C-index test:  0.7757
  [ckpt] Loading DeepSurv Tuned baseline from checkpoints/tabdpt/OrmoniTirodei/-1/seed456/fold3
C-index train: 0.8016
C-index test:  0.7674
  [ckpt] Loading RSF Tuned baseline from checkpoints/tabdpt/OrmoniTirodei/-1/seed456/fold3
C-index train: 0.8921
C-index test:  0.7862
X_train shape: (5162, 76), X_test shape: (1290, 76)
Generating TABDPT Embeddings...
<class 'dict'>
Loaded TabDPTModel from checkpoint.
<class 'dict'>
Loaded TabDPTModel from checkpoint.
Successfully generated embeddings with shape: (5162, 768)
  [ckpt] Loading TABDPT DeepSurv Tuned from checkpoints/tabdpt/OrmoniTirodei/-1/seed456/fold4
C-index train: 0.8023
C-index test:  0.7819
  [ckpt] Loading TABDPT RSF Tuned from checkpoints/tabdpt/OrmoniTirodei/-1/seed456/fold4
C-index train: 0.8845
C-index test:  0.7813
  [ckpt] Loading DeepSurv Simple from checkpoints/tabdpt/OrmoniTirodei/-1/seed456/fold4/tabdpt_deepsurv_simple.pt
C-index TRAIN: 0.7963
C-index TEST:  0.7745
  [ckpt] Loading DeepSurv Vanilla from checkpoints/tabdpt/OrmoniTirodei/-1/seed456/fold4/tabdpt_deepsurv_vanilla.pt
C-index TRAIN: 0.8019
C-index TEST:  0.7767
  [ckpt] Loading TABDPT RSF from checkpoints/tabdpt/OrmoniTirodei/-1/seed456/fold4/tabdpt_rsf.pkl
C-index train: 0.9179
C-index test:  0.7803
  [ckpt] Loading TABDPT Cox (embedding) from checkpoints/tabdpt/OrmoniTirodei/-1/seed456/fold4/tabdpt_tab_cox.pkl
C-index train: 0.8128
C-index test:  0.7826
  [ckpt] Loading DeepSurv Vanilla baseline from checkpoints/tabdpt/OrmoniTirodei/-1/seed456/fold4/deepsurv_vanilla_baseline.pt
C-index TRAIN: 0.8000
C-index TEST:  0.8087
  [ckpt] Loading DeepSurv Simple baseline from checkpoints/tabdpt/OrmoniTirodei/-1/seed456/fold4/deepsurv_simple_baseline.pt
C-index TRAIN: 0.7773
C-index TEST:  0.7865
  [ckpt] Loading RSF baseline from checkpoints/tabdpt/OrmoniTirodei/-1/seed456/fold4/rsf_baseline.pkl
C-index train: 0.9004
C-index test:  0.8153
  [ckpt] Loading Cox baseline from checkpoints/tabdpt/OrmoniTirodei/-1/seed456/fold4/tabdpt_cox.pkl
C-index train: 0.7969
C-index test:  0.8108
  [ckpt] Loading DeepSurv Tuned baseline from checkpoints/tabdpt/OrmoniTirodei/-1/seed456/fold4
C-index train: 0.7842
C-index test:  0.8025
  [ckpt] Loading RSF Tuned baseline from checkpoints/tabdpt/OrmoniTirodei/-1/seed456/fold4
C-index train: 0.9006
C-index test:  0.8142
X_train shape: (5162, 76), X_test shape: (1290, 76)
Generating TABDPT Embeddings...
<class 'dict'>
Loaded TabDPTModel from checkpoint.
<class 'dict'>
Loaded TabDPTModel from checkpoint.
Successfully generated embeddings with shape: (5162, 768)
  [ckpt] Loading TABDPT DeepSurv Tuned from checkpoints/tabdpt/OrmoniTirodei/-1/seed456/fold5
C-index train: 0.8133
C-index test:  0.7975
  [ckpt] Loading TABDPT RSF Tuned from checkpoints/tabdpt/OrmoniTirodei/-1/seed456/fold5
C-index train: 0.9198
C-index test:  0.7842
  [ckpt] Loading DeepSurv Simple from checkpoints/tabdpt/OrmoniTirodei/-1/seed456/fold5/tabdpt_deepsurv_simple.pt
C-index TRAIN: 0.7943
C-index TEST:  0.7834
  [ckpt] Loading DeepSurv Vanilla from checkpoints/tabdpt/OrmoniTirodei/-1/seed456/fold5/tabdpt_deepsurv_vanilla.pt
C-index TRAIN: 0.8098
C-index TEST:  0.7984
  [ckpt] Loading TABDPT RSF from checkpoints/tabdpt/OrmoniTirodei/-1/seed456/fold5/tabdpt_rsf.pkl
C-index train: 0.9208
C-index test:  0.7835
  [ckpt] Loading TABDPT Cox (embedding) from checkpoints/tabdpt/OrmoniTirodei/-1/seed456/fold5/tabdpt_tab_cox.pkl
C-index train: 0.8103
C-index test:  0.7949
  [ckpt] Loading DeepSurv Vanilla baseline from checkpoints/tabdpt/OrmoniTirodei/-1/seed456/fold5/deepsurv_vanilla_baseline.pt
C-index TRAIN: 0.8069
C-index TEST:  0.8066
  [ckpt] Loading DeepSurv Simple baseline from checkpoints/tabdpt/OrmoniTirodei/-1/seed456/fold5/deepsurv_simple_baseline.pt
C-index TRAIN: 0.7921
C-index TEST:  0.8048
  [ckpt] Loading RSF baseline from checkpoints/tabdpt/OrmoniTirodei/-1/seed456/fold5/rsf_baseline.pkl
C-index train: 0.9010
C-index test:  0.8037
  [ckpt] Loading Cox baseline from checkpoints/tabdpt/OrmoniTirodei/-1/seed456/fold5/tabdpt_cox.pkl
C-index train: 0.7976
C-index test:  0.8083
  [ckpt] Loading DeepSurv Tuned baseline from checkpoints/tabdpt/OrmoniTirodei/-1/seed456/fold5
C-index train: 0.8000
C-index test:  0.8041
  [ckpt] Loading RSF Tuned baseline from checkpoints/tabdpt/OrmoniTirodei/-1/seed456/fold5
C-index train: 0.9049
C-index test:  0.8026


Preprocess: Keep NaN
Loading existing folds from tmp/splits/OrmoniTirodei_seed456.pkl
X_train shape: (5161, 76), X_test shape: (1291, 76)
Generating TABDPT Embeddings...
<class 'dict'>
Loaded TabDPTModel from checkpoint.
<class 'dict'>
Loaded TabDPTModel from checkpoint.
Successfully generated embeddings with shape: (5161, 768)
  [ckpt] Loading TABDPT DeepSurv Tuned from checkpoints/tabdpt/OrmoniTirodei/NaN/seed456/fold1
C-index train: 0.8143
C-index test:  0.7790
  [ckpt] Loading TABDPT RSF Tuned from checkpoints/tabdpt/OrmoniTirodei/NaN/seed456/fold1
C-index train: 0.9054
C-index test:  0.7652
  [ckpt] Loading DeepSurv Simple from checkpoints/tabdpt/OrmoniTirodei/NaN/seed456/fold1/tabdpt_deepsurv_simple.pt
C-index TRAIN: 0.8079
C-index TEST:  0.7562
  [ckpt] Loading DeepSurv Vanilla from checkpoints/tabdpt/OrmoniTirodei/NaN/seed456/fold1/tabdpt_deepsurv_vanilla.pt
C-index TRAIN: 0.8100
C-index TEST:  0.7732
  [ckpt] Loading TABDPT RSF from checkpoints/tabdpt/OrmoniTirodei/NaN/seed456/fold1/tabdpt_rsf.pkl
C-index train: 0.9225
C-index test:  0.7631
  [ckpt] Loading TABDPT Cox (embedding) from checkpoints/tabdpt/OrmoniTirodei/NaN/seed456/fold1/tabdpt_tab_cox.pkl
C-index train: 0.8161
C-index test:  0.7744
X_train shape: (5161, 76), X_test shape: (1291, 76)
Generating TABDPT Embeddings...
<class 'dict'>
Loaded TabDPTModel from checkpoint.
<class 'dict'>
Loaded TabDPTModel from checkpoint.
Successfully generated embeddings with shape: (5161, 768)
  [ckpt] Loading TABDPT DeepSurv Tuned from checkpoints/tabdpt/OrmoniTirodei/NaN/seed456/fold2
C-index train: 0.8043
C-index test:  0.7664
  [ckpt] Loading TABDPT RSF Tuned from checkpoints/tabdpt/OrmoniTirodei/NaN/seed456/fold2
C-index train: 0.9039
C-index test:  0.7542
  [ckpt] Loading DeepSurv Simple from checkpoints/tabdpt/OrmoniTirodei/NaN/seed456/fold2/tabdpt_deepsurv_simple.pt
C-index TRAIN: 0.7813
C-index TEST:  0.7589
  [ckpt] Loading DeepSurv Vanilla from checkpoints/tabdpt/OrmoniTirodei/NaN/seed456/fold2/tabdpt_deepsurv_vanilla.pt
C-index TRAIN: 0.8061
C-index TEST:  0.7589
  [ckpt] Loading TABDPT RSF from checkpoints/tabdpt/OrmoniTirodei/NaN/seed456/fold2/tabdpt_rsf.pkl
C-index train: 0.9211
C-index test:  0.7528
  [ckpt] Loading TABDPT Cox (embedding) from checkpoints/tabdpt/OrmoniTirodei/NaN/seed456/fold2/tabdpt_tab_cox.pkl
C-index train: 0.8172
C-index test:  0.7632
X_train shape: (5162, 76), X_test shape: (1290, 76)
Generating TABDPT Embeddings...
<class 'dict'>
Loaded TabDPTModel from checkpoint.
<class 'dict'>
Loaded TabDPTModel from checkpoint.
Successfully generated embeddings with shape: (5162, 768)
  [ckpt] Loading TABDPT DeepSurv Tuned from checkpoints/tabdpt/OrmoniTirodei/NaN/seed456/fold3
C-index train: 0.8193
C-index test:  0.7564
  [ckpt] Loading TABDPT RSF Tuned from checkpoints/tabdpt/OrmoniTirodei/NaN/seed456/fold3
C-index train: 0.9089
C-index test:  0.7511
  [ckpt] Loading DeepSurv Simple from checkpoints/tabdpt/OrmoniTirodei/NaN/seed456/fold3/tabdpt_deepsurv_simple.pt
C-index TRAIN: 0.7940
C-index TEST:  0.7318
  [ckpt] Loading DeepSurv Vanilla from checkpoints/tabdpt/OrmoniTirodei/NaN/seed456/fold3/tabdpt_deepsurv_vanilla.pt
C-index TRAIN: 0.8094
C-index TEST:  0.7628
  [ckpt] Loading TABDPT RSF from checkpoints/tabdpt/OrmoniTirodei/NaN/seed456/fold3/tabdpt_rsf.pkl
C-index train: 0.9206
C-index test:  0.7513
  [ckpt] Loading TABDPT Cox (embedding) from checkpoints/tabdpt/OrmoniTirodei/NaN/seed456/fold3/tabdpt_tab_cox.pkl
C-index train: 0.8187
C-index test:  0.7526
X_train shape: (5162, 76), X_test shape: (1290, 76)
Generating TABDPT Embeddings...
<class 'dict'>
Loaded TabDPTModel from checkpoint.
<class 'dict'>
Loaded TabDPTModel from checkpoint.
Successfully generated embeddings with shape: (5162, 768)
  [ckpt] Loading TABDPT DeepSurv Tuned from checkpoints/tabdpt/OrmoniTirodei/NaN/seed456/fold4
C-index train: 0.8151
C-index test:  0.7852
  [ckpt] Loading TABDPT RSF Tuned from checkpoints/tabdpt/OrmoniTirodei/NaN/seed456/fold4
C-index train: 0.8913
C-index test:  0.7872
  [ckpt] Loading DeepSurv Simple from checkpoints/tabdpt/OrmoniTirodei/NaN/seed456/fold4/tabdpt_deepsurv_simple.pt
C-index TRAIN: 0.8185
C-index TEST:  0.7633
  [ckpt] Loading DeepSurv Vanilla from checkpoints/tabdpt/OrmoniTirodei/NaN/seed456/fold4/tabdpt_deepsurv_vanilla.pt
C-index TRAIN: 0.8152
C-index TEST:  0.7930
  [ckpt] Loading TABDPT RSF from checkpoints/tabdpt/OrmoniTirodei/NaN/seed456/fold4/tabdpt_rsf.pkl
C-index train: 0.9190
C-index test:  0.7866
  [ckpt] Loading TABDPT Cox (embedding) from checkpoints/tabdpt/OrmoniTirodei/NaN/seed456/fold4/tabdpt_tab_cox.pkl
C-index train: 0.8141
C-index test:  0.7854
X_train shape: (5162, 76), X_test shape: (1290, 76)
Generating TABDPT Embeddings...
<class 'dict'>
Loaded TabDPTModel from checkpoint.
<class 'dict'>
Loaded TabDPTModel from checkpoint.
Successfully generated embeddings with shape: (5162, 768)
  [ckpt] Loading TABDPT DeepSurv Tuned from checkpoints/tabdpt/OrmoniTirodei/NaN/seed456/fold5
C-index train: 0.8238
C-index test:  0.7872
  [ckpt] Loading TABDPT RSF Tuned from checkpoints/tabdpt/OrmoniTirodei/NaN/seed456/fold5
C-index train: 0.9138
C-index test:  0.7855
  [ckpt] Loading DeepSurv Simple from checkpoints/tabdpt/OrmoniTirodei/NaN/seed456/fold5/tabdpt_deepsurv_simple.pt
C-index TRAIN: 0.8006
C-index TEST:  0.7661
  [ckpt] Loading DeepSurv Vanilla from checkpoints/tabdpt/OrmoniTirodei/NaN/seed456/fold5/tabdpt_deepsurv_vanilla.pt
C-index TRAIN: 0.8242
C-index TEST:  0.7910
  [ckpt] Loading TABDPT RSF from checkpoints/tabdpt/OrmoniTirodei/NaN/seed456/fold5/tabdpt_rsf.pkl
C-index train: 0.9199
C-index test:  0.7862
  [ckpt] Loading TABDPT Cox (embedding) from checkpoints/tabdpt/OrmoniTirodei/NaN/seed456/fold5/tabdpt_tab_cox.pkl
C-index train: 0.8130
C-index test:  0.7902

  Preprocess: -1 | Seed: 456
  TABDPT Train Tuned DeepSurv → mean: 0.807177 | std: 0.005016 | min: 0.800731 | max: 0.813257 | folds: [0.800731, 0.807537, 0.812035, 0.802324, 0.813257]
  TABDPT Test Tuned DeepSurv → mean: 0.780126 | std: 0.010962 | min: 0.763149 | max: 0.797516 | folds: [0.777488, 0.780608, 0.763149, 0.781870, 0.797516]
  TABDPT Train Tuned RSF → mean: 0.904212 | std: 0.011945 | min: 0.884539 | max: 0.919797 | folds: [0.910248, 0.898482, 0.907993, 0.884539, 0.919797]
  TABDPT Test Tuned RSF → mean: 0.767042 | std: 0.012937 | min: 0.754575 | max: 0.784217 | folds: [0.754575, 0.759207, 0.755954, 0.781257, 0.784217]
  TABDPT Train Vanilla → mean: 0.811301 | std: 0.012755 | min: 0.793954 | max: 0.828895 | folds: [0.793954, 0.821928, 0.828895, 0.801935, 0.809792]
  TABDPT Test Vanilla → mean: 0.774099 | std: 0.013811 | min: 0.760299 | max: 0.798446 | folds: [0.773735, 0.761309, 0.760299, 0.776706, 0.798446]
  TABDPT Train Simple → mean: 0.791783 | std: 0.019914 | min: 0.753866 | max: 0.811789 | folds: [0.753866, 0.802643, 0.811789, 0.796344, 0.794275]
  TABDPT Test Simple → mean: 0.756037 | std: 0.022522 | min: 0.718501 | max: 0.783427 | folds: [0.753089, 0.750699, 0.718501, 0.774472, 0.783427]
  TABDPT Train RSF → mean: 0.919097 | std: 0.001233 | min: 0.917857 | max: 0.920847 | folds: [0.920271, 0.917857, 0.918581, 0.917930, 0.920847]
  TABDPT Test RSF → mean: 0.766645 | std: 0.012798 | min: 0.753043 | max: 0.783483 | folds: [0.761567, 0.754859, 0.753043, 0.780273, 0.783483]
  TABDPT Train Cox → mean: 0.813567 | std: 0.002229 | min: 0.810336 | max: 0.816904 | folds: [0.815008, 0.812801, 0.816904, 0.812788, 0.810336]
  TABDPT Test Cox → mean: 0.774809 | std: 0.013201 | min: 0.756419 | max: 0.794896 | folds: [0.773544, 0.766595, 0.756419, 0.782591, 0.794896]
  Train Tuned DeepSurv → mean: 0.799428 | std: 0.008052 | min: 0.784220 | max: 0.807913 | folds: [0.803398, 0.807913, 0.801625, 0.784220, 0.799985]
  Test Tuned DeepSurv → mean: 0.788592 | std: 0.014033 | min: 0.767432 | max: 0.804146 | folds: [0.790272, 0.778631, 0.767432, 0.802480, 0.804146]
  Train Tuned RSF → mean: 0.899689 | std: 0.004570 | min: 0.892070 | max: 0.904942 | folds: [0.897522, 0.903331, 0.892070, 0.900581, 0.904942]
  Test Tuned RSF → mean: 0.795881 | std: 0.011213 | min: 0.783851 | max: 0.814178 | folds: [0.792646, 0.783851, 0.786175, 0.814178, 0.802554]
  Train DeepSurv Vanilla → mean: 0.806502 | std: 0.004630 | min: 0.799952 | max: 0.813912 | folds: [0.803830, 0.813912, 0.807946, 0.799952, 0.806868]
  Test DeepSurv Vanilla → mean: 0.790482 | std: 0.015147 | min: 0.769872 | max: 0.808685 | folds: [0.788070, 0.779222, 0.769872, 0.808685, 0.806558]
  Train DeepSurv Simple → mean: 0.787735 | std: 0.006381 | min: 0.777283 | max: 0.796105 | folds: [0.796105, 0.787580, 0.785555, 0.777283, 0.792149]
  Test DeepSurv Simple → mean: 0.780462 | std: 0.014894 | min: 0.763220 | max: 0.804776 | folds: [0.780927, 0.766892, 0.763220, 0.786495, 0.804776]
  Train RSF  → mean: 0.901273 | std: 0.000678 | min: 0.900361 | max: 0.902436 | folds: [0.901401, 0.901210, 0.902436, 0.900361, 0.900960]
  Test RSF   → mean: 0.795795 | std: 0.012058 | min: 0.783213 | max: 0.815288 | folds: [0.791388, 0.783213, 0.785428, 0.815288, 0.803656]
  Train Cox  → mean: 0.800583 | std: 0.002834 | min: 0.796865 | max: 0.804097 | folds: [0.802290, 0.802061, 0.804097, 0.796865, 0.797601]
  Test Cox   → mean: 0.793462 | std: 0.013693 | min: 0.775675 | max: 0.810762 | folds: [0.785851, 0.786763, 0.775675, 0.810762, 0.808260]

  Preprocess: NaN | Seed: 456
  TABDPT Train Tuned DeepSurv → mean: 0.815380 | std: 0.006467 | min: 0.804348 | max: 0.823786 | folds: [0.814327, 0.804348, 0.819328, 0.815111, 0.823786]
  TABDPT Test Tuned DeepSurv → mean: 0.774853 | std: 0.011741 | min: 0.756399 | max: 0.787226 | folds: [0.779029, 0.766414, 0.756399, 0.785196, 0.787226]
  TABDPT Train Tuned RSF → mean: 0.904680 | std: 0.007485 | min: 0.891347 | max: 0.913813 | folds: [0.905404, 0.903927, 0.908910, 0.891347, 0.913813]
  TABDPT Test Tuned RSF → mean: 0.768628 | std: 0.015206 | min: 0.751070 | max: 0.787212 | folds: [0.765172, 0.754230, 0.751070, 0.787212, 0.785456]
  TABDPT Train Vanilla → mean: 0.812967 | std: 0.006309 | min: 0.806071 | max: 0.824166 | folds: [0.809997, 0.806071, 0.809440, 0.815159, 0.824166]
  TABDPT Test Vanilla → mean: 0.775778 | std: 0.014060 | min: 0.758929 | max: 0.792993 | folds: [0.773177, 0.758929, 0.762773, 0.792993, 0.791019]
  TABDPT Train Simple → mean: 0.800473 | std: 0.012537 | min: 0.781340 | max: 0.818453 | folds: [0.807896, 0.781340, 0.794041, 0.818453, 0.800633]
  TABDPT Test Simple → mean: 0.755275 | std: 0.012220 | min: 0.731811 | max: 0.766103 | folds: [0.756227, 0.758910, 0.731811, 0.763323, 0.766103]
  TABDPT Train RSF → mean: 0.920616 | std: 0.001152 | min: 0.919031 | max: 0.922476 | folds: [0.922476, 0.921062, 0.920581, 0.919031, 0.919933]
  TABDPT Test RSF → mean: 0.767984 | std: 0.015588 | min: 0.751265 | max: 0.786591 | folds: [0.763059, 0.752763, 0.751265, 0.786591, 0.786240]
  TABDPT Train Cox → mean: 0.815830 | std: 0.002068 | min: 0.812994 | max: 0.818734 | folds: [0.816148, 0.817175, 0.818734, 0.814098, 0.812994]
  TABDPT Test Cox → mean: 0.773154 | std: 0.013894 | min: 0.752554 | max: 0.790206 | folds: [0.774408, 0.763214, 0.752554, 0.785388, 0.790206]
Result saved in 'results/OrmoniTirodei/tabdpt/results_cv_OrmoniTirodei_tabdpt_seed456.txt'


Preprocess: Replace NaN with -1
Loading existing folds from tmp/splits/HURRAH_seed456.pkl
X_train shape: (13566, 61), X_test shape: (3392, 61)
Generating TABDPT Embeddings...
<class 'dict'>
Loaded TabDPTModel from checkpoint.
<class 'dict'>
Loaded TabDPTModel from checkpoint.
Successfully generated embeddings with shape: (13566, 768)
  [ckpt] Loading TABDPT DeepSurv Tuned from checkpoints/tabdpt/HURRAH/-1/seed456/fold1
C-index train: 0.8415
C-index test:  0.8039
  [ckpt] Loading TABDPT RSF Tuned from checkpoints/tabdpt/HURRAH/-1/seed456/fold1
C-index train: 0.8108
C-index test:  0.8259
  [ckpt] Loading DeepSurv Simple from checkpoints/tabdpt/HURRAH/-1/seed456/fold1/tabdpt_deepsurv_simple.pt
C-index TRAIN: 0.8355
C-index TEST:  0.7569
  [ckpt] Loading DeepSurv Vanilla from checkpoints/tabdpt/HURRAH/-1/seed456/fold1/tabdpt_deepsurv_vanilla.pt
C-index TRAIN: 0.8498
C-index TEST:  0.8098
  [ckpt] Loading TABDPT RSF from checkpoints/tabdpt/HURRAH/-1/seed456/fold1/tabdpt_rsf.pkl
C-index train: 0.9519
C-index test:  0.8061
  [ckpt] Loading TABDPT Cox (embedding) from checkpoints/tabdpt/HURRAH/-1/seed456/fold1/tabdpt_tab_cox.pkl
C-index train: 0.8435
C-index test:  0.7809
  [ckpt] Loading DeepSurv Vanilla baseline from checkpoints/tabdpt/HURRAH/-1/seed456/fold1/deepsurv_vanilla_baseline.pt
C-index TRAIN: 0.8599
C-index TEST:  0.8486
  [ckpt] Loading DeepSurv Simple baseline from checkpoints/tabdpt/HURRAH/-1/seed456/fold1/deepsurv_simple_baseline.pt
C-index TRAIN: 0.8374
C-index TEST:  0.8308
  [ckpt] Loading RSF baseline from checkpoints/tabdpt/HURRAH/-1/seed456/fold1/rsf_baseline.pkl
C-index train: 0.9197
C-index test:  0.8490
  [ckpt] Loading Cox baseline from checkpoints/tabdpt/HURRAH/-1/seed456/fold1/tabdpt_cox.pkl
C-index train: 0.8273
C-index test:  0.8267
  [ckpt] Loading DeepSurv Tuned baseline from checkpoints/tabdpt/HURRAH/-1/seed456/fold1
C-index train: 0.8355
C-index test:  0.8292
  [ckpt] Loading RSF Tuned baseline from checkpoints/tabdpt/HURRAH/-1/seed456/fold1
C-index train: 0.9302
C-index test:  0.8531
X_train shape: (13566, 61), X_test shape: (3392, 61)
Generating TABDPT Embeddings...
<class 'dict'>
Loaded TabDPTModel from checkpoint.
<class 'dict'>
Loaded TabDPTModel from checkpoint.
Successfully generated embeddings with shape: (13566, 768)
  [ckpt] Loading TABDPT DeepSurv Tuned from checkpoints/tabdpt/HURRAH/-1/seed456/fold2
C-index train: 0.8282
C-index test:  0.8301
  [ckpt] Loading TABDPT RSF Tuned from checkpoints/tabdpt/HURRAH/-1/seed456/fold2
C-index train: 0.8562
C-index test:  0.8269
  [ckpt] Loading DeepSurv Simple from checkpoints/tabdpt/HURRAH/-1/seed456/fold2/tabdpt_deepsurv_simple.pt
C-index TRAIN: 0.8235
C-index TEST:  0.8048
  [ckpt] Loading DeepSurv Vanilla from checkpoints/tabdpt/HURRAH/-1/seed456/fold2/tabdpt_deepsurv_vanilla.pt
C-index TRAIN: 0.8433
C-index TEST:  0.8373
  [ckpt] Loading TABDPT RSF from checkpoints/tabdpt/HURRAH/-1/seed456/fold2/tabdpt_rsf.pkl
C-index train: 0.9512
C-index test:  0.8197
  [ckpt] Loading TABDPT Cox (embedding) from checkpoints/tabdpt/HURRAH/-1/seed456/fold2/tabdpt_tab_cox.pkl
C-index train: 0.8394
C-index test:  0.8134
  [ckpt] Loading DeepSurv Vanilla baseline from checkpoints/tabdpt/HURRAH/-1/seed456/fold2/deepsurv_vanilla_baseline.pt
C-index TRAIN: 0.8454
C-index TEST:  0.8527
  [ckpt] Loading DeepSurv Simple baseline from checkpoints/tabdpt/HURRAH/-1/seed456/fold2/deepsurv_simple_baseline.pt
C-index TRAIN: 0.8336
C-index TEST:  0.8488
  [ckpt] Loading RSF baseline from checkpoints/tabdpt/HURRAH/-1/seed456/fold2/rsf_baseline.pkl
C-index train: 0.9212
C-index test:  0.8568
  [ckpt] Loading Cox baseline from checkpoints/tabdpt/HURRAH/-1/seed456/fold2/tabdpt_cox.pkl
C-index train: 0.8245
C-index test:  0.8422
  [ckpt] Loading DeepSurv Tuned baseline from checkpoints/tabdpt/HURRAH/-1/seed456/fold2
C-index train: 0.8253
C-index test:  0.8373
  [ckpt] Loading RSF Tuned baseline from checkpoints/tabdpt/HURRAH/-1/seed456/fold2
C-index train: 0.9326
C-index test:  0.8596
X_train shape: (13566, 61), X_test shape: (3392, 61)
Generating TABDPT Embeddings...
<class 'dict'>
Loaded TabDPTModel from checkpoint.
<class 'dict'>
Loaded TabDPTModel from checkpoint.
Successfully generated embeddings with shape: (13566, 768)
  [ckpt] Loading TABDPT DeepSurv Tuned from checkpoints/tabdpt/HURRAH/-1/seed456/fold3
C-index train: 0.8269
C-index test:  0.7901
  [ckpt] Loading TABDPT RSF Tuned from checkpoints/tabdpt/HURRAH/-1/seed456/fold3
C-index train: 0.8289
C-index test:  0.8182
  [ckpt] Loading DeepSurv Simple from checkpoints/tabdpt/HURRAH/-1/seed456/fold3/tabdpt_deepsurv_simple.pt
C-index TRAIN: 0.8295
C-index TEST:  0.8086
  [ckpt] Loading DeepSurv Vanilla from checkpoints/tabdpt/HURRAH/-1/seed456/fold3/tabdpt_deepsurv_vanilla.pt
C-index TRAIN: 0.8399
C-index TEST:  0.7995
  [ckpt] Loading TABDPT RSF from checkpoints/tabdpt/HURRAH/-1/seed456/fold3/tabdpt_rsf.pkl
C-index train: 0.9525
C-index test:  0.8109
  [ckpt] Loading TABDPT Cox (embedding) from checkpoints/tabdpt/HURRAH/-1/seed456/fold3/tabdpt_tab_cox.pkl
C-index train: 0.8429
C-index test:  0.7667
  [ckpt] Loading DeepSurv Vanilla baseline from checkpoints/tabdpt/HURRAH/-1/seed456/fold3/deepsurv_vanilla_baseline.pt
C-index TRAIN: 0.8630
C-index TEST:  0.8375
  [ckpt] Loading DeepSurv Simple baseline from checkpoints/tabdpt/HURRAH/-1/seed456/fold3/deepsurv_simple_baseline.pt
C-index TRAIN: 0.8382
C-index TEST:  0.8328
  [ckpt] Loading RSF baseline from checkpoints/tabdpt/HURRAH/-1/seed456/fold3/rsf_baseline.pkl
C-index train: 0.9197
C-index test:  0.8469
  [ckpt] Loading Cox baseline from checkpoints/tabdpt/HURRAH/-1/seed456/fold3/tabdpt_cox.pkl
C-index train: 0.8298
C-index test:  0.8233
  [ckpt] Loading DeepSurv Tuned baseline from checkpoints/tabdpt/HURRAH/-1/seed456/fold3
C-index train: 0.8509
C-index test:  0.8340
  [ckpt] Loading RSF Tuned baseline from checkpoints/tabdpt/HURRAH/-1/seed456/fold3
C-index train: 0.9260
C-index test:  0.8453
X_train shape: (13567, 61), X_test shape: (3391, 61)
Generating TABDPT Embeddings...
<class 'dict'>
Loaded TabDPTModel from checkpoint.
<class 'dict'>
Loaded TabDPTModel from checkpoint.
Successfully generated embeddings with shape: (13567, 768)
  [ckpt] Loading TABDPT DeepSurv Tuned from checkpoints/tabdpt/HURRAH/-1/seed456/fold4
C-index train: 0.8508
C-index test:  0.7906
  [ckpt] Loading TABDPT RSF Tuned from checkpoints/tabdpt/HURRAH/-1/seed456/fold4
C-index train: 0.8567
C-index test:  0.8066
  [ckpt] Loading DeepSurv Simple from checkpoints/tabdpt/HURRAH/-1/seed456/fold4/tabdpt_deepsurv_simple.pt
C-index TRAIN: 0.8417
C-index TEST:  0.8114
  [ckpt] Loading DeepSurv Vanilla from checkpoints/tabdpt/HURRAH/-1/seed456/fold4/tabdpt_deepsurv_vanilla.pt
C-index TRAIN: 0.8311
C-index TEST:  0.8015
  [ckpt] Loading TABDPT RSF from checkpoints/tabdpt/HURRAH/-1/seed456/fold4/tabdpt_rsf.pkl
C-index train: 0.9518
C-index test:  0.7989
  [ckpt] Loading TABDPT Cox (embedding) from checkpoints/tabdpt/HURRAH/-1/seed456/fold4/tabdpt_tab_cox.pkl
C-index train: 0.8419
C-index test:  0.8001
  [ckpt] Loading DeepSurv Vanilla baseline from checkpoints/tabdpt/HURRAH/-1/seed456/fold4/deepsurv_vanilla_baseline.pt
C-index TRAIN: 0.8578
C-index TEST:  0.8426
  [ckpt] Loading DeepSurv Simple baseline from checkpoints/tabdpt/HURRAH/-1/seed456/fold4/deepsurv_simple_baseline.pt
C-index TRAIN: 0.8418
C-index TEST:  0.8271
  [ckpt] Loading RSF baseline from checkpoints/tabdpt/HURRAH/-1/seed456/fold4/rsf_baseline.pkl
C-index train: 0.9194
C-index test:  0.8377
  [ckpt] Loading Cox baseline from checkpoints/tabdpt/HURRAH/-1/seed456/fold4/tabdpt_cox.pkl
C-index train: 0.8313
C-index test:  0.8151
  [ckpt] Loading DeepSurv Tuned baseline from checkpoints/tabdpt/HURRAH/-1/seed456/fold4
C-index train: 0.8084
C-index test:  0.7881
  [ckpt] Loading RSF Tuned baseline from checkpoints/tabdpt/HURRAH/-1/seed456/fold4
C-index train: 0.9393
C-index test:  0.8392
X_train shape: (13567, 61), X_test shape: (3391, 61)
Generating TABDPT Embeddings...
<class 'dict'>
Loaded TabDPTModel from checkpoint.
<class 'dict'>
Loaded TabDPTModel from checkpoint.
Successfully generated embeddings with shape: (13567, 768)
  [ckpt] Loading TABDPT DeepSurv Tuned from checkpoints/tabdpt/HURRAH/-1/seed456/fold5
C-index train: 0.8402
C-index test:  0.8127
  [ckpt] Loading TABDPT RSF Tuned from checkpoints/tabdpt/HURRAH/-1/seed456/fold5
C-index train: 0.8345
C-index test:  0.8180
  [ckpt] Loading DeepSurv Simple from checkpoints/tabdpt/HURRAH/-1/seed456/fold5/tabdpt_deepsurv_simple.pt
C-index TRAIN: 0.8204
C-index TEST:  0.7390
  [ckpt] Loading DeepSurv Vanilla from checkpoints/tabdpt/HURRAH/-1/seed456/fold5/tabdpt_deepsurv_vanilla.pt
C-index TRAIN: 0.8328
C-index TEST:  0.7823
  [ckpt] Loading TABDPT RSF from checkpoints/tabdpt/HURRAH/-1/seed456/fold5/tabdpt_rsf.pkl
C-index train: 0.9534
C-index test:  0.7994
  [ckpt] Loading TABDPT Cox (embedding) from checkpoints/tabdpt/HURRAH/-1/seed456/fold5/tabdpt_tab_cox.pkl
C-index train: 0.8420
C-index test:  0.7760
  [ckpt] Loading DeepSurv Vanilla baseline from checkpoints/tabdpt/HURRAH/-1/seed456/fold5/deepsurv_vanilla_baseline.pt
C-index TRAIN: 0.8669
C-index TEST:  0.8511
  [ckpt] Loading DeepSurv Simple baseline from checkpoints/tabdpt/HURRAH/-1/seed456/fold5/deepsurv_simple_baseline.pt
C-index TRAIN: 0.8338
C-index TEST:  0.8282
  [ckpt] Loading RSF baseline from checkpoints/tabdpt/HURRAH/-1/seed456/fold5/rsf_baseline.pkl
C-index train: 0.9191
C-index test:  0.8592
  [ckpt] Loading Cox baseline from checkpoints/tabdpt/HURRAH/-1/seed456/fold5/tabdpt_cox.pkl
C-index train: 0.8279
C-index test:  0.8236
  [ckpt] Loading DeepSurv Tuned baseline from checkpoints/tabdpt/HURRAH/-1/seed456/fold5
C-index train: 0.7693
C-index test:  0.7527
  [ckpt] Loading RSF Tuned baseline from checkpoints/tabdpt/HURRAH/-1/seed456/fold5
C-index train: 0.9343
C-index test:  0.8607


Preprocess: Keep NaN
Loading existing folds from tmp/splits/HURRAH_seed456.pkl
X_train shape: (13566, 61), X_test shape: (3392, 61)
Generating TABDPT Embeddings...
<class 'dict'>
Loaded TabDPTModel from checkpoint.
<class 'dict'>
Loaded TabDPTModel from checkpoint.
Successfully generated embeddings with shape: (13566, 768)
  [ckpt] Loading TABDPT DeepSurv Tuned from checkpoints/tabdpt/HURRAH/NaN/seed456/fold1
C-index train: 0.8296
C-index test:  0.8011
  [surv] Saved → survival_predictions/tabdpt/HURRAH/NaN/seed456/fold1/tabdpt_deepsurv_tuned.pkl
  [ckpt] Loading TABDPT RSF Tuned from checkpoints/tabdpt/HURRAH/NaN/seed456/fold1
C-index train: 0.8487
C-index test:  0.8200
  [surv] Saved → survival_predictions/tabdpt/HURRAH/NaN/seed456/fold1/tabdpt_rsf_tuned.pkl
  [ckpt] Loading DeepSurv Simple from checkpoints/tabdpt/HURRAH/NaN/seed456/fold1/tabdpt_deepsurv_simple.pt
C-index TRAIN: 0.8113
C-index TEST:  0.7944
  [surv] Saved → survival_predictions/tabdpt/HURRAH/NaN/seed456/fold1/tabdpt_deepsurv_simple.pkl
  [ckpt] Loading DeepSurv Vanilla from checkpoints/tabdpt/HURRAH/NaN/seed456/fold1/tabdpt_deepsurv_vanilla.pt
C-index TRAIN: 0.8377
C-index TEST:  0.8003
  [surv] Saved → survival_predictions/tabdpt/HURRAH/NaN/seed456/fold1/tabdpt_deepsurv_vanilla.pkl
  [ckpt] Loading TABDPT RSF from checkpoints/tabdpt/HURRAH/NaN/seed456/fold1/tabdpt_rsf.pkl
C-index train: 0.9507
C-index test:  0.8080
  [surv] Saved → survival_predictions/tabdpt/HURRAH/NaN/seed456/fold1/tabdpt_rsf.pkl
  [ckpt] Loading TABDPT Cox (embedding) from checkpoints/tabdpt/HURRAH/NaN/seed456/fold1/tabdpt_tab_cox.pkl
C-index train: 0.8314
C-index test:  0.7830
  [surv] Saved → survival_predictions/tabdpt/HURRAH/NaN/seed456/fold1/tabdpt_cox.pkl
X_train shape: (13566, 61), X_test shape: (3392, 61)
Generating TABDPT Embeddings...
<class 'dict'>
Loaded TabDPTModel from checkpoint.
<class 'dict'>
Loaded TabDPTModel from checkpoint.
Successfully generated embeddings with shape: (13566, 768)
  [ckpt] Loading TABDPT DeepSurv Tuned from checkpoints/tabdpt/HURRAH/NaN/seed456/fold2
C-index train: 0.8015
C-index test:  0.8171
  [surv] Saved → survival_predictions/tabdpt/HURRAH/NaN/seed456/fold2/tabdpt_deepsurv_tuned.pkl
  [ckpt] Loading TABDPT RSF Tuned from checkpoints/tabdpt/HURRAH/NaN/seed456/fold2
C-index train: 0.8457
C-index test:  0.8172
  [surv] Saved → survival_predictions/tabdpt/HURRAH/NaN/seed456/fold2/tabdpt_rsf_tuned.pkl
  [ckpt] Loading DeepSurv Simple from checkpoints/tabdpt/HURRAH/NaN/seed456/fold2/tabdpt_deepsurv_simple.pt
C-index TRAIN: 0.8291
C-index TEST:  0.7837
  [surv] Saved → survival_predictions/tabdpt/HURRAH/NaN/seed456/fold2/tabdpt_deepsurv_simple.pkl
  [ckpt] Loading DeepSurv Vanilla from checkpoints/tabdpt/HURRAH/NaN/seed456/fold2/tabdpt_deepsurv_vanilla.pt
C-index TRAIN: 0.8202
C-index TEST:  0.7918
  [surv] Saved → survival_predictions/tabdpt/HURRAH/NaN/seed456/fold2/tabdpt_deepsurv_vanilla.pkl
  [ckpt] Loading TABDPT RSF from checkpoints/tabdpt/HURRAH/NaN/seed456/fold2/tabdpt_rsf.pkl
C-index train: 0.9489
C-index test:  0.8088
  [surv] Saved → survival_predictions/tabdpt/HURRAH/NaN/seed456/fold2/tabdpt_rsf.pkl
  [ckpt] Loading TABDPT Cox (embedding) from checkpoints/tabdpt/HURRAH/NaN/seed456/fold2/tabdpt_tab_cox.pkl
C-index train: 0.8308
C-index test:  0.8016
  [surv] Saved → survival_predictions/tabdpt/HURRAH/NaN/seed456/fold2/tabdpt_cox.pkl
X_train shape: (13566, 61), X_test shape: (3392, 61)
Generating TABDPT Embeddings...
<class 'dict'>
Loaded TabDPTModel from checkpoint.
<class 'dict'>
Loaded TabDPTModel from checkpoint.
Successfully generated embeddings with shape: (13566, 768)
  [ckpt] Loading TABDPT DeepSurv Tuned from checkpoints/tabdpt/HURRAH/NaN/seed456/fold3
C-index train: 0.8440
C-index test:  0.8126
  [surv] Saved → survival_predictions/tabdpt/HURRAH/NaN/seed456/fold3/tabdpt_deepsurv_tuned.pkl
  [ckpt] Loading TABDPT RSF Tuned from checkpoints/tabdpt/HURRAH/NaN/seed456/fold3
C-index train: 0.8471
C-index test:  0.8046
  [surv] Saved → survival_predictions/tabdpt/HURRAH/NaN/seed456/fold3/tabdpt_rsf_tuned.pkl
  [ckpt] Loading DeepSurv Simple from checkpoints/tabdpt/HURRAH/NaN/seed456/fold3/tabdpt_deepsurv_simple.pt
C-index TRAIN: 0.8297
C-index TEST:  0.8000
  [surv] Saved → survival_predictions/tabdpt/HURRAH/NaN/seed456/fold3/tabdpt_deepsurv_simple.pkl
  [ckpt] Loading DeepSurv Vanilla from checkpoints/tabdpt/HURRAH/NaN/seed456/fold3/tabdpt_deepsurv_vanilla.pt
C-index TRAIN: 0.8521
C-index TEST:  0.7950
  [surv] Saved → survival_predictions/tabdpt/HURRAH/NaN/seed456/fold3/tabdpt_deepsurv_vanilla.pkl
  [ckpt] Loading TABDPT RSF from checkpoints/tabdpt/HURRAH/NaN/seed456/fold3/tabdpt_rsf.pkl
C-index train: 0.9508
C-index test:  0.7986
  [surv] Saved → survival_predictions/tabdpt/HURRAH/NaN/seed456/fold3/tabdpt_rsf.pkl
  [ckpt] Loading TABDPT Cox (embedding) from checkpoints/tabdpt/HURRAH/NaN/seed456/fold3/tabdpt_tab_cox.pkl
C-index train: 0.8346
C-index test:  0.7806
  [surv] Saved → survival_predictions/tabdpt/HURRAH/NaN/seed456/fold3/tabdpt_cox.pkl
X_train shape: (13567, 61), X_test shape: (3391, 61)
Generating TABDPT Embeddings...
<class 'dict'>
Loaded TabDPTModel from checkpoint.
<class 'dict'>
Loaded TabDPTModel from checkpoint.
Successfully generated embeddings with shape: (13567, 768)
  [ckpt] Loading TABDPT DeepSurv Tuned from checkpoints/tabdpt/HURRAH/NaN/seed456/fold4
C-index train: 0.8157
C-index test:  0.7879
  [surv] Saved → survival_predictions/tabdpt/HURRAH/NaN/seed456/fold4/tabdpt_deepsurv_tuned.pkl
  [ckpt] Loading TABDPT RSF Tuned from checkpoints/tabdpt/HURRAH/NaN/seed456/fold4
C-index train: 0.8203
C-index test:  0.8088
  [surv] Saved → survival_predictions/tabdpt/HURRAH/NaN/seed456/fold4/tabdpt_rsf_tuned.pkl
  [ckpt] Loading DeepSurv Simple from checkpoints/tabdpt/HURRAH/NaN/seed456/fold4/tabdpt_deepsurv_simple.pt
C-index TRAIN: 0.8293
C-index TEST:  0.7466
  [surv] Saved → survival_predictions/tabdpt/HURRAH/NaN/seed456/fold4/tabdpt_deepsurv_simple.pkl
  [ckpt] Loading DeepSurv Vanilla from checkpoints/tabdpt/HURRAH/NaN/seed456/fold4/tabdpt_deepsurv_vanilla.pt
C-index TRAIN: 0.8398
C-index TEST:  0.7883
  [surv] Saved → survival_predictions/tabdpt/HURRAH/NaN/seed456/fold4/tabdpt_deepsurv_vanilla.pkl
  [ckpt] Loading TABDPT RSF from checkpoints/tabdpt/HURRAH/NaN/seed456/fold4/tabdpt_rsf.pkl
C-index train: 0.9504
C-index test:  0.7997
  [surv] Saved → survival_predictions/tabdpt/HURRAH/NaN/seed456/fold4/tabdpt_rsf.pkl
  [ckpt] Loading TABDPT Cox (embedding) from checkpoints/tabdpt/HURRAH/NaN/seed456/fold4/tabdpt_tab_cox.pkl
C-index train: 0.8332
C-index test:  0.7859
  [surv] Saved → survival_predictions/tabdpt/HURRAH/NaN/seed456/fold4/tabdpt_cox.pkl
X_train shape: (13567, 61), X_test shape: (3391, 61)
Generating TABDPT Embeddings...
<class 'dict'>
Loaded TabDPTModel from checkpoint.
<class 'dict'>
Loaded TabDPTModel from checkpoint.
Successfully generated embeddings with shape: (13567, 768)
  [ckpt] Loading TABDPT DeepSurv Tuned from checkpoints/tabdpt/HURRAH/NaN/seed456/fold5
C-index train: 0.8195
C-index test:  0.7856
  [surv] Saved → survival_predictions/tabdpt/HURRAH/NaN/seed456/fold5/tabdpt_deepsurv_tuned.pkl
  [ckpt] Loading TABDPT RSF Tuned from checkpoints/tabdpt/HURRAH/NaN/seed456/fold5
C-index train: 0.8215
C-index test:  0.8159
  [surv] Saved → survival_predictions/tabdpt/HURRAH/NaN/seed456/fold5/tabdpt_rsf_tuned.pkl
  [ckpt] Loading DeepSurv Simple from checkpoints/tabdpt/HURRAH/NaN/seed456/fold5/tabdpt_deepsurv_simple.pt
C-index TRAIN: 0.8081
C-index TEST:  0.7640
  [surv] Saved → survival_predictions/tabdpt/HURRAH/NaN/seed456/fold5/tabdpt_deepsurv_simple.pkl
  [ckpt] Loading DeepSurv Vanilla from checkpoints/tabdpt/HURRAH/NaN/seed456/fold5/tabdpt_deepsurv_vanilla.pt
C-index TRAIN: 0.8368
C-index TEST:  0.7959
  [surv] Saved → survival_predictions/tabdpt/HURRAH/NaN/seed456/fold5/tabdpt_deepsurv_vanilla.pkl
  [ckpt] Loading TABDPT RSF from checkpoints/tabdpt/HURRAH/NaN/seed456/fold5/tabdpt_rsf.pkl
C-index train: 0.9508
C-index test:  0.7948
  [surv] Saved → survival_predictions/tabdpt/HURRAH/NaN/seed456/fold5/tabdpt_rsf.pkl
  [ckpt] Loading TABDPT Cox (embedding) from checkpoints/tabdpt/HURRAH/NaN/seed456/fold5/tabdpt_tab_cox.pkl
C-index train: 0.8306
C-index test:  0.7689
  [surv] Saved → survival_predictions/tabdpt/HURRAH/NaN/seed456/fold5/tabdpt_cox.pkl

  Preprocess: -1 | Seed: 456
  TABDPT Train Tuned DeepSurv → mean: 0.837518 | std: 0.008935 | min: 0.826853 | max: 0.850769 | folds: [0.841543, 0.828222, 0.826853, 0.850769, 0.840202]
  TABDPT Test Tuned DeepSurv → mean: 0.805464 | std: 0.014963 | min: 0.790122 | max: 0.830111 | folds: [0.803875, 0.830111, 0.790122, 0.790554, 0.812656]
  TABDPT Train Tuned RSF → mean: 0.837441 | std: 0.017411 | min: 0.810814 | max: 0.856731 | folds: [0.810814, 0.856234, 0.828903, 0.856731, 0.834522]
  TABDPT Test Tuned RSF → mean: 0.819120 | std: 0.007313 | min: 0.806551 | max: 0.826927 | folds: [0.825931, 0.826927, 0.818161, 0.806551, 0.818031]
  TABDPT Train Vanilla → mean: 0.839395 | std: 0.006868 | min: 0.831137 | max: 0.849824 | folds: [0.849824, 0.843298, 0.839907, 0.831137, 0.832811]
  TABDPT Test Vanilla → mean: 0.806105 | std: 0.017977 | min: 0.782329 | max: 0.837299 | folds: [0.809805, 0.837299, 0.799547, 0.801545, 0.782329]
  TABDPT Train Simple → mean: 0.830116 | std: 0.007774 | min: 0.820357 | max: 0.841698 | folds: [0.835506, 0.823535, 0.829486, 0.841698, 0.820357]
  TABDPT Test Simple → mean: 0.784120 | std: 0.030160 | min: 0.738989 | max: 0.811396 | folds: [0.756866, 0.804773, 0.808577, 0.811396, 0.738989]
  TABDPT Train RSF → mean: 0.952176 | std: 0.000770 | min: 0.951169 | max: 0.953446 | folds: [0.951882, 0.951169, 0.952549, 0.951836, 0.953446]
  TABDPT Test RSF → mean: 0.807024 | std: 0.007746 | min: 0.798911 | max: 0.819693 | folds: [0.806136, 0.819693, 0.810940, 0.798911, 0.799438]
  TABDPT Train Cox → mean: 0.841937 | std: 0.001423 | min: 0.839354 | max: 0.843529 | folds: [0.843529, 0.839354, 0.842892, 0.841927, 0.841984]
  TABDPT Test Cox → mean: 0.787414 | std: 0.016957 | min: 0.766690 | max: 0.813383 | folds: [0.780903, 0.813383, 0.766690, 0.800102, 0.775994]
  Train Tuned DeepSurv → mean: 0.817888 | std: 0.027945 | min: 0.769306 | max: 0.850915 | folds: [0.835459, 0.825330, 0.850915, 0.808430, 0.769306]
  Test Tuned DeepSurv → mean: 0.808280 | std: 0.032985 | min: 0.752718 | max: 0.837338 | folds: [0.829193, 0.837338, 0.834048, 0.788104, 0.752718]
  Train Tuned RSF → mean: 0.932470 | std: 0.004422 | min: 0.925971 | max: 0.939303 | folds: [0.930153, 0.932593, 0.925971, 0.939303, 0.934328]
  Test Tuned RSF → mean: 0.851583 | std: 0.008252 | min: 0.839240 | max: 0.860650 | folds: [0.853132, 0.859588, 0.845304, 0.839240, 0.860650]
  Train DeepSurv Vanilla → mean: 0.858597 | std: 0.007254 | min: 0.845450 | max: 0.866872 | folds: [0.859859, 0.845450, 0.863015, 0.857788, 0.866872]
  Test DeepSurv Vanilla → mean: 0.846506 | std: 0.005646 | min: 0.837533 | max: 0.852666 | folds: [0.848578, 0.852666, 0.837533, 0.842615, 0.851140]
  Train DeepSurv Simple → mean: 0.836974 | std: 0.003072 | min: 0.833604 | max: 0.841843 | folds: [0.837412, 0.833604, 0.838248, 0.841843, 0.833763]
  Test DeepSurv Simple → mean: 0.833547 | std: 0.007891 | min: 0.827083 | max: 0.848818 | folds: [0.830799, 0.848818, 0.832796, 0.827083, 0.828238]
  Train RSF  → mean: 0.919809 | std: 0.000729 | min: 0.919093 | max: 0.921192 | folds: [0.919681, 0.921192, 0.919727, 0.919350, 0.919093]
  Test RSF   → mean: 0.849910 | std: 0.007644 | min: 0.837700 | max: 0.859187 | folds: [0.849033, 0.856763, 0.846869, 0.837700, 0.859187]
  Train Cox  → mean: 0.828158 | std: 0.002323 | min: 0.824469 | max: 0.831299 | folds: [0.827286, 0.824469, 0.829802, 0.831299, 0.827932]
  Test Cox   → mean: 0.826174 | std: 0.008891 | min: 0.815081 | max: 0.842201 | folds: [0.826712, 0.842201, 0.823269, 0.815081, 0.823605]

  Preprocess: NaN | Seed: 456
  TABDPT Train Tuned DeepSurv → mean: 0.822068 | std: 0.014182 | min: 0.801514 | max: 0.843975 | folds: [0.829604, 0.801514, 0.843975, 0.815745, 0.819501]
  TABDPT Test Tuned DeepSurv → mean: 0.800842 | std: 0.012670 | min: 0.785611 | max: 0.817071 | folds: [0.801054, 0.817071, 0.812616, 0.787858, 0.785611]
  TABDPT Train Tuned RSF → mean: 0.836654 | std: 0.012905 | min: 0.820299 | max: 0.848681 | folds: [0.848681, 0.845729, 0.847066, 0.820299, 0.821495]
  TABDPT Test Tuned RSF → mean: 0.813302 | std: 0.005718 | min: 0.804587 | max: 0.820008 | folds: [0.820008, 0.817193, 0.804587, 0.808783, 0.815940]
  TABDPT Train Vanilla → mean: 0.837307 | std: 0.010172 | min: 0.820186 | max: 0.852060 | folds: [0.837711, 0.820186, 0.852060, 0.839781, 0.836797]
  TABDPT Test Vanilla → mean: 0.794266 | std: 0.004024 | min: 0.788290 | max: 0.800263 | folds: [0.800263, 0.791832, 0.795004, 0.788290, 0.795943]
  TABDPT Train Simple → mean: 0.821512 | std: 0.009671 | min: 0.808140 | max: 0.829668 | folds: [0.811328, 0.829129, 0.829668, 0.829293, 0.808140]
  TABDPT Test Simple → mean: 0.777737 | std: 0.019823 | min: 0.746639 | max: 0.799964 | folds: [0.794397, 0.783734, 0.799964, 0.746639, 0.763950]
  TABDPT Train RSF → mean: 0.950317 | std: 0.000731 | min: 0.948888 | max: 0.950809 | folds: [0.950744, 0.948888, 0.950772, 0.950373, 0.950809]
  TABDPT Test RSF → mean: 0.801966 | std: 0.005478 | min: 0.794761 | max: 0.808756 | folds: [0.807957, 0.808756, 0.798649, 0.799708, 0.794761]
  TABDPT Train Cox → mean: 0.832106 | std: 0.001536 | min: 0.830570 | max: 0.834578 | folds: [0.831378, 0.830823, 0.834578, 0.833181, 0.830570]
  TABDPT Test Cox → mean: 0.783992 | std: 0.010509 | min: 0.768930 | max: 0.801577 | folds: [0.783007, 0.801577, 0.780584, 0.785861, 0.768930]
Result saved in 'results/HURRAH/tabdpt/results_cv_HURRAH_tabdpt_seed456.txt'
