/scratch.hpc/luca.cotugno/Foundation_model_clinical_data/src/tabicl/embedding.py:142: UserWarning: The given NumPy array is not writable, and PyTorch does not support non-writable tensors. This means writing to this tensor will result in undefined behavior. You may want to copy the array to protect its data or make it writable before converting it to a tensor. This type of warning will be suppressed for the rest of this program. (Triggered internally at /pytorch/torch/csrc/utils/tensor_numpy.cpp:213.)
  y_t = torch.from_numpy(y_ctx).long().unsqueeze(0).to(self.device)    # (1, ctx_size)
/scratch.hpc/luca.cotugno/Foundation_model_clinical_data/.venv/lib/python3.12/site-packages/sklearn/utils/validation.py:2684: UserWarning: X has feature names, but RandomSurvivalForest was fitted without feature names
  warnings.warn(
/scratch.hpc/luca.cotugno/Foundation_model_clinical_data/.venv/lib/python3.12/site-packages/sklearn/utils/validation.py:2684: UserWarning: X has feature names, but RandomSurvivalForest was fitted without feature names
  warnings.warn(
/scratch.hpc/luca.cotugno/Foundation_model_clinical_data/.venv/lib/python3.12/site-packages/sklearn/utils/validation.py:2684: UserWarning: X has feature names, but RandomSurvivalForest was fitted without feature names
  warnings.warn(
/scratch.hpc/luca.cotugno/Foundation_model_clinical_data/.venv/lib/python3.12/site-packages/sklearn/utils/validation.py:2684: UserWarning: X has feature names, but RandomSurvivalForest was fitted without feature names
  warnings.warn(
/scratch.hpc/luca.cotugno/Foundation_model_clinical_data/.venv/lib/python3.12/site-packages/sklearn/utils/validation.py:2684: UserWarning: X has feature names, but RandomSurvivalForest was fitted without feature names
  warnings.warn(
/scratch.hpc/luca.cotugno/Foundation_model_clinical_data/.venv/lib/python3.12/site-packages/sklearn/utils/validation.py:2684: UserWarning: X has feature names, but RandomSurvivalForest was fitted without feature names
  warnings.warn(
/scratch.hpc/luca.cotugno/Foundation_model_clinical_data/.venv/lib/python3.12/site-packages/sklearn/utils/validation.py:2684: UserWarning: X has feature names, but RandomSurvivalForest was fitted without feature names
  warnings.warn(
/scratch.hpc/luca.cotugno/Foundation_model_clinical_data/.venv/lib/python3.12/site-packages/sklearn/utils/validation.py:2684: UserWarning: X has feature names, but RandomSurvivalForest was fitted without feature names
  warnings.warn(
/scratch.hpc/luca.cotugno/Foundation_model_clinical_data/.venv/lib/python3.12/site-packages/sklearn/utils/validation.py:2684: UserWarning: X has feature names, but RandomSurvivalForest was fitted without feature names
  warnings.warn(
/scratch.hpc/luca.cotugno/Foundation_model_clinical_data/.venv/lib/python3.12/site-packages/sklearn/utils/validation.py:2684: UserWarning: X has feature names, but RandomSurvivalForest was fitted without feature names
  warnings.warn(
/scratch.hpc/luca.cotugno/Foundation_model_clinical_data/.venv/lib/python3.12/site-packages/sklearn/utils/validation.py:2684: UserWarning: X has feature names, but RandomSurvivalForest was fitted without feature names
  warnings.warn(
/scratch.hpc/luca.cotugno/Foundation_model_clinical_data/.venv/lib/python3.12/site-packages/sklearn/utils/validation.py:2684: UserWarning: X has feature names, but RandomSurvivalForest was fitted without feature names
  warnings.warn(
/scratch.hpc/luca.cotugno/Foundation_model_clinical_data/.venv/lib/python3.12/site-packages/sklearn/utils/validation.py:2684: UserWarning: X has feature names, but RandomSurvivalForest was fitted without feature names
  warnings.warn(
/scratch.hpc/luca.cotugno/Foundation_model_clinical_data/.venv/lib/python3.12/site-packages/sklearn/utils/validation.py:2684: UserWarning: X has feature names, but RandomSurvivalForest was fitted without feature names
  warnings.warn(
/scratch.hpc/luca.cotugno/Foundation_model_clinical_data/.venv/lib/python3.12/site-packages/sklearn/utils/validation.py:2684: UserWarning: X has feature names, but RandomSurvivalForest was fitted without feature names
  warnings.warn(
/scratch.hpc/luca.cotugno/Foundation_model_clinical_data/.venv/lib/python3.12/site-packages/sklearn/utils/validation.py:2684: UserWarning: X has feature names, but RandomSurvivalForest was fitted without feature names
  warnings.warn(
/scratch.hpc/luca.cotugno/Foundation_model_clinical_data/.venv/lib/python3.12/site-packages/sklearn/utils/validation.py:2684: UserWarning: X has feature names, but RandomSurvivalForest was fitted without feature names
  warnings.warn(
/scratch.hpc/luca.cotugno/Foundation_model_clinical_data/.venv/lib/python3.12/site-packages/sklearn/utils/validation.py:2684: UserWarning: X has feature names, but RandomSurvivalForest was fitted without feature names
  warnings.warn(
/scratch.hpc/luca.cotugno/Foundation_model_clinical_data/.venv/lib/python3.12/site-packages/sklearn/utils/validation.py:2684: UserWarning: X has feature names, but RandomSurvivalForest was fitted without feature names
  warnings.warn(
/scratch.hpc/luca.cotugno/Foundation_model_clinical_data/.venv/lib/python3.12/site-packages/sklearn/utils/validation.py:2684: UserWarning: X has feature names, but RandomSurvivalForest was fitted without feature names
  warnings.warn(
STARTED  model=tabicl  seed=123  tuning=False  shap=False


Preprocess: Replace NaN with -1
Loading existing folds from tmp/splits/OrmoniTirodei_seed123.pkl
X_train shape: (5161, 76), X_test shape: (1291, 76)
Generating TABICL Embeddings...
Warming up TabICL model (triggering checkpoint load)...
ARRIVATO QUI 1
Loading TabICL model checkpoint 'tabicl-classifier-v1.1-0506.ckpt'...
ARRIVATO QUI
Performing dummy prediction to ensure model is loaded...
Warming up TabICL model (triggering checkpoint load)...
ARRIVATO QUI 1
Loading TabICL model checkpoint 'tabicl-classifier-v1.1-0506.ckpt'...
ARRIVATO QUI
Performing dummy prediction to ensure model is loaded...
Successfully generated embeddings with shape: (5161, 512)
  [ckpt] Loading DeepSurv Simple from checkpoints/tabicl/OrmoniTirodei/-1/seed123/fold1/tabicl_deepsurv_simple.pt
C-index TRAIN: 0.9091
C-index TEST:  0.7205
  [ckpt] Loading DeepSurv Vanilla from checkpoints/tabicl/OrmoniTirodei/-1/seed123/fold1/tabicl_deepsurv_vanilla.pt
C-index TRAIN: 0.9224
C-index TEST:  0.7606
  [ckpt] Loading TABICL RSF from checkpoints/tabicl/OrmoniTirodei/-1/seed123/fold1/tabicl_rsf.pkl
C-index train: 0.9653
C-index test:  0.7273
  [ckpt] Loading TABICL Cox (embedding) from checkpoints/tabicl/OrmoniTirodei/-1/seed123/fold1/tabicl_tab_cox.pkl
C-index train: 0.9268
C-index test:  0.7440
  [ckpt] Loading DeepSurv Vanilla baseline from checkpoints/tabicl/OrmoniTirodei/-1/seed123/fold1/deepsurv_vanilla_baseline.pt
C-index TRAIN: 0.8084
C-index TEST:  0.7879
  [ckpt] Loading DeepSurv Simple baseline from checkpoints/tabicl/OrmoniTirodei/-1/seed123/fold1/deepsurv_simple_baseline.pt
C-index TRAIN: 0.7877
C-index TEST:  0.7689
  [ckpt] Loading RSF baseline from checkpoints/tabicl/OrmoniTirodei/-1/seed123/fold1/rsf_baseline.pkl
C-index train: 0.9083
C-index test:  0.7925
  [ckpt] Loading Cox baseline from checkpoints/tabicl/OrmoniTirodei/-1/seed123/fold1/tabicl_cox.pkl
C-index train: 0.8011
C-index test:  0.7873
X_train shape: (5161, 76), X_test shape: (1291, 76)
Generating TABICL Embeddings...
Warming up TabICL model (triggering checkpoint load)...
ARRIVATO QUI 1
Loading TabICL model checkpoint 'tabicl-classifier-v1.1-0506.ckpt'...
ARRIVATO QUI
Performing dummy prediction to ensure model is loaded...
Warming up TabICL model (triggering checkpoint load)...
ARRIVATO QUI 1
Loading TabICL model checkpoint 'tabicl-classifier-v1.1-0506.ckpt'...
ARRIVATO QUI
Performing dummy prediction to ensure model is loaded...
Successfully generated embeddings with shape: (5161, 512)
  [ckpt] Loading DeepSurv Simple from checkpoints/tabicl/OrmoniTirodei/-1/seed123/fold2/tabicl_deepsurv_simple.pt
C-index TRAIN: 0.9223
C-index TEST:  0.7343
  [ckpt] Loading DeepSurv Vanilla from checkpoints/tabicl/OrmoniTirodei/-1/seed123/fold2/tabicl_deepsurv_vanilla.pt
C-index TRAIN: 0.9173
C-index TEST:  0.7363
  [ckpt] Loading TABICL RSF from checkpoints/tabicl/OrmoniTirodei/-1/seed123/fold2/tabicl_rsf.pkl
C-index train: 0.9646
C-index test:  0.7466
  [ckpt] Loading TABICL Cox (embedding) from checkpoints/tabicl/OrmoniTirodei/-1/seed123/fold2/tabicl_tab_cox.pkl
C-index train: 0.9263
C-index test:  0.7436
  [ckpt] Loading DeepSurv Vanilla baseline from checkpoints/tabicl/OrmoniTirodei/-1/seed123/fold2/deepsurv_vanilla_baseline.pt
C-index TRAIN: 0.8096
C-index TEST:  0.7977
  [ckpt] Loading DeepSurv Simple baseline from checkpoints/tabicl/OrmoniTirodei/-1/seed123/fold2/deepsurv_simple_baseline.pt
C-index TRAIN: 0.7730
C-index TEST:  0.7883
  [ckpt] Loading RSF baseline from checkpoints/tabicl/OrmoniTirodei/-1/seed123/fold2/rsf_baseline.pkl
C-index train: 0.9092
C-index test:  0.7914
  [ckpt] Loading Cox baseline from checkpoints/tabicl/OrmoniTirodei/-1/seed123/fold2/tabicl_cox.pkl
C-index train: 0.8003
C-index test:  0.7982
X_train shape: (5162, 76), X_test shape: (1290, 76)
Generating TABICL Embeddings...
Warming up TabICL model (triggering checkpoint load)...
ARRIVATO QUI 1
Loading TabICL model checkpoint 'tabicl-classifier-v1.1-0506.ckpt'...
ARRIVATO QUI
Performing dummy prediction to ensure model is loaded...
Warming up TabICL model (triggering checkpoint load)...
ARRIVATO QUI 1
Loading TabICL model checkpoint 'tabicl-classifier-v1.1-0506.ckpt'...
ARRIVATO QUI
Performing dummy prediction to ensure model is loaded...
Successfully generated embeddings with shape: (5162, 512)
  [ckpt] Loading DeepSurv Simple from checkpoints/tabicl/OrmoniTirodei/-1/seed123/fold3/tabicl_deepsurv_simple.pt
C-index TRAIN: 0.9195
C-index TEST:  0.7270
  [ckpt] Loading DeepSurv Vanilla from checkpoints/tabicl/OrmoniTirodei/-1/seed123/fold3/tabicl_deepsurv_vanilla.pt
C-index TRAIN: 0.9229
C-index TEST:  0.7482
  [ckpt] Loading TABICL RSF from checkpoints/tabicl/OrmoniTirodei/-1/seed123/fold3/tabicl_rsf.pkl
C-index train: 0.9658
C-index test:  0.7305
  [ckpt] Loading TABICL Cox (embedding) from checkpoints/tabicl/OrmoniTirodei/-1/seed123/fold3/tabicl_tab_cox.pkl
C-index train: 0.9288
C-index test:  0.7422
  [ckpt] Loading DeepSurv Vanilla baseline from checkpoints/tabicl/OrmoniTirodei/-1/seed123/fold3/deepsurv_vanilla_baseline.pt
C-index TRAIN: 0.8080
C-index TEST:  0.7798
  [ckpt] Loading DeepSurv Simple baseline from checkpoints/tabicl/OrmoniTirodei/-1/seed123/fold3/deepsurv_simple_baseline.pt
C-index TRAIN: 0.7869
C-index TEST:  0.7678
  [ckpt] Loading RSF baseline from checkpoints/tabicl/OrmoniTirodei/-1/seed123/fold3/rsf_baseline.pkl
C-index train: 0.9105
C-index test:  0.7790
  [ckpt] Loading Cox baseline from checkpoints/tabicl/OrmoniTirodei/-1/seed123/fold3/tabicl_cox.pkl
C-index train: 0.8032
C-index test:  0.7835
X_train shape: (5162, 76), X_test shape: (1290, 76)
Generating TABICL Embeddings...
Warming up TabICL model (triggering checkpoint load)...
ARRIVATO QUI 1
Loading TabICL model checkpoint 'tabicl-classifier-v1.1-0506.ckpt'...
ARRIVATO QUI
Performing dummy prediction to ensure model is loaded...
Warming up TabICL model (triggering checkpoint load)...
ARRIVATO QUI 1
Loading TabICL model checkpoint 'tabicl-classifier-v1.1-0506.ckpt'...
ARRIVATO QUI
Performing dummy prediction to ensure model is loaded...
Successfully generated embeddings with shape: (5162, 512)
  [ckpt] Loading DeepSurv Simple from checkpoints/tabicl/OrmoniTirodei/-1/seed123/fold4/tabicl_deepsurv_simple.pt
C-index TRAIN: 0.9248
C-index TEST:  0.7583
  [ckpt] Loading DeepSurv Vanilla from checkpoints/tabicl/OrmoniTirodei/-1/seed123/fold4/tabicl_deepsurv_vanilla.pt
C-index TRAIN: 0.9212
C-index TEST:  0.7530
  [ckpt] Loading TABICL RSF from checkpoints/tabicl/OrmoniTirodei/-1/seed123/fold4/tabicl_rsf.pkl
C-index train: 0.9657
C-index test:  0.7524
  [ckpt] Loading TABICL Cox (embedding) from checkpoints/tabicl/OrmoniTirodei/-1/seed123/fold4/tabicl_tab_cox.pkl
C-index train: 0.9275
C-index test:  0.7527
  [ckpt] Loading DeepSurv Vanilla baseline from checkpoints/tabicl/OrmoniTirodei/-1/seed123/fold4/deepsurv_vanilla_baseline.pt
C-index TRAIN: 0.8048
C-index TEST:  0.8043
  [ckpt] Loading DeepSurv Simple baseline from checkpoints/tabicl/OrmoniTirodei/-1/seed123/fold4/deepsurv_simple_baseline.pt
C-index TRAIN: 0.7892
C-index TEST:  0.7946
  [ckpt] Loading RSF baseline from checkpoints/tabicl/OrmoniTirodei/-1/seed123/fold4/rsf_baseline.pkl
C-index train: 0.9062
C-index test:  0.8080
  [ckpt] Loading Cox baseline from checkpoints/tabicl/OrmoniTirodei/-1/seed123/fold4/tabicl_cox.pkl
C-index train: 0.7981
C-index test:  0.8023
X_train shape: (5162, 76), X_test shape: (1290, 76)
Generating TABICL Embeddings...
Warming up TabICL model (triggering checkpoint load)...
ARRIVATO QUI 1
Loading TabICL model checkpoint 'tabicl-classifier-v1.1-0506.ckpt'...
ARRIVATO QUI
Performing dummy prediction to ensure model is loaded...
Warming up TabICL model (triggering checkpoint load)...
ARRIVATO QUI 1
Loading TabICL model checkpoint 'tabicl-classifier-v1.1-0506.ckpt'...
ARRIVATO QUI
Performing dummy prediction to ensure model is loaded...
Successfully generated embeddings with shape: (5162, 512)
  [ckpt] Loading DeepSurv Simple from checkpoints/tabicl/OrmoniTirodei/-1/seed123/fold5/tabicl_deepsurv_simple.pt
C-index TRAIN: 0.9155
C-index TEST:  0.7316
  [ckpt] Loading DeepSurv Vanilla from checkpoints/tabicl/OrmoniTirodei/-1/seed123/fold5/tabicl_deepsurv_vanilla.pt
C-index TRAIN: 0.9242
C-index TEST:  0.7566
  [ckpt] Loading TABICL RSF from checkpoints/tabicl/OrmoniTirodei/-1/seed123/fold5/tabicl_rsf.pkl
C-index train: 0.9644
C-index test:  0.7361
  [ckpt] Loading TABICL Cox (embedding) from checkpoints/tabicl/OrmoniTirodei/-1/seed123/fold5/tabicl_tab_cox.pkl
C-index train: 0.9259
C-index test:  0.7617
  [ckpt] Loading DeepSurv Vanilla baseline from checkpoints/tabicl/OrmoniTirodei/-1/seed123/fold5/deepsurv_vanilla_baseline.pt
C-index TRAIN: 0.8046
C-index TEST:  0.7980
  [ckpt] Loading DeepSurv Simple baseline from checkpoints/tabicl/OrmoniTirodei/-1/seed123/fold5/deepsurv_simple_baseline.pt
C-index TRAIN: 0.7831
C-index TEST:  0.7784
  [ckpt] Loading RSF baseline from checkpoints/tabicl/OrmoniTirodei/-1/seed123/fold5/rsf_baseline.pkl
C-index train: 0.9074
C-index test:  0.8052
  [ckpt] Loading Cox baseline from checkpoints/tabicl/OrmoniTirodei/-1/seed123/fold5/tabicl_cox.pkl
C-index train: 0.7999
C-index test:  0.8029


Preprocess: Keep NaN
Loading existing folds from tmp/splits/OrmoniTirodei_seed123.pkl
X_train shape: (5161, 76), X_test shape: (1291, 76)
Generating TABICL Embeddings...
Warming up TabICL model (triggering checkpoint load)...
ARRIVATO QUI 1
Loading TabICL model checkpoint 'tabicl-classifier-v1.1-0506.ckpt'...
ARRIVATO QUI
Performing dummy prediction to ensure model is loaded...
Warming up TabICL model (triggering checkpoint load)...
ARRIVATO QUI 1
Loading TabICL model checkpoint 'tabicl-classifier-v1.1-0506.ckpt'...
ARRIVATO QUI
Performing dummy prediction to ensure model is loaded...
Successfully generated embeddings with shape: (5161, 512)
  [ckpt] Loading DeepSurv Simple from checkpoints/tabicl/OrmoniTirodei/NaN/seed123/fold1/tabicl_deepsurv_simple.pt
C-index TRAIN: 0.9235
C-index TEST:  0.7384
  [ckpt] Loading DeepSurv Vanilla from checkpoints/tabicl/OrmoniTirodei/NaN/seed123/fold1/tabicl_deepsurv_vanilla.pt
C-index TRAIN: 0.9174
C-index TEST:  0.7572
  [ckpt] Loading TABICL RSF from checkpoints/tabicl/OrmoniTirodei/NaN/seed123/fold1/tabicl_rsf.pkl
C-index train: 0.9636
C-index test:  0.7439
  [ckpt] Loading TABICL Cox (embedding) from checkpoints/tabicl/OrmoniTirodei/NaN/seed123/fold1/tabicl_tab_cox.pkl
C-index train: 0.9259
C-index test:  0.7406
X_train shape: (5161, 76), X_test shape: (1291, 76)
Generating TABICL Embeddings...
Warming up TabICL model (triggering checkpoint load)...
ARRIVATO QUI 1
Loading TabICL model checkpoint 'tabicl-classifier-v1.1-0506.ckpt'...
ARRIVATO QUI
Performing dummy prediction to ensure model is loaded...
Warming up TabICL model (triggering checkpoint load)...
ARRIVATO QUI 1
Loading TabICL model checkpoint 'tabicl-classifier-v1.1-0506.ckpt'...
ARRIVATO QUI
Performing dummy prediction to ensure model is loaded...
Successfully generated embeddings with shape: (5161, 512)
  [ckpt] Loading DeepSurv Simple from checkpoints/tabicl/OrmoniTirodei/NaN/seed123/fold2/tabicl_deepsurv_simple.pt
C-index TRAIN: 0.9189
C-index TEST:  0.7591
  [ckpt] Loading DeepSurv Vanilla from checkpoints/tabicl/OrmoniTirodei/NaN/seed123/fold2/tabicl_deepsurv_vanilla.pt
C-index TRAIN: 0.9208
C-index TEST:  0.7466
  [ckpt] Loading TABICL RSF from checkpoints/tabicl/OrmoniTirodei/NaN/seed123/fold2/tabicl_rsf.pkl
C-index train: 0.9641
C-index test:  0.7489
  [ckpt] Loading TABICL Cox (embedding) from checkpoints/tabicl/OrmoniTirodei/NaN/seed123/fold2/tabicl_tab_cox.pkl
C-index train: 0.9244
C-index test:  0.7544
X_train shape: (5162, 76), X_test shape: (1290, 76)
Generating TABICL Embeddings...
Warming up TabICL model (triggering checkpoint load)...
ARRIVATO QUI 1
Loading TabICL model checkpoint 'tabicl-classifier-v1.1-0506.ckpt'...
ARRIVATO QUI
Performing dummy prediction to ensure model is loaded...
Warming up TabICL model (triggering checkpoint load)...
ARRIVATO QUI 1
Loading TabICL model checkpoint 'tabicl-classifier-v1.1-0506.ckpt'...
ARRIVATO QUI
Performing dummy prediction to ensure model is loaded...
Successfully generated embeddings with shape: (5162, 512)
  [ckpt] Loading DeepSurv Simple from checkpoints/tabicl/OrmoniTirodei/NaN/seed123/fold3/tabicl_deepsurv_simple.pt
C-index TRAIN: 0.9214
C-index TEST:  0.7419
  [ckpt] Loading DeepSurv Vanilla from checkpoints/tabicl/OrmoniTirodei/NaN/seed123/fold3/tabicl_deepsurv_vanilla.pt
C-index TRAIN: 0.9221
C-index TEST:  0.7416
  [ckpt] Loading TABICL RSF from checkpoints/tabicl/OrmoniTirodei/NaN/seed123/fold3/tabicl_rsf.pkl
C-index train: 0.9640
C-index test:  0.7433
  [ckpt] Loading TABICL Cox (embedding) from checkpoints/tabicl/OrmoniTirodei/NaN/seed123/fold3/tabicl_tab_cox.pkl
C-index train: 0.9265
C-index test:  0.7323
X_train shape: (5162, 76), X_test shape: (1290, 76)
Generating TABICL Embeddings...
Warming up TabICL model (triggering checkpoint load)...
ARRIVATO QUI 1
Loading TabICL model checkpoint 'tabicl-classifier-v1.1-0506.ckpt'...
ARRIVATO QUI
Performing dummy prediction to ensure model is loaded...
Warming up TabICL model (triggering checkpoint load)...
ARRIVATO QUI 1
Loading TabICL model checkpoint 'tabicl-classifier-v1.1-0506.ckpt'...
ARRIVATO QUI
Performing dummy prediction to ensure model is loaded...
Successfully generated embeddings with shape: (5162, 512)
  [ckpt] Loading DeepSurv Simple from checkpoints/tabicl/OrmoniTirodei/NaN/seed123/fold4/tabicl_deepsurv_simple.pt
C-index TRAIN: 0.9238
C-index TEST:  0.7509
  [ckpt] Loading DeepSurv Vanilla from checkpoints/tabicl/OrmoniTirodei/NaN/seed123/fold4/tabicl_deepsurv_vanilla.pt
C-index TRAIN: 0.9222
C-index TEST:  0.7675
  [ckpt] Loading TABICL RSF from checkpoints/tabicl/OrmoniTirodei/NaN/seed123/fold4/tabicl_rsf.pkl
C-index train: 0.9627
C-index test:  0.7662
  Fitting TABICL Cox (embedding)...
C-index train: 0.9253
C-index test:  0.7548
  [surv] Saved → survival_predictions/tabicl/OrmoniTirodei/NaN/seed123/fold4/tabicl_cox.pkl
X_train shape: (5162, 76), X_test shape: (1290, 76)
Generating TABICL Embeddings...
Warming up TabICL model (triggering checkpoint load)...
ARRIVATO QUI 1
Loading TabICL model checkpoint 'tabicl-classifier-v1.1-0506.ckpt'...
ARRIVATO QUI
Performing dummy prediction to ensure model is loaded...
Warming up TabICL model (triggering checkpoint load)...
ARRIVATO QUI 1
Loading TabICL model checkpoint 'tabicl-classifier-v1.1-0506.ckpt'...
ARRIVATO QUI
Performing dummy prediction to ensure model is loaded...
Successfully generated embeddings with shape: (5162, 512)
0:	[1s / 1s],		train_loss: 3.5398,	val_loss: 6.5860
1:	[0s / 1s],		train_loss: 3.3194,	val_loss: 6.6715
2:	[0s / 1s],		train_loss: 3.3597,	val_loss: 6.6100
3:	[0s / 1s],		train_loss: 3.2704,	val_loss: 6.5191
4:	[0s / 2s],		train_loss: 3.2631,	val_loss: 6.5170
5:	[0s / 2s],		train_loss: 3.2464,	val_loss: 6.5663
6:	[0s / 2s],		train_loss: 3.2446,	val_loss: 7.0352
7:	[0s / 2s],		train_loss: 3.3247,	val_loss: 6.6770
8:	[0s / 2s],		train_loss: 3.2457,	val_loss: 6.6425
9:	[0s / 2s],		train_loss: 3.2550,	val_loss: 6.5722
10:	[0s / 2s],		train_loss: 3.2393,	val_loss: 6.5563
11:	[0s / 2s],		train_loss: 3.2126,	val_loss: 6.6998
12:	[0s / 2s],		train_loss: 3.2069,	val_loss: 6.5705
13:	[0s / 2s],		train_loss: 3.1909,	val_loss: 6.6286
14:	[0s / 2s],		train_loss: 3.2198,	val_loss: 6.5581
15:	[0s / 2s],		train_loss: 3.2071,	val_loss: 6.6491
16:	[0s / 3s],		train_loss: 3.1906,	val_loss: 6.6462
17:	[0s / 3s],		train_loss: 3.2052,	val_loss: 6.6701
18:	[0s / 3s],		train_loss: 3.2029,	val_loss: 6.7029
19:	[0s / 3s],		train_loss: 3.2413,	val_loss: 6.5656
20:	[0s / 3s],		train_loss: 3.2185,	val_loss: 6.5972
21:	[0s / 3s],		train_loss: 3.2475,	val_loss: 6.6597
22:	[0s / 3s],		train_loss: 3.2553,	val_loss: 6.6323
23:	[0s / 3s],		train_loss: 3.2082,	val_loss: 6.7594
24:	[0s / 3s],		train_loss: 3.2057,	val_loss: 7.2076
C-index TRAIN: 0.9215
C-index TEST:  0.7356
  [surv] Saved → survival_predictions/tabicl/OrmoniTirodei/NaN/seed123/fold5/tabicl_deepsurv_simple.pkl
0:	[0s / 0s],		train_loss: 3.5018,	val_loss: 6.5418
1:	[0s / 0s],		train_loss: 3.3290,	val_loss: 6.6121
2:	[0s / 0s],		train_loss: 3.3156,	val_loss: 6.5743
3:	[0s / 0s],		train_loss: 3.2879,	val_loss: 6.6387
4:	[0s / 0s],		train_loss: 3.2931,	val_loss: 6.5950
5:	[0s / 0s],		train_loss: 3.2558,	val_loss: 6.4749
6:	[0s / 0s],		train_loss: 3.2646,	val_loss: 6.5164
7:	[0s / 1s],		train_loss: 3.2441,	val_loss: 6.7249
8:	[0s / 1s],		train_loss: 3.2522,	val_loss: 6.6909
9:	[0s / 1s],		train_loss: 3.2244,	val_loss: 6.8291
10:	[0s / 1s],		train_loss: 3.2103,	val_loss: 6.6755
11:	[0s / 1s],		train_loss: 3.1977,	val_loss: 6.6394
12:	[0s / 1s],		train_loss: 3.2267,	val_loss: 6.5722
13:	[0s / 1s],		train_loss: 3.2151,	val_loss: 7.3415
14:	[0s / 1s],		train_loss: 3.1736,	val_loss: 6.8102
15:	[0s / 1s],		train_loss: 3.2010,	val_loss: 7.0117
16:	[0s / 2s],		train_loss: 3.1896,	val_loss: 6.8657
17:	[0s / 2s],		train_loss: 3.1938,	val_loss: 7.0787
18:	[0s / 2s],		train_loss: 3.1677,	val_loss: 7.4381
19:	[0s / 2s],		train_loss: 3.1980,	val_loss: 7.0853
20:	[0s / 2s],		train_loss: 3.1784,	val_loss: 7.2120
21:	[0s / 2s],		train_loss: 3.1655,	val_loss: 7.2906
22:	[0s / 2s],		train_loss: 3.1618,	val_loss: 7.1598
23:	[0s / 2s],		train_loss: 3.1627,	val_loss: 7.0403
24:	[0s / 2s],		train_loss: 3.1278,	val_loss: 7.1427
25:	[0s / 2s],		train_loss: 3.1370,	val_loss: 7.2238
C-index TRAIN: 0.9179
C-index TEST:  0.7619
  [surv] Saved → survival_predictions/tabicl/OrmoniTirodei/NaN/seed123/fold5/tabicl_deepsurv_vanilla.pkl
  [ckpt] TABICL RSF saved → checkpoints/tabicl/OrmoniTirodei/NaN/seed123/fold5/tabicl_rsf.pkl
C-index train: 0.9631
C-index test:  0.7390
  [surv] Saved → survival_predictions/tabicl/OrmoniTirodei/NaN/seed123/fold5/tabicl_rsf.pkl
  Fitting TABICL Cox (embedding)...
C-index train: 0.9236
C-index test:  0.7489
  [surv] Saved → survival_predictions/tabicl/OrmoniTirodei/NaN/seed123/fold5/tabicl_cox.pkl

  Preprocess: -1 | Seed: 123
  TABICL Train Vanilla → mean: 0.921604 | std: 0.002353 | min: 0.917318 | max: 0.924202
  TABICL Test Vanilla → mean: 0.750932 | std: 0.008398 | min: 0.736284 | max: 0.760632
  TABICL Train Simple → mean: 0.918235 | std: 0.005518 | min: 0.909097 | max: 0.924817
  TABICL Test Simple → mean: 0.734327 | std: 0.012850 | min: 0.720530 | max: 0.758274
  TABICL Train RSF → mean: 0.965178 | std: 0.000556 | min: 0.964441 | max: 0.965836
  TABICL Test RSF → mean: 0.738579 | std: 0.009525 | min: 0.727316 | max: 0.752356
  TABICL Train Cox → mean: 0.927075 | std: 0.001025 | min: 0.925899 | max: 0.928821
  TABICL Test Cox → mean: 0.748824 | std: 0.007414 | min: 0.742180 | max: 0.761650
  Train DeepSurv Vanilla → mean: 0.807079 | std: 0.002004 | min: 0.804597 | max: 0.809621
  Test DeepSurv Vanilla → mean: 0.793523 | std: 0.008648 | min: 0.779787 | max: 0.804300
  Train DeepSurv Simple → mean: 0.783995 | std: 0.005844 | min: 0.773008 | max: 0.789168
  Test DeepSurv Simple → mean: 0.779621 | std: 0.010552 | min: 0.767815 | max: 0.794634
  Train RSF  → mean: 0.908326 | std: 0.001484 | min: 0.906208 | max: 0.910528
  Test RSF   → mean: 0.795231 | std: 0.010470 | min: 0.779000 | max: 0.807997
  Train Cox  → mean: 0.800512 | std: 0.001650 | min: 0.798134 | max: 0.803197
  Test Cox   → mean: 0.794854 | std: 0.007954 | min: 0.783536 | max: 0.802912

  Preprocess: NaN | Seed: 123
  TABICL Train Vanilla → mean: 0.920082 | std: 0.002058 | min: 0.917354 | max: 0.922209
  TABICL Test Vanilla → mean: 0.754962 | std: 0.009569 | min: 0.741617 | max: 0.767482
  TABICL Train Simple → mean: 0.921834 | std: 0.001768 | min: 0.918935 | max: 0.923847
  TABICL Test Simple → mean: 0.745163 | std: 0.008659 | min: 0.735578 | max: 0.759088
  TABICL Train RSF → mean: 0.963491 | std: 0.000536 | min: 0.962703 | max: 0.964072
  TABICL Test RSF → mean: 0.748248 | std: 0.009510 | min: 0.738965 | max: 0.766187
  TABICL Train Cox → mean: 0.925114 | std: 0.001038 | min: 0.923568 | max: 0.926461
  TABICL Test Cox → mean: 0.746194 | std: 0.008616 | min: 0.732331 | max: 0.754786
Result saved in 'results/OrmoniTirodei/tabicl/results_cv_OrmoniTirodei_tabicl_seed123.txt'


Preprocess: Replace NaN with -1
Loading existing folds from tmp/splits/HURRAH_seed123.pkl
X_train shape: (13566, 61), X_test shape: (3392, 61)
Generating TABICL Embeddings...
Warming up TabICL model (triggering checkpoint load)...
ARRIVATO QUI 1
Loading TabICL model checkpoint 'tabicl-classifier-v1.1-0506.ckpt'...
ARRIVATO QUI
Performing dummy prediction to ensure model is loaded...
Warming up TabICL model (triggering checkpoint load)...
ARRIVATO QUI 1
Loading TabICL model checkpoint 'tabicl-classifier-v1.1-0506.ckpt'...
ARRIVATO QUI
Performing dummy prediction to ensure model is loaded...
Successfully generated embeddings with shape: (13566, 512)
0:	[0s / 0s],		train_loss: 2.8814,	val_loss: 7.6977
1:	[0s / 0s],		train_loss: 2.6442,	val_loss: 7.9704
2:	[0s / 0s],		train_loss: 2.5917,	val_loss: 8.0732
3:	[0s / 0s],		train_loss: 2.5561,	val_loss: 7.8861
4:	[0s / 1s],		train_loss: 2.6177,	val_loss: 8.1121
5:	[0s / 1s],		train_loss: 2.5711,	val_loss: 7.9512
6:	[0s / 1s],		train_loss: 2.6578,	val_loss: 7.9887
7:	[0s / 1s],		train_loss: 2.5727,	val_loss: 8.2304
8:	[0s / 1s],		train_loss: 2.5609,	val_loss: 8.3627
9:	[0s / 2s],		train_loss: 2.5599,	val_loss: 8.4471
10:	[0s / 2s],		train_loss: 2.5241,	val_loss: 8.2958
11:	[0s / 2s],		train_loss: 2.5396,	val_loss: 8.7522
12:	[0s / 2s],		train_loss: 2.5367,	val_loss: 8.6032
13:	[0s / 2s],		train_loss: 2.5168,	val_loss: 8.0696
14:	[0s / 3s],		train_loss: 2.5264,	val_loss: 8.6118
15:	[0s / 3s],		train_loss: 2.5396,	val_loss: 8.5761
16:	[0s / 3s],		train_loss: 2.5820,	val_loss: 8.8948
17:	[0s / 3s],		train_loss: 2.5234,	val_loss: 8.6411
18:	[0s / 3s],		train_loss: 2.5679,	val_loss: 8.1206
19:	[0s / 4s],		train_loss: 2.5475,	val_loss: 8.1894
20:	[0s / 4s],		train_loss: 2.6121,	val_loss: 8.2488
C-index TRAIN: 0.9624
C-index TEST:  0.7644
  [surv] Saved → survival_predictions/tabicl/HURRAH/-1/seed123/fold1/tabicl_deepsurv_simple.pkl
0:	[0s / 0s],		train_loss: 2.9111,	val_loss: 7.7844
1:	[0s / 0s],		train_loss: 2.6933,	val_loss: 7.5527
2:	[0s / 0s],		train_loss: 2.6594,	val_loss: 7.6607
3:	[0s / 1s],		train_loss: 2.6131,	val_loss: 7.7120
4:	[0s / 1s],		train_loss: 2.5757,	val_loss: 8.3144
5:	[0s / 1s],		train_loss: 2.5431,	val_loss: 8.0990
6:	[0s / 1s],		train_loss: 2.5388,	val_loss: 8.0356
7:	[0s / 2s],		train_loss: 2.5072,	val_loss: 7.7891
8:	[0s / 2s],		train_loss: 2.4938,	val_loss: 8.6626
9:	[0s / 2s],		train_loss: 2.5074,	val_loss: 7.6584
10:	[0s / 2s],		train_loss: 2.4811,	val_loss: 7.6127
11:	[0s / 3s],		train_loss: 2.4949,	val_loss: 8.1132
12:	[0s / 3s],		train_loss: 2.4909,	val_loss: 8.7589
13:	[0s / 3s],		train_loss: 2.4830,	val_loss: 7.9059
14:	[0s / 3s],		train_loss: 2.4852,	val_loss: 8.3977
15:	[0s / 4s],		train_loss: 2.4852,	val_loss: 8.1652
16:	[0s / 4s],		train_loss: 2.4668,	val_loss: 8.0230
17:	[0s / 4s],		train_loss: 2.4713,	val_loss: 8.3298
18:	[0s / 4s],		train_loss: 2.4756,	val_loss: 8.1861
19:	[0s / 5s],		train_loss: 2.4537,	val_loss: 8.4571
20:	[0s / 5s],		train_loss: 2.4755,	val_loss: 8.1585
21:	[0s / 5s],		train_loss: 2.4596,	val_loss: 8.3781
C-index TRAIN: 0.9623
C-index TEST:  0.7563
  [surv] Saved → survival_predictions/tabicl/HURRAH/-1/seed123/fold1/tabicl_deepsurv_vanilla.pkl
  [ckpt] TABICL RSF saved → checkpoints/tabicl/HURRAH/-1/seed123/fold1/tabicl_rsf.pkl
C-index train: 0.9837
C-index test:  0.7400
  [surv] Saved → survival_predictions/tabicl/HURRAH/-1/seed123/fold1/tabicl_rsf.pkl
  Fitting TABICL Cox (embedding)...
C-index train: 0.9650
C-index test:  0.7545
  [surv] Saved → survival_predictions/tabicl/HURRAH/-1/seed123/fold1/tabicl_cox.pkl
0:	[0s / 0s],		train_loss: 4.6931,	val_loss: 7.1848
1:	[0s / 0s],		train_loss: 4.4413,	val_loss: 7.1809
2:	[0s / 0s],		train_loss: 4.3669,	val_loss: 7.0974
3:	[0s / 1s],		train_loss: 4.3605,	val_loss: 7.1186
4:	[0s / 1s],		train_loss: 4.3428,	val_loss: 7.1052
5:	[0s / 1s],		train_loss: 4.3333,	val_loss: 7.0621
6:	[0s / 1s],		train_loss: 4.3212,	val_loss: 7.0802
7:	[0s / 2s],		train_loss: 4.3019,	val_loss: 7.0577
8:	[0s / 2s],		train_loss: 4.3088,	val_loss: 7.0548
9:	[0s / 2s],		train_loss: 4.3197,	val_loss: 7.0484
10:	[0s / 2s],		train_loss: 4.3017,	val_loss: 7.0397
11:	[0s / 3s],		train_loss: 4.2944,	val_loss: 7.0867
12:	[0s / 3s],		train_loss: 4.2759,	val_loss: 7.0421
13:	[0s / 3s],		train_loss: 4.3024,	val_loss: 7.0416
14:	[0s / 3s],		train_loss: 4.2919,	val_loss: 7.0857
15:	[0s / 4s],		train_loss: 4.2853,	val_loss: 7.0221
16:	[0s / 4s],		train_loss: 4.2678,	val_loss: 7.0236
17:	[0s / 4s],		train_loss: 4.2650,	val_loss: 7.0190
18:	[0s / 4s],		train_loss: 4.2698,	val_loss: 7.0182
19:	[0s / 5s],		train_loss: 4.2473,	val_loss: 6.9875
20:	[0s / 5s],		train_loss: 4.2353,	val_loss: 7.0167
21:	[0s / 5s],		train_loss: 4.2400,	val_loss: 7.0252
22:	[0s / 5s],		train_loss: 4.2598,	val_loss: 7.0066
23:	[0s / 6s],		train_loss: 4.2621,	val_loss: 7.0360
24:	[0s / 6s],		train_loss: 4.2304,	val_loss: 6.9834
25:	[0s / 6s],		train_loss: 4.2507,	val_loss: 7.0361
26:	[0s / 6s],		train_loss: 4.2361,	val_loss: 6.9905
27:	[0s / 7s],		train_loss: 4.2266,	val_loss: 7.0026
28:	[0s / 7s],		train_loss: 4.2251,	val_loss: 7.0352
29:	[0s / 7s],		train_loss: 4.2263,	val_loss: 6.9700
30:	[0s / 8s],		train_loss: 4.2361,	val_loss: 6.9889
31:	[0s / 8s],		train_loss: 4.2355,	val_loss: 6.9921
32:	[0s / 8s],		train_loss: 4.2315,	val_loss: 7.0062
33:	[0s / 8s],		train_loss: 4.2238,	val_loss: 7.0216
34:	[0s / 9s],		train_loss: 4.2156,	val_loss: 6.9971
35:	[0s / 9s],		train_loss: 4.2299,	val_loss: 6.9880
36:	[0s / 9s],		train_loss: 4.2080,	val_loss: 7.0103
37:	[0s / 9s],		train_loss: 4.1978,	val_loss: 6.9911
38:	[0s / 10s],		train_loss: 4.2136,	val_loss: 6.9958
39:	[0s / 10s],		train_loss: 4.1981,	val_loss: 6.9701
40:	[0s / 10s],		train_loss: 4.2069,	val_loss: 6.9630
41:	[0s / 10s],		train_loss: 4.1952,	val_loss: 6.9918
42:	[0s / 11s],		train_loss: 4.1913,	val_loss: 7.0262
43:	[0s / 11s],		train_loss: 4.2114,	val_loss: 6.9900
44:	[0s / 11s],		train_loss: 4.2078,	val_loss: 6.9729
45:	[0s / 11s],		train_loss: 4.1988,	val_loss: 6.9559
46:	[0s / 12s],		train_loss: 4.2046,	val_loss: 7.0103
47:	[0s / 12s],		train_loss: 4.2013,	val_loss: 6.9898
48:	[0s / 12s],		train_loss: 4.1969,	val_loss: 6.9855
49:	[0s / 12s],		train_loss: 4.1922,	val_loss: 7.0253
50:	[0s / 13s],		train_loss: 4.1974,	val_loss: 6.9593
51:	[0s / 13s],		train_loss: 4.2001,	val_loss: 6.9851
52:	[0s / 13s],		train_loss: 4.1910,	val_loss: 7.0288
53:	[0s / 13s],		train_loss: 4.1894,	val_loss: 6.9732
54:	[0s / 14s],		train_loss: 4.1927,	val_loss: 7.0013
55:	[0s / 14s],		train_loss: 4.1920,	val_loss: 7.0956
56:	[0s / 14s],		train_loss: 4.1942,	val_loss: 7.0053
57:	[0s / 14s],		train_loss: 4.1835,	val_loss: 6.9653
58:	[0s / 15s],		train_loss: 4.1926,	val_loss: 6.9728
59:	[0s / 15s],		train_loss: 4.1934,	val_loss: 7.0121
60:	[0s / 15s],		train_loss: 4.1866,	val_loss: 6.9860
61:	[0s / 15s],		train_loss: 4.1841,	val_loss: 6.9885
62:	[0s / 16s],		train_loss: 4.1925,	val_loss: 6.9756
63:	[0s / 16s],		train_loss: 4.1776,	val_loss: 6.9666
64:	[0s / 16s],		train_loss: 4.1996,	val_loss: 6.9496
65:	[0s / 16s],		train_loss: 4.1950,	val_loss: 7.0047
66:	[0s / 17s],		train_loss: 4.1851,	val_loss: 6.9854
67:	[0s / 17s],		train_loss: 4.1847,	val_loss: 6.9891
68:	[0s / 17s],		train_loss: 4.1721,	val_loss: 6.9571
69:	[0s / 18s],		train_loss: 4.1762,	val_loss: 6.9823
70:	[0s / 18s],		train_loss: 4.1803,	val_loss: 6.9518
71:	[0s / 18s],		train_loss: 4.1779,	val_loss: 7.0019
72:	[0s / 18s],		train_loss: 4.1902,	val_loss: 6.9522
73:	[0s / 19s],		train_loss: 4.1768,	val_loss: 6.9970
74:	[0s / 19s],		train_loss: 4.1829,	val_loss: 6.9823
75:	[0s / 19s],		train_loss: 4.1795,	val_loss: 6.9466
76:	[0s / 19s],		train_loss: 4.1697,	val_loss: 6.9674
77:	[0s / 20s],		train_loss: 4.1688,	val_loss: 6.9686
78:	[0s / 20s],		train_loss: 4.1624,	val_loss: 7.0831
79:	[0s / 20s],		train_loss: 4.1761,	val_loss: 6.9600
80:	[0s / 20s],		train_loss: 4.1850,	val_loss: 6.9585
81:	[0s / 21s],		train_loss: 4.1540,	val_loss: 6.9609
82:	[0s / 21s],		train_loss: 4.1677,	val_loss: 6.9539
83:	[0s / 21s],		train_loss: 4.1814,	val_loss: 7.0223
84:	[0s / 21s],		train_loss: 4.1800,	val_loss: 6.9658
85:	[0s / 22s],		train_loss: 4.1577,	val_loss: 6.9566
86:	[0s / 22s],		train_loss: 4.1560,	val_loss: 6.9633
87:	[0s / 22s],		train_loss: 4.1771,	val_loss: 7.0114
88:	[0s / 22s],		train_loss: 4.1574,	val_loss: 6.9848
89:	[0s / 23s],		train_loss: 4.1767,	val_loss: 6.9711
90:	[0s / 23s],		train_loss: 4.1798,	val_loss: 6.9595
91:	[0s / 23s],		train_loss: 4.1612,	val_loss: 6.9625
92:	[0s / 23s],		train_loss: 4.1687,	val_loss: 6.9348
93:	[0s / 24s],		train_loss: 4.1629,	val_loss: 7.0238
94:	[0s / 24s],		train_loss: 4.1650,	val_loss: 6.9504
95:	[0s / 24s],		train_loss: 4.1558,	val_loss: 7.0258
96:	[0s / 24s],		train_loss: 4.1585,	val_loss: 7.0716
97:	[0s / 25s],		train_loss: 4.1446,	val_loss: 6.9939
98:	[0s / 25s],		train_loss: 4.1683,	val_loss: 6.9999
99:	[0s / 25s],		train_loss: 4.1728,	val_loss: 6.9621
C-index TRAIN: 0.8665
C-index TEST:  0.8520
  [surv] Saved → survival_predictions/tabicl/HURRAH/-1/seed123/fold1/deepsurv_vanilla.pkl
0:	[0s / 0s],		train_loss: 7.6212,	val_loss: 7.2585
1:	[0s / 0s],		train_loss: 4.4407,	val_loss: 7.1695
2:	[0s / 0s],		train_loss: 4.4356,	val_loss: 7.1788
3:	[0s / 0s],		train_loss: 4.3856,	val_loss: 7.1676
4:	[0s / 0s],		train_loss: 4.3719,	val_loss: 7.0824
5:	[0s / 1s],		train_loss: 4.4889,	val_loss: 7.1055
6:	[0s / 1s],		train_loss: 4.3574,	val_loss: 7.2042
7:	[0s / 1s],		train_loss: 4.3581,	val_loss: 7.0765
8:	[0s / 1s],		train_loss: 4.3483,	val_loss: 7.0672
9:	[0s / 1s],		train_loss: 4.3956,	val_loss: 7.1357
10:	[0s / 2s],		train_loss: 4.4187,	val_loss: 7.2393
11:	[0s / 2s],		train_loss: 4.3736,	val_loss: 7.1814
12:	[0s / 2s],		train_loss: 4.3935,	val_loss: 7.2991
13:	[0s / 2s],		train_loss: 4.6082,	val_loss: 7.1224
14:	[0s / 2s],		train_loss: 4.4188,	val_loss: 7.3299
15:	[0s / 3s],		train_loss: 4.3716,	val_loss: 7.2075
16:	[0s / 3s],		train_loss: 4.4262,	val_loss: 7.1168
17:	[0s / 3s],		train_loss: 4.4621,	val_loss: 7.2542
18:	[0s / 3s],		train_loss: 4.4279,	val_loss: 7.1073
19:	[0s / 3s],		train_loss: 4.4690,	val_loss: 7.4039
20:	[0s / 3s],		train_loss: 4.4383,	val_loss: 7.1948
21:	[0s / 4s],		train_loss: 4.4126,	val_loss: 7.1430
22:	[0s / 4s],		train_loss: 4.3740,	val_loss: 7.0986
23:	[0s / 4s],		train_loss: 4.3765,	val_loss: 7.1103
24:	[0s / 4s],		train_loss: 4.3823,	val_loss: 7.0774
25:	[0s / 4s],		train_loss: 4.4251,	val_loss: 7.1410
26:	[0s / 5s],		train_loss: 4.5319,	val_loss: 7.3514
27:	[0s / 5s],		train_loss: 4.4025,	val_loss: 7.1749
28:	[0s / 5s],		train_loss: 4.4247,	val_loss: 7.0987
C-index TRAIN: 0.8346
C-index TEST:  0.8317
  [surv] Saved → survival_predictions/tabicl/HURRAH/-1/seed123/fold1/deepsurv_simple.pkl
  [ckpt] RSF baseline saved → checkpoints/tabicl/HURRAH/-1/seed123/fold1/rsf_baseline.pkl
C-index train: 0.9425
C-index test:  0.8397
  [surv] Saved → survival_predictions/tabicl/HURRAH/-1/seed123/fold1/rsf.pkl
  Fitting Cox baseline...
C-index train: 0.8294
C-index test:  0.8222
  [surv] Saved → survival_predictions/tabicl/HURRAH/-1/seed123/fold1/cox.pkl
X_train shape: (13566, 61), X_test shape: (3392, 61)
Generating TABICL Embeddings...
Warming up TabICL model (triggering checkpoint load)...
ARRIVATO QUI 1
Loading TabICL model checkpoint 'tabicl-classifier-v1.1-0506.ckpt'...
ARRIVATO QUI
Performing dummy prediction to ensure model is loaded...
Warming up TabICL model (triggering checkpoint load)...
ARRIVATO QUI 1
Loading TabICL model checkpoint 'tabicl-classifier-v1.1-0506.ckpt'...
ARRIVATO QUI
Performing dummy prediction to ensure model is loaded...
Successfully generated embeddings with shape: (13566, 512)
0:	[0s / 0s],		train_loss: 2.9638,	val_loss: 7.5890
1:	[0s / 0s],		train_loss: 2.6172,	val_loss: 7.9497
2:	[0s / 0s],		train_loss: 2.6000,	val_loss: 7.8749
3:	[0s / 0s],		train_loss: 2.5995,	val_loss: 8.6096
4:	[0s / 0s],		train_loss: 2.5703,	val_loss: 7.8918
5:	[0s / 1s],		train_loss: 2.5457,	val_loss: 7.7899
6:	[0s / 1s],		train_loss: 2.5540,	val_loss: 7.7287
7:	[0s / 1s],		train_loss: 2.5797,	val_loss: 8.0151
8:	[0s / 1s],		train_loss: 2.6275,	val_loss: 8.4616
9:	[0s / 1s],		train_loss: 2.5947,	val_loss: 8.0716
10:	[0s / 2s],		train_loss: 2.6038,	val_loss: 8.4480
11:	[0s / 2s],		train_loss: 2.6131,	val_loss: 8.3229
12:	[0s / 2s],		train_loss: 2.5753,	val_loss: 7.8420
13:	[0s / 2s],		train_loss: 2.5397,	val_loss: 7.7097
14:	[0s / 3s],		train_loss: 2.5898,	val_loss: 7.8484
15:	[0s / 3s],		train_loss: 2.5771,	val_loss: 7.8460
16:	[0s / 3s],		train_loss: 2.6022,	val_loss: 8.2753
17:	[0s / 3s],		train_loss: 2.6092,	val_loss: 8.0851
18:	[0s / 3s],		train_loss: 2.6006,	val_loss: 7.9058
19:	[0s / 4s],		train_loss: 2.6510,	val_loss: 8.0699
20:	[0s / 4s],		train_loss: 2.5841,	val_loss: 8.9374
C-index TRAIN: 0.9622
C-index TEST:  0.7984
  [surv] Saved → survival_predictions/tabicl/HURRAH/-1/seed123/fold2/tabicl_deepsurv_simple.pkl
0:	[0s / 0s],		train_loss: 2.9225,	val_loss: 7.8259
1:	[0s / 0s],		train_loss: 2.6856,	val_loss: 7.5032
2:	[0s / 0s],		train_loss: 2.6341,	val_loss: 7.6758
3:	[0s / 1s],		train_loss: 2.6395,	val_loss: 7.3004
4:	[0s / 1s],		train_loss: 2.6037,	val_loss: 8.0660
5:	[0s / 1s],		train_loss: 2.5589,	val_loss: 8.1214
6:	[0s / 1s],		train_loss: 2.5583,	val_loss: 8.2419
7:	[0s / 2s],		train_loss: 2.5400,	val_loss: 8.6434
8:	[0s / 2s],		train_loss: 2.5099,	val_loss: 7.6756
9:	[0s / 2s],		train_loss: 2.5141,	val_loss: 7.9798
10:	[0s / 2s],		train_loss: 2.5328,	val_loss: 8.1359
11:	[0s / 3s],		train_loss: 2.4972,	val_loss: 8.6510
12:	[0s / 3s],		train_loss: 2.5019,	val_loss: 7.8909
13:	[0s / 3s],		train_loss: 2.4956,	val_loss: 7.9340
14:	[0s / 3s],		train_loss: 2.5075,	val_loss: 7.9728
15:	[0s / 4s],		train_loss: 2.4998,	val_loss: 7.9239
16:	[0s / 4s],		train_loss: 2.4880,	val_loss: 8.2183
17:	[0s / 4s],		train_loss: 2.4832,	val_loss: 8.4435
18:	[0s / 4s],		train_loss: 2.4814,	val_loss: 7.9341
19:	[0s / 5s],		train_loss: 2.4849,	val_loss: 8.8560
20:	[0s / 5s],		train_loss: 2.4836,	val_loss: 7.9962
21:	[0s / 5s],		train_loss: 2.4743,	val_loss: 7.8165
22:	[0s / 5s],		train_loss: 2.4827,	val_loss: 8.2612
23:	[0s / 6s],		train_loss: 2.4610,	val_loss: 8.2440
C-index TRAIN: 0.9619
C-index TEST:  0.8011
  [surv] Saved → survival_predictions/tabicl/HURRAH/-1/seed123/fold2/tabicl_deepsurv_vanilla.pkl
  [ckpt] TABICL RSF saved → checkpoints/tabicl/HURRAH/-1/seed123/fold2/tabicl_rsf.pkl
C-index train: 0.9835
C-index test:  0.7447
  [surv] Saved → survival_predictions/tabicl/HURRAH/-1/seed123/fold2/tabicl_rsf.pkl
  Fitting TABICL Cox (embedding)...
C-index train: 0.9647
C-index test:  0.7747
  [surv] Saved → survival_predictions/tabicl/HURRAH/-1/seed123/fold2/tabicl_cox.pkl
0:	[0s / 0s],		train_loss: 4.6802,	val_loss: 7.2086
1:	[0s / 0s],		train_loss: 4.4386,	val_loss: 44.8758
2:	[0s / 0s],		train_loss: 4.3864,	val_loss: 29.4823
3:	[0s / 1s],		train_loss: 4.3746,	val_loss: 46.6445
4:	[0s / 1s],		train_loss: 4.3478,	val_loss: 189.7335
5:	[0s / 1s],		train_loss: 4.3432,	val_loss: 148.1394
6:	[0s / 1s],		train_loss: 4.3319,	val_loss: 277.7307
7:	[0s / 2s],		train_loss: 4.3474,	val_loss: 7.2178
8:	[0s / 2s],		train_loss: 4.2989,	val_loss: 241.1299
9:	[0s / 2s],		train_loss: 4.2987,	val_loss: 69.0372
10:	[0s / 2s],		train_loss: 4.2879,	val_loss: 48.0572
11:	[0s / 3s],		train_loss: 4.2932,	val_loss: 49.5774
12:	[0s / 3s],		train_loss: 4.2856,	val_loss: 26.1878
13:	[0s / 3s],		train_loss: 4.2821,	val_loss: 68.6682
14:	[0s / 3s],		train_loss: 4.2777,	val_loss: 40.8893
15:	[0s / 4s],		train_loss: 4.2881,	val_loss: 30.6265
16:	[0s / 4s],		train_loss: 4.2598,	val_loss: 113.7678
17:	[0s / 4s],		train_loss: 4.2820,	val_loss: 7.0961
18:	[0s / 4s],		train_loss: 4.2851,	val_loss: 7.1325
19:	[0s / 5s],		train_loss: 4.2859,	val_loss: 7.0683
20:	[0s / 5s],		train_loss: 4.2665,	val_loss: 18.3428
21:	[0s / 5s],		train_loss: 4.2666,	val_loss: 10.1210
22:	[0s / 5s],		train_loss: 4.2548,	val_loss: 10.8116
23:	[0s / 6s],		train_loss: 4.2644,	val_loss: 7.2277
24:	[0s / 6s],		train_loss: 4.2488,	val_loss: 7.1177
25:	[0s / 6s],		train_loss: 4.2637,	val_loss: 9.9781
26:	[0s / 6s],		train_loss: 4.2686,	val_loss: 12.8234
27:	[0s / 7s],		train_loss: 4.2552,	val_loss: 191.7278
28:	[0s / 7s],		train_loss: 4.2570,	val_loss: 129.4984
29:	[0s / 7s],		train_loss: 4.2374,	val_loss: 123.5678
30:	[0s / 7s],		train_loss: 4.2543,	val_loss: 11.4700
31:	[0s / 8s],		train_loss: 4.2596,	val_loss: 16.1522
32:	[0s / 8s],		train_loss: 4.2305,	val_loss: 10.8819
33:	[0s / 8s],		train_loss: 4.2490,	val_loss: 150.3150
34:	[0s / 8s],		train_loss: 4.2408,	val_loss: 457.7754
35:	[0s / 9s],		train_loss: 4.2617,	val_loss: 29.6312
36:	[0s / 9s],		train_loss: 4.2459,	val_loss: 72.4853
37:	[0s / 9s],		train_loss: 4.2452,	val_loss: 26.7569
38:	[0s / 9s],		train_loss: 4.2220,	val_loss: 27.9014
39:	[0s / 10s],		train_loss: 4.2339,	val_loss: 18.9191
C-index TRAIN: 0.8426
C-index TEST:  0.8380
  [surv] Saved → survival_predictions/tabicl/HURRAH/-1/seed123/fold2/deepsurv_vanilla.pkl
0:	[0s / 0s],		train_loss: 12.1069,	val_loss: 7.5893
1:	[0s / 0s],		train_loss: 4.4413,	val_loss: 7.0869
2:	[0s / 0s],		train_loss: 4.3615,	val_loss: 7.2088
3:	[0s / 0s],		train_loss: 4.3814,	val_loss: 7.1309
4:	[0s / 0s],		train_loss: 4.3738,	val_loss: 7.0878
5:	[0s / 1s],		train_loss: 4.3471,	val_loss: 7.1024
6:	[0s / 1s],		train_loss: 4.3981,	val_loss: 7.1430
7:	[0s / 1s],		train_loss: 4.4230,	val_loss: 7.2132
8:	[0s / 1s],		train_loss: 4.3481,	val_loss: 7.1774
9:	[0s / 1s],		train_loss: 4.3644,	val_loss: 7.1592
10:	[0s / 2s],		train_loss: 4.4000,	val_loss: 7.0451
11:	[0s / 2s],		train_loss: 4.4534,	val_loss: 7.1864
12:	[0s / 2s],		train_loss: 4.3790,	val_loss: 7.1030
13:	[0s / 2s],		train_loss: 4.4068,	val_loss: 7.2221
14:	[0s / 2s],		train_loss: 4.3982,	val_loss: 7.1137
15:	[0s / 3s],		train_loss: 4.4127,	val_loss: 7.2464
16:	[0s / 3s],		train_loss: 4.3652,	val_loss: 7.1956
17:	[0s / 3s],		train_loss: 4.4107,	val_loss: 7.2422
18:	[0s / 3s],		train_loss: 4.3963,	val_loss: 7.0789
19:	[0s / 3s],		train_loss: 4.3533,	val_loss: 7.0655
20:	[0s / 4s],		train_loss: 4.3994,	val_loss: 7.1279
21:	[0s / 4s],		train_loss: 4.4242,	val_loss: 7.5041
22:	[0s / 4s],		train_loss: 4.5511,	val_loss: 7.2724
23:	[0s / 4s],		train_loss: 4.5481,	val_loss: 7.1932
24:	[0s / 4s],		train_loss: 4.5234,	val_loss: 7.1223
25:	[0s / 4s],		train_loss: 4.5130,	val_loss: 7.2867
26:	[0s / 5s],		train_loss: 4.4296,	val_loss: 7.2957
27:	[0s / 5s],		train_loss: 4.5237,	val_loss: 7.1183
28:	[0s / 5s],		train_loss: 4.3697,	val_loss: 7.1273
29:	[0s / 5s],		train_loss: 4.4567,	val_loss: 7.1126
30:	[0s / 5s],		train_loss: 4.4455,	val_loss: 7.2545
C-index TRAIN: 0.8359
C-index TEST:  0.8397
  [surv] Saved → survival_predictions/tabicl/HURRAH/-1/seed123/fold2/deepsurv_simple.pkl
  [ckpt] RSF baseline saved → checkpoints/tabicl/HURRAH/-1/seed123/fold2/rsf_baseline.pkl
C-index train: 0.9412
C-index test:  0.8596
  [surv] Saved → survival_predictions/tabicl/HURRAH/-1/seed123/fold2/rsf.pkl
  Fitting Cox baseline...
C-index train: 0.8262
C-index test:  0.8348
  [surv] Saved → survival_predictions/tabicl/HURRAH/-1/seed123/fold2/cox.pkl
X_train shape: (13566, 61), X_test shape: (3392, 61)
Generating TABICL Embeddings...
Warming up TabICL model (triggering checkpoint load)...
ARRIVATO QUI 1
Loading TabICL model checkpoint 'tabicl-classifier-v1.1-0506.ckpt'...
ARRIVATO QUI
Performing dummy prediction to ensure model is loaded...
Warming up TabICL model (triggering checkpoint load)...
ARRIVATO QUI 1
Loading TabICL model checkpoint 'tabicl-classifier-v1.1-0506.ckpt'...
ARRIVATO QUI
Performing dummy prediction to ensure model is loaded...
Successfully generated embeddings with shape: (13566, 512)
0:	[0s / 0s],		train_loss: 3.0100,	val_loss: 7.4434
1:	[0s / 0s],		train_loss: 2.6210,	val_loss: 7.4868
2:	[0s / 0s],		train_loss: 2.6189,	val_loss: 7.7298
3:	[0s / 0s],		train_loss: 2.6397,	val_loss: 7.7721
4:	[0s / 0s],		train_loss: 2.6099,	val_loss: 8.0751
5:	[0s / 1s],		train_loss: 2.5617,	val_loss: 8.2034
6:	[0s / 1s],		train_loss: 2.5978,	val_loss: 7.7714
7:	[0s / 1s],		train_loss: 2.5815,	val_loss: 8.0618
8:	[0s / 1s],		train_loss: 2.5814,	val_loss: 8.7790
9:	[0s / 1s],		train_loss: 2.7000,	val_loss: 8.8124
10:	[0s / 2s],		train_loss: 2.5911,	val_loss: 8.1892
11:	[0s / 2s],		train_loss: 2.5509,	val_loss: 8.7082
12:	[0s / 2s],		train_loss: 2.5766,	val_loss: 8.2181
13:	[0s / 2s],		train_loss: 2.6135,	val_loss: 8.3146
14:	[0s / 2s],		train_loss: 2.5773,	val_loss: 8.7392
15:	[0s / 3s],		train_loss: 2.5166,	val_loss: 8.2260
16:	[0s / 3s],		train_loss: 2.5724,	val_loss: 8.3830
17:	[0s / 3s],		train_loss: 2.5729,	val_loss: 8.5155
18:	[0s / 3s],		train_loss: 2.6632,	val_loss: 8.2157
19:	[0s / 3s],		train_loss: 2.5754,	val_loss: 8.6306
20:	[0s / 4s],		train_loss: 2.5392,	val_loss: 9.0809
C-index TRAIN: 0.9608
C-index TEST:  0.8024
  [surv] Saved → survival_predictions/tabicl/HURRAH/-1/seed123/fold3/tabicl_deepsurv_simple.pkl
0:	[0s / 0s],		train_loss: 2.8597,	val_loss: 7.4941
1:	[0s / 0s],		train_loss: 2.6997,	val_loss: 7.6463
2:	[0s / 0s],		train_loss: 2.6355,	val_loss: 7.6752
3:	[0s / 1s],		train_loss: 2.6070,	val_loss: 7.7049
4:	[0s / 1s],		train_loss: 2.5803,	val_loss: 8.2329
5:	[0s / 1s],		train_loss: 2.5551,	val_loss: 7.7752
6:	[0s / 1s],		train_loss: 2.5545,	val_loss: 8.7209
7:	[0s / 2s],		train_loss: 2.5394,	val_loss: 7.7084
8:	[0s / 2s],		train_loss: 2.5450,	val_loss: 8.4018
9:	[0s / 2s],		train_loss: 2.5182,	val_loss: 7.7258
10:	[0s / 2s],		train_loss: 2.5079,	val_loss: 7.5959
11:	[0s / 3s],		train_loss: 2.4964,	val_loss: 8.5551
12:	[0s / 3s],		train_loss: 2.4980,	val_loss: 8.0486
13:	[0s / 3s],		train_loss: 2.5049,	val_loss: 8.1267
14:	[0s / 3s],		train_loss: 2.4916,	val_loss: 8.2499
15:	[0s / 4s],		train_loss: 2.4979,	val_loss: 8.5902
16:	[0s / 4s],		train_loss: 2.5067,	val_loss: 7.8393
17:	[0s / 4s],		train_loss: 2.5005,	val_loss: 8.4132
18:	[0s / 4s],		train_loss: 2.4805,	val_loss: 7.5326
19:	[0s / 5s],		train_loss: 2.4884,	val_loss: 8.2182
20:	[0s / 5s],		train_loss: 2.4950,	val_loss: 8.7773
C-index TRAIN: 0.9617
C-index TEST:  0.7783
  [surv] Saved → survival_predictions/tabicl/HURRAH/-1/seed123/fold3/tabicl_deepsurv_vanilla.pkl
  [ckpt] TABICL RSF saved → checkpoints/tabicl/HURRAH/-1/seed123/fold3/tabicl_rsf.pkl
C-index train: 0.9839
C-index test:  0.7434
  [surv] Saved → survival_predictions/tabicl/HURRAH/-1/seed123/fold3/tabicl_rsf.pkl
  Fitting TABICL Cox (embedding)...
C-index train: 0.9644
C-index test:  0.7760
  [surv] Saved → survival_predictions/tabicl/HURRAH/-1/seed123/fold3/tabicl_cox.pkl
0:	[0s / 0s],		train_loss: 4.6979,	val_loss: 7.2590
1:	[0s / 0s],		train_loss: 4.4433,	val_loss: 7.1594
2:	[0s / 0s],		train_loss: 4.3896,	val_loss: 7.1041
3:	[0s / 1s],		train_loss: 4.3823,	val_loss: 7.0887
4:	[0s / 1s],		train_loss: 4.3568,	val_loss: 7.0983
5:	[0s / 1s],		train_loss: 4.3470,	val_loss: 7.0497
6:	[0s / 1s],		train_loss: 4.3406,	val_loss: 7.1249
7:	[0s / 2s],		train_loss: 4.3306,	val_loss: 7.0412
8:	[0s / 2s],		train_loss: 4.2935,	val_loss: 7.0716
9:	[0s / 2s],		train_loss: 4.3028,	val_loss: 14.0529
10:	[0s / 2s],		train_loss: 4.2916,	val_loss: 32.0503
11:	[0s / 3s],		train_loss: 4.2894,	val_loss: 28.7562
12:	[0s / 3s],		train_loss: 4.2839,	val_loss: 56.5452
13:	[0s / 3s],		train_loss: 4.2750,	val_loss: 115.5860
14:	[0s / 3s],		train_loss: 4.2964,	val_loss: 31.8148
15:	[0s / 4s],		train_loss: 4.2740,	val_loss: 81.1898
16:	[0s / 4s],		train_loss: 4.2778,	val_loss: 52.3875
17:	[0s / 4s],		train_loss: 4.2748,	val_loss: 294.6121
18:	[0s / 4s],		train_loss: 4.2761,	val_loss: 31.4703
19:	[0s / 5s],		train_loss: 4.2794,	val_loss: 110.1593
20:	[0s / 5s],		train_loss: 4.2548,	val_loss: 17.5959
21:	[0s / 5s],		train_loss: 4.2761,	val_loss: 61.2452
22:	[0s / 5s],		train_loss: 4.2651,	val_loss: 29.8902
23:	[0s / 6s],		train_loss: 4.2582,	val_loss: 18.4916
24:	[0s / 6s],		train_loss: 4.2588,	val_loss: 117.2780
25:	[0s / 6s],		train_loss: 4.2619,	val_loss: 155.4105
26:	[0s / 6s],		train_loss: 4.2440,	val_loss: 57.5438
27:	[0s / 7s],		train_loss: 4.2596,	val_loss: 35.9302
C-index TRAIN: 0.8427
C-index TEST:  0.8339
  [surv] Saved → survival_predictions/tabicl/HURRAH/-1/seed123/fold3/deepsurv_vanilla.pkl
0:	[0s / 0s],		train_loss: 7.9438,	val_loss: 7.2645
1:	[0s / 0s],		train_loss: 4.3971,	val_loss: 7.1219
2:	[0s / 0s],		train_loss: 4.4081,	val_loss: 7.1069
3:	[0s / 0s],		train_loss: 4.4204,	val_loss: 7.2137
4:	[0s / 0s],		train_loss: 4.5140,	val_loss: 7.1945
5:	[0s / 1s],		train_loss: 4.4203,	val_loss: 7.0950
6:	[0s / 1s],		train_loss: 4.4174,	val_loss: 7.1609
7:	[0s / 1s],		train_loss: 4.4030,	val_loss: 7.1213
8:	[0s / 1s],		train_loss: 4.4546,	val_loss: 7.2796
9:	[0s / 1s],		train_loss: 4.3651,	val_loss: 7.1758
10:	[0s / 2s],		train_loss: 4.3622,	val_loss: 7.3199
11:	[0s / 2s],		train_loss: 4.3914,	val_loss: 7.2337
12:	[0s / 2s],		train_loss: 4.3798,	val_loss: 7.1752
13:	[0s / 2s],		train_loss: 4.4414,	val_loss: 7.1625
14:	[0s / 2s],		train_loss: 4.3955,	val_loss: 7.1328
15:	[0s / 3s],		train_loss: 4.3990,	val_loss: 7.0866
16:	[0s / 3s],		train_loss: 4.3536,	val_loss: 7.1221
17:	[0s / 3s],		train_loss: 4.3896,	val_loss: 7.0729
18:	[0s / 3s],		train_loss: 4.4540,	val_loss: 7.4078
19:	[0s / 3s],		train_loss: 4.5492,	val_loss: 7.3980
20:	[0s / 4s],		train_loss: 4.5763,	val_loss: 7.8300
21:	[0s / 4s],		train_loss: 4.5560,	val_loss: 7.3118
22:	[0s / 4s],		train_loss: 4.4319,	val_loss: 7.1221
23:	[0s / 4s],		train_loss: 4.3961,	val_loss: 7.2367
24:	[0s / 4s],		train_loss: 4.4197,	val_loss: 7.2069
25:	[0s / 5s],		train_loss: 4.4571,	val_loss: 7.1267
26:	[0s / 5s],		train_loss: 4.4616,	val_loss: 7.1112
27:	[0s / 5s],		train_loss: 4.3786,	val_loss: 7.1608
28:	[0s / 5s],		train_loss: 4.4359,	val_loss: 7.2505
29:	[0s / 5s],		train_loss: 4.5374,	val_loss: 7.1312
30:	[0s / 5s],		train_loss: 4.4104,	val_loss: 7.1840
31:	[0s / 6s],		train_loss: 4.4391,	val_loss: 7.4179
32:	[0s / 6s],		train_loss: 4.5795,	val_loss: 7.1504
33:	[0s / 6s],		train_loss: 4.4272,	val_loss: 7.0886
34:	[0s / 6s],		train_loss: 4.4795,	val_loss: 7.1830
35:	[0s / 7s],		train_loss: 4.4297,	val_loss: 7.1837
36:	[0s / 7s],		train_loss: 4.4922,	val_loss: 7.1060
37:	[0s / 7s],		train_loss: 4.6666,	val_loss: 7.8013
C-index TRAIN: 0.8366
C-index TEST:  0.8380
  [surv] Saved → survival_predictions/tabicl/HURRAH/-1/seed123/fold3/deepsurv_simple.pkl
  [ckpt] RSF baseline saved → checkpoints/tabicl/HURRAH/-1/seed123/fold3/rsf_baseline.pkl
C-index train: 0.9412
C-index test:  0.8558
  [surv] Saved → survival_predictions/tabicl/HURRAH/-1/seed123/fold3/rsf.pkl
  Fitting Cox baseline...
C-index train: 0.8279
C-index test:  0.8287
  [surv] Saved → survival_predictions/tabicl/HURRAH/-1/seed123/fold3/cox.pkl
X_train shape: (13567, 61), X_test shape: (3391, 61)
Generating TABICL Embeddings...
Warming up TabICL model (triggering checkpoint load)...
ARRIVATO QUI 1
Loading TabICL model checkpoint 'tabicl-classifier-v1.1-0506.ckpt'...
ARRIVATO QUI
Performing dummy prediction to ensure model is loaded...
Warming up TabICL model (triggering checkpoint load)...
ARRIVATO QUI 1
Loading TabICL model checkpoint 'tabicl-classifier-v1.1-0506.ckpt'...
ARRIVATO QUI
Performing dummy prediction to ensure model is loaded...
Successfully generated embeddings with shape: (13567, 512)
0:	[0s / 0s],		train_loss: 2.9476,	val_loss: 7.5869
1:	[0s / 0s],		train_loss: 2.6667,	val_loss: 7.5711
2:	[0s / 0s],		train_loss: 2.6307,	val_loss: 7.5978
3:	[0s / 0s],		train_loss: 2.6162,	val_loss: 7.8848
4:	[0s / 0s],		train_loss: 2.6479,	val_loss: 7.8906
5:	[0s / 1s],		train_loss: 2.6034,	val_loss: 8.5589
6:	[0s / 1s],		train_loss: 2.6531,	val_loss: 7.8898
7:	[0s / 1s],		train_loss: 2.5908,	val_loss: 8.4172
8:	[0s / 1s],		train_loss: 2.5654,	val_loss: 8.2684
9:	[0s / 1s],		train_loss: 2.5780,	val_loss: 8.0205
10:	[0s / 2s],		train_loss: 2.6108,	val_loss: 8.3152
11:	[0s / 2s],		train_loss: 2.6790,	val_loss: 7.8819
12:	[0s / 2s],		train_loss: 2.6260,	val_loss: 8.3130
13:	[0s / 2s],		train_loss: 2.6266,	val_loss: 7.8405
14:	[0s / 3s],		train_loss: 2.5895,	val_loss: 7.8248
15:	[0s / 3s],		train_loss: 2.5722,	val_loss: 8.2351
16:	[0s / 3s],		train_loss: 2.5237,	val_loss: 8.6717
17:	[0s / 3s],		train_loss: 2.5651,	val_loss: 8.4194
18:	[0s / 3s],		train_loss: 2.6314,	val_loss: 8.9944
19:	[0s / 4s],		train_loss: 2.6632,	val_loss: 8.2544
20:	[0s / 4s],		train_loss: 2.6194,	val_loss: 9.3061
21:	[0s / 4s],		train_loss: 2.5807,	val_loss: 8.5256
C-index TRAIN: 0.9611
C-index TEST:  0.7826
  [surv] Saved → survival_predictions/tabicl/HURRAH/-1/seed123/fold4/tabicl_deepsurv_simple.pkl
0:	[0s / 0s],		train_loss: 2.8511,	val_loss: 7.5338
1:	[0s / 0s],		train_loss: 2.6959,	val_loss: 7.4919
2:	[0s / 0s],		train_loss: 2.6713,	val_loss: 7.3435
3:	[0s / 1s],		train_loss: 2.6152,	val_loss: 7.8513
4:	[0s / 1s],		train_loss: 2.5994,	val_loss: 7.7713
5:	[0s / 1s],		train_loss: 2.5539,	val_loss: 7.6171
6:	[0s / 1s],		train_loss: 2.5539,	val_loss: 7.7151
7:	[0s / 2s],		train_loss: 2.5319,	val_loss: 7.4321
8:	[0s / 2s],		train_loss: 2.5376,	val_loss: 7.7133
9:	[0s / 2s],		train_loss: 2.5273,	val_loss: 7.7080
10:	[0s / 2s],		train_loss: 2.5322,	val_loss: 7.7930
11:	[0s / 3s],		train_loss: 2.5115,	val_loss: 8.0438
12:	[0s / 3s],		train_loss: 2.5197,	val_loss: 8.1513
13:	[0s / 3s],		train_loss: 2.5121,	val_loss: 7.8875
14:	[0s / 3s],		train_loss: 2.5056,	val_loss: 8.0345
15:	[0s / 4s],		train_loss: 2.5361,	val_loss: 7.8631
16:	[0s / 4s],		train_loss: 2.4942,	val_loss: 7.8789
17:	[0s / 4s],		train_loss: 2.5116,	val_loss: 7.9356
18:	[0s / 5s],		train_loss: 2.4996,	val_loss: 8.0304
19:	[0s / 5s],		train_loss: 2.5092,	val_loss: 8.3248
20:	[0s / 5s],		train_loss: 2.4933,	val_loss: 8.0309
21:	[0s / 5s],		train_loss: 2.5000,	val_loss: 8.1458
22:	[0s / 6s],		train_loss: 2.5030,	val_loss: 7.9022
C-index TRAIN: 0.9616
C-index TEST:  0.7780
  [surv] Saved → survival_predictions/tabicl/HURRAH/-1/seed123/fold4/tabicl_deepsurv_vanilla.pkl
  [ckpt] TABICL RSF saved → checkpoints/tabicl/HURRAH/-1/seed123/fold4/tabicl_rsf.pkl
C-index train: 0.9838
C-index test:  0.7206
  [surv] Saved → survival_predictions/tabicl/HURRAH/-1/seed123/fold4/tabicl_rsf.pkl
  Fitting TABICL Cox (embedding)...
C-index train: 0.9638
C-index test:  0.7612
  [surv] Saved → survival_predictions/tabicl/HURRAH/-1/seed123/fold4/tabicl_cox.pkl
0:	[0s / 0s],		train_loss: 4.6037,	val_loss: 7.1835
1:	[0s / 0s],		train_loss: 4.4043,	val_loss: 7.4582
2:	[0s / 0s],		train_loss: 4.3679,	val_loss: 7.6417
3:	[0s / 1s],		train_loss: 4.3416,	val_loss: 44.9477
4:	[0s / 1s],		train_loss: 4.3214,	val_loss: 7.5065
5:	[0s / 1s],		train_loss: 4.3259,	val_loss: 7.1012
6:	[0s / 1s],		train_loss: 4.3063,	val_loss: 7.2289
7:	[0s / 2s],		train_loss: 4.3018,	val_loss: 7.5311
8:	[0s / 2s],		train_loss: 4.3088,	val_loss: 8.0539
9:	[0s / 2s],		train_loss: 4.2997,	val_loss: 7.6121
10:	[0s / 2s],		train_loss: 4.2865,	val_loss: 8.2151
11:	[0s / 3s],		train_loss: 4.2742,	val_loss: 16.1448
12:	[0s / 3s],		train_loss: 4.2716,	val_loss: 8.8152
13:	[0s / 3s],		train_loss: 4.2627,	val_loss: 8.2973
14:	[0s / 3s],		train_loss: 4.2565,	val_loss: 8.3905
15:	[0s / 4s],		train_loss: 4.2612,	val_loss: 10.4506
16:	[0s / 4s],		train_loss: 4.2498,	val_loss: 8.7038
17:	[0s / 4s],		train_loss: 4.2487,	val_loss: 9.1195
18:	[0s / 4s],		train_loss: 4.2510,	val_loss: 9.3975
19:	[0s / 5s],		train_loss: 4.2452,	val_loss: 9.9523
20:	[0s / 5s],		train_loss: 4.2396,	val_loss: 11.4813
21:	[0s / 5s],		train_loss: 4.2356,	val_loss: 12.0297
22:	[0s / 5s],		train_loss: 4.2668,	val_loss: 9.9105
23:	[0s / 6s],		train_loss: 4.2364,	val_loss: 9.5667
24:	[0s / 6s],		train_loss: 4.2188,	val_loss: 9.3695
25:	[0s / 6s],		train_loss: 4.2248,	val_loss: 9.4333
C-index TRAIN: 0.8411
C-index TEST:  0.8239
  [surv] Saved → survival_predictions/tabicl/HURRAH/-1/seed123/fold4/deepsurv_vanilla.pkl
0:	[0s / 0s],		train_loss: 6.9708,	val_loss: 7.2307
1:	[0s / 0s],		train_loss: 4.3958,	val_loss: 7.2079
2:	[0s / 0s],		train_loss: 4.3866,	val_loss: 7.0748
3:	[0s / 0s],		train_loss: 4.4036,	val_loss: 7.2399
4:	[0s / 0s],		train_loss: 4.4337,	val_loss: 7.0966
5:	[0s / 1s],		train_loss: 4.4051,	val_loss: 7.0716
6:	[0s / 1s],		train_loss: 4.3976,	val_loss: 7.2718
7:	[0s / 1s],		train_loss: 4.4451,	val_loss: 7.1746
8:	[0s / 1s],		train_loss: 4.3686,	val_loss: 7.1696
9:	[0s / 1s],		train_loss: 4.3545,	val_loss: 7.0917
10:	[0s / 2s],		train_loss: 4.4773,	val_loss: 7.1700
11:	[0s / 2s],		train_loss: 4.4214,	val_loss: 7.0324
12:	[0s / 2s],		train_loss: 4.3669,	val_loss: 7.3370
13:	[0s / 2s],		train_loss: 4.4385,	val_loss: 7.1471
14:	[0s / 2s],		train_loss: 4.4605,	val_loss: 7.4279
15:	[0s / 3s],		train_loss: 4.4608,	val_loss: 7.0825
16:	[0s / 3s],		train_loss: 4.4707,	val_loss: 7.2000
17:	[0s / 3s],		train_loss: 4.4113,	val_loss: 7.1149
18:	[0s / 3s],		train_loss: 4.4076,	val_loss: 7.1588
19:	[0s / 3s],		train_loss: 4.3713,	val_loss: 7.2469
20:	[0s / 4s],		train_loss: 4.3809,	val_loss: 7.0814
21:	[0s / 4s],		train_loss: 4.7227,	val_loss: 7.3968
22:	[0s / 4s],		train_loss: 4.5734,	val_loss: 7.1565
23:	[0s / 4s],		train_loss: 4.3572,	val_loss: 7.0827
24:	[0s / 4s],		train_loss: 4.6013,	val_loss: 7.2422
25:	[0s / 5s],		train_loss: 4.4033,	val_loss: 7.1327
26:	[0s / 5s],		train_loss: 4.4360,	val_loss: 7.5021
27:	[0s / 5s],		train_loss: 4.4930,	val_loss: 7.0348
28:	[0s / 5s],		train_loss: 4.3728,	val_loss: 7.1629
29:	[0s / 5s],		train_loss: 4.4656,	val_loss: 7.1918
30:	[0s / 6s],		train_loss: 4.4793,	val_loss: 7.0725
31:	[0s / 6s],		train_loss: 4.4036,	val_loss: 7.2184
C-index TRAIN: 0.8409
C-index TEST:  0.8245
  [surv] Saved → survival_predictions/tabicl/HURRAH/-1/seed123/fold4/deepsurv_simple.pkl
  [ckpt] RSF baseline saved → checkpoints/tabicl/HURRAH/-1/seed123/fold4/rsf_baseline.pkl
C-index train: 0.9407
C-index test:  0.8419
  [surv] Saved → survival_predictions/tabicl/HURRAH/-1/seed123/fold4/rsf.pkl
  Fitting Cox baseline...
C-index train: 0.8299
C-index test:  0.8156
  [surv] Saved → survival_predictions/tabicl/HURRAH/-1/seed123/fold4/cox.pkl
X_train shape: (13567, 61), X_test shape: (3391, 61)
Generating TABICL Embeddings...
Warming up TabICL model (triggering checkpoint load)...
ARRIVATO QUI 1
Loading TabICL model checkpoint 'tabicl-classifier-v1.1-0506.ckpt'...
ARRIVATO QUI
Performing dummy prediction to ensure model is loaded...
Warming up TabICL model (triggering checkpoint load)...
ARRIVATO QUI 1
Loading TabICL model checkpoint 'tabicl-classifier-v1.1-0506.ckpt'...
ARRIVATO QUI
Performing dummy prediction to ensure model is loaded...
Successfully generated embeddings with shape: (13567, 512)
0:	[0s / 0s],		train_loss: 2.8901,	val_loss: 7.4684
1:	[0s / 0s],		train_loss: 2.6463,	val_loss: 7.7163
2:	[0s / 0s],		train_loss: 2.6555,	val_loss: 7.9122
3:	[0s / 0s],		train_loss: 2.5552,	val_loss: 7.6812
4:	[0s / 1s],		train_loss: 2.5547,	val_loss: 8.2539
5:	[0s / 1s],		train_loss: 2.5917,	val_loss: 8.6926
6:	[0s / 1s],		train_loss: 2.5737,	val_loss: 8.7172
7:	[0s / 1s],		train_loss: 2.6094,	val_loss: 8.0303
8:	[0s / 1s],		train_loss: 2.6886,	val_loss: 8.1273
9:	[0s / 1s],		train_loss: 2.6038,	val_loss: 8.1221
10:	[0s / 2s],		train_loss: 2.6069,	val_loss: 8.3382
11:	[0s / 2s],		train_loss: 2.5354,	val_loss: 8.2068
12:	[0s / 2s],		train_loss: 2.6278,	val_loss: 8.0886
13:	[0s / 2s],		train_loss: 2.6135,	val_loss: 7.8669
14:	[0s / 2s],		train_loss: 2.5629,	val_loss: 8.1308
15:	[0s / 3s],		train_loss: 2.5736,	val_loss: 9.1705
16:	[0s / 3s],		train_loss: 2.5780,	val_loss: 8.7725
17:	[0s / 3s],		train_loss: 2.5644,	val_loss: 8.4568
18:	[0s / 3s],		train_loss: 2.5743,	val_loss: 7.7969
19:	[0s / 3s],		train_loss: 2.5834,	val_loss: 8.7441
20:	[0s / 4s],		train_loss: 2.5329,	val_loss: 8.5554
C-index TRAIN: 0.9597
C-index TEST:  0.8106
  [surv] Saved → survival_predictions/tabicl/HURRAH/-1/seed123/fold5/tabicl_deepsurv_simple.pkl
0:	[0s / 0s],		train_loss: 2.9259,	val_loss: 7.5036
1:	[0s / 0s],		train_loss: 2.7105,	val_loss: 7.6740
2:	[0s / 0s],		train_loss: 2.6459,	val_loss: 7.9371
3:	[0s / 1s],		train_loss: 2.6188,	val_loss: 7.8931
4:	[0s / 1s],		train_loss: 2.5757,	val_loss: 8.8996
5:	[0s / 1s],		train_loss: 2.5697,	val_loss: 8.2929
6:	[0s / 1s],		train_loss: 2.5563,	val_loss: 8.0736
7:	[0s / 2s],		train_loss: 2.5342,	val_loss: 8.6800
8:	[0s / 2s],		train_loss: 2.5318,	val_loss: 8.7575
9:	[0s / 2s],		train_loss: 2.5209,	val_loss: 8.4140
10:	[0s / 2s],		train_loss: 2.5104,	val_loss: 8.7390
11:	[0s / 3s],		train_loss: 2.5133,	val_loss: 8.0442
12:	[0s / 3s],		train_loss: 2.4912,	val_loss: 9.2020
13:	[0s / 3s],		train_loss: 2.4960,	val_loss: 8.2565
14:	[0s / 4s],		train_loss: 2.4846,	val_loss: 7.9765
15:	[0s / 4s],		train_loss: 2.4818,	val_loss: 8.1808
16:	[0s / 4s],		train_loss: 2.5036,	val_loss: 8.1438
17:	[0s / 4s],		train_loss: 2.4842,	val_loss: 8.4309
18:	[0s / 5s],		train_loss: 2.4762,	val_loss: 8.6092
19:	[0s / 5s],		train_loss: 2.4931,	val_loss: 9.1725
20:	[0s / 5s],		train_loss: 2.4965,	val_loss: 8.0486
C-index TRAIN: 0.9611
C-index TEST:  0.7534
  [surv] Saved → survival_predictions/tabicl/HURRAH/-1/seed123/fold5/tabicl_deepsurv_vanilla.pkl
  [ckpt] TABICL RSF saved → checkpoints/tabicl/HURRAH/-1/seed123/fold5/tabicl_rsf.pkl
C-index train: 0.9832
C-index test:  0.7735
  [surv] Saved → survival_predictions/tabicl/HURRAH/-1/seed123/fold5/tabicl_rsf.pkl
  Fitting TABICL Cox (embedding)...
C-index train: 0.9641
C-index test:  0.7758
  [surv] Saved → survival_predictions/tabicl/HURRAH/-1/seed123/fold5/tabicl_cox.pkl
0:	[0s / 0s],		train_loss: 4.6807,	val_loss: 7.1705
1:	[0s / 0s],		train_loss: 4.4131,	val_loss: 30.2336
2:	[0s / 0s],		train_loss: 4.3997,	val_loss: 41.0609
3:	[0s / 1s],		train_loss: 4.3775,	val_loss: 69.3373
4:	[0s / 1s],		train_loss: 4.3391,	val_loss: 11.3137
5:	[0s / 1s],		train_loss: 4.3170,	val_loss: 41.4226
6:	[0s / 1s],		train_loss: 4.3413,	val_loss: 7.1543
7:	[0s / 2s],		train_loss: 4.3177,	val_loss: 34.2945
8:	[0s / 2s],		train_loss: 4.3104,	val_loss: 7.0777
9:	[0s / 2s],		train_loss: 4.3049,	val_loss: 18.1581
10:	[0s / 2s],		train_loss: 4.3066,	val_loss: 50.7754
11:	[0s / 3s],		train_loss: 4.2953,	val_loss: 46.9815
12:	[0s / 3s],		train_loss: 4.2830,	val_loss: 7.3760
13:	[0s / 3s],		train_loss: 4.2816,	val_loss: 7.0763
14:	[0s / 3s],		train_loss: 4.2824,	val_loss: 7.1835
15:	[0s / 4s],		train_loss: 4.2731,	val_loss: 7.2200
16:	[0s / 4s],		train_loss: 4.2748,	val_loss: 7.0749
17:	[0s / 4s],		train_loss: 4.2699,	val_loss: 7.2229
18:	[0s / 4s],		train_loss: 4.2635,	val_loss: 7.2440
19:	[0s / 5s],		train_loss: 4.2616,	val_loss: 7.3159
20:	[0s / 5s],		train_loss: 4.2528,	val_loss: 7.3102
21:	[0s / 5s],		train_loss: 4.2430,	val_loss: 7.2544
22:	[0s / 5s],		train_loss: 4.2477,	val_loss: 7.4551
23:	[0s / 6s],		train_loss: 4.2455,	val_loss: 7.2962
24:	[0s / 6s],		train_loss: 4.2560,	val_loss: 7.3969
25:	[0s / 6s],		train_loss: 4.2483,	val_loss: 7.5943
26:	[0s / 6s],		train_loss: 4.2376,	val_loss: 7.7543
27:	[0s / 7s],		train_loss: 4.2678,	val_loss: 7.5792
28:	[0s / 7s],		train_loss: 4.2637,	val_loss: 7.3429
29:	[0s / 7s],		train_loss: 4.2502,	val_loss: 7.2562
30:	[0s / 7s],		train_loss: 4.2552,	val_loss: 7.2865
31:	[0s / 8s],		train_loss: 4.2493,	val_loss: 7.2363
32:	[0s / 8s],		train_loss: 4.2338,	val_loss: 27.0787
33:	[0s / 8s],		train_loss: 4.2394,	val_loss: 9.3150
34:	[0s / 9s],		train_loss: 4.2479,	val_loss: 7.2652
35:	[0s / 9s],		train_loss: 4.2560,	val_loss: 7.2029
36:	[0s / 9s],		train_loss: 4.2271,	val_loss: 7.2416
C-index TRAIN: 0.8413
C-index TEST:  0.8379
  [surv] Saved → survival_predictions/tabicl/HURRAH/-1/seed123/fold5/deepsurv_vanilla.pkl
0:	[0s / 0s],		train_loss: 6.4944,	val_loss: 7.2237
1:	[0s / 0s],		train_loss: 4.4435,	val_loss: 7.1765
2:	[0s / 0s],		train_loss: 4.4271,	val_loss: 7.2338
3:	[0s / 0s],		train_loss: 4.3965,	val_loss: 7.1009
4:	[0s / 1s],		train_loss: 4.4989,	val_loss: 7.3030
5:	[0s / 1s],		train_loss: 4.4419,	val_loss: 7.4325
6:	[0s / 1s],		train_loss: 4.3979,	val_loss: 7.1076
7:	[0s / 1s],		train_loss: 4.4384,	val_loss: 7.1283
8:	[0s / 1s],		train_loss: 4.4104,	val_loss: 7.2629
9:	[0s / 2s],		train_loss: 4.4508,	val_loss: 7.1936
10:	[0s / 2s],		train_loss: 4.4253,	val_loss: 7.2355
11:	[0s / 2s],		train_loss: 4.4924,	val_loss: 7.0980
12:	[0s / 2s],		train_loss: 4.5930,	val_loss: 7.9204
13:	[0s / 2s],		train_loss: 4.5233,	val_loss: 7.1477
14:	[0s / 3s],		train_loss: 4.4504,	val_loss: 7.0967
15:	[0s / 3s],		train_loss: 4.4807,	val_loss: 7.2951
16:	[0s / 3s],		train_loss: 4.4792,	val_loss: 7.1588
17:	[0s / 3s],		train_loss: 4.3952,	val_loss: 7.1169
18:	[0s / 3s],		train_loss: 4.4312,	val_loss: 7.1337
19:	[0s / 3s],		train_loss: 4.4714,	val_loss: 7.1389
20:	[0s / 4s],		train_loss: 4.4768,	val_loss: 7.1721
21:	[0s / 4s],		train_loss: 4.4639,	val_loss: 7.0928
22:	[0s / 4s],		train_loss: 4.4096,	val_loss: 7.1149
23:	[0s / 4s],		train_loss: 4.4186,	val_loss: 7.2054
24:	[0s / 5s],		train_loss: 4.3964,	val_loss: 7.1864
25:	[0s / 5s],		train_loss: 4.3817,	val_loss: 7.1778
26:	[0s / 5s],		train_loss: 4.4380,	val_loss: 7.2145
27:	[0s / 5s],		train_loss: 4.4190,	val_loss: 7.1453
28:	[0s / 6s],		train_loss: 4.4540,	val_loss: 7.1341
29:	[0s / 6s],		train_loss: 4.4484,	val_loss: 7.3963
30:	[0s / 6s],		train_loss: 4.5073,	val_loss: 7.6359
31:	[0s / 6s],		train_loss: 4.4663,	val_loss: 7.2516
32:	[0s / 7s],		train_loss: 4.4111,	val_loss: 7.1411
33:	[0s / 7s],		train_loss: 4.4304,	val_loss: 7.2407
34:	[0s / 7s],		train_loss: 4.4380,	val_loss: 7.4144
35:	[0s / 7s],		train_loss: 4.5515,	val_loss: 7.1491
36:	[0s / 8s],		train_loss: 4.4264,	val_loss: 7.2385
37:	[0s / 8s],		train_loss: 4.4362,	val_loss: 7.1411
38:	[0s / 8s],		train_loss: 4.4203,	val_loss: 7.0846
39:	[0s / 8s],		train_loss: 5.3116,	val_loss: 7.9864
40:	[0s / 8s],		train_loss: 4.6839,	val_loss: 7.1170
41:	[0s / 9s],		train_loss: 4.4787,	val_loss: 7.1330
42:	[0s / 9s],		train_loss: 4.4217,	val_loss: 7.0919
43:	[0s / 9s],		train_loss: 4.3958,	val_loss: 7.0910
44:	[0s / 9s],		train_loss: 4.4485,	val_loss: 7.1297
45:	[0s / 10s],		train_loss: 4.3952,	val_loss: 7.4157
46:	[0s / 10s],		train_loss: 4.5016,	val_loss: 7.2124
47:	[0s / 10s],		train_loss: 4.4764,	val_loss: 7.4517
48:	[0s / 10s],		train_loss: 4.4340,	val_loss: 7.1374
49:	[0s / 11s],		train_loss: 4.4148,	val_loss: 7.1382
50:	[0s / 11s],		train_loss: 4.4002,	val_loss: 7.3231
51:	[0s / 11s],		train_loss: 4.4455,	val_loss: 7.1441
52:	[0s / 11s],		train_loss: 4.3828,	val_loss: 7.1737
53:	[0s / 12s],		train_loss: 4.4104,	val_loss: 7.3103
54:	[0s / 12s],		train_loss: 4.4311,	val_loss: 7.1919
55:	[0s / 12s],		train_loss: 4.4149,	val_loss: 7.2500
56:	[0s / 12s],		train_loss: 4.4722,	val_loss: 7.0492
57:	[0s / 13s],		train_loss: 4.4519,	val_loss: 7.1901
58:	[0s / 13s],		train_loss: 4.4217,	val_loss: 7.2870
59:	[0s / 13s],		train_loss: 4.4191,	val_loss: 7.2545
60:	[0s / 13s],		train_loss: 4.4444,	val_loss: 7.1389
61:	[0s / 13s],		train_loss: 4.4162,	val_loss: 7.2600
62:	[0s / 14s],		train_loss: 4.4077,	val_loss: 7.1640
63:	[0s / 14s],		train_loss: 4.4477,	val_loss: 7.2863
64:	[0s / 14s],		train_loss: 4.4028,	val_loss: 7.0900
65:	[0s / 14s],		train_loss: 4.4088,	val_loss: 7.2631
66:	[0s / 15s],		train_loss: 4.4423,	val_loss: 7.1539
67:	[0s / 15s],		train_loss: 4.4217,	val_loss: 7.2100
68:	[0s / 15s],		train_loss: 4.6200,	val_loss: 7.8935
69:	[0s / 15s],		train_loss: 4.5615,	val_loss: 7.4282
70:	[0s / 15s],		train_loss: 4.4588,	val_loss: 7.1559
71:	[0s / 16s],		train_loss: 4.4252,	val_loss: 7.2125
72:	[0s / 16s],		train_loss: 4.5532,	val_loss: 7.2680
73:	[0s / 16s],		train_loss: 4.5861,	val_loss: 7.2142
74:	[0s / 16s],		train_loss: 4.3932,	val_loss: 7.1607
75:	[0s / 16s],		train_loss: 4.4649,	val_loss: 7.3736
76:	[0s / 16s],		train_loss: 4.4736,	val_loss: 7.2789
C-index TRAIN: 0.8363
C-index TEST:  0.8420
  [surv] Saved → survival_predictions/tabicl/HURRAH/-1/seed123/fold5/deepsurv_simple.pkl
  [ckpt] RSF baseline saved → checkpoints/tabicl/HURRAH/-1/seed123/fold5/rsf_baseline.pkl
C-index train: 0.9415
C-index test:  0.8599
  [surv] Saved → survival_predictions/tabicl/HURRAH/-1/seed123/fold5/rsf.pkl
  Fitting Cox baseline...
C-index train: 0.8272
C-index test:  0.8304
  [surv] Saved → survival_predictions/tabicl/HURRAH/-1/seed123/fold5/cox.pkl


Preprocess: Keep NaN
Loading existing folds from tmp/splits/HURRAH_seed123.pkl
X_train shape: (13566, 61), X_test shape: (3392, 61)
Generating TABICL Embeddings...
Warming up TabICL model (triggering checkpoint load)...
ARRIVATO QUI 1
Loading TabICL model checkpoint 'tabicl-classifier-v1.1-0506.ckpt'...
ARRIVATO QUI
Performing dummy prediction to ensure model is loaded...
Warming up TabICL model (triggering checkpoint load)...
ARRIVATO QUI 1
Loading TabICL model checkpoint 'tabicl-classifier-v1.1-0506.ckpt'...
ARRIVATO QUI
Performing dummy prediction to ensure model is loaded...
Successfully generated embeddings with shape: (13566, 512)
0:	[0s / 0s],		train_loss: 2.9043,	val_loss: 7.5964
1:	[0s / 0s],		train_loss: 2.6646,	val_loss: 8.4358
2:	[0s / 0s],		train_loss: 2.6066,	val_loss: 8.1924
3:	[0s / 0s],		train_loss: 2.6369,	val_loss: 8.2432
4:	[0s / 1s],		train_loss: 2.5793,	val_loss: 8.3866
5:	[0s / 1s],		train_loss: 2.5699,	val_loss: 8.0694
6:	[0s / 1s],		train_loss: 2.5800,	val_loss: 9.0618
7:	[0s / 1s],		train_loss: 2.5976,	val_loss: 8.2492
8:	[0s / 1s],		train_loss: 2.5943,	val_loss: 8.1985
9:	[0s / 2s],		train_loss: 2.5928,	val_loss: 8.5020
10:	[0s / 2s],		train_loss: 2.5689,	val_loss: 8.6143
11:	[0s / 2s],		train_loss: 2.5835,	val_loss: 8.6227
12:	[0s / 2s],		train_loss: 2.5046,	val_loss: 8.4331
13:	[0s / 2s],		train_loss: 2.5144,	val_loss: 8.0550
14:	[0s / 3s],		train_loss: 2.5997,	val_loss: 7.8496
15:	[0s / 3s],		train_loss: 2.5244,	val_loss: 9.0649
16:	[0s / 3s],		train_loss: 2.5437,	val_loss: 8.5557
17:	[0s / 3s],		train_loss: 2.5373,	val_loss: 8.4009
18:	[0s / 3s],		train_loss: 2.5208,	val_loss: 8.4400
19:	[0s / 4s],		train_loss: 2.6067,	val_loss: 9.7406
20:	[0s / 4s],		train_loss: 2.5661,	val_loss: 8.1562
C-index TRAIN: 0.9577
C-index TEST:  0.7882
  [surv] Saved → survival_predictions/tabicl/HURRAH/NaN/seed123/fold1/tabicl_deepsurv_simple.pkl
0:	[0s / 0s],		train_loss: 2.9124,	val_loss: 7.5331
1:	[0s / 0s],		train_loss: 2.6947,	val_loss: 7.7006
2:	[0s / 0s],		train_loss: 2.6394,	val_loss: 7.8614
3:	[0s / 1s],		train_loss: 2.6064,	val_loss: 8.6110
4:	[0s / 1s],		train_loss: 2.5524,	val_loss: 7.6330
5:	[0s / 1s],		train_loss: 2.5361,	val_loss: 9.0600
6:	[0s / 1s],		train_loss: 2.5191,	val_loss: 7.9343
7:	[0s / 2s],		train_loss: 2.5300,	val_loss: 8.1019
8:	[0s / 2s],		train_loss: 2.5124,	val_loss: 8.3129
9:	[0s / 2s],		train_loss: 2.5220,	val_loss: 7.7665
10:	[0s / 2s],		train_loss: 2.5041,	val_loss: 8.0746
11:	[0s / 3s],		train_loss: 2.4939,	val_loss: 7.9307
12:	[0s / 3s],		train_loss: 2.4970,	val_loss: 7.9493
13:	[0s / 3s],		train_loss: 2.4871,	val_loss: 8.1537
14:	[0s / 3s],		train_loss: 2.4979,	val_loss: 7.6028
15:	[0s / 4s],		train_loss: 2.4909,	val_loss: 9.4072
16:	[0s / 4s],		train_loss: 2.4724,	val_loss: 7.8812
17:	[0s / 4s],		train_loss: 2.4846,	val_loss: 7.9421
18:	[0s / 5s],		train_loss: 2.4703,	val_loss: 8.1768
19:	[0s / 5s],		train_loss: 2.5084,	val_loss: 8.0830
20:	[0s / 5s],		train_loss: 2.4765,	val_loss: 7.9195
C-index TRAIN: 0.9618
C-index TEST:  0.7362
  [surv] Saved → survival_predictions/tabicl/HURRAH/NaN/seed123/fold1/tabicl_deepsurv_vanilla.pkl
  [ckpt] TABICL RSF saved → checkpoints/tabicl/HURRAH/NaN/seed123/fold1/tabicl_rsf.pkl
C-index train: 0.9826
C-index test:  0.7119
  [surv] Saved → survival_predictions/tabicl/HURRAH/NaN/seed123/fold1/tabicl_rsf.pkl
  Fitting TABICL Cox (embedding)...
C-index train: 0.9639
C-index test:  0.7189
  [surv] Saved → survival_predictions/tabicl/HURRAH/NaN/seed123/fold1/tabicl_cox.pkl
X_train shape: (13566, 61), X_test shape: (3392, 61)
Generating TABICL Embeddings...
Warming up TabICL model (triggering checkpoint load)...
ARRIVATO QUI 1
Loading TabICL model checkpoint 'tabicl-classifier-v1.1-0506.ckpt'...
ARRIVATO QUI
Performing dummy prediction to ensure model is loaded...
Warming up TabICL model (triggering checkpoint load)...
ARRIVATO QUI 1
Loading TabICL model checkpoint 'tabicl-classifier-v1.1-0506.ckpt'...
ARRIVATO QUI
Performing dummy prediction to ensure model is loaded...
Successfully generated embeddings with shape: (13566, 512)
0:	[0s / 0s],		train_loss: 2.9250,	val_loss: 8.0376
1:	[0s / 0s],		train_loss: 2.6601,	val_loss: 7.4808
2:	[0s / 1s],		train_loss: 2.6335,	val_loss: 8.4676
3:	[0s / 1s],		train_loss: 2.6064,	val_loss: 8.7727
4:	[0s / 1s],		train_loss: 2.6308,	val_loss: 8.3824
5:	[0s / 2s],		train_loss: 2.5713,	val_loss: 7.7201
6:	[0s / 2s],		train_loss: 2.5689,	val_loss: 8.1483
7:	[0s / 2s],		train_loss: 2.5797,	val_loss: 7.8791
8:	[0s / 3s],		train_loss: 2.5850,	val_loss: 7.7417
9:	[0s / 3s],		train_loss: 2.5813,	val_loss: 8.5383
10:	[0s / 3s],		train_loss: 2.5994,	val_loss: 8.1085
11:	[0s / 4s],		train_loss: 2.5829,	val_loss: 8.2043
12:	[0s / 4s],		train_loss: 2.5570,	val_loss: 8.4177
13:	[0s / 4s],		train_loss: 2.6179,	val_loss: 8.0476
14:	[0s / 5s],		train_loss: 2.6246,	val_loss: 9.0646
15:	[0s / 5s],		train_loss: 2.5879,	val_loss: 8.5308
16:	[0s / 5s],		train_loss: 2.6919,	val_loss: 7.9805
17:	[0s / 5s],		train_loss: 2.5502,	val_loss: 8.1434
18:	[0s / 6s],		train_loss: 2.5938,	val_loss: 7.9240
19:	[0s / 6s],		train_loss: 2.6267,	val_loss: 9.2630
20:	[0s / 6s],		train_loss: 2.6095,	val_loss: 8.7031
21:	[0s / 6s],		train_loss: 2.5508,	val_loss: 7.7173
C-index TRAIN: 0.9600
C-index TEST:  0.7826
  [surv] Saved → survival_predictions/tabicl/HURRAH/NaN/seed123/fold2/tabicl_deepsurv_simple.pkl
0:	[0s / 0s],		train_loss: 2.9003,	val_loss: 7.6681
1:	[0s / 0s],		train_loss: 2.7001,	val_loss: 7.6454
2:	[0s / 0s],		train_loss: 2.6592,	val_loss: 7.7198
3:	[0s / 1s],		train_loss: 2.6187,	val_loss: 7.8793
4:	[0s / 1s],		train_loss: 2.5821,	val_loss: 7.8982
5:	[0s / 1s],		train_loss: 2.5646,	val_loss: 7.7258
6:	[0s / 1s],		train_loss: 2.5575,	val_loss: 8.0425
7:	[0s / 2s],		train_loss: 2.5460,	val_loss: 7.6115
8:	[0s / 2s],		train_loss: 2.5251,	val_loss: 9.1663
9:	[0s / 3s],		train_loss: 2.5110,	val_loss: 7.8375
10:	[0s / 3s],		train_loss: 2.5130,	val_loss: 8.1492
11:	[0s / 3s],		train_loss: 2.5097,	val_loss: 7.8368
12:	[0s / 4s],		train_loss: 2.5108,	val_loss: 7.8320
13:	[0s / 4s],		train_loss: 2.5114,	val_loss: 7.5756
14:	[0s / 4s],		train_loss: 2.4971,	val_loss: 8.9141
15:	[0s / 5s],		train_loss: 2.4991,	val_loss: 7.9790
16:	[0s / 5s],		train_loss: 2.4863,	val_loss: 8.6133
17:	[0s / 5s],		train_loss: 2.4797,	val_loss: 7.7341
18:	[0s / 6s],		train_loss: 2.4902,	val_loss: 8.4824
19:	[0s / 6s],		train_loss: 2.5005,	val_loss: 8.3166
20:	[0s / 6s],		train_loss: 2.5058,	val_loss: 8.9782
21:	[0s / 7s],		train_loss: 2.4943,	val_loss: 8.2762
22:	[0s / 7s],		train_loss: 2.4941,	val_loss: 7.9955
23:	[0s / 7s],		train_loss: 2.5025,	val_loss: 8.1886
24:	[0s / 7s],		train_loss: 2.5065,	val_loss: 7.8440
25:	[0s / 8s],		train_loss: 2.4825,	val_loss: 7.9418
26:	[0s / 8s],		train_loss: 2.4720,	val_loss: 8.1546
27:	[0s / 8s],		train_loss: 2.4812,	val_loss: 8.1413
28:	[0s / 9s],		train_loss: 2.4887,	val_loss: 8.5437
29:	[0s / 9s],		train_loss: 2.4793,	val_loss: 8.7287
30:	[0s / 9s],		train_loss: 2.4779,	val_loss: 9.0820
31:	[0s / 9s],		train_loss: 2.4809,	val_loss: 8.5284
32:	[0s / 10s],		train_loss: 2.4754,	val_loss: 8.7153
33:	[0s / 10s],		train_loss: 2.4777,	val_loss: 8.6801
C-index TRAIN: 0.9643
C-index TEST:  0.8012
  [surv] Saved → survival_predictions/tabicl/HURRAH/NaN/seed123/fold2/tabicl_deepsurv_vanilla.pkl
  [ckpt] TABICL RSF saved → checkpoints/tabicl/HURRAH/NaN/seed123/fold2/tabicl_rsf.pkl
C-index train: 0.9823
C-index test:  0.7058
  [surv] Saved → survival_predictions/tabicl/HURRAH/NaN/seed123/fold2/tabicl_rsf.pkl
  Fitting TABICL Cox (embedding)...
C-index train: 0.9636
C-index test:  0.7506
  [surv] Saved → survival_predictions/tabicl/HURRAH/NaN/seed123/fold2/tabicl_cox.pkl
X_train shape: (13566, 61), X_test shape: (3392, 61)
Generating TABICL Embeddings...
Warming up TabICL model (triggering checkpoint load)...
ARRIVATO QUI 1
Loading TabICL model checkpoint 'tabicl-classifier-v1.1-0506.ckpt'...
ARRIVATO QUI
Performing dummy prediction to ensure model is loaded...
Warming up TabICL model (triggering checkpoint load)...
ARRIVATO QUI 1
Loading TabICL model checkpoint 'tabicl-classifier-v1.1-0506.ckpt'...
ARRIVATO QUI
Performing dummy prediction to ensure model is loaded...
Successfully generated embeddings with shape: (13566, 512)
0:	[0s / 0s],		train_loss: 3.0101,	val_loss: 7.8206
1:	[0s / 0s],		train_loss: 2.6398,	val_loss: 7.7616
2:	[0s / 0s],		train_loss: 2.5866,	val_loss: 7.8324
3:	[0s / 0s],		train_loss: 2.5901,	val_loss: 7.7195
4:	[0s / 0s],		train_loss: 2.6316,	val_loss: 8.4303
5:	[0s / 1s],		train_loss: 2.6141,	val_loss: 7.8388
6:	[0s / 1s],		train_loss: 2.6187,	val_loss: 8.0798
7:	[0s / 1s],		train_loss: 2.5867,	val_loss: 8.5040
8:	[0s / 1s],		train_loss: 2.6732,	val_loss: 7.7898
9:	[0s / 1s],		train_loss: 2.5988,	val_loss: 8.2314
10:	[0s / 2s],		train_loss: 2.6484,	val_loss: 8.8661
11:	[0s / 2s],		train_loss: 2.6180,	val_loss: 7.9326
12:	[0s / 2s],		train_loss: 2.5913,	val_loss: 8.3760
13:	[0s / 2s],		train_loss: 2.5936,	val_loss: 7.8323
14:	[0s / 2s],		train_loss: 2.6279,	val_loss: 8.3180
15:	[0s / 2s],		train_loss: 2.5855,	val_loss: 8.0691
16:	[0s / 3s],		train_loss: 2.6328,	val_loss: 8.5221
17:	[0s / 3s],		train_loss: 2.6142,	val_loss: 8.1045
18:	[0s / 3s],		train_loss: 2.5768,	val_loss: 8.4806
19:	[0s / 3s],		train_loss: 2.5920,	val_loss: 7.6497
20:	[0s / 3s],		train_loss: 2.6109,	val_loss: 7.9627
21:	[0s / 3s],		train_loss: 2.5992,	val_loss: 8.2785
22:	[0s / 4s],		train_loss: 2.6105,	val_loss: 8.0333
23:	[0s / 4s],		train_loss: 2.5915,	val_loss: 7.9768
24:	[0s / 4s],		train_loss: 2.5617,	val_loss: 8.5378
25:	[0s / 4s],		train_loss: 2.5973,	val_loss: 7.8940
26:	[0s / 4s],		train_loss: 2.5859,	val_loss: 8.4191
27:	[0s / 5s],		train_loss: 2.5499,	val_loss: 8.5024
28:	[0s / 5s],		train_loss: 2.5286,	val_loss: 8.9868
29:	[0s / 5s],		train_loss: 2.5324,	val_loss: 8.0471
30:	[0s / 5s],		train_loss: 2.5131,	val_loss: 8.3310
31:	[0s / 5s],		train_loss: 2.5641,	val_loss: 8.1140
32:	[0s / 6s],		train_loss: 2.5481,	val_loss: 8.1685
33:	[0s / 6s],		train_loss: 2.5710,	val_loss: 8.4919
34:	[0s / 6s],		train_loss: 2.5570,	val_loss: 7.8980
35:	[0s / 6s],		train_loss: 2.5531,	val_loss: 8.3737
36:	[0s / 6s],		train_loss: 2.5664,	val_loss: 8.6987
37:	[0s / 7s],		train_loss: 2.5310,	val_loss: 7.9858
38:	[0s / 7s],		train_loss: 2.5666,	val_loss: 8.4728
39:	[0s / 7s],		train_loss: 2.5343,	val_loss: 8.2369
C-index TRAIN: 0.9612
C-index TEST:  0.7625
  [surv] Saved → survival_predictions/tabicl/HURRAH/NaN/seed123/fold3/tabicl_deepsurv_simple.pkl
0:	[0s / 0s],		train_loss: 2.8777,	val_loss: 7.6423
1:	[0s / 0s],		train_loss: 2.6954,	val_loss: 7.6902
2:	[0s / 0s],		train_loss: 2.6394,	val_loss: 7.9776
3:	[0s / 1s],		train_loss: 2.6288,	val_loss: 7.7884
4:	[0s / 1s],		train_loss: 2.5702,	val_loss: 8.8077
5:	[0s / 1s],		train_loss: 2.5697,	val_loss: 7.8699
6:	[0s / 2s],		train_loss: 2.5597,	val_loss: 8.0414
7:	[0s / 2s],		train_loss: 2.5716,	val_loss: 7.7898
8:	[0s / 2s],		train_loss: 2.5414,	val_loss: 8.0982
9:	[0s / 3s],		train_loss: 2.5239,	val_loss: 7.9787
10:	[0s / 3s],		train_loss: 2.5448,	val_loss: 7.8739
11:	[0s / 3s],		train_loss: 2.5271,	val_loss: 7.9620
12:	[0s / 4s],		train_loss: 2.4964,	val_loss: 7.9698
13:	[0s / 4s],		train_loss: 2.5109,	val_loss: 9.1026
14:	[0s / 4s],		train_loss: 2.5208,	val_loss: 8.4259
15:	[0s / 5s],		train_loss: 2.5359,	val_loss: 8.1899
16:	[0s / 5s],		train_loss: 2.5086,	val_loss: 8.3926
17:	[0s / 5s],		train_loss: 2.5063,	val_loss: 8.2686
18:	[0s / 6s],		train_loss: 2.5032,	val_loss: 7.9884
19:	[0s / 6s],		train_loss: 2.4878,	val_loss: 8.6101
20:	[0s / 6s],		train_loss: 2.4892,	val_loss: 8.3685
C-index TRAIN: 0.9606
C-index TEST:  0.7210
  [surv] Saved → survival_predictions/tabicl/HURRAH/NaN/seed123/fold3/tabicl_deepsurv_vanilla.pkl
  [ckpt] TABICL RSF saved → checkpoints/tabicl/HURRAH/NaN/seed123/fold3/tabicl_rsf.pkl
C-index train: 0.9829
C-index test:  0.7365
  [surv] Saved → survival_predictions/tabicl/HURRAH/NaN/seed123/fold3/tabicl_rsf.pkl
  Fitting TABICL Cox (embedding)...
C-index train: 0.9634
C-index test:  0.7423
  [surv] Saved → survival_predictions/tabicl/HURRAH/NaN/seed123/fold3/tabicl_cox.pkl
X_train shape: (13567, 61), X_test shape: (3391, 61)
Generating TABICL Embeddings...
Warming up TabICL model (triggering checkpoint load)...
ARRIVATO QUI 1
Loading TabICL model checkpoint 'tabicl-classifier-v1.1-0506.ckpt'...
ARRIVATO QUI
Performing dummy prediction to ensure model is loaded...
Warming up TabICL model (triggering checkpoint load)...
ARRIVATO QUI 1
Loading TabICL model checkpoint 'tabicl-classifier-v1.1-0506.ckpt'...
ARRIVATO QUI
Performing dummy prediction to ensure model is loaded...
Successfully generated embeddings with shape: (13567, 512)
0:	[0s / 0s],		train_loss: 2.8848,	val_loss: 7.5320
1:	[0s / 0s],		train_loss: 2.6505,	val_loss: 7.9868
2:	[0s / 0s],		train_loss: 2.6439,	val_loss: 8.0780
3:	[0s / 0s],		train_loss: 2.6095,	val_loss: 7.9771
4:	[0s / 1s],		train_loss: 2.6235,	val_loss: 8.1930
5:	[0s / 1s],		train_loss: 2.6124,	val_loss: 7.8820
6:	[0s / 1s],		train_loss: 2.7795,	val_loss: 9.9128
7:	[0s / 1s],		train_loss: 2.6344,	val_loss: 9.0200
8:	[0s / 1s],		train_loss: 2.5740,	val_loss: 7.8253
9:	[0s / 2s],		train_loss: 2.5603,	val_loss: 8.0213
10:	[0s / 2s],		train_loss: 2.5777,	val_loss: 8.1868
11:	[0s / 2s],		train_loss: 2.5675,	val_loss: 8.3591
12:	[0s / 2s],		train_loss: 2.5781,	val_loss: 8.4421
13:	[0s / 2s],		train_loss: 2.5802,	val_loss: 8.0039
14:	[0s / 3s],		train_loss: 2.5372,	val_loss: 8.8875
15:	[0s / 3s],		train_loss: 2.6273,	val_loss: 9.1002
16:	[0s / 3s],		train_loss: 2.5681,	val_loss: 8.6098
17:	[0s / 3s],		train_loss: 2.6008,	val_loss: 8.4437
18:	[0s / 3s],		train_loss: 2.6023,	val_loss: 7.8214
19:	[0s / 3s],		train_loss: 2.5949,	val_loss: 9.2401
20:	[0s / 4s],		train_loss: 2.5719,	val_loss: 8.6867
C-index TRAIN: 0.9590
C-index TEST:  0.7578
  [surv] Saved → survival_predictions/tabicl/HURRAH/NaN/seed123/fold4/tabicl_deepsurv_simple.pkl
0:	[0s / 0s],		train_loss: 2.8872,	val_loss: 7.8022
1:	[0s / 0s],		train_loss: 2.7061,	val_loss: 7.5732
2:	[0s / 0s],		train_loss: 2.6432,	val_loss: 7.9296
3:	[0s / 1s],		train_loss: 2.6087,	val_loss: 8.0706
4:	[0s / 1s],		train_loss: 2.5957,	val_loss: 7.9142
5:	[0s / 1s],		train_loss: 2.5805,	val_loss: 7.5986
6:	[0s / 1s],		train_loss: 2.5513,	val_loss: 8.0352
7:	[0s / 2s],		train_loss: 2.5527,	val_loss: 8.8015
8:	[0s / 2s],		train_loss: 2.5292,	val_loss: 7.9974
9:	[0s / 2s],		train_loss: 2.5367,	val_loss: 7.7973
10:	[0s / 2s],		train_loss: 2.5246,	val_loss: 8.5423
11:	[0s / 3s],		train_loss: 2.5062,	val_loss: 8.3457
12:	[0s / 3s],		train_loss: 2.5249,	val_loss: 8.1470
13:	[0s / 3s],		train_loss: 2.5037,	val_loss: 8.4393
14:	[0s / 3s],		train_loss: 2.5162,	val_loss: 8.0093
15:	[0s / 4s],		train_loss: 2.5116,	val_loss: 9.1407
16:	[0s / 4s],		train_loss: 2.5073,	val_loss: 8.1155
17:	[0s / 4s],		train_loss: 2.5017,	val_loss: 7.8166
18:	[0s / 5s],		train_loss: 2.5069,	val_loss: 8.1610
19:	[0s / 5s],		train_loss: 2.4992,	val_loss: 8.2433
20:	[0s / 5s],		train_loss: 2.5215,	val_loss: 8.3994
21:	[0s / 5s],		train_loss: 2.4898,	val_loss: 8.1851
C-index TRAIN: 0.9608
C-index TEST:  0.7391
  [surv] Saved → survival_predictions/tabicl/HURRAH/NaN/seed123/fold4/tabicl_deepsurv_vanilla.pkl
  [ckpt] TABICL RSF saved → checkpoints/tabicl/HURRAH/NaN/seed123/fold4/tabicl_rsf.pkl
C-index train: 0.9829
C-index test:  0.7131
  [surv] Saved → survival_predictions/tabicl/HURRAH/NaN/seed123/fold4/tabicl_rsf.pkl
  Fitting TABICL Cox (embedding)...
C-index train: 0.9625
C-index test:  0.7332
  [surv] Saved → survival_predictions/tabicl/HURRAH/NaN/seed123/fold4/tabicl_cox.pkl
X_train shape: (13567, 61), X_test shape: (3391, 61)
Generating TABICL Embeddings...
Warming up TabICL model (triggering checkpoint load)...
ARRIVATO QUI 1
Loading TabICL model checkpoint 'tabicl-classifier-v1.1-0506.ckpt'...
ARRIVATO QUI
Performing dummy prediction to ensure model is loaded...
Warming up TabICL model (triggering checkpoint load)...
ARRIVATO QUI 1
Loading TabICL model checkpoint 'tabicl-classifier-v1.1-0506.ckpt'...
ARRIVATO QUI
Performing dummy prediction to ensure model is loaded...
Successfully generated embeddings with shape: (13567, 512)
0:	[0s / 0s],		train_loss: 3.0496,	val_loss: 7.5903
1:	[0s / 0s],		train_loss: 2.6845,	val_loss: 7.9814
2:	[0s / 0s],		train_loss: 2.5798,	val_loss: 7.9220
3:	[0s / 0s],		train_loss: 2.5777,	val_loss: 7.8798
4:	[0s / 1s],		train_loss: 2.5751,	val_loss: 7.8881
5:	[0s / 1s],		train_loss: 2.5751,	val_loss: 8.7982
6:	[0s / 1s],		train_loss: 2.5951,	val_loss: 7.9655
7:	[0s / 1s],		train_loss: 2.5816,	val_loss: 8.5039
8:	[0s / 1s],		train_loss: 2.5926,	val_loss: 8.1052
9:	[0s / 2s],		train_loss: 2.5427,	val_loss: 8.4727
10:	[0s / 2s],		train_loss: 2.5729,	val_loss: 8.5965
11:	[0s / 2s],		train_loss: 2.5587,	val_loss: 7.9641
12:	[0s / 2s],		train_loss: 2.5291,	val_loss: 8.1845
13:	[0s / 2s],		train_loss: 2.5445,	val_loss: 8.5680
14:	[0s / 3s],		train_loss: 2.6020,	val_loss: 8.9193
15:	[0s / 3s],		train_loss: 2.6436,	val_loss: 7.9740
16:	[0s / 3s],		train_loss: 2.6076,	val_loss: 8.5423
17:	[0s / 3s],		train_loss: 2.5688,	val_loss: 8.8110
18:	[0s / 3s],		train_loss: 2.5242,	val_loss: 7.9673
19:	[0s / 4s],		train_loss: 2.5654,	val_loss: 8.5729
20:	[0s / 4s],		train_loss: 2.6075,	val_loss: 8.5961
C-index TRAIN: 0.9584
C-index TEST:  0.8145
  [surv] Saved → survival_predictions/tabicl/HURRAH/NaN/seed123/fold5/tabicl_deepsurv_simple.pkl
0:	[0s / 0s],		train_loss: 2.9353,	val_loss: 7.4629
1:	[0s / 0s],		train_loss: 2.7022,	val_loss: 7.7231
2:	[0s / 0s],		train_loss: 2.6563,	val_loss: 7.6142
3:	[0s / 1s],		train_loss: 2.6325,	val_loss: 8.2051
4:	[0s / 1s],		train_loss: 2.5837,	val_loss: 7.6555
5:	[0s / 1s],		train_loss: 2.5553,	val_loss: 7.5925
6:	[0s / 1s],		train_loss: 2.5354,	val_loss: 7.9952
7:	[0s / 2s],		train_loss: 2.5280,	val_loss: 8.9291
8:	[0s / 2s],		train_loss: 2.5325,	val_loss: 8.1506
9:	[0s / 2s],		train_loss: 2.5191,	val_loss: 8.2060
10:	[0s / 3s],		train_loss: 2.5031,	val_loss: 7.9307
11:	[0s / 3s],		train_loss: 2.5104,	val_loss: 8.0100
12:	[0s / 3s],		train_loss: 2.5193,	val_loss: 7.8642
13:	[0s / 4s],		train_loss: 2.5186,	val_loss: 8.3989
14:	[0s / 4s],		train_loss: 2.5139,	val_loss: 8.0954
15:	[0s / 4s],		train_loss: 2.4983,	val_loss: 8.8911
16:	[0s / 5s],		train_loss: 2.5018,	val_loss: 8.2535
17:	[0s / 5s],		train_loss: 2.4986,	val_loss: 8.2865
18:	[0s / 5s],		train_loss: 2.4942,	val_loss: 8.0426
19:	[0s / 6s],		train_loss: 2.4846,	val_loss: 8.2135
20:	[0s / 6s],		train_loss: 2.4840,	val_loss: 8.2947
C-index TRAIN: 0.9615
C-index TEST:  0.7803
  [surv] Saved → survival_predictions/tabicl/HURRAH/NaN/seed123/fold5/tabicl_deepsurv_vanilla.pkl
  [ckpt] TABICL RSF saved → checkpoints/tabicl/HURRAH/NaN/seed123/fold5/tabicl_rsf.pkl
C-index train: 0.9823
C-index test:  0.7279
  [surv] Saved → survival_predictions/tabicl/HURRAH/NaN/seed123/fold5/tabicl_rsf.pkl
  Fitting TABICL Cox (embedding)...
C-index train: 0.9634
C-index test:  0.7471
  [surv] Saved → survival_predictions/tabicl/HURRAH/NaN/seed123/fold5/tabicl_cox.pkl

  Preprocess: -1 | Seed: 123
  TABICL Train Vanilla → mean: 0.961716 | std: 0.000381 | min: 0.961127 | max: 0.962296
  TABICL Test Vanilla → mean: 0.773407 | std: 0.017324 | min: 0.753416 | max: 0.801056
  TABICL Train Simple → mean: 0.961228 | std: 0.000990 | min: 0.959674 | max: 0.962376
  TABICL Test Simple → mean: 0.791702 | std: 0.016402 | min: 0.764422 | max: 0.810639
  TABICL Train RSF → mean: 0.983631 | std: 0.000259 | min: 0.983201 | max: 0.983939
  TABICL Test RSF → mean: 0.744435 | std: 0.016916 | min: 0.720631 | max: 0.773474
  TABICL Train Cox → mean: 0.964415 | std: 0.000412 | min: 0.963832 | max: 0.965030
  TABICL Test Cox → mean: 0.768435 | std: 0.008905 | min: 0.754484 | max: 0.776011
  Train DeepSurv Vanilla → mean: 0.846855 | std: 0.009870 | min: 0.841074 | max: 0.866549
  Test DeepSurv Vanilla → mean: 0.837122 | std: 0.009041 | min: 0.823874 | max: 0.852008
  Train DeepSurv Simple → mean: 0.836862 | std: 0.002137 | min: 0.834598 | max: 0.840909
  Test DeepSurv Simple → mean: 0.835211 | std: 0.006346 | min: 0.824526 | max: 0.842023
  Train RSF  → mean: 0.941442 | std: 0.000613 | min: 0.940661 | max: 0.942530
  Test RSF   → mean: 0.851352 | std: 0.008787 | min: 0.839676 | max: 0.859853
  Train Cox  → mean: 0.828128 | std: 0.001359 | min: 0.826234 | max: 0.829897
  Test Cox   → mean: 0.826363 | std: 0.006724 | min: 0.815616 | max: 0.834793

  Preprocess: NaN | Seed: 123
  TABICL Train Vanilla → mean: 0.961790 | std: 0.001332 | min: 0.960570 | max: 0.964316
  TABICL Test Vanilla → mean: 0.755557 | std: 0.030130 | min: 0.720977 | max: 0.801230
  TABICL Train Simple → mean: 0.959247 | std: 0.001202 | min: 0.957728 | max: 0.961154
  TABICL Test Simple → mean: 0.781109 | std: 0.020274 | min: 0.757834 | max: 0.814477
  TABICL Train RSF → mean: 0.982604 | std: 0.000279 | min: 0.982280 | max: 0.982912
  TABICL Test RSF → mean: 0.719040 | std: 0.011347 | min: 0.705833 | max: 0.736502
  TABICL Train Cox → mean: 0.963360 | std: 0.000495 | min: 0.962450 | max: 0.963922
  TABICL Test Cox → mean: 0.738428 | std: 0.011366 | min: 0.718944 | max: 0.750647
Result saved in 'results/HURRAH/tabicl/results_cv_HURRAH_tabicl_seed123.txt'
