ENV CHECKPOINT PATH: 
DEFAULT PATH: /scratch.hpc/luca.cotugno/Foundation_model_clinical_data/src/models_diff/tabdpt1_1.pth
ENV CHECKPOINT PATH: 
DEFAULT PATH: /scratch.hpc/luca.cotugno/Foundation_model_clinical_data/src/models_diff/tabdpt1_1.pth
/scratch.hpc/luca.cotugno/Foundation_model_clinical_data/.venv/lib/python3.12/site-packages/pycox/models/cox.py:251: RuntimeWarning: overflow encountered in exp
  expg = np.exp(self.predict(input, batch_size, True, eval_, num_workers=num_workers)).reshape(1, -1)
ENV CHECKPOINT PATH: 
DEFAULT PATH: /scratch.hpc/luca.cotugno/Foundation_model_clinical_data/src/models_diff/tabdpt1_1.pth
ENV CHECKPOINT PATH: 
DEFAULT PATH: /scratch.hpc/luca.cotugno/Foundation_model_clinical_data/src/models_diff/tabdpt1_1.pth
ENV CHECKPOINT PATH: 
DEFAULT PATH: /scratch.hpc/luca.cotugno/Foundation_model_clinical_data/src/models_diff/tabdpt1_1.pth
ENV CHECKPOINT PATH: 
DEFAULT PATH: /scratch.hpc/luca.cotugno/Foundation_model_clinical_data/src/models_diff/tabdpt1_1.pth
ENV CHECKPOINT PATH: 
DEFAULT PATH: /scratch.hpc/luca.cotugno/Foundation_model_clinical_data/src/models_diff/tabdpt1_1.pth
ENV CHECKPOINT PATH: 
DEFAULT PATH: /scratch.hpc/luca.cotugno/Foundation_model_clinical_data/src/models_diff/tabdpt1_1.pth
ENV CHECKPOINT PATH: 
DEFAULT PATH: /scratch.hpc/luca.cotugno/Foundation_model_clinical_data/src/models_diff/tabdpt1_1.pth
ENV CHECKPOINT PATH: 
DEFAULT PATH: /scratch.hpc/luca.cotugno/Foundation_model_clinical_data/src/models_diff/tabdpt1_1.pth
ENV CHECKPOINT PATH: 
DEFAULT PATH: /scratch.hpc/luca.cotugno/Foundation_model_clinical_data/src/models_diff/tabdpt1_1.pth
ENV CHECKPOINT PATH: 
DEFAULT PATH: /scratch.hpc/luca.cotugno/Foundation_model_clinical_data/src/models_diff/tabdpt1_1.pth
ENV CHECKPOINT PATH: 
DEFAULT PATH: /scratch.hpc/luca.cotugno/Foundation_model_clinical_data/src/models_diff/tabdpt1_1.pth
ENV CHECKPOINT PATH: 
DEFAULT PATH: /scratch.hpc/luca.cotugno/Foundation_model_clinical_data/src/models_diff/tabdpt1_1.pth
ENV CHECKPOINT PATH: 
DEFAULT PATH: /scratch.hpc/luca.cotugno/Foundation_model_clinical_data/src/models_diff/tabdpt1_1.pth
ENV CHECKPOINT PATH: 
DEFAULT PATH: /scratch.hpc/luca.cotugno/Foundation_model_clinical_data/src/models_diff/tabdpt1_1.pth
ENV CHECKPOINT PATH: 
DEFAULT PATH: /scratch.hpc/luca.cotugno/Foundation_model_clinical_data/src/models_diff/tabdpt1_1.pth
ENV CHECKPOINT PATH: 
DEFAULT PATH: /scratch.hpc/luca.cotugno/Foundation_model_clinical_data/src/models_diff/tabdpt1_1.pth
ENV CHECKPOINT PATH: 
DEFAULT PATH: /scratch.hpc/luca.cotugno/Foundation_model_clinical_data/src/models_diff/tabdpt1_1.pth
ENV CHECKPOINT PATH: 
DEFAULT PATH: /scratch.hpc/luca.cotugno/Foundation_model_clinical_data/src/models_diff/tabdpt1_1.pth
ENV CHECKPOINT PATH: 
DEFAULT PATH: /scratch.hpc/luca.cotugno/Foundation_model_clinical_data/src/models_diff/tabdpt1_1.pth
ENV CHECKPOINT PATH: 
DEFAULT PATH: /scratch.hpc/luca.cotugno/Foundation_model_clinical_data/src/models_diff/tabdpt1_1.pth
ENV CHECKPOINT PATH: 
DEFAULT PATH: /scratch.hpc/luca.cotugno/Foundation_model_clinical_data/src/models_diff/tabdpt1_1.pth
ENV CHECKPOINT PATH: 
DEFAULT PATH: /scratch.hpc/luca.cotugno/Foundation_model_clinical_data/src/models_diff/tabdpt1_1.pth
ENV CHECKPOINT PATH: 
DEFAULT PATH: /scratch.hpc/luca.cotugno/Foundation_model_clinical_data/src/models_diff/tabdpt1_1.pth
ENV CHECKPOINT PATH: 
DEFAULT PATH: /scratch.hpc/luca.cotugno/Foundation_model_clinical_data/src/models_diff/tabdpt1_1.pth
/scratch.hpc/luca.cotugno/Foundation_model_clinical_data/.venv/lib/python3.12/site-packages/pycox/models/cox.py:251: RuntimeWarning: overflow encountered in exp
  expg = np.exp(self.predict(input, batch_size, True, eval_, num_workers=num_workers)).reshape(1, -1)
ENV CHECKPOINT PATH: 
DEFAULT PATH: /scratch.hpc/luca.cotugno/Foundation_model_clinical_data/src/models_diff/tabdpt1_1.pth
ENV CHECKPOINT PATH: 
DEFAULT PATH: /scratch.hpc/luca.cotugno/Foundation_model_clinical_data/src/models_diff/tabdpt1_1.pth
ENV CHECKPOINT PATH: 
DEFAULT PATH: /scratch.hpc/luca.cotugno/Foundation_model_clinical_data/src/models_diff/tabdpt1_1.pth
ENV CHECKPOINT PATH: 
DEFAULT PATH: /scratch.hpc/luca.cotugno/Foundation_model_clinical_data/src/models_diff/tabdpt1_1.pth
ENV CHECKPOINT PATH: 
DEFAULT PATH: /scratch.hpc/luca.cotugno/Foundation_model_clinical_data/src/models_diff/tabdpt1_1.pth
ENV CHECKPOINT PATH: 
DEFAULT PATH: /scratch.hpc/luca.cotugno/Foundation_model_clinical_data/src/models_diff/tabdpt1_1.pth
ENV CHECKPOINT PATH: 
DEFAULT PATH: /scratch.hpc/luca.cotugno/Foundation_model_clinical_data/src/models_diff/tabdpt1_1.pth
ENV CHECKPOINT PATH: 
DEFAULT PATH: /scratch.hpc/luca.cotugno/Foundation_model_clinical_data/src/models_diff/tabdpt1_1.pth
ENV CHECKPOINT PATH: 
DEFAULT PATH: /scratch.hpc/luca.cotugno/Foundation_model_clinical_data/src/models_diff/tabdpt1_1.pth
ENV CHECKPOINT PATH: 
DEFAULT PATH: /scratch.hpc/luca.cotugno/Foundation_model_clinical_data/src/models_diff/tabdpt1_1.pth
ENV CHECKPOINT PATH: 
DEFAULT PATH: /scratch.hpc/luca.cotugno/Foundation_model_clinical_data/src/models_diff/tabdpt1_1.pth
ENV CHECKPOINT PATH: 
DEFAULT PATH: /scratch.hpc/luca.cotugno/Foundation_model_clinical_data/src/models_diff/tabdpt1_1.pth
ENV CHECKPOINT PATH: 
DEFAULT PATH: /scratch.hpc/luca.cotugno/Foundation_model_clinical_data/src/models_diff/tabdpt1_1.pth
ENV CHECKPOINT PATH: 
DEFAULT PATH: /scratch.hpc/luca.cotugno/Foundation_model_clinical_data/src/models_diff/tabdpt1_1.pth
STARTED  model=tabdpt  seed=789  tuning=True  shap=False


Preprocess: Replace NaN with -1
Loading existing folds from tmp/splits/OrmoniTirodei_seed789.pkl
X_train shape: (5161, 76), X_test shape: (1291, 76)
Generating TABDPT Embeddings...
<class 'dict'>
Loaded TabDPTModel from checkpoint.
<class 'dict'>
Loaded TabDPTModel from checkpoint.
Successfully generated embeddings with shape: (5161, 768)
  [ckpt] Loading TABDPT DeepSurv Tuned from checkpoints/tabdpt/OrmoniTirodei/-1/seed789/fold1
C-index train: 0.8038
C-index test:  0.7732
  [ckpt] Loading TABDPT RSF Tuned from checkpoints/tabdpt/OrmoniTirodei/-1/seed789/fold1
C-index train: 0.9279
C-index test:  0.7674
  [ckpt] Loading DeepSurv Simple from checkpoints/tabdpt/OrmoniTirodei/-1/seed789/fold1/tabdpt_deepsurv_simple.pt
C-index TRAIN: 0.8006
C-index TEST:  0.7279
  [ckpt] Loading DeepSurv Vanilla from checkpoints/tabdpt/OrmoniTirodei/-1/seed789/fold1/tabdpt_deepsurv_vanilla.pt
C-index TRAIN: 0.8127
C-index TEST:  0.7693
  [ckpt] Loading TABDPT RSF from checkpoints/tabdpt/OrmoniTirodei/-1/seed789/fold1/tabdpt_rsf.pkl
C-index train: 0.9201
C-index test:  0.7637
  [ckpt] Loading TABDPT Cox (embedding) from checkpoints/tabdpt/OrmoniTirodei/-1/seed789/fold1/tabdpt_tab_cox.pkl
C-index train: 0.8133
C-index test:  0.7690
  [ckpt] Loading DeepSurv Vanilla baseline from checkpoints/tabdpt/OrmoniTirodei/-1/seed789/fold1/deepsurv_vanilla_baseline.pt
C-index TRAIN: 0.8095
C-index TEST:  0.7926
  [ckpt] Loading DeepSurv Simple baseline from checkpoints/tabdpt/OrmoniTirodei/-1/seed789/fold1/deepsurv_simple_baseline.pt
C-index TRAIN: 0.7893
C-index TEST:  0.7821
  [ckpt] Loading RSF baseline from checkpoints/tabdpt/OrmoniTirodei/-1/seed789/fold1/rsf_baseline.pkl
C-index train: 0.9013
C-index test:  0.7951
  [ckpt] Loading Cox baseline from checkpoints/tabdpt/OrmoniTirodei/-1/seed789/fold1/tabdpt_cox.pkl
C-index train: 0.8016
C-index test:  0.7899
  [ckpt] Loading DeepSurv Tuned baseline from checkpoints/tabdpt/OrmoniTirodei/-1/seed789/fold1
C-index train: 0.7778
C-index test:  0.7735
  [ckpt] Loading RSF Tuned baseline from checkpoints/tabdpt/OrmoniTirodei/-1/seed789/fold1
C-index train: 0.9050
C-index test:  0.7948
X_train shape: (5161, 76), X_test shape: (1291, 76)
Generating TABDPT Embeddings...
<class 'dict'>
Loaded TabDPTModel from checkpoint.
<class 'dict'>
Loaded TabDPTModel from checkpoint.
Successfully generated embeddings with shape: (5161, 768)
  [ckpt] Loading TABDPT DeepSurv Tuned from checkpoints/tabdpt/OrmoniTirodei/-1/seed789/fold2
C-index train: 0.8111
C-index test:  0.7715
  [ckpt] Loading TABDPT RSF Tuned from checkpoints/tabdpt/OrmoniTirodei/-1/seed789/fold2
C-index train: 0.8904
C-index test:  0.7656
  [ckpt] Loading DeepSurv Simple from checkpoints/tabdpt/OrmoniTirodei/-1/seed789/fold2/tabdpt_deepsurv_simple.pt
C-index TRAIN: 0.8068
C-index TEST:  0.7551
  [ckpt] Loading DeepSurv Vanilla from checkpoints/tabdpt/OrmoniTirodei/-1/seed789/fold2/tabdpt_deepsurv_vanilla.pt
C-index TRAIN: 0.8126
C-index TEST:  0.7758
  [ckpt] Loading TABDPT RSF from checkpoints/tabdpt/OrmoniTirodei/-1/seed789/fold2/tabdpt_rsf.pkl
C-index train: 0.9178
C-index test:  0.7676
  [ckpt] Loading TABDPT Cox (embedding) from checkpoints/tabdpt/OrmoniTirodei/-1/seed789/fold2/tabdpt_tab_cox.pkl
C-index train: 0.8120
C-index test:  0.7697
  [ckpt] Loading DeepSurv Vanilla baseline from checkpoints/tabdpt/OrmoniTirodei/-1/seed789/fold2/deepsurv_vanilla_baseline.pt
C-index TRAIN: 0.8046
C-index TEST:  0.7956
  [ckpt] Loading DeepSurv Simple baseline from checkpoints/tabdpt/OrmoniTirodei/-1/seed789/fold2/deepsurv_simple_baseline.pt
C-index TRAIN: 0.7912
C-index TEST:  0.7917
  [ckpt] Loading RSF baseline from checkpoints/tabdpt/OrmoniTirodei/-1/seed789/fold2/rsf_baseline.pkl
C-index train: 0.9019
C-index test:  0.7898
  [ckpt] Loading Cox baseline from checkpoints/tabdpt/OrmoniTirodei/-1/seed789/fold2/tabdpt_cox.pkl
C-index train: 0.7995
C-index test:  0.7954
  [ckpt] Loading DeepSurv Tuned baseline from checkpoints/tabdpt/OrmoniTirodei/-1/seed789/fold2
C-index train: 0.7735
C-index test:  0.7795
  [ckpt] Loading RSF Tuned baseline from checkpoints/tabdpt/OrmoniTirodei/-1/seed789/fold2
C-index train: 0.9084
C-index test:  0.7877
X_train shape: (5162, 76), X_test shape: (1290, 76)
Generating TABDPT Embeddings...
<class 'dict'>
Loaded TabDPTModel from checkpoint.
<class 'dict'>
Loaded TabDPTModel from checkpoint.
Successfully generated embeddings with shape: (5162, 768)
  [ckpt] Loading TABDPT DeepSurv Tuned from checkpoints/tabdpt/OrmoniTirodei/-1/seed789/fold3
C-index train: 0.8033
C-index test:  0.7732
  [ckpt] Loading TABDPT RSF Tuned from checkpoints/tabdpt/OrmoniTirodei/-1/seed789/fold3
C-index train: 0.8870
C-index test:  0.7687
  [ckpt] Loading DeepSurv Simple from checkpoints/tabdpt/OrmoniTirodei/-1/seed789/fold3/tabdpt_deepsurv_simple.pt
C-index TRAIN: 0.7894
C-index TEST:  0.7483
  [ckpt] Loading DeepSurv Vanilla from checkpoints/tabdpt/OrmoniTirodei/-1/seed789/fold3/tabdpt_deepsurv_vanilla.pt
C-index TRAIN: 0.8082
C-index TEST:  0.7731
  [ckpt] Loading TABDPT RSF from checkpoints/tabdpt/OrmoniTirodei/-1/seed789/fold3/tabdpt_rsf.pkl
C-index train: 0.9212
C-index test:  0.7650
  [ckpt] Loading TABDPT Cox (embedding) from checkpoints/tabdpt/OrmoniTirodei/-1/seed789/fold3/tabdpt_tab_cox.pkl
C-index train: 0.8117
C-index test:  0.7733
  [ckpt] Loading DeepSurv Vanilla baseline from checkpoints/tabdpt/OrmoniTirodei/-1/seed789/fold3/deepsurv_vanilla_baseline.pt
C-index TRAIN: 0.8085
C-index TEST:  0.7849
  [ckpt] Loading DeepSurv Simple baseline from checkpoints/tabdpt/OrmoniTirodei/-1/seed789/fold3/deepsurv_simple_baseline.pt
C-index TRAIN: 0.7870
C-index TEST:  0.7773
  [ckpt] Loading RSF baseline from checkpoints/tabdpt/OrmoniTirodei/-1/seed789/fold3/rsf_baseline.pkl
C-index train: 0.8992
C-index test:  0.7972
  [ckpt] Loading Cox baseline from checkpoints/tabdpt/OrmoniTirodei/-1/seed789/fold3/tabdpt_cox.pkl
C-index train: 0.8004
C-index test:  0.7942
  [ckpt] Loading DeepSurv Tuned baseline from checkpoints/tabdpt/OrmoniTirodei/-1/seed789/fold3
C-index train: 0.8033
C-index test:  0.7884
  [ckpt] Loading RSF Tuned baseline from checkpoints/tabdpt/OrmoniTirodei/-1/seed789/fold3
C-index train: 0.9037
C-index test:  0.7960
X_train shape: (5162, 76), X_test shape: (1290, 76)
Generating TABDPT Embeddings...
<class 'dict'>
Loaded TabDPTModel from checkpoint.
<class 'dict'>
Loaded TabDPTModel from checkpoint.
Successfully generated embeddings with shape: (5162, 768)
  [ckpt] Loading TABDPT DeepSurv Tuned from checkpoints/tabdpt/OrmoniTirodei/-1/seed789/fold4
C-index train: 0.8100
C-index test:  0.7780
  [ckpt] Loading TABDPT RSF Tuned from checkpoints/tabdpt/OrmoniTirodei/-1/seed789/fold4
C-index train: 0.8999
C-index test:  0.7775
  [ckpt] Loading DeepSurv Simple from checkpoints/tabdpt/OrmoniTirodei/-1/seed789/fold4/tabdpt_deepsurv_simple.pt
C-index TRAIN: 0.7701
C-index TEST:  0.7547
  [ckpt] Loading DeepSurv Vanilla from checkpoints/tabdpt/OrmoniTirodei/-1/seed789/fold4/tabdpt_deepsurv_vanilla.pt
C-index TRAIN: 0.8145
C-index TEST:  0.7877
  [ckpt] Loading TABDPT RSF from checkpoints/tabdpt/OrmoniTirodei/-1/seed789/fold4/tabdpt_rsf.pkl
C-index train: 0.9240
C-index test:  0.7795
  [ckpt] Loading TABDPT Cox (embedding) from checkpoints/tabdpt/OrmoniTirodei/-1/seed789/fold4/tabdpt_tab_cox.pkl
C-index train: 0.8109
C-index test:  0.7869
  [ckpt] Loading DeepSurv Vanilla baseline from checkpoints/tabdpt/OrmoniTirodei/-1/seed789/fold4/deepsurv_vanilla_baseline.pt
C-index TRAIN: 0.8065
C-index TEST:  0.8018
  [ckpt] Loading DeepSurv Simple baseline from checkpoints/tabdpt/OrmoniTirodei/-1/seed789/fold4/deepsurv_simple_baseline.pt
C-index TRAIN: 0.7839
C-index TEST:  0.7870
  [ckpt] Loading RSF baseline from checkpoints/tabdpt/OrmoniTirodei/-1/seed789/fold4/rsf_baseline.pkl
C-index train: 0.9026
C-index test:  0.8099
  [ckpt] Loading Cox baseline from checkpoints/tabdpt/OrmoniTirodei/-1/seed789/fold4/tabdpt_cox.pkl
C-index train: 0.7983
C-index test:  0.8027
  [ckpt] Loading DeepSurv Tuned baseline from checkpoints/tabdpt/OrmoniTirodei/-1/seed789/fold4
C-index train: 0.7106
C-index test:  0.7089
  [ckpt] Loading RSF Tuned baseline from checkpoints/tabdpt/OrmoniTirodei/-1/seed789/fold4
C-index train: 0.9103
C-index test:  0.8104
X_train shape: (5162, 76), X_test shape: (1290, 76)
Generating TABDPT Embeddings...
<class 'dict'>
Loaded TabDPTModel from checkpoint.
<class 'dict'>
Loaded TabDPTModel from checkpoint.
Successfully generated embeddings with shape: (5162, 768)
  [ckpt] Loading TABDPT DeepSurv Tuned from checkpoints/tabdpt/OrmoniTirodei/-1/seed789/fold5
C-index train: 0.7544
C-index test:  0.7526
  [ckpt] Loading TABDPT RSF Tuned from checkpoints/tabdpt/OrmoniTirodei/-1/seed789/fold5
C-index train: 0.8839
C-index test:  0.7691
  [ckpt] Loading DeepSurv Simple from checkpoints/tabdpt/OrmoniTirodei/-1/seed789/fold5/tabdpt_deepsurv_simple.pt
C-index TRAIN: 0.8023
C-index TEST:  0.7610
  [ckpt] Loading DeepSurv Vanilla from checkpoints/tabdpt/OrmoniTirodei/-1/seed789/fold5/tabdpt_deepsurv_vanilla.pt
C-index TRAIN: 0.7949
C-index TEST:  0.7782
  [ckpt] Loading TABDPT RSF from checkpoints/tabdpt/OrmoniTirodei/-1/seed789/fold5/tabdpt_rsf.pkl
C-index train: 0.9218
C-index test:  0.7670
  [ckpt] Loading TABDPT Cox (embedding) from checkpoints/tabdpt/OrmoniTirodei/-1/seed789/fold5/tabdpt_tab_cox.pkl
C-index train: 0.8144
C-index test:  0.7640
  [ckpt] Loading DeepSurv Vanilla baseline from checkpoints/tabdpt/OrmoniTirodei/-1/seed789/fold5/deepsurv_vanilla_baseline.pt
C-index TRAIN: 0.8063
C-index TEST:  0.7816
  [ckpt] Loading DeepSurv Simple baseline from checkpoints/tabdpt/OrmoniTirodei/-1/seed789/fold5/deepsurv_simple_baseline.pt
C-index TRAIN: 0.7956
C-index TEST:  0.7686
  [ckpt] Loading RSF baseline from checkpoints/tabdpt/OrmoniTirodei/-1/seed789/fold5/rsf_baseline.pkl
C-index train: 0.9048
C-index test:  0.7958
  [ckpt] Loading Cox baseline from checkpoints/tabdpt/OrmoniTirodei/-1/seed789/fold5/tabdpt_cox.pkl
C-index train: 0.8033
C-index test:  0.7838
  [ckpt] Loading DeepSurv Tuned baseline from checkpoints/tabdpt/OrmoniTirodei/-1/seed789/fold5
C-index train: 0.8067
C-index test:  0.7821
  [ckpt] Loading RSF Tuned baseline from checkpoints/tabdpt/OrmoniTirodei/-1/seed789/fold5
C-index train: 0.9048
C-index test:  0.7958


Preprocess: Keep NaN
Loading existing folds from tmp/splits/OrmoniTirodei_seed789.pkl
X_train shape: (5161, 76), X_test shape: (1291, 76)
Generating TABDPT Embeddings...
<class 'dict'>
Loaded TabDPTModel from checkpoint.
<class 'dict'>
Loaded TabDPTModel from checkpoint.
Successfully generated embeddings with shape: (5161, 768)
  [ckpt] Loading TABDPT DeepSurv Tuned from checkpoints/tabdpt/OrmoniTirodei/NaN/seed789/fold1
C-index train: 0.8198
C-index test:  0.7773
  [ckpt] Loading TABDPT RSF Tuned from checkpoints/tabdpt/OrmoniTirodei/NaN/seed789/fold1
C-index train: 0.8800
C-index test:  0.7631
  [ckpt] Loading DeepSurv Simple from checkpoints/tabdpt/OrmoniTirodei/NaN/seed789/fold1/tabdpt_deepsurv_simple.pt
C-index TRAIN: 0.8078
C-index TEST:  0.7561
  [ckpt] Loading DeepSurv Vanilla from checkpoints/tabdpt/OrmoniTirodei/NaN/seed789/fold1/tabdpt_deepsurv_vanilla.pt
C-index TRAIN: 0.8168
C-index TEST:  0.7788
  [ckpt] Loading TABDPT RSF from checkpoints/tabdpt/OrmoniTirodei/NaN/seed789/fold1/tabdpt_rsf.pkl
C-index train: 0.9198
C-index test:  0.7680
  [ckpt] Loading TABDPT Cox (embedding) from checkpoints/tabdpt/OrmoniTirodei/NaN/seed789/fold1/tabdpt_tab_cox.pkl
C-index train: 0.8161
C-index test:  0.7733
X_train shape: (5161, 76), X_test shape: (1291, 76)
Generating TABDPT Embeddings...
<class 'dict'>
Loaded TabDPTModel from checkpoint.
<class 'dict'>
Loaded TabDPTModel from checkpoint.
Successfully generated embeddings with shape: (5161, 768)
  [ckpt] Loading TABDPT DeepSurv Tuned from checkpoints/tabdpt/OrmoniTirodei/NaN/seed789/fold2
C-index train: 0.8315
C-index test:  0.7693
  [ckpt] Loading TABDPT RSF Tuned from checkpoints/tabdpt/OrmoniTirodei/NaN/seed789/fold2
C-index train: 0.9096
C-index test:  0.7677
  [ckpt] Loading DeepSurv Simple from checkpoints/tabdpt/OrmoniTirodei/NaN/seed789/fold2/tabdpt_deepsurv_simple.pt
C-index TRAIN: 0.8084
C-index TEST:  0.7651
  [ckpt] Loading DeepSurv Vanilla from checkpoints/tabdpt/OrmoniTirodei/NaN/seed789/fold2/tabdpt_deepsurv_vanilla.pt
C-index TRAIN: 0.8200
C-index TEST:  0.7736
  [ckpt] Loading TABDPT RSF from checkpoints/tabdpt/OrmoniTirodei/NaN/seed789/fold2/tabdpt_rsf.pkl
C-index train: 0.9201
C-index test:  0.7632
  [ckpt] Loading TABDPT Cox (embedding) from checkpoints/tabdpt/OrmoniTirodei/NaN/seed789/fold2/tabdpt_tab_cox.pkl
C-index train: 0.8170
C-index test:  0.7647
X_train shape: (5162, 76), X_test shape: (1290, 76)
Generating TABDPT Embeddings...
<class 'dict'>
Loaded TabDPTModel from checkpoint.
<class 'dict'>
Loaded TabDPTModel from checkpoint.
Successfully generated embeddings with shape: (5162, 768)
  [ckpt] Loading TABDPT DeepSurv Tuned from checkpoints/tabdpt/OrmoniTirodei/NaN/seed789/fold3
C-index train: 0.8180
C-index test:  0.7677
  [ckpt] Loading TABDPT RSF Tuned from checkpoints/tabdpt/OrmoniTirodei/NaN/seed789/fold3
C-index train: 0.9078
C-index test:  0.7697
  [ckpt] Loading DeepSurv Simple from checkpoints/tabdpt/OrmoniTirodei/NaN/seed789/fold3/tabdpt_deepsurv_simple.pt
C-index TRAIN: 0.8008
C-index TEST:  0.7620
  [ckpt] Loading DeepSurv Vanilla from checkpoints/tabdpt/OrmoniTirodei/NaN/seed789/fold3/tabdpt_deepsurv_vanilla.pt
C-index TRAIN: 0.8077
C-index TEST:  0.7774
  [ckpt] Loading TABDPT RSF from checkpoints/tabdpt/OrmoniTirodei/NaN/seed789/fold3/tabdpt_rsf.pkl
C-index train: 0.9226
C-index test:  0.7687
  [ckpt] Loading TABDPT Cox (embedding) from checkpoints/tabdpt/OrmoniTirodei/NaN/seed789/fold3/tabdpt_tab_cox.pkl
C-index train: 0.8138
C-index test:  0.7757
X_train shape: (5162, 76), X_test shape: (1290, 76)
Generating TABDPT Embeddings...
<class 'dict'>
Loaded TabDPTModel from checkpoint.
<class 'dict'>
Loaded TabDPTModel from checkpoint.
Successfully generated embeddings with shape: (5162, 768)
  [ckpt] Loading TABDPT DeepSurv Tuned from checkpoints/tabdpt/OrmoniTirodei/NaN/seed789/fold4
C-index train: 0.8068
C-index test:  0.7916
  [ckpt] Loading TABDPT RSF Tuned from checkpoints/tabdpt/OrmoniTirodei/NaN/seed789/fold4
C-index train: 0.8981
C-index test:  0.7746
  [ckpt] Loading DeepSurv Simple from checkpoints/tabdpt/OrmoniTirodei/NaN/seed789/fold4/tabdpt_deepsurv_simple.pt
C-index TRAIN: 0.8088
C-index TEST:  0.7728
  [ckpt] Loading DeepSurv Vanilla from checkpoints/tabdpt/OrmoniTirodei/NaN/seed789/fold4/tabdpt_deepsurv_vanilla.pt
C-index TRAIN: 0.8052
C-index TEST:  0.7877
  [ckpt] Loading TABDPT RSF from checkpoints/tabdpt/OrmoniTirodei/NaN/seed789/fold4/tabdpt_rsf.pkl
C-index train: 0.9250
C-index test:  0.7752
  [ckpt] Loading TABDPT Cox (embedding) from checkpoints/tabdpt/OrmoniTirodei/NaN/seed789/fold4/tabdpt_tab_cox.pkl
C-index train: 0.8142
C-index test:  0.7836
X_train shape: (5162, 76), X_test shape: (1290, 76)
Generating TABDPT Embeddings...
<class 'dict'>
Loaded TabDPTModel from checkpoint.
<class 'dict'>
Loaded TabDPTModel from checkpoint.
Successfully generated embeddings with shape: (5162, 768)
  [ckpt] Loading TABDPT DeepSurv Tuned from checkpoints/tabdpt/OrmoniTirodei/NaN/seed789/fold5
C-index train: 0.8083
C-index test:  0.7751
  [ckpt] Loading TABDPT RSF Tuned from checkpoints/tabdpt/OrmoniTirodei/NaN/seed789/fold5
C-index train: 0.9169
C-index test:  0.7704
  [ckpt] Loading DeepSurv Simple from checkpoints/tabdpt/OrmoniTirodei/NaN/seed789/fold5/tabdpt_deepsurv_simple.pt
C-index TRAIN: 0.8031
C-index TEST:  0.7636
  [ckpt] Loading DeepSurv Vanilla from checkpoints/tabdpt/OrmoniTirodei/NaN/seed789/fold5/tabdpt_deepsurv_vanilla.pt
C-index TRAIN: 0.7893
C-index TEST:  0.7739
  [ckpt] Loading TABDPT RSF from checkpoints/tabdpt/OrmoniTirodei/NaN/seed789/fold5/tabdpt_rsf.pkl
C-index train: 0.9232
C-index test:  0.7686
  [ckpt] Loading TABDPT Cox (embedding) from checkpoints/tabdpt/OrmoniTirodei/NaN/seed789/fold5/tabdpt_tab_cox.pkl
C-index train: 0.8154
C-index test:  0.7679

  Preprocess: -1 | Seed: 789
  TABDPT Train Tuned DeepSurv → mean: 0.796526 | std: 0.021316 | min: 0.754356 | max: 0.811066 | folds: [0.803841, 0.811066, 0.803341, 0.810025, 0.754356]
  TABDPT Test Tuned DeepSurv → mean: 0.769706 | std: 0.008843 | min: 0.752566 | max: 0.778024 | folds: [0.773242, 0.771468, 0.773231, 0.778024, 0.752566]
  TABDPT Train Tuned RSF → mean: 0.897822 | std: 0.015972 | min: 0.883929 | max: 0.927915 | folds: [0.927915, 0.890381, 0.886996, 0.899890, 0.883929]
  TABDPT Test Tuned RSF → mean: 0.769663 | std: 0.004113 | min: 0.765645 | max: 0.777536 | folds: [0.767404, 0.765645, 0.768673, 0.777536, 0.769058]
  TABDPT Train Vanilla → mean: 0.808603 | std: 0.007136 | min: 0.794949 | max: 0.814542 | folds: [0.812736, 0.812561, 0.808227, 0.814542, 0.794949]
  TABDPT Test Vanilla → mean: 0.776815 | std: 0.006214 | min: 0.769254 | max: 0.787723 | folds: [0.769254, 0.775820, 0.773073, 0.787723, 0.778207]
  TABDPT Train Simple → mean: 0.793851 | std: 0.013188 | min: 0.770106 | max: 0.806809 | folds: [0.800639, 0.806809, 0.789376, 0.770106, 0.802323]
  TABDPT Test Simple → mean: 0.749400 | std: 0.011462 | min: 0.727921 | max: 0.760960 | folds: [0.727921, 0.755080, 0.748306, 0.754731, 0.760960]
  TABDPT Train RSF → mean: 0.920986 | std: 0.002016 | min: 0.917834 | max: 0.923971 | folds: [0.920136, 0.917834, 0.921160, 0.923971, 0.921829]
  TABDPT Test RSF → mean: 0.768557 | std: 0.005631 | min: 0.763686 | max: 0.779462 | folds: [0.763686, 0.767624, 0.765008, 0.779462, 0.767003]
  TABDPT Train Cox → mean: 0.812466 | std: 0.001222 | min: 0.810945 | max: 0.814404 | folds: [0.813257, 0.812016, 0.811709, 0.810945, 0.814404]
  TABDPT Test Cox → mean: 0.772576 | std: 0.007773 | min: 0.763961 | max: 0.786938 | folds: [0.768996, 0.769701, 0.773285, 0.786938, 0.763961]
  Train Tuned DeepSurv → mean: 0.774408 | std: 0.034513 | min: 0.710648 | max: 0.806723 | folds: [0.777839, 0.773547, 0.803282, 0.710648, 0.806723]
  Test Tuned DeepSurv → mean: 0.766459 | std: 0.029186 | min: 0.708870 | max: 0.788358 | folds: [0.773496, 0.779520, 0.788358, 0.708870, 0.782050]
  Train Tuned RSF → mean: 0.906414 | std: 0.002504 | min: 0.903683 | max: 0.910321 | folds: [0.904952, 0.908351, 0.903683, 0.910321, 0.904763]
  Test Tuned RSF → mean: 0.796936 | std: 0.007381 | min: 0.787702 | max: 0.810368 | folds: [0.794813, 0.787702, 0.796011, 0.810368, 0.795784]
  Train DeepSurv Vanilla → mean: 0.807083 | std: 0.001725 | min: 0.804623 | max: 0.809505 | folds: [0.809505, 0.804623, 0.808496, 0.806520, 0.806274]
  Test DeepSurv Vanilla → mean: 0.791307 | std: 0.007270 | min: 0.781636 | max: 0.801825 | folds: [0.792569, 0.795557, 0.784948, 0.801825, 0.781636]
  Train DeepSurv Simple → mean: 0.789388 | std: 0.003948 | min: 0.783906 | max: 0.795627 | folds: [0.789268, 0.791160, 0.786981, 0.783906, 0.795627]
  Test DeepSurv Simple → mean: 0.781372 | std: 0.007977 | min: 0.768639 | max: 0.791739 | folds: [0.782118, 0.791739, 0.777350, 0.787014, 0.768639]
  Train RSF  → mean: 0.901956 | std: 0.001800 | min: 0.899244 | max: 0.904763 | folds: [0.901269, 0.901854, 0.899244, 0.902649, 0.904763]
  Test RSF   → mean: 0.797567 | std: 0.006672 | min: 0.789809 | max: 0.809936 | folds: [0.795092, 0.789809, 0.797213, 0.809936, 0.795784]
  Train Cox  → mean: 0.800624 | std: 0.001737 | min: 0.798275 | max: 0.803311 | folds: [0.801636, 0.799492, 0.800407, 0.798275, 0.803311]
  Test Cox   → mean: 0.793181 | std: 0.006248 | min: 0.783771 | max: 0.802659 | folds: [0.789891, 0.795421, 0.794161, 0.802659, 0.783771]

  Preprocess: NaN | Seed: 789
  TABDPT Train Tuned DeepSurv → mean: 0.816901 | std: 0.008927 | min: 0.806827 | max: 0.831501 | folds: [0.819833, 0.831501, 0.818038, 0.806827, 0.808304]
  TABDPT Test Tuned DeepSurv → mean: 0.776214 | std: 0.008466 | min: 0.767748 | max: 0.791605 | folds: [0.777305, 0.769333, 0.767748, 0.791605, 0.775078]
  TABDPT Train Tuned RSF → mean: 0.902469 | std: 0.012733 | min: 0.880003 | max: 0.916860 | folds: [0.880003, 0.909602, 0.907817, 0.898062, 0.916860]
  TABDPT Test Tuned RSF → mean: 0.769089 | std: 0.003769 | min: 0.763052 | max: 0.774617 | folds: [0.763052, 0.767693, 0.769694, 0.774617, 0.770392]
  TABDPT Train Vanilla → mean: 0.807800 | std: 0.010762 | min: 0.789323 | max: 0.820031 | folds: [0.816802, 0.820031, 0.807692, 0.805151, 0.789323]
  TABDPT Test Vanilla → mean: 0.778271 | std: 0.005098 | min: 0.773572 | max: 0.787652 | folds: [0.778813, 0.773572, 0.777380, 0.787652, 0.773940]
  TABDPT Train Simple → mean: 0.805751 | std: 0.003242 | min: 0.800751 | max: 0.808811 | folds: [0.807770, 0.808369, 0.800751, 0.808811, 0.803054]
  TABDPT Test Simple → mean: 0.763930 | std: 0.005397 | min: 0.756104 | max: 0.772835 | folds: [0.756104, 0.765102, 0.762038, 0.772835, 0.763571]
  TABDPT Train RSF → mean: 0.922131 | std: 0.001940 | min: 0.919826 | max: 0.924977 | folds: [0.919826, 0.920100, 0.922582, 0.924977, 0.923172]
  TABDPT Test RSF → mean: 0.768742 | std: 0.003828 | min: 0.763193 | max: 0.775212 | folds: [0.767962, 0.763193, 0.768734, 0.775212, 0.768609]
  TABDPT Train Cox → mean: 0.815300 | std: 0.001164 | min: 0.813834 | max: 0.816964 | folds: [0.816081, 0.816964, 0.813834, 0.814192, 0.815430]
  TABDPT Test Cox → mean: 0.773044 | std: 0.006543 | min: 0.764681 | max: 0.783589 | folds: [0.773336, 0.764681, 0.775663, 0.783589, 0.767950]
Result saved in 'results/OrmoniTirodei/tabdpt/results_cv_OrmoniTirodei_tabdpt_seed789.txt'


Preprocess: Replace NaN with -1
Loading existing folds from tmp/splits/HURRAH_seed789.pkl
X_train shape: (13566, 61), X_test shape: (3392, 61)
Generating TABDPT Embeddings...
<class 'dict'>
Loaded TabDPTModel from checkpoint.
<class 'dict'>
Loaded TabDPTModel from checkpoint.
Successfully generated embeddings with shape: (13566, 768)
  [ckpt] Loading TABDPT DeepSurv Tuned from checkpoints/tabdpt/HURRAH/-1/seed789/fold1
C-index train: 0.8392
C-index test:  0.8051
  [ckpt] Loading TABDPT RSF Tuned from checkpoints/tabdpt/HURRAH/-1/seed789/fold1
C-index train: 0.8573
C-index test:  0.8102
  [ckpt] Loading DeepSurv Simple from checkpoints/tabdpt/HURRAH/-1/seed789/fold1/tabdpt_deepsurv_simple.pt
C-index TRAIN: 0.8187
C-index TEST:  0.7919
  [ckpt] Loading DeepSurv Vanilla from checkpoints/tabdpt/HURRAH/-1/seed789/fold1/tabdpt_deepsurv_vanilla.pt
C-index TRAIN: 0.8276
C-index TEST:  0.7956
  [ckpt] Loading TABDPT RSF from checkpoints/tabdpt/HURRAH/-1/seed789/fold1/tabdpt_rsf.pkl
C-index train: 0.9519
C-index test:  0.8030
  [ckpt] Loading TABDPT Cox (embedding) from checkpoints/tabdpt/HURRAH/-1/seed789/fold1/tabdpt_tab_cox.pkl
C-index train: 0.8424
C-index test:  0.7798
  [ckpt] Loading DeepSurv Vanilla baseline from checkpoints/tabdpt/HURRAH/-1/seed789/fold1/deepsurv_vanilla_baseline.pt
C-index TRAIN: 0.8593
C-index TEST:  0.8378
  [ckpt] Loading DeepSurv Simple baseline from checkpoints/tabdpt/HURRAH/-1/seed789/fold1/deepsurv_simple_baseline.pt
C-index TRAIN: 0.8334
C-index TEST:  0.8216
  [ckpt] Loading RSF baseline from checkpoints/tabdpt/HURRAH/-1/seed789/fold1/rsf_baseline.pkl
C-index train: 0.9218
C-index test:  0.8547
  [ckpt] Loading Cox baseline from checkpoints/tabdpt/HURRAH/-1/seed789/fold1/tabdpt_cox.pkl
C-index train: 0.8287
C-index test:  0.8202
  [ckpt] Loading DeepSurv Tuned baseline from checkpoints/tabdpt/HURRAH/-1/seed789/fold1
C-index train: 0.8289
C-index test:  0.8214
  [ckpt] Loading RSF Tuned baseline from checkpoints/tabdpt/HURRAH/-1/seed789/fold1
C-index train: 0.9334
C-index test:  0.8573
X_train shape: (13566, 61), X_test shape: (3392, 61)
Generating TABDPT Embeddings...
<class 'dict'>
Loaded TabDPTModel from checkpoint.
<class 'dict'>
Loaded TabDPTModel from checkpoint.
Successfully generated embeddings with shape: (13566, 768)
  [ckpt] Loading TABDPT DeepSurv Tuned from checkpoints/tabdpt/HURRAH/-1/seed789/fold2
C-index train: 0.8421
C-index test:  0.8209
  [ckpt] Loading TABDPT RSF Tuned from checkpoints/tabdpt/HURRAH/-1/seed789/fold2
C-index train: 0.8112
C-index test:  0.8250
  [ckpt] Loading DeepSurv Simple from checkpoints/tabdpt/HURRAH/-1/seed789/fold2/tabdpt_deepsurv_simple.pt
C-index TRAIN: 0.8213
C-index TEST:  0.8096
  [ckpt] Loading DeepSurv Vanilla from checkpoints/tabdpt/HURRAH/-1/seed789/fold2/tabdpt_deepsurv_vanilla.pt
C-index TRAIN: 0.8489
C-index TEST:  0.8186
  [ckpt] Loading TABDPT RSF from checkpoints/tabdpt/HURRAH/-1/seed789/fold2/tabdpt_rsf.pkl
C-index train: 0.9501
C-index test:  0.8089
  [ckpt] Loading TABDPT Cox (embedding) from checkpoints/tabdpt/HURRAH/-1/seed789/fold2/tabdpt_tab_cox.pkl
C-index train: 0.8428
C-index test:  0.8107
  [ckpt] Loading DeepSurv Vanilla baseline from checkpoints/tabdpt/HURRAH/-1/seed789/fold2/deepsurv_vanilla_baseline.pt
C-index TRAIN: 0.8590
C-index TEST:  0.8444
  [ckpt] Loading DeepSurv Simple baseline from checkpoints/tabdpt/HURRAH/-1/seed789/fold2/deepsurv_simple_baseline.pt
C-index TRAIN: 0.8330
C-index TEST:  0.8256
  [ckpt] Loading RSF baseline from checkpoints/tabdpt/HURRAH/-1/seed789/fold2/rsf_baseline.pkl
C-index train: 0.9195
C-index test:  0.8435
  [ckpt] Loading Cox baseline from checkpoints/tabdpt/HURRAH/-1/seed789/fold2/tabdpt_cox.pkl
C-index train: 0.8299
C-index test:  0.8180
  [ckpt] Loading DeepSurv Tuned baseline from checkpoints/tabdpt/HURRAH/-1/seed789/fold2
C-index train: 0.8528
C-index test:  0.8384
  [ckpt] Loading RSF Tuned baseline from checkpoints/tabdpt/HURRAH/-1/seed789/fold2
C-index train: 0.9342
C-index test:  0.8470
X_train shape: (13566, 61), X_test shape: (3392, 61)
Generating TABDPT Embeddings...
<class 'dict'>
Loaded TabDPTModel from checkpoint.
<class 'dict'>
Loaded TabDPTModel from checkpoint.
Successfully generated embeddings with shape: (13566, 768)
  [ckpt] Loading TABDPT DeepSurv Tuned from checkpoints/tabdpt/HURRAH/-1/seed789/fold3
C-index train: 0.8516
C-index test:  0.8310
  [ckpt] Loading TABDPT RSF Tuned from checkpoints/tabdpt/HURRAH/-1/seed789/fold3
C-index train: 0.8559
C-index test:  0.8374
  [ckpt] Loading DeepSurv Simple from checkpoints/tabdpt/HURRAH/-1/seed789/fold3/tabdpt_deepsurv_simple.pt
C-index TRAIN: 0.8229
C-index TEST:  0.7723
  [ckpt] Loading DeepSurv Vanilla from checkpoints/tabdpt/HURRAH/-1/seed789/fold3/tabdpt_deepsurv_vanilla.pt
C-index TRAIN: 0.8475
C-index TEST:  0.8276
  [ckpt] Loading TABDPT RSF from checkpoints/tabdpt/HURRAH/-1/seed789/fold3/tabdpt_rsf.pkl
C-index train: 0.9524
C-index test:  0.8260
  [ckpt] Loading TABDPT Cox (embedding) from checkpoints/tabdpt/HURRAH/-1/seed789/fold3/tabdpt_tab_cox.pkl
C-index train: 0.8389
C-index test:  0.8027
  [ckpt] Loading DeepSurv Vanilla baseline from checkpoints/tabdpt/HURRAH/-1/seed789/fold3/deepsurv_vanilla_baseline.pt
C-index TRAIN: 0.8482
C-index TEST:  0.8559
  [ckpt] Loading DeepSurv Simple baseline from checkpoints/tabdpt/HURRAH/-1/seed789/fold3/deepsurv_simple_baseline.pt
C-index TRAIN: 0.8351
C-index TEST:  0.8518
  [ckpt] Loading RSF baseline from checkpoints/tabdpt/HURRAH/-1/seed789/fold3/rsf_baseline.pkl
C-index train: 0.9194
C-index test:  0.8583
  [ckpt] Loading Cox baseline from checkpoints/tabdpt/HURRAH/-1/seed789/fold3/tabdpt_cox.pkl
C-index train: 0.8241
C-index test:  0.8468
  [ckpt] Loading DeepSurv Tuned baseline from checkpoints/tabdpt/HURRAH/-1/seed789/fold3
C-index train: 0.5030
C-index test:  0.5029
  [ckpt] Loading RSF Tuned baseline from checkpoints/tabdpt/HURRAH/-1/seed789/fold3
C-index train: 0.9279
C-index test:  0.8604
X_train shape: (13567, 61), X_test shape: (3391, 61)
Generating TABDPT Embeddings...
<class 'dict'>
Loaded TabDPTModel from checkpoint.
<class 'dict'>
Loaded TabDPTModel from checkpoint.
Successfully generated embeddings with shape: (13567, 768)
  [ckpt] Loading TABDPT DeepSurv Tuned from checkpoints/tabdpt/HURRAH/-1/seed789/fold4
C-index train: 0.8466
C-index test:  0.8102
  [ckpt] Loading TABDPT RSF Tuned from checkpoints/tabdpt/HURRAH/-1/seed789/fold4
C-index train: 0.8327
C-index test:  0.8181
  [ckpt] Loading DeepSurv Simple from checkpoints/tabdpt/HURRAH/-1/seed789/fold4/tabdpt_deepsurv_simple.pt
C-index TRAIN: 0.8386
C-index TEST:  0.8111
  [ckpt] Loading DeepSurv Vanilla from checkpoints/tabdpt/HURRAH/-1/seed789/fold4/tabdpt_deepsurv_vanilla.pt
C-index TRAIN: 0.8456
C-index TEST:  0.8056
  [ckpt] Loading TABDPT RSF from checkpoints/tabdpt/HURRAH/-1/seed789/fold4/tabdpt_rsf.pkl
C-index train: 0.9528
C-index test:  0.8050
  [ckpt] Loading TABDPT Cox (embedding) from checkpoints/tabdpt/HURRAH/-1/seed789/fold4/tabdpt_tab_cox.pkl
C-index train: 0.8441
C-index test:  0.7940
  [ckpt] Loading DeepSurv Vanilla baseline from checkpoints/tabdpt/HURRAH/-1/seed789/fold4/deepsurv_vanilla_baseline.pt
C-index TRAIN: 0.8572
C-index TEST:  0.8469
  [ckpt] Loading DeepSurv Simple baseline from checkpoints/tabdpt/HURRAH/-1/seed789/fold4/deepsurv_simple_baseline.pt
C-index TRAIN: 0.8345
C-index TEST:  0.8314
  [ckpt] Loading RSF baseline from checkpoints/tabdpt/HURRAH/-1/seed789/fold4/rsf_baseline.pkl
C-index train: 0.9203
C-index test:  0.8452
  [ckpt] Loading Cox baseline from checkpoints/tabdpt/HURRAH/-1/seed789/fold4/tabdpt_cox.pkl
C-index train: 0.8284
C-index test:  0.8255
  [ckpt] Loading DeepSurv Tuned baseline from checkpoints/tabdpt/HURRAH/-1/seed789/fold4
C-index train: 0.8365
C-index test:  0.8312
  [ckpt] Loading RSF Tuned baseline from checkpoints/tabdpt/HURRAH/-1/seed789/fold4
C-index train: 0.9243
C-index test:  0.8484
X_train shape: (13567, 61), X_test shape: (3391, 61)
Generating TABDPT Embeddings...
<class 'dict'>
Loaded TabDPTModel from checkpoint.
<class 'dict'>
Loaded TabDPTModel from checkpoint.
Successfully generated embeddings with shape: (13567, 768)
  [ckpt] Loading TABDPT DeepSurv Tuned from checkpoints/tabdpt/HURRAH/-1/seed789/fold5
C-index train: 0.8477
C-index test:  0.8157
  [ckpt] Loading TABDPT RSF Tuned from checkpoints/tabdpt/HURRAH/-1/seed789/fold5
C-index train: 0.8565
C-index test:  0.8249
  [ckpt] Loading DeepSurv Simple from checkpoints/tabdpt/HURRAH/-1/seed789/fold5/tabdpt_deepsurv_simple.pt
C-index TRAIN: 0.8308
C-index TEST:  0.8141
  [ckpt] Loading DeepSurv Vanilla from checkpoints/tabdpt/HURRAH/-1/seed789/fold5/tabdpt_deepsurv_vanilla.pt
C-index TRAIN: 0.8595
C-index TEST:  0.8172
  [ckpt] Loading TABDPT RSF from checkpoints/tabdpt/HURRAH/-1/seed789/fold5/tabdpt_rsf.pkl
C-index train: 0.9504
C-index test:  0.8128
  [ckpt] Loading TABDPT Cox (embedding) from checkpoints/tabdpt/HURRAH/-1/seed789/fold5/tabdpt_tab_cox.pkl
C-index train: 0.8437
C-index test:  0.7948
  [ckpt] Loading DeepSurv Vanilla baseline from checkpoints/tabdpt/HURRAH/-1/seed789/fold5/deepsurv_vanilla_baseline.pt
C-index TRAIN: 0.8540
C-index TEST:  0.8476
  [ckpt] Loading DeepSurv Simple baseline from checkpoints/tabdpt/HURRAH/-1/seed789/fold5/deepsurv_simple_baseline.pt
C-index TRAIN: 0.8329
C-index TEST:  0.8267
  [ckpt] Loading RSF baseline from checkpoints/tabdpt/HURRAH/-1/seed789/fold5/rsf_baseline.pkl
C-index train: 0.9192
C-index test:  0.8545
  [ckpt] Loading Cox baseline from checkpoints/tabdpt/HURRAH/-1/seed789/fold5/tabdpt_cox.pkl
C-index train: 0.8292
C-index test:  0.8244
  [ckpt] Loading DeepSurv Tuned baseline from checkpoints/tabdpt/HURRAH/-1/seed789/fold5
C-index train: 0.8222
C-index test:  0.8216
  [ckpt] Loading RSF Tuned baseline from checkpoints/tabdpt/HURRAH/-1/seed789/fold5
C-index train: 0.9366
C-index test:  0.8568


Preprocess: Keep NaN
Loading existing folds from tmp/splits/HURRAH_seed789.pkl
X_train shape: (13566, 61), X_test shape: (3392, 61)
Generating TABDPT Embeddings...
<class 'dict'>
Loaded TabDPTModel from checkpoint.
<class 'dict'>
Loaded TabDPTModel from checkpoint.
Successfully generated embeddings with shape: (13566, 768)
  [ckpt] Loading TABDPT DeepSurv Tuned from checkpoints/tabdpt/HURRAH/NaN/seed789/fold1
C-index train: 0.8503
C-index test:  0.7665
  [surv] Saved → survival_predictions/tabdpt/HURRAH/NaN/seed789/fold1/tabdpt_deepsurv_tuned.pkl
  [ckpt] Loading TABDPT RSF Tuned from checkpoints/tabdpt/HURRAH/NaN/seed789/fold1
C-index train: 0.8463
C-index test:  0.8043
  [surv] Saved → survival_predictions/tabdpt/HURRAH/NaN/seed789/fold1/tabdpt_rsf_tuned.pkl
  [ckpt] Loading DeepSurv Simple from checkpoints/tabdpt/HURRAH/NaN/seed789/fold1/tabdpt_deepsurv_simple.pt
C-index TRAIN: 0.8221
C-index TEST:  0.8030
  [surv] Saved → survival_predictions/tabdpt/HURRAH/NaN/seed789/fold1/tabdpt_deepsurv_simple.pkl
  [ckpt] Loading DeepSurv Vanilla from checkpoints/tabdpt/HURRAH/NaN/seed789/fold1/tabdpt_deepsurv_vanilla.pt
C-index TRAIN: 0.8233
C-index TEST:  0.7920
  [surv] Saved → survival_predictions/tabdpt/HURRAH/NaN/seed789/fold1/tabdpt_deepsurv_vanilla.pkl
  [ckpt] Loading TABDPT RSF from checkpoints/tabdpt/HURRAH/NaN/seed789/fold1/tabdpt_rsf.pkl
C-index train: 0.9498
C-index test:  0.7967
  [surv] Saved → survival_predictions/tabdpt/HURRAH/NaN/seed789/fold1/tabdpt_rsf.pkl
  [ckpt] Loading TABDPT Cox (embedding) from checkpoints/tabdpt/HURRAH/NaN/seed789/fold1/tabdpt_tab_cox.pkl
C-index train: 0.8315
C-index test:  0.7719
  [surv] Saved → survival_predictions/tabdpt/HURRAH/NaN/seed789/fold1/tabdpt_cox.pkl
X_train shape: (13566, 61), X_test shape: (3392, 61)
Generating TABDPT Embeddings...
<class 'dict'>
Loaded TabDPTModel from checkpoint.
<class 'dict'>
Loaded TabDPTModel from checkpoint.
Successfully generated embeddings with shape: (13566, 768)
  [ckpt] Loading TABDPT DeepSurv Tuned from checkpoints/tabdpt/HURRAH/NaN/seed789/fold2
C-index train: 0.8257
C-index test:  0.8198
  [surv] Saved → survival_predictions/tabdpt/HURRAH/NaN/seed789/fold2/tabdpt_deepsurv_tuned.pkl
  [ckpt] Loading TABDPT RSF Tuned from checkpoints/tabdpt/HURRAH/NaN/seed789/fold2
C-index train: 0.9121
C-index test:  0.8052
  [surv] Saved → survival_predictions/tabdpt/HURRAH/NaN/seed789/fold2/tabdpt_rsf_tuned.pkl
  [ckpt] Loading DeepSurv Simple from checkpoints/tabdpt/HURRAH/NaN/seed789/fold2/tabdpt_deepsurv_simple.pt
C-index TRAIN: 0.8192
C-index TEST:  0.8065
  [surv] Saved → survival_predictions/tabdpt/HURRAH/NaN/seed789/fold2/tabdpt_deepsurv_simple.pkl
  [ckpt] Loading DeepSurv Vanilla from checkpoints/tabdpt/HURRAH/NaN/seed789/fold2/tabdpt_deepsurv_vanilla.pt
C-index TRAIN: 0.8483
C-index TEST:  0.8227
  [surv] Saved → survival_predictions/tabdpt/HURRAH/NaN/seed789/fold2/tabdpt_deepsurv_vanilla.pkl
  [ckpt] Loading TABDPT RSF from checkpoints/tabdpt/HURRAH/NaN/seed789/fold2/tabdpt_rsf.pkl
C-index train: 0.9493
C-index test:  0.7997
  [surv] Saved → survival_predictions/tabdpt/HURRAH/NaN/seed789/fold2/tabdpt_rsf.pkl
  [ckpt] Loading TABDPT Cox (embedding) from checkpoints/tabdpt/HURRAH/NaN/seed789/fold2/tabdpt_tab_cox.pkl
C-index train: 0.8328
C-index test:  0.8097
  [surv] Saved → survival_predictions/tabdpt/HURRAH/NaN/seed789/fold2/tabdpt_cox.pkl
X_train shape: (13566, 61), X_test shape: (3392, 61)
Generating TABDPT Embeddings...
<class 'dict'>
Loaded TabDPTModel from checkpoint.
<class 'dict'>
Loaded TabDPTModel from checkpoint.
Successfully generated embeddings with shape: (13566, 768)
  [ckpt] Loading TABDPT DeepSurv Tuned from checkpoints/tabdpt/HURRAH/NaN/seed789/fold3
C-index train: 0.8074
C-index test:  0.8169
  [surv] Saved → survival_predictions/tabdpt/HURRAH/NaN/seed789/fold3/tabdpt_deepsurv_tuned.pkl
  [ckpt] Loading TABDPT RSF Tuned from checkpoints/tabdpt/HURRAH/NaN/seed789/fold3
C-index train: 0.8198
C-index test:  0.8289
  [surv] Saved → survival_predictions/tabdpt/HURRAH/NaN/seed789/fold3/tabdpt_rsf_tuned.pkl
  [ckpt] Loading DeepSurv Simple from checkpoints/tabdpt/HURRAH/NaN/seed789/fold3/tabdpt_deepsurv_simple.pt
C-index TRAIN: 0.8032
C-index TEST:  0.8205
  [surv] Saved → survival_predictions/tabdpt/HURRAH/NaN/seed789/fold3/tabdpt_deepsurv_simple.pkl
  [ckpt] Loading DeepSurv Vanilla from checkpoints/tabdpt/HURRAH/NaN/seed789/fold3/tabdpt_deepsurv_vanilla.pt
C-index TRAIN: 0.8527
C-index TEST:  0.8209
  [surv] Saved → survival_predictions/tabdpt/HURRAH/NaN/seed789/fold3/tabdpt_deepsurv_vanilla.pkl
  [ckpt] Loading TABDPT RSF from checkpoints/tabdpt/HURRAH/NaN/seed789/fold3/tabdpt_rsf.pkl
C-index train: 0.9497
C-index test:  0.8249
  [surv] Saved → survival_predictions/tabdpt/HURRAH/NaN/seed789/fold3/tabdpt_rsf.pkl
  [ckpt] Loading TABDPT Cox (embedding) from checkpoints/tabdpt/HURRAH/NaN/seed789/fold3/tabdpt_tab_cox.pkl
C-index train: 0.8280
C-index test:  0.7982
  [surv] Saved → survival_predictions/tabdpt/HURRAH/NaN/seed789/fold3/tabdpt_cox.pkl
X_train shape: (13567, 61), X_test shape: (3391, 61)
Generating TABDPT Embeddings...
<class 'dict'>
Loaded TabDPTModel from checkpoint.
<class 'dict'>
Loaded TabDPTModel from checkpoint.
Successfully generated embeddings with shape: (13567, 768)
  [ckpt] Loading TABDPT DeepSurv Tuned from checkpoints/tabdpt/HURRAH/NaN/seed789/fold4
C-index train: 0.8107
C-index test:  0.7930
  [surv] Saved → survival_predictions/tabdpt/HURRAH/NaN/seed789/fold4/tabdpt_deepsurv_tuned.pkl
  [ckpt] Loading TABDPT RSF Tuned from checkpoints/tabdpt/HURRAH/NaN/seed789/fold4
C-index train: 0.8242
C-index test:  0.8106
  [surv] Saved → survival_predictions/tabdpt/HURRAH/NaN/seed789/fold4/tabdpt_rsf_tuned.pkl
  [ckpt] Loading DeepSurv Simple from checkpoints/tabdpt/HURRAH/NaN/seed789/fold4/tabdpt_deepsurv_simple.pt
C-index TRAIN: 0.8250
C-index TEST:  0.7759
  [surv] Saved → survival_predictions/tabdpt/HURRAH/NaN/seed789/fold4/tabdpt_deepsurv_simple.pkl
  [ckpt] Loading DeepSurv Vanilla from checkpoints/tabdpt/HURRAH/NaN/seed789/fold4/tabdpt_deepsurv_vanilla.pt
C-index TRAIN: 0.8503
C-index TEST:  0.7937
  [surv] Saved → survival_predictions/tabdpt/HURRAH/NaN/seed789/fold4/tabdpt_deepsurv_vanilla.pkl
  [ckpt] Loading TABDPT RSF from checkpoints/tabdpt/HURRAH/NaN/seed789/fold4/tabdpt_rsf.pkl
C-index train: 0.9505
C-index test:  0.8006
  [surv] Saved → survival_predictions/tabdpt/HURRAH/NaN/seed789/fold4/tabdpt_rsf.pkl
  [ckpt] Loading TABDPT Cox (embedding) from checkpoints/tabdpt/HURRAH/NaN/seed789/fold4/tabdpt_tab_cox.pkl
C-index train: 0.8334
C-index test:  0.7753
  [surv] Saved → survival_predictions/tabdpt/HURRAH/NaN/seed789/fold4/tabdpt_cox.pkl
X_train shape: (13567, 61), X_test shape: (3391, 61)
Generating TABDPT Embeddings...
<class 'dict'>
Loaded TabDPTModel from checkpoint.
<class 'dict'>
Loaded TabDPTModel from checkpoint.
Successfully generated embeddings with shape: (13567, 768)
  [ckpt] Loading TABDPT DeepSurv Tuned from checkpoints/tabdpt/HURRAH/NaN/seed789/fold5
C-index train: 0.8084
C-index test:  0.8108
  [surv] Saved → survival_predictions/tabdpt/HURRAH/NaN/seed789/fold5/tabdpt_deepsurv_tuned.pkl
  [ckpt] Loading TABDPT RSF Tuned from checkpoints/tabdpt/HURRAH/NaN/seed789/fold5
C-index train: 0.8426
C-index test:  0.8189
  [surv] Saved → survival_predictions/tabdpt/HURRAH/NaN/seed789/fold5/tabdpt_rsf_tuned.pkl
  [ckpt] Loading DeepSurv Simple from checkpoints/tabdpt/HURRAH/NaN/seed789/fold5/tabdpt_deepsurv_simple.pt
C-index TRAIN: 0.8169
C-index TEST:  0.8007
  [surv] Saved → survival_predictions/tabdpt/HURRAH/NaN/seed789/fold5/tabdpt_deepsurv_simple.pkl
  [ckpt] Loading DeepSurv Vanilla from checkpoints/tabdpt/HURRAH/NaN/seed789/fold5/tabdpt_deepsurv_vanilla.pt
C-index TRAIN: 0.8261
C-index TEST:  0.8083
  [surv] Saved → survival_predictions/tabdpt/HURRAH/NaN/seed789/fold5/tabdpt_deepsurv_vanilla.pkl
  [ckpt] Loading TABDPT RSF from checkpoints/tabdpt/HURRAH/NaN/seed789/fold5/tabdpt_rsf.pkl
C-index train: 0.9486
C-index test:  0.8047
  [surv] Saved → survival_predictions/tabdpt/HURRAH/NaN/seed789/fold5/tabdpt_rsf.pkl
  [ckpt] Loading TABDPT Cox (embedding) from checkpoints/tabdpt/HURRAH/NaN/seed789/fold5/tabdpt_tab_cox.pkl
C-index train: 0.8305
C-index test:  0.7848
  [surv] Saved → survival_predictions/tabdpt/HURRAH/NaN/seed789/fold5/tabdpt_cox.pkl

  Preprocess: -1 | Seed: 789
  TABDPT Train Tuned DeepSurv → mean: 0.845429 | std: 0.004362 | min: 0.839159 | max: 0.851636 | folds: [0.839159, 0.842113, 0.851636, 0.846575, 0.847662]
  TABDPT Test Tuned DeepSurv → mean: 0.816572 | std: 0.008950 | min: 0.805112 | max: 0.831009 | folds: [0.805112, 0.820912, 0.831009, 0.810158, 0.815669]
  TABDPT Train Tuned RSF → mean: 0.842716 | std: 0.018277 | min: 0.811210 | max: 0.857281 | folds: [0.857281, 0.811210, 0.855906, 0.832666, 0.856518]
  TABDPT Test Tuned RSF → mean: 0.823106 | std: 0.008982 | min: 0.810154 | max: 0.837381 | folds: [0.810154, 0.825004, 0.837381, 0.818099, 0.824890]
  TABDPT Train Vanilla → mean: 0.845817 | std: 0.010295 | min: 0.827613 | max: 0.859461 | folds: [0.827613, 0.848919, 0.847475, 0.845619, 0.859461]
  TABDPT Test Vanilla → mean: 0.812910 | std: 0.011147 | min: 0.795554 | max: 0.827603 | folds: [0.795554, 0.818577, 0.827603, 0.805597, 0.817218]
  TABDPT Train Simple → mean: 0.826472 | std: 0.007296 | min: 0.818734 | max: 0.838642 | folds: [0.818734, 0.821327, 0.822861, 0.838642, 0.830795]
  TABDPT Test Simple → mean: 0.799797 | std: 0.015780 | min: 0.772346 | max: 0.814148 | folds: [0.791854, 0.809578, 0.772346, 0.811058, 0.814148]
  TABDPT Train RSF → mean: 0.951513 | std: 0.001111 | min: 0.950056 | max: 0.952832 | folds: [0.951923, 0.950056, 0.952404, 0.952832, 0.950351]
  TABDPT Test RSF → mean: 0.811146 | std: 0.008156 | min: 0.803020 | max: 0.825995 | folds: [0.803020, 0.808924, 0.825995, 0.804957, 0.812834]
  TABDPT Train Cox → mean: 0.842374 | std: 0.001870 | min: 0.838853 | max: 0.844133 | folds: [0.842364, 0.842799, 0.838853, 0.844133, 0.843721]
  TABDPT Test Cox → mean: 0.796399 | std: 0.010268 | min: 0.779825 | max: 0.810697 | folds: [0.779825, 0.810697, 0.802695, 0.794000, 0.794778]
  Train Tuned DeepSurv → mean: 0.768674 | std: 0.133244 | min: 0.502965 | max: 0.852754 | folds: [0.828869, 0.852754, 0.502965, 0.836547, 0.822234]
  Test Tuned DeepSurv → mean: 0.763071 | std: 0.130264 | min: 0.502854 | max: 0.838363 | folds: [0.821397, 0.838363, 0.502854, 0.831174, 0.821568]
  Train Tuned RSF → mean: 0.931283 | std: 0.004494 | min: 0.924342 | max: 0.936592 | folds: [0.933426, 0.934182, 0.927875, 0.924342, 0.936592]
  Test Tuned RSF → mean: 0.853983 | std: 0.005295 | min: 0.847017 | max: 0.860435 | folds: [0.857256, 0.847017, 0.860435, 0.848391, 0.856817]
  Train DeepSurv Vanilla → mean: 0.855556 | std: 0.004126 | min: 0.848215 | max: 0.859308 | folds: [0.859308, 0.859011, 0.848215, 0.857233, 0.854013]
  Test DeepSurv Vanilla → mean: 0.846509 | std: 0.005824 | min: 0.837778 | max: 0.855865 | folds: [0.837778, 0.844392, 0.855865, 0.846925, 0.847586]
  Train DeepSurv Simple → mean: 0.833785 | std: 0.000872 | min: 0.832938 | max: 0.835103 | folds: [0.833351, 0.833007, 0.835103, 0.834528, 0.832938]
  Test DeepSurv Simple → mean: 0.831386 | std: 0.010653 | min: 0.821567 | max: 0.851758 | folds: [0.821567, 0.825556, 0.851758, 0.831352, 0.826698]
  Train RSF  → mean: 0.920023 | std: 0.000938 | min: 0.919182 | max: 0.921756 | folds: [0.921756, 0.919519, 0.919403, 0.920253, 0.919182]
  Test RSF   → mean: 0.851219 | std: 0.005810 | min: 0.843496 | max: 0.858273 | folds: [0.854663, 0.843496, 0.858273, 0.845157, 0.854504]
  Train Cox  → mean: 0.828071 | std: 0.002022 | min: 0.824145 | max: 0.829873 | folds: [0.828707, 0.829873, 0.824145, 0.828449, 0.829179]
  Test Cox   → mean: 0.826989 | std: 0.010303 | min: 0.817964 | max: 0.846840 | folds: [0.820153, 0.817964, 0.846840, 0.825541, 0.824445]

  Preprocess: NaN | Seed: 789
  TABDPT Train Tuned DeepSurv → mean: 0.820517 | std: 0.016309 | min: 0.807399 | max: 0.850312 | folds: [0.850312, 0.825746, 0.807399, 0.810750, 0.808380]
  TABDPT Test Tuned DeepSurv → mean: 0.801391 | std: 0.019783 | min: 0.766471 | max: 0.819814 | folds: [0.766471, 0.819814, 0.816886, 0.793016, 0.810765]
  TABDPT Train Tuned RSF → mean: 0.849020 | std: 0.033158 | min: 0.819844 | max: 0.912131 | folds: [0.846271, 0.912131, 0.819844, 0.824227, 0.842626]
  TABDPT Test Tuned RSF → mean: 0.813573 | std: 0.009268 | min: 0.804281 | max: 0.828900 | folds: [0.804281, 0.805175, 0.828900, 0.810577, 0.818932]
  TABDPT Train Vanilla → mean: 0.840136 | std: 0.012705 | min: 0.823275 | max: 0.852705 | folds: [0.823275, 0.848284, 0.852705, 0.850270, 0.826144]
  TABDPT Test Vanilla → mean: 0.807515 | std: 0.012980 | min: 0.791955 | max: 0.822720 | folds: [0.791955, 0.822720, 0.820852, 0.793712, 0.808338]
  TABDPT Train Simple → mean: 0.817296 | std: 0.007529 | min: 0.803245 | max: 0.824957 | folds: [0.822128, 0.819244, 0.803245, 0.824957, 0.816907]
  TABDPT Test Simple → mean: 0.801308 | std: 0.014450 | min: 0.775884 | max: 0.820484 | folds: [0.803044, 0.806452, 0.820484, 0.775884, 0.800676]
  TABDPT Train RSF → mean: 0.949587 | std: 0.000609 | min: 0.948645 | max: 0.950497 | folds: [0.949792, 0.949293, 0.949707, 0.950497, 0.948645]
  TABDPT Test RSF → mean: 0.805304 | std: 0.010101 | min: 0.796663 | max: 0.824851 | folds: [0.796663, 0.799728, 0.824851, 0.800622, 0.804655]
  TABDPT Train Cox → mean: 0.831241 | std: 0.001910 | min: 0.828015 | max: 0.833395 | folds: [0.831493, 0.832832, 0.828015, 0.833395, 0.830468]
  TABDPT Test Cox → mean: 0.787981 | std: 0.014171 | min: 0.771924 | max: 0.809661 | folds: [0.771924, 0.809661, 0.798214, 0.775265, 0.784842]
Result saved in 'results/HURRAH/tabdpt/results_cv_HURRAH_tabdpt_seed789.txt'
