ENV CHECKPOINT PATH: 
DEFAULT PATH: /scratch.hpc/luca.cotugno/Foundation_model_clinical_data/src/models_diff/tabdpt1_1.pth
ENV CHECKPOINT PATH: 
DEFAULT PATH: /scratch.hpc/luca.cotugno/Foundation_model_clinical_data/src/models_diff/tabdpt1_1.pth
ENV CHECKPOINT PATH: 
DEFAULT PATH: /scratch.hpc/luca.cotugno/Foundation_model_clinical_data/src/models_diff/tabdpt1_1.pth
ENV CHECKPOINT PATH: 
DEFAULT PATH: /scratch.hpc/luca.cotugno/Foundation_model_clinical_data/src/models_diff/tabdpt1_1.pth
ENV CHECKPOINT PATH: 
DEFAULT PATH: /scratch.hpc/luca.cotugno/Foundation_model_clinical_data/src/models_diff/tabdpt1_1.pth
ENV CHECKPOINT PATH: 
DEFAULT PATH: /scratch.hpc/luca.cotugno/Foundation_model_clinical_data/src/models_diff/tabdpt1_1.pth
ENV CHECKPOINT PATH: 
DEFAULT PATH: /scratch.hpc/luca.cotugno/Foundation_model_clinical_data/src/models_diff/tabdpt1_1.pth
ENV CHECKPOINT PATH: 
DEFAULT PATH: /scratch.hpc/luca.cotugno/Foundation_model_clinical_data/src/models_diff/tabdpt1_1.pth
ENV CHECKPOINT PATH: 
DEFAULT PATH: /scratch.hpc/luca.cotugno/Foundation_model_clinical_data/src/models_diff/tabdpt1_1.pth
ENV CHECKPOINT PATH: 
DEFAULT PATH: /scratch.hpc/luca.cotugno/Foundation_model_clinical_data/src/models_diff/tabdpt1_1.pth
ENV CHECKPOINT PATH: 
DEFAULT PATH: /scratch.hpc/luca.cotugno/Foundation_model_clinical_data/src/models_diff/tabdpt1_1.pth
ENV CHECKPOINT PATH: 
DEFAULT PATH: /scratch.hpc/luca.cotugno/Foundation_model_clinical_data/src/models_diff/tabdpt1_1.pth
ENV CHECKPOINT PATH: 
DEFAULT PATH: /scratch.hpc/luca.cotugno/Foundation_model_clinical_data/src/models_diff/tabdpt1_1.pth
ENV CHECKPOINT PATH: 
DEFAULT PATH: /scratch.hpc/luca.cotugno/Foundation_model_clinical_data/src/models_diff/tabdpt1_1.pth
ENV CHECKPOINT PATH: 
DEFAULT PATH: /scratch.hpc/luca.cotugno/Foundation_model_clinical_data/src/models_diff/tabdpt1_1.pth
ENV CHECKPOINT PATH: 
DEFAULT PATH: /scratch.hpc/luca.cotugno/Foundation_model_clinical_data/src/models_diff/tabdpt1_1.pth
ENV CHECKPOINT PATH: 
DEFAULT PATH: /scratch.hpc/luca.cotugno/Foundation_model_clinical_data/src/models_diff/tabdpt1_1.pth
ENV CHECKPOINT PATH: 
DEFAULT PATH: /scratch.hpc/luca.cotugno/Foundation_model_clinical_data/src/models_diff/tabdpt1_1.pth
ENV CHECKPOINT PATH: 
DEFAULT PATH: /scratch.hpc/luca.cotugno/Foundation_model_clinical_data/src/models_diff/tabdpt1_1.pth
ENV CHECKPOINT PATH: 
DEFAULT PATH: /scratch.hpc/luca.cotugno/Foundation_model_clinical_data/src/models_diff/tabdpt1_1.pth
ENV CHECKPOINT PATH: 
DEFAULT PATH: /scratch.hpc/luca.cotugno/Foundation_model_clinical_data/src/models_diff/tabdpt1_1.pth
ENV CHECKPOINT PATH: 
DEFAULT PATH: /scratch.hpc/luca.cotugno/Foundation_model_clinical_data/src/models_diff/tabdpt1_1.pth
/scratch.hpc/luca.cotugno/Foundation_model_clinical_data/.venv/lib/python3.12/site-packages/pycox/models/cox.py:251: RuntimeWarning: overflow encountered in exp
  expg = np.exp(self.predict(input, batch_size, True, eval_, num_workers=num_workers)).reshape(1, -1)
/scratch.hpc/luca.cotugno/Foundation_model_clinical_data/.venv/lib/python3.12/site-packages/pycox/models/cox.py:251: RuntimeWarning: overflow encountered in exp
  expg = np.exp(self.predict(input, batch_size, True, eval_, num_workers=num_workers)).reshape(1, -1)
ENV CHECKPOINT PATH: 
DEFAULT PATH: /scratch.hpc/luca.cotugno/Foundation_model_clinical_data/src/models_diff/tabdpt1_1.pth
ENV CHECKPOINT PATH: 
DEFAULT PATH: /scratch.hpc/luca.cotugno/Foundation_model_clinical_data/src/models_diff/tabdpt1_1.pth
ENV CHECKPOINT PATH: 
DEFAULT PATH: /scratch.hpc/luca.cotugno/Foundation_model_clinical_data/src/models_diff/tabdpt1_1.pth
ENV CHECKPOINT PATH: 
DEFAULT PATH: /scratch.hpc/luca.cotugno/Foundation_model_clinical_data/src/models_diff/tabdpt1_1.pth
ENV CHECKPOINT PATH: 
DEFAULT PATH: /scratch.hpc/luca.cotugno/Foundation_model_clinical_data/src/models_diff/tabdpt1_1.pth
ENV CHECKPOINT PATH: 
DEFAULT PATH: /scratch.hpc/luca.cotugno/Foundation_model_clinical_data/src/models_diff/tabdpt1_1.pth
ENV CHECKPOINT PATH: 
DEFAULT PATH: /scratch.hpc/luca.cotugno/Foundation_model_clinical_data/src/models_diff/tabdpt1_1.pth
ENV CHECKPOINT PATH: 
DEFAULT PATH: /scratch.hpc/luca.cotugno/Foundation_model_clinical_data/src/models_diff/tabdpt1_1.pth
ENV CHECKPOINT PATH: 
DEFAULT PATH: /scratch.hpc/luca.cotugno/Foundation_model_clinical_data/src/models_diff/tabdpt1_1.pth
ENV CHECKPOINT PATH: 
DEFAULT PATH: /scratch.hpc/luca.cotugno/Foundation_model_clinical_data/src/models_diff/tabdpt1_1.pth
ENV CHECKPOINT PATH: 
DEFAULT PATH: /scratch.hpc/luca.cotugno/Foundation_model_clinical_data/src/models_diff/tabdpt1_1.pth
ENV CHECKPOINT PATH: 
DEFAULT PATH: /scratch.hpc/luca.cotugno/Foundation_model_clinical_data/src/models_diff/tabdpt1_1.pth
ENV CHECKPOINT PATH: 
DEFAULT PATH: /scratch.hpc/luca.cotugno/Foundation_model_clinical_data/src/models_diff/tabdpt1_1.pth
ENV CHECKPOINT PATH: 
DEFAULT PATH: /scratch.hpc/luca.cotugno/Foundation_model_clinical_data/src/models_diff/tabdpt1_1.pth
ENV CHECKPOINT PATH: 
DEFAULT PATH: /scratch.hpc/luca.cotugno/Foundation_model_clinical_data/src/models_diff/tabdpt1_1.pth
ENV CHECKPOINT PATH: 
DEFAULT PATH: /scratch.hpc/luca.cotugno/Foundation_model_clinical_data/src/models_diff/tabdpt1_1.pth
ENV CHECKPOINT PATH: 
DEFAULT PATH: /scratch.hpc/luca.cotugno/Foundation_model_clinical_data/src/models_diff/tabdpt1_1.pth
ENV CHECKPOINT PATH: 
DEFAULT PATH: /scratch.hpc/luca.cotugno/Foundation_model_clinical_data/src/models_diff/tabdpt1_1.pth
STARTED  model=tabdpt  seed=42  tuning=True  shap=False


Preprocess: Replace NaN with -1
Loading existing folds from tmp/splits/OrmoniTirodei_seed42.pkl
X_train shape: (5161, 76), X_test shape: (1291, 76)
Generating TABDPT Embeddings...
<class 'dict'>
Loaded TabDPTModel from checkpoint.
<class 'dict'>
Loaded TabDPTModel from checkpoint.
Successfully generated embeddings with shape: (5161, 768)
  [ckpt] Loading TABDPT DeepSurv Tuned from checkpoints/tabdpt/OrmoniTirodei/-1/seed42/fold1
C-index train: 0.8182
C-index test:  0.7642
  [ckpt] Loading TABDPT RSF Tuned from checkpoints/tabdpt/OrmoniTirodei/-1/seed42/fold1
C-index train: 0.9081
C-index test:  0.7579
  [ckpt] Loading DeepSurv Simple from checkpoints/tabdpt/OrmoniTirodei/-1/seed42/fold1/tabdpt_deepsurv_simple.pt
C-index TRAIN: 0.7744
C-index TEST:  0.7707
  [ckpt] Loading DeepSurv Vanilla from checkpoints/tabdpt/OrmoniTirodei/-1/seed42/fold1/tabdpt_deepsurv_vanilla.pt
C-index TRAIN: 0.8249
C-index TEST:  0.7572
  [ckpt] Loading TABDPT RSF from checkpoints/tabdpt/OrmoniTirodei/-1/seed42/fold1/tabdpt_rsf.pkl
C-index train: 0.9187
C-index test:  0.7583
  [ckpt] Loading TABDPT Cox (embedding) from checkpoints/tabdpt/OrmoniTirodei/-1/seed42/fold1/tabdpt_tab_cox.pkl
C-index train: 0.8166
C-index test:  0.7592
  [ckpt] Loading DeepSurv Vanilla baseline from checkpoints/tabdpt/OrmoniTirodei/-1/seed42/fold1/deepsurv_vanilla_baseline.pt
C-index TRAIN: 0.8067
C-index TEST:  0.7901
  [ckpt] Loading DeepSurv Simple baseline from checkpoints/tabdpt/OrmoniTirodei/-1/seed42/fold1/deepsurv_simple_baseline.pt
C-index TRAIN: 0.7873
C-index TEST:  0.7799
  [ckpt] Loading RSF baseline from checkpoints/tabdpt/OrmoniTirodei/-1/seed42/fold1/rsf_baseline.pkl
C-index train: 0.9006
C-index test:  0.7899
  [ckpt] Loading Cox baseline from checkpoints/tabdpt/OrmoniTirodei/-1/seed42/fold1/tabdpt_cox.pkl
C-index train: 0.8007
C-index test:  0.7911
  [ckpt] Loading DeepSurv Tuned baseline from checkpoints/tabdpt/OrmoniTirodei/-1/seed42/fold1
C-index train: 0.8011
C-index test:  0.7864
  [ckpt] Loading RSF Tuned baseline from checkpoints/tabdpt/OrmoniTirodei/-1/seed42/fold1
C-index train: 0.9140
C-index test:  0.7885
X_train shape: (5161, 76), X_test shape: (1291, 76)
Generating TABDPT Embeddings...
<class 'dict'>
Loaded TabDPTModel from checkpoint.
<class 'dict'>
Loaded TabDPTModel from checkpoint.
Successfully generated embeddings with shape: (5161, 768)
  [ckpt] Loading TABDPT DeepSurv Tuned from checkpoints/tabdpt/OrmoniTirodei/-1/seed42/fold2
C-index train: 0.8011
C-index test:  0.7899
  [ckpt] Loading TABDPT RSF Tuned from checkpoints/tabdpt/OrmoniTirodei/-1/seed42/fold2
C-index train: 0.8986
C-index test:  0.7900
  [ckpt] Loading DeepSurv Simple from checkpoints/tabdpt/OrmoniTirodei/-1/seed42/fold2/tabdpt_deepsurv_simple.pt
C-index TRAIN: 0.7935
C-index TEST:  0.7783
  [ckpt] Loading DeepSurv Vanilla from checkpoints/tabdpt/OrmoniTirodei/-1/seed42/fold2/tabdpt_deepsurv_vanilla.pt
C-index TRAIN: 0.7963
C-index TEST:  0.7935
  [ckpt] Loading TABDPT RSF from checkpoints/tabdpt/OrmoniTirodei/-1/seed42/fold2/tabdpt_rsf.pkl
C-index train: 0.9230
C-index test:  0.7907
  [ckpt] Loading TABDPT Cox (embedding) from checkpoints/tabdpt/OrmoniTirodei/-1/seed42/fold2/tabdpt_tab_cox.pkl
C-index train: 0.8075
C-index test:  0.7821
  [ckpt] Loading DeepSurv Vanilla baseline from checkpoints/tabdpt/OrmoniTirodei/-1/seed42/fold2/deepsurv_vanilla_baseline.pt
C-index TRAIN: 0.8046
C-index TEST:  0.8017
  [ckpt] Loading DeepSurv Simple baseline from checkpoints/tabdpt/OrmoniTirodei/-1/seed42/fold2/deepsurv_simple_baseline.pt
C-index TRAIN: 0.7901
C-index TEST:  0.7959
  [ckpt] Loading RSF baseline from checkpoints/tabdpt/OrmoniTirodei/-1/seed42/fold2/rsf_baseline.pkl
C-index train: 0.9007
C-index test:  0.8142
  [ckpt] Loading Cox baseline from checkpoints/tabdpt/OrmoniTirodei/-1/seed42/fold2/tabdpt_cox.pkl
C-index train: 0.7979
C-index test:  0.8054
  [ckpt] Loading DeepSurv Tuned baseline from checkpoints/tabdpt/OrmoniTirodei/-1/seed42/fold2
C-index train: 0.8033
C-index test:  0.7973
  [ckpt] Loading RSF Tuned baseline from checkpoints/tabdpt/OrmoniTirodei/-1/seed42/fold2
C-index train: 0.8877
C-index test:  0.8130
X_train shape: (5162, 76), X_test shape: (1290, 76)
Generating TABDPT Embeddings...
<class 'dict'>
Loaded TabDPTModel from checkpoint.
<class 'dict'>
Loaded TabDPTModel from checkpoint.
Successfully generated embeddings with shape: (5162, 768)
  [ckpt] Loading TABDPT DeepSurv Tuned from checkpoints/tabdpt/OrmoniTirodei/-1/seed42/fold3
C-index train: 0.8056
C-index test:  0.7661
  [ckpt] Loading TABDPT RSF Tuned from checkpoints/tabdpt/OrmoniTirodei/-1/seed42/fold3
C-index train: 0.8912
C-index test:  0.7606
  [ckpt] Loading DeepSurv Simple from checkpoints/tabdpt/OrmoniTirodei/-1/seed42/fold3/tabdpt_deepsurv_simple.pt
C-index TRAIN: 0.8075
C-index TEST:  0.7453
  [ckpt] Loading DeepSurv Vanilla from checkpoints/tabdpt/OrmoniTirodei/-1/seed42/fold3/tabdpt_deepsurv_vanilla.pt
C-index TRAIN: 0.8106
C-index TEST:  0.7688
  [ckpt] Loading TABDPT RSF from checkpoints/tabdpt/OrmoniTirodei/-1/seed42/fold3/tabdpt_rsf.pkl
C-index train: 0.9187
C-index test:  0.7598
  [ckpt] Loading TABDPT Cox (embedding) from checkpoints/tabdpt/OrmoniTirodei/-1/seed42/fold3/tabdpt_tab_cox.pkl
C-index train: 0.8165
C-index test:  0.7560
  [ckpt] Loading DeepSurv Vanilla baseline from checkpoints/tabdpt/OrmoniTirodei/-1/seed42/fold3/deepsurv_vanilla_baseline.pt
C-index TRAIN: 0.8102
C-index TEST:  0.7805
  [ckpt] Loading DeepSurv Simple baseline from checkpoints/tabdpt/OrmoniTirodei/-1/seed42/fold3/deepsurv_simple_baseline.pt
C-index TRAIN: 0.7892
C-index TEST:  0.7661
  [ckpt] Loading RSF baseline from checkpoints/tabdpt/OrmoniTirodei/-1/seed42/fold3/rsf_baseline.pkl
C-index train: 0.9023
C-index test:  0.7842
  [ckpt] Loading Cox baseline from checkpoints/tabdpt/OrmoniTirodei/-1/seed42/fold3/tabdpt_cox.pkl
C-index train: 0.8041
C-index test:  0.7835
  [ckpt] Loading DeepSurv Tuned baseline from checkpoints/tabdpt/OrmoniTirodei/-1/seed42/fold3
C-index train: 0.8040
C-index test:  0.7783
  [ckpt] Loading RSF Tuned baseline from checkpoints/tabdpt/OrmoniTirodei/-1/seed42/fold3
C-index train: 0.9042
C-index test:  0.7864
X_train shape: (5162, 76), X_test shape: (1290, 76)
Generating TABDPT Embeddings...
<class 'dict'>
Loaded TabDPTModel from checkpoint.
<class 'dict'>
Loaded TabDPTModel from checkpoint.
Successfully generated embeddings with shape: (5162, 768)
  [ckpt] Loading TABDPT DeepSurv Tuned from checkpoints/tabdpt/OrmoniTirodei/-1/seed42/fold4
C-index train: 0.8062
C-index test:  0.7682
  [ckpt] Loading TABDPT RSF Tuned from checkpoints/tabdpt/OrmoniTirodei/-1/seed42/fold4
C-index train: 0.8722
C-index test:  0.7602
  [ckpt] Loading DeepSurv Simple from checkpoints/tabdpt/OrmoniTirodei/-1/seed42/fold4/tabdpt_deepsurv_simple.pt
C-index TRAIN: 0.7845
C-index TEST:  0.7196
  [ckpt] Loading DeepSurv Vanilla from checkpoints/tabdpt/OrmoniTirodei/-1/seed42/fold4/tabdpt_deepsurv_vanilla.pt
C-index TRAIN: 0.8066
C-index TEST:  0.7714
  [ckpt] Loading TABDPT RSF from checkpoints/tabdpt/OrmoniTirodei/-1/seed42/fold4/tabdpt_rsf.pkl
C-index train: 0.9204
C-index test:  0.7621
  [ckpt] Loading TABDPT Cox (embedding) from checkpoints/tabdpt/OrmoniTirodei/-1/seed42/fold4/tabdpt_tab_cox.pkl
C-index train: 0.8152
C-index test:  0.7697
  [ckpt] Loading DeepSurv Vanilla baseline from checkpoints/tabdpt/OrmoniTirodei/-1/seed42/fold4/deepsurv_vanilla_baseline.pt
C-index TRAIN: 0.8116
C-index TEST:  0.7959
  [ckpt] Loading DeepSurv Simple baseline from checkpoints/tabdpt/OrmoniTirodei/-1/seed42/fold4/deepsurv_simple_baseline.pt
C-index TRAIN: 0.7755
C-index TEST:  0.7702
  [ckpt] Loading RSF baseline from checkpoints/tabdpt/OrmoniTirodei/-1/seed42/fold4/rsf_baseline.pkl
C-index train: 0.9020
C-index test:  0.7935
  [ckpt] Loading Cox baseline from checkpoints/tabdpt/OrmoniTirodei/-1/seed42/fold4/tabdpt_cox.pkl
C-index train: 0.8013
C-index test:  0.7894
  [ckpt] Loading DeepSurv Tuned baseline from checkpoints/tabdpt/OrmoniTirodei/-1/seed42/fold4
C-index train: 0.7990
C-index test:  0.7935
  [ckpt] Loading RSF Tuned baseline from checkpoints/tabdpt/OrmoniTirodei/-1/seed42/fold4
C-index train: 0.8988
C-index test:  0.7973
X_train shape: (5162, 76), X_test shape: (1290, 76)
Generating TABDPT Embeddings...
<class 'dict'>
Loaded TabDPTModel from checkpoint.
<class 'dict'>
Loaded TabDPTModel from checkpoint.
Successfully generated embeddings with shape: (5162, 768)
  [ckpt] Loading TABDPT DeepSurv Tuned from checkpoints/tabdpt/OrmoniTirodei/-1/seed42/fold5
C-index train: 0.8021
C-index test:  0.7802
  [ckpt] Loading TABDPT RSF Tuned from checkpoints/tabdpt/OrmoniTirodei/-1/seed42/fold5
C-index train: 0.9288
C-index test:  0.7713
  [ckpt] Loading DeepSurv Simple from checkpoints/tabdpt/OrmoniTirodei/-1/seed42/fold5/tabdpt_deepsurv_simple.pt
C-index TRAIN: 0.8159
C-index TEST:  0.7804
  [ckpt] Loading DeepSurv Vanilla from checkpoints/tabdpt/OrmoniTirodei/-1/seed42/fold5/tabdpt_deepsurv_vanilla.pt
C-index TRAIN: 0.8047
C-index TEST:  0.7762
  [ckpt] Loading TABDPT RSF from checkpoints/tabdpt/OrmoniTirodei/-1/seed42/fold5/tabdpt_rsf.pkl
C-index train: 0.9218
C-index test:  0.7688
  [ckpt] Loading TABDPT Cox (embedding) from checkpoints/tabdpt/OrmoniTirodei/-1/seed42/fold5/tabdpt_tab_cox.pkl
C-index train: 0.8097
C-index test:  0.7795
  [ckpt] Loading DeepSurv Vanilla baseline from checkpoints/tabdpt/OrmoniTirodei/-1/seed42/fold5/deepsurv_vanilla_baseline.pt
C-index TRAIN: 0.8004
C-index TEST:  0.7930
  [ckpt] Loading DeepSurv Simple baseline from checkpoints/tabdpt/OrmoniTirodei/-1/seed42/fold5/deepsurv_simple_baseline.pt
C-index TRAIN: 0.7914
C-index TEST:  0.7810
  [ckpt] Loading RSF baseline from checkpoints/tabdpt/OrmoniTirodei/-1/seed42/fold5/rsf_baseline.pkl
C-index train: 0.9039
C-index test:  0.7947
  [ckpt] Loading Cox baseline from checkpoints/tabdpt/OrmoniTirodei/-1/seed42/fold5/tabdpt_cox.pkl
C-index train: 0.7999
C-index test:  0.7937
  [ckpt] Loading DeepSurv Tuned baseline from checkpoints/tabdpt/OrmoniTirodei/-1/seed42/fold5
C-index train: 0.8031
C-index test:  0.7958
  [ckpt] Loading RSF Tuned baseline from checkpoints/tabdpt/OrmoniTirodei/-1/seed42/fold5
C-index train: 0.8990
C-index test:  0.7948


Preprocess: Keep NaN
Loading existing folds from tmp/splits/OrmoniTirodei_seed42.pkl
X_train shape: (5161, 76), X_test shape: (1291, 76)
Generating TABDPT Embeddings...
<class 'dict'>
Loaded TabDPTModel from checkpoint.
<class 'dict'>
Loaded TabDPTModel from checkpoint.
Successfully generated embeddings with shape: (5161, 768)
  [ckpt] Loading TABDPT DeepSurv Tuned from checkpoints/tabdpt/OrmoniTirodei/NaN/seed42/fold1
C-index train: 0.8040
C-index test:  0.7669
  [ckpt] Loading TABDPT RSF Tuned from checkpoints/tabdpt/OrmoniTirodei/NaN/seed42/fold1
C-index train: 0.9010
C-index test:  0.7634
  [ckpt] Loading DeepSurv Simple from checkpoints/tabdpt/OrmoniTirodei/NaN/seed42/fold1/tabdpt_deepsurv_simple.pt
C-index TRAIN: 0.7572
C-index TEST:  0.7421
  [ckpt] Loading DeepSurv Vanilla from checkpoints/tabdpt/OrmoniTirodei/NaN/seed42/fold1/tabdpt_deepsurv_vanilla.pt
C-index TRAIN: 0.8322
C-index TEST:  0.7637
  [ckpt] Loading TABDPT RSF from checkpoints/tabdpt/OrmoniTirodei/NaN/seed42/fold1/tabdpt_rsf.pkl
C-index train: 0.9206
C-index test:  0.7629
  [ckpt] Loading TABDPT Cox (embedding) from checkpoints/tabdpt/OrmoniTirodei/NaN/seed42/fold1/tabdpt_tab_cox.pkl
C-index train: 0.8173
C-index test:  0.7593
X_train shape: (5161, 76), X_test shape: (1291, 76)
Generating TABDPT Embeddings...
<class 'dict'>
Loaded TabDPTModel from checkpoint.
<class 'dict'>
Loaded TabDPTModel from checkpoint.
Successfully generated embeddings with shape: (5161, 768)
  [ckpt] Loading TABDPT DeepSurv Tuned from checkpoints/tabdpt/OrmoniTirodei/NaN/seed42/fold2
C-index train: 0.8063
C-index test:  0.7815
  [ckpt] Loading TABDPT RSF Tuned from checkpoints/tabdpt/OrmoniTirodei/NaN/seed42/fold2
C-index train: 0.9263
C-index test:  0.7912
  [ckpt] Loading DeepSurv Simple from checkpoints/tabdpt/OrmoniTirodei/NaN/seed42/fold2/tabdpt_deepsurv_simple.pt
C-index TRAIN: 0.7945
C-index TEST:  0.7638
  [ckpt] Loading DeepSurv Vanilla from checkpoints/tabdpt/OrmoniTirodei/NaN/seed42/fold2/tabdpt_deepsurv_vanilla.pt
C-index TRAIN: 0.7913
C-index TEST:  0.7854
  [ckpt] Loading TABDPT RSF from checkpoints/tabdpt/OrmoniTirodei/NaN/seed42/fold2/tabdpt_rsf.pkl
C-index train: 0.9253
C-index test:  0.7925
  [ckpt] Loading TABDPT Cox (embedding) from checkpoints/tabdpt/OrmoniTirodei/NaN/seed42/fold2/tabdpt_tab_cox.pkl
C-index train: 0.8099
C-index test:  0.7747
X_train shape: (5162, 76), X_test shape: (1290, 76)
Generating TABDPT Embeddings...
<class 'dict'>
Loaded TabDPTModel from checkpoint.
<class 'dict'>
Loaded TabDPTModel from checkpoint.
Successfully generated embeddings with shape: (5162, 768)
  [ckpt] Loading TABDPT DeepSurv Tuned from checkpoints/tabdpt/OrmoniTirodei/NaN/seed42/fold3
C-index train: 0.8144
C-index test:  0.7671
  [ckpt] Loading TABDPT RSF Tuned from checkpoints/tabdpt/OrmoniTirodei/NaN/seed42/fold3
C-index train: 0.9001
C-index test:  0.7660
  [ckpt] Loading DeepSurv Simple from checkpoints/tabdpt/OrmoniTirodei/NaN/seed42/fold3/tabdpt_deepsurv_simple.pt
C-index TRAIN: 0.8144
C-index TEST:  0.7354
  [ckpt] Loading DeepSurv Vanilla from checkpoints/tabdpt/OrmoniTirodei/NaN/seed42/fold3/tabdpt_deepsurv_vanilla.pt
C-index TRAIN: 0.7977
C-index TEST:  0.7727
  [ckpt] Loading TABDPT RSF from checkpoints/tabdpt/OrmoniTirodei/NaN/seed42/fold3/tabdpt_rsf.pkl
C-index train: 0.9208
C-index test:  0.7642
  [ckpt] Loading TABDPT Cox (embedding) from checkpoints/tabdpt/OrmoniTirodei/NaN/seed42/fold3/tabdpt_tab_cox.pkl
C-index train: 0.8195
C-index test:  0.7542
X_train shape: (5162, 76), X_test shape: (1290, 76)
Generating TABDPT Embeddings...
<class 'dict'>
Loaded TabDPTModel from checkpoint.
<class 'dict'>
Loaded TabDPTModel from checkpoint.
Successfully generated embeddings with shape: (5162, 768)
  [ckpt] Loading TABDPT DeepSurv Tuned from checkpoints/tabdpt/OrmoniTirodei/NaN/seed42/fold4
C-index train: 0.8227
C-index test:  0.7676
  [ckpt] Loading TABDPT RSF Tuned from checkpoints/tabdpt/OrmoniTirodei/NaN/seed42/fold4
C-index train: 0.9018
C-index test:  0.7649
  [ckpt] Loading DeepSurv Simple from checkpoints/tabdpt/OrmoniTirodei/NaN/seed42/fold4/tabdpt_deepsurv_simple.pt
C-index TRAIN: 0.7969
C-index TEST:  0.7612
  [ckpt] Loading DeepSurv Vanilla from checkpoints/tabdpt/OrmoniTirodei/NaN/seed42/fold4/tabdpt_deepsurv_vanilla.pt
C-index TRAIN: 0.8178
C-index TEST:  0.7727
  [ckpt] Loading TABDPT RSF from checkpoints/tabdpt/OrmoniTirodei/NaN/seed42/fold4/tabdpt_rsf.pkl
C-index train: 0.9218
C-index test:  0.7629
  [ckpt] Loading TABDPT Cox (embedding) from checkpoints/tabdpt/OrmoniTirodei/NaN/seed42/fold4/tabdpt_tab_cox.pkl
C-index train: 0.8188
C-index test:  0.7691
X_train shape: (5162, 76), X_test shape: (1290, 76)
Generating TABDPT Embeddings...
<class 'dict'>
Loaded TabDPTModel from checkpoint.
<class 'dict'>
Loaded TabDPTModel from checkpoint.
Successfully generated embeddings with shape: (5162, 768)
  [ckpt] Loading TABDPT DeepSurv Tuned from checkpoints/tabdpt/OrmoniTirodei/NaN/seed42/fold5
C-index train: 0.8179
C-index test:  0.7745
  [ckpt] Loading TABDPT RSF Tuned from checkpoints/tabdpt/OrmoniTirodei/NaN/seed42/fold5
C-index train: 0.9348
C-index test:  0.7700
  [ckpt] Loading DeepSurv Simple from checkpoints/tabdpt/OrmoniTirodei/NaN/seed42/fold5/tabdpt_deepsurv_simple.pt
C-index TRAIN: 0.7914
C-index TEST:  0.7706
  [ckpt] Loading DeepSurv Vanilla from checkpoints/tabdpt/OrmoniTirodei/NaN/seed42/fold5/tabdpt_deepsurv_vanilla.pt
C-index TRAIN: 0.8052
C-index TEST:  0.7752
  [ckpt] Loading TABDPT RSF from checkpoints/tabdpt/OrmoniTirodei/NaN/seed42/fold5/tabdpt_rsf.pkl
C-index train: 0.9240
C-index test:  0.7675
  [ckpt] Loading TABDPT Cox (embedding) from checkpoints/tabdpt/OrmoniTirodei/NaN/seed42/fold5/tabdpt_tab_cox.pkl
C-index train: 0.8127
C-index test:  0.7808

  Preprocess: -1 | Seed: 42
  TABDPT Train Tuned DeepSurv → mean: 0.806627 | std: 0.006108 | min: 0.801099 | max: 0.818198 | folds: [0.818198, 0.801099, 0.805590, 0.806186, 0.802061]
  TABDPT Test Tuned DeepSurv → mean: 0.773709 | std: 0.009820 | min: 0.764153 | max: 0.789871 | folds: [0.764153, 0.789871, 0.766108, 0.768235, 0.780178]
  TABDPT Train Tuned RSF → mean: 0.899776 | std: 0.018693 | min: 0.872199 | max: 0.928779 | folds: [0.908144, 0.898588, 0.891172, 0.872199, 0.928779]
  TABDPT Test Tuned RSF → mean: 0.768020 | std: 0.011918 | min: 0.757935 | max: 0.789972 | folds: [0.757935, 0.789972, 0.760622, 0.760226, 0.771345]
  TABDPT Train Vanilla → mean: 0.808623 | std: 0.009373 | min: 0.796323 | max: 0.824887 | folds: [0.824887, 0.796323, 0.810617, 0.806568, 0.804720]
  TABDPT Test Vanilla → mean: 0.773426 | std: 0.011834 | min: 0.757178 | max: 0.793502 | folds: [0.757178, 0.793502, 0.768847, 0.771363, 0.776239]
  TABDPT Train Simple → mean: 0.795157 | std: 0.015041 | min: 0.774406 | max: 0.815927 | folds: [0.774406, 0.793472, 0.807500, 0.784480, 0.815927]
  TABDPT Test Simple → mean: 0.758867 | std: 0.023284 | min: 0.719568 | max: 0.780428 | folds: [0.770657, 0.778346, 0.745339, 0.719568, 0.780428]
  TABDPT Train RSF → mean: 0.920497 | std: 0.001703 | min: 0.918660 | max: 0.922976 | folds: [0.918664, 0.922976, 0.918660, 0.920415, 0.921768]
  TABDPT Test RSF → mean: 0.767948 | std: 0.011944 | min: 0.758317 | max: 0.790724 | folds: [0.758317, 0.790724, 0.759790, 0.762073, 0.768837]
  TABDPT Train Cox → mean: 0.813084 | std: 0.003794 | min: 0.807453 | max: 0.816597 | folds: [0.816597, 0.807453, 0.816518, 0.815188, 0.809663]
  TABDPT Test Cox → mean: 0.769291 | std: 0.010464 | min: 0.755955 | max: 0.782109 | folds: [0.759214, 0.782109, 0.755955, 0.769708, 0.779469]
  Train Tuned DeepSurv → mean: 0.802105 | std: 0.001815 | min: 0.799031 | max: 0.803984 | folds: [0.801088, 0.803295, 0.803984, 0.799031, 0.803125]
  Test Tuned DeepSurv → mean: 0.790252 | std: 0.007055 | min: 0.778297 | max: 0.797308 | folds: [0.786383, 0.797308, 0.778297, 0.793451, 0.795818]
  Train Tuned RSF → mean: 0.900736 | std: 0.008514 | min: 0.887733 | max: 0.913960 | folds: [0.913960, 0.887733, 0.904169, 0.898808, 0.899008]
  Test Tuned RSF → mean: 0.795978 | std: 0.009393 | min: 0.786359 | max: 0.812972 | folds: [0.788453, 0.812972, 0.786359, 0.797314, 0.794795]
  Train DeepSurv Vanilla → mean: 0.806711 | std: 0.004009 | min: 0.800419 | max: 0.811614 | folds: [0.806728, 0.804587, 0.810205, 0.811614, 0.800419]
  Test DeepSurv Vanilla → mean: 0.792235 | std: 0.007009 | min: 0.780469 | max: 0.801663 | folds: [0.790133, 0.801663, 0.780469, 0.795869, 0.793040]
  Train DeepSurv Simple → mean: 0.786695 | std: 0.005743 | min: 0.775516 | max: 0.791369 | folds: [0.787298, 0.790056, 0.789235, 0.775516, 0.791369]
  Test DeepSurv Simple → mean: 0.778641 | std: 0.010325 | min: 0.766108 | max: 0.795904 | folds: [0.779905, 0.795904, 0.766108, 0.770240, 0.781049]
  Train RSF  → mean: 0.901870 | std: 0.001221 | min: 0.900562 | max: 0.903905 | folds: [0.900562, 0.900666, 0.902256, 0.901962, 0.903905]
  Test RSF   → mean: 0.795297 | std: 0.010127 | min: 0.784241 | max: 0.814202 | folds: [0.789856, 0.814202, 0.784241, 0.793523, 0.794663]
  Train Cox  → mean: 0.800750 | std: 0.002026 | min: 0.797857 | max: 0.804083 | folds: [0.800663, 0.797857, 0.804083, 0.801272, 0.799875]
  Test Cox   → mean: 0.792607 | std: 0.007239 | min: 0.783452 | max: 0.805430 | folds: [0.791098, 0.805430, 0.783452, 0.789384, 0.793671]

  Preprocess: NaN | Seed: 42
  TABDPT Train Tuned DeepSurv → mean: 0.813037 | std: 0.007016 | min: 0.803962 | max: 0.822684 | folds: [0.803962, 0.806294, 0.814361, 0.822684, 0.817884]
  TABDPT Test Tuned DeepSurv → mean: 0.771522 | std: 0.005743 | min: 0.766854 | max: 0.781490 | folds: [0.766854, 0.781490, 0.767099, 0.767636, 0.774533]
  TABDPT Train Tuned RSF → mean: 0.912805 | std: 0.014771 | min: 0.900070 | max: 0.934839 | folds: [0.901009, 0.926323, 0.900070, 0.901785, 0.934839]
  TABDPT Test Tuned RSF → mean: 0.771076 | std: 0.010278 | min: 0.763393 | max: 0.791157 | folds: [0.763393, 0.791157, 0.765954, 0.764867, 0.770007]
  TABDPT Train Vanilla → mean: 0.808818 | std: 0.014625 | min: 0.791302 | max: 0.832164 | folds: [0.832164, 0.791302, 0.797690, 0.817779, 0.805156]
  TABDPT Test Vanilla → mean: 0.773940 | std: 0.006927 | min: 0.763748 | max: 0.785398 | folds: [0.763748, 0.785398, 0.772703, 0.772652, 0.775197]
  TABDPT Train Simple → mean: 0.790890 | std: 0.018642 | min: 0.757195 | max: 0.814396 | folds: [0.757195, 0.794497, 0.814396, 0.796922, 0.791439]
  TABDPT Test Simple → mean: 0.754627 | std: 0.013497 | min: 0.735376 | max: 0.770620 | folds: [0.742109, 0.763814, 0.735376, 0.761217, 0.770620]
  TABDPT Train RSF → mean: 0.922491 | std: 0.001839 | min: 0.920598 | max: 0.925298 | folds: [0.920598, 0.925298, 0.920831, 0.921766, 0.923965]
  TABDPT Test RSF → mean: 0.770005 | std: 0.011358 | min: 0.762923 | max: 0.792475 | folds: [0.762923, 0.792475, 0.764207, 0.762935, 0.767484]
  TABDPT Train Cox → mean: 0.815628 | std: 0.003740 | min: 0.809865 | max: 0.819471 | folds: [0.817326, 0.809865, 0.819471, 0.818825, 0.812655]
  TABDPT Test Cox → mean: 0.767636 | std: 0.009749 | min: 0.754184 | max: 0.780801 | folds: [0.759344, 0.774703, 0.754184, 0.769147, 0.780801]
Result saved in 'results/OrmoniTirodei/tabdpt/results_cv_OrmoniTirodei_tabdpt_seed42.txt'


Preprocess: Replace NaN with -1
Loading existing folds from tmp/splits/HURRAH_seed42.pkl
X_train shape: (13566, 61), X_test shape: (3392, 61)
Generating TABDPT Embeddings...
<class 'dict'>
Loaded TabDPTModel from checkpoint.
<class 'dict'>
Loaded TabDPTModel from checkpoint.
Successfully generated embeddings with shape: (13566, 768)
  [ckpt] Loading TABDPT DeepSurv Tuned from checkpoints/tabdpt/HURRAH/-1/seed42/fold1
C-index train: 0.8266
C-index test:  0.8034
  [ckpt] Loading TABDPT RSF Tuned from checkpoints/tabdpt/HURRAH/-1/seed42/fold1
C-index train: 0.8281
C-index test:  0.8212
  [ckpt] Loading DeepSurv Simple from checkpoints/tabdpt/HURRAH/-1/seed42/fold1/tabdpt_deepsurv_simple.pt
C-index TRAIN: 0.8271
C-index TEST:  0.8174
  [ckpt] Loading DeepSurv Vanilla from checkpoints/tabdpt/HURRAH/-1/seed42/fold1/tabdpt_deepsurv_vanilla.pt
C-index TRAIN: 0.8339
C-index TEST:  0.8214
  [ckpt] Loading TABDPT RSF from checkpoints/tabdpt/HURRAH/-1/seed42/fold1/tabdpt_rsf.pkl
C-index train: 0.9494
C-index test:  0.8110
  [ckpt] Loading TABDPT Cox (embedding) from checkpoints/tabdpt/HURRAH/-1/seed42/fold1/tabdpt_tab_cox.pkl
C-index train: 0.8417
C-index test:  0.8009
  [ckpt] Loading DeepSurv Vanilla baseline from checkpoints/tabdpt/HURRAH/-1/seed42/fold1/deepsurv_vanilla_baseline.pt
C-index TRAIN: 0.8567
C-index TEST:  0.8503
  [ckpt] Loading DeepSurv Simple baseline from checkpoints/tabdpt/HURRAH/-1/seed42/fold1/deepsurv_simple_baseline.pt
C-index TRAIN: 0.8346
C-index TEST:  0.8435
  [ckpt] Loading RSF baseline from checkpoints/tabdpt/HURRAH/-1/seed42/fold1/rsf_baseline.pkl
C-index train: 0.9187
C-index test:  0.8589
  [ckpt] Loading Cox baseline from checkpoints/tabdpt/HURRAH/-1/seed42/fold1/tabdpt_cox.pkl
C-index train: 0.8272
C-index test:  0.8313
  [ckpt] Loading DeepSurv Tuned baseline from checkpoints/tabdpt/HURRAH/-1/seed42/fold1
C-index train: 0.7722
C-index test:  0.7668
  [ckpt] Loading RSF Tuned baseline from checkpoints/tabdpt/HURRAH/-1/seed42/fold1
C-index train: 0.9356
C-index test:  0.8601
X_train shape: (13566, 61), X_test shape: (3392, 61)
Generating TABDPT Embeddings...
<class 'dict'>
Loaded TabDPTModel from checkpoint.
<class 'dict'>
Loaded TabDPTModel from checkpoint.
Successfully generated embeddings with shape: (13566, 768)
  [ckpt] Loading TABDPT DeepSurv Tuned from checkpoints/tabdpt/HURRAH/-1/seed42/fold2
C-index train: 0.8426
C-index test:  0.8186
  [ckpt] Loading TABDPT RSF Tuned from checkpoints/tabdpt/HURRAH/-1/seed42/fold2
C-index train: 0.8565
C-index test:  0.8300
  [ckpt] Loading DeepSurv Simple from checkpoints/tabdpt/HURRAH/-1/seed42/fold2/tabdpt_deepsurv_simple.pt
C-index TRAIN: 0.8429
C-index TEST:  0.8086
  [ckpt] Loading DeepSurv Vanilla from checkpoints/tabdpt/HURRAH/-1/seed42/fold2/tabdpt_deepsurv_vanilla.pt
C-index TRAIN: 0.8402
C-index TEST:  0.8208
  [ckpt] Loading TABDPT RSF from checkpoints/tabdpt/HURRAH/-1/seed42/fold2/tabdpt_rsf.pkl
C-index train: 0.9527
C-index test:  0.8156
  [ckpt] Loading TABDPT Cox (embedding) from checkpoints/tabdpt/HURRAH/-1/seed42/fold2/tabdpt_tab_cox.pkl
C-index train: 0.8431
C-index test:  0.8069
  [ckpt] Loading DeepSurv Vanilla baseline from checkpoints/tabdpt/HURRAH/-1/seed42/fold2/deepsurv_vanilla_baseline.pt
C-index TRAIN: 0.8290
C-index TEST:  0.8249
  [ckpt] Loading DeepSurv Simple baseline from checkpoints/tabdpt/HURRAH/-1/seed42/fold2/deepsurv_simple_baseline.pt
C-index TRAIN: 0.8357
C-index TEST:  0.8269
  [ckpt] Loading RSF baseline from checkpoints/tabdpt/HURRAH/-1/seed42/fold2/rsf_baseline.pkl
C-index train: 0.9187
C-index test:  0.8423
  [ckpt] Loading Cox baseline from checkpoints/tabdpt/HURRAH/-1/seed42/fold2/tabdpt_cox.pkl
C-index train: 0.8289
C-index test:  0.8265
  [ckpt] Loading DeepSurv Tuned baseline from checkpoints/tabdpt/HURRAH/-1/seed42/fold2
C-index train: 0.8515
C-index test:  0.8435
  [ckpt] Loading RSF Tuned baseline from checkpoints/tabdpt/HURRAH/-1/seed42/fold2
C-index train: 0.9276
C-index test:  0.8452
X_train shape: (13566, 61), X_test shape: (3392, 61)
Generating TABDPT Embeddings...
<class 'dict'>
Loaded TabDPTModel from checkpoint.
<class 'dict'>
Loaded TabDPTModel from checkpoint.
Successfully generated embeddings with shape: (13566, 768)
  [ckpt] Loading TABDPT DeepSurv Tuned from checkpoints/tabdpt/HURRAH/-1/seed42/fold3
C-index train: 0.8377
C-index test:  0.7887
  [ckpt] Loading TABDPT RSF Tuned from checkpoints/tabdpt/HURRAH/-1/seed42/fold3
C-index train: 0.8787
C-index test:  0.8104
  [ckpt] Loading DeepSurv Simple from checkpoints/tabdpt/HURRAH/-1/seed42/fold3/tabdpt_deepsurv_simple.pt
C-index TRAIN: 0.8327
C-index TEST:  0.7982
  [ckpt] Loading DeepSurv Vanilla from checkpoints/tabdpt/HURRAH/-1/seed42/fold3/tabdpt_deepsurv_vanilla.pt
C-index TRAIN: 0.8375
C-index TEST:  0.7970
  [ckpt] Loading TABDPT RSF from checkpoints/tabdpt/HURRAH/-1/seed42/fold3/tabdpt_rsf.pkl
C-index train: 0.9514
C-index test:  0.8049
  [ckpt] Loading TABDPT Cox (embedding) from checkpoints/tabdpt/HURRAH/-1/seed42/fold3/tabdpt_tab_cox.pkl
C-index train: 0.8404
C-index test:  0.7774
  [ckpt] Loading DeepSurv Vanilla baseline from checkpoints/tabdpt/HURRAH/-1/seed42/fold3/deepsurv_vanilla_baseline.pt
C-index TRAIN: 0.8577
C-index TEST:  0.8544
  [ckpt] Loading DeepSurv Simple baseline from checkpoints/tabdpt/HURRAH/-1/seed42/fold3/deepsurv_simple_baseline.pt
C-index TRAIN: 0.8351
C-index TEST:  0.8317
  [ckpt] Loading RSF baseline from checkpoints/tabdpt/HURRAH/-1/seed42/fold3/rsf_baseline.pkl
C-index train: 0.9209
C-index test:  0.8659
  [ckpt] Loading Cox baseline from checkpoints/tabdpt/HURRAH/-1/seed42/fold3/tabdpt_cox.pkl
C-index train: 0.8259
C-index test:  0.8319
  [ckpt] Loading DeepSurv Tuned baseline from checkpoints/tabdpt/HURRAH/-1/seed42/fold3
C-index train: 0.8357
C-index test:  0.8287
  [ckpt] Loading RSF Tuned baseline from checkpoints/tabdpt/HURRAH/-1/seed42/fold3
C-index train: 0.9380
C-index test:  0.8666
X_train shape: (13567, 61), X_test shape: (3391, 61)
Generating TABDPT Embeddings...
<class 'dict'>
Loaded TabDPTModel from checkpoint.
<class 'dict'>
Loaded TabDPTModel from checkpoint.
Successfully generated embeddings with shape: (13567, 768)
  [ckpt] Loading TABDPT DeepSurv Tuned from checkpoints/tabdpt/HURRAH/-1/seed42/fold4
C-index train: 0.8453
C-index test:  0.8216
  [ckpt] Loading TABDPT RSF Tuned from checkpoints/tabdpt/HURRAH/-1/seed42/fold4
C-index train: 0.8356
C-index test:  0.8302
  [ckpt] Loading DeepSurv Simple from checkpoints/tabdpt/HURRAH/-1/seed42/fold4/tabdpt_deepsurv_simple.pt
C-index TRAIN: 0.8201
C-index TEST:  0.8115
  [ckpt] Loading DeepSurv Vanilla from checkpoints/tabdpt/HURRAH/-1/seed42/fold4/tabdpt_deepsurv_vanilla.pt
C-index TRAIN: 0.8487
C-index TEST:  0.8116
  [ckpt] Loading TABDPT RSF from checkpoints/tabdpt/HURRAH/-1/seed42/fold4/tabdpt_rsf.pkl
C-index train: 0.9528
C-index test:  0.8098
  [ckpt] Loading TABDPT Cox (embedding) from checkpoints/tabdpt/HURRAH/-1/seed42/fold4/tabdpt_tab_cox.pkl
C-index train: 0.8421
C-index test:  0.8063
  [ckpt] Loading DeepSurv Vanilla baseline from checkpoints/tabdpt/HURRAH/-1/seed42/fold4/deepsurv_vanilla_baseline.pt
C-index TRAIN: 0.8545
C-index TEST:  0.8476
  [ckpt] Loading DeepSurv Simple baseline from checkpoints/tabdpt/HURRAH/-1/seed42/fold4/deepsurv_simple_baseline.pt
C-index TRAIN: 0.8368
C-index TEST:  0.8297
  [ckpt] Loading RSF baseline from checkpoints/tabdpt/HURRAH/-1/seed42/fold4/rsf_baseline.pkl
C-index train: 0.9197
C-index test:  0.8489
  [ckpt] Loading Cox baseline from checkpoints/tabdpt/HURRAH/-1/seed42/fold4/tabdpt_cox.pkl
C-index train: 0.8296
C-index test:  0.8177
  [ckpt] Loading DeepSurv Tuned baseline from checkpoints/tabdpt/HURRAH/-1/seed42/fold4
C-index train: 0.8358
C-index test:  0.8276
  [ckpt] Loading RSF Tuned baseline from checkpoints/tabdpt/HURRAH/-1/seed42/fold4
C-index train: 0.9317
C-index test:  0.8509
X_train shape: (13567, 61), X_test shape: (3391, 61)
Generating TABDPT Embeddings...
<class 'dict'>
Loaded TabDPTModel from checkpoint.
<class 'dict'>
Loaded TabDPTModel from checkpoint.
Successfully generated embeddings with shape: (13567, 768)
  [ckpt] Loading TABDPT DeepSurv Tuned from checkpoints/tabdpt/HURRAH/-1/seed42/fold5
C-index train: 0.8398
C-index test:  0.7768
  [ckpt] Loading TABDPT RSF Tuned from checkpoints/tabdpt/HURRAH/-1/seed42/fold5
C-index train: 0.8328
C-index test:  0.8054
  [ckpt] Loading DeepSurv Simple from checkpoints/tabdpt/HURRAH/-1/seed42/fold5/tabdpt_deepsurv_simple.pt
C-index TRAIN: 0.8350
C-index TEST:  0.7810
  [ckpt] Loading DeepSurv Vanilla from checkpoints/tabdpt/HURRAH/-1/seed42/fold5/tabdpt_deepsurv_vanilla.pt
C-index TRAIN: 0.8293
C-index TEST:  0.8080
  [ckpt] Loading TABDPT RSF from checkpoints/tabdpt/HURRAH/-1/seed42/fold5/tabdpt_rsf.pkl
C-index train: 0.9508
C-index test:  0.7996
  [ckpt] Loading TABDPT Cox (embedding) from checkpoints/tabdpt/HURRAH/-1/seed42/fold5/tabdpt_tab_cox.pkl
C-index train: 0.8450
C-index test:  0.7677
  [ckpt] Loading DeepSurv Vanilla baseline from checkpoints/tabdpt/HURRAH/-1/seed42/fold5/deepsurv_vanilla_baseline.pt
C-index TRAIN: 0.8603
C-index TEST:  0.8368
  [ckpt] Loading DeepSurv Simple baseline from checkpoints/tabdpt/HURRAH/-1/seed42/fold5/deepsurv_simple_baseline.pt
C-index TRAIN: 0.8381
C-index TEST:  0.8239
  [ckpt] Loading RSF baseline from checkpoints/tabdpt/HURRAH/-1/seed42/fold5/rsf_baseline.pkl
C-index train: 0.9192
C-index test:  0.8401
  [ckpt] Loading Cox baseline from checkpoints/tabdpt/HURRAH/-1/seed42/fold5/tabdpt_cox.pkl
C-index train: 0.8291
C-index test:  0.8232
  [ckpt] Loading DeepSurv Tuned baseline from checkpoints/tabdpt/HURRAH/-1/seed42/fold5
C-index train: 0.8460
C-index test:  0.8271
  [ckpt] Loading RSF Tuned baseline from checkpoints/tabdpt/HURRAH/-1/seed42/fold5
C-index train: 0.9279
C-index test:  0.8440


Preprocess: Keep NaN
Loading existing folds from tmp/splits/HURRAH_seed42.pkl
X_train shape: (13566, 61), X_test shape: (3392, 61)
Generating TABDPT Embeddings...
<class 'dict'>
Loaded TabDPTModel from checkpoint.
<class 'dict'>
Loaded TabDPTModel from checkpoint.
Successfully generated embeddings with shape: (13566, 768)
  [ckpt] Loading TABDPT DeepSurv Tuned from checkpoints/tabdpt/HURRAH/NaN/seed42/fold1
C-index train: 0.7861
C-index test:  0.8032
  [ckpt] Loading TABDPT RSF Tuned from checkpoints/tabdpt/HURRAH/NaN/seed42/fold1
C-index train: 0.8453
C-index test:  0.8185
  [ckpt] Loading DeepSurv Simple from checkpoints/tabdpt/HURRAH/NaN/seed42/fold1/tabdpt_deepsurv_simple.pt
C-index TRAIN: 0.8069
C-index TEST:  0.7932
  [ckpt] Loading DeepSurv Vanilla from checkpoints/tabdpt/HURRAH/NaN/seed42/fold1/tabdpt_deepsurv_vanilla.pt
C-index TRAIN: 0.8261
C-index TEST:  0.8052
  [ckpt] Loading TABDPT RSF from checkpoints/tabdpt/HURRAH/NaN/seed42/fold1/tabdpt_rsf.pkl
C-index train: 0.9483
C-index test:  0.8046
  [ckpt] Loading TABDPT Cox (embedding) from checkpoints/tabdpt/HURRAH/NaN/seed42/fold1/tabdpt_tab_cox.pkl
C-index train: 0.8319
C-index test:  0.7886
X_train shape: (13566, 61), X_test shape: (3392, 61)
Generating TABDPT Embeddings...
<class 'dict'>
Loaded TabDPTModel from checkpoint.
<class 'dict'>
Loaded TabDPTModel from checkpoint.
Successfully generated embeddings with shape: (13566, 768)
  [ckpt] Loading TABDPT DeepSurv Tuned from checkpoints/tabdpt/HURRAH/NaN/seed42/fold2
C-index train: 0.8265
C-index test:  0.8212
  [ckpt] Loading TABDPT RSF Tuned from checkpoints/tabdpt/HURRAH/NaN/seed42/fold2
C-index train: 0.8774
C-index test:  0.8154
  [surv] Saved → survival_predictions/tabdpt/HURRAH/NaN/seed42/fold2/tabdpt_rsf_tuned.pkl
  [ckpt] Loading DeepSurv Simple from checkpoints/tabdpt/HURRAH/NaN/seed42/fold2/tabdpt_deepsurv_simple.pt
C-index TRAIN: 0.8155
C-index TEST:  0.7849
  [surv] Saved → survival_predictions/tabdpt/HURRAH/NaN/seed42/fold2/tabdpt_deepsurv_simple.pkl
  [ckpt] Loading DeepSurv Vanilla from checkpoints/tabdpt/HURRAH/NaN/seed42/fold2/tabdpt_deepsurv_vanilla.pt
C-index TRAIN: 0.8350
C-index TEST:  0.8104
  [surv] Saved → survival_predictions/tabdpt/HURRAH/NaN/seed42/fold2/tabdpt_deepsurv_vanilla.pkl
  [ckpt] Loading TABDPT RSF from checkpoints/tabdpt/HURRAH/NaN/seed42/fold2/tabdpt_rsf.pkl
C-index train: 0.9513
C-index test:  0.8075
  [surv] Saved → survival_predictions/tabdpt/HURRAH/NaN/seed42/fold2/tabdpt_rsf.pkl
  [ckpt] Loading TABDPT Cox (embedding) from checkpoints/tabdpt/HURRAH/NaN/seed42/fold2/tabdpt_tab_cox.pkl
C-index train: 0.8329
C-index test:  0.8044
  [surv] Saved → survival_predictions/tabdpt/HURRAH/NaN/seed42/fold2/tabdpt_cox.pkl
X_train shape: (13566, 61), X_test shape: (3392, 61)
Generating TABDPT Embeddings...
<class 'dict'>
Loaded TabDPTModel from checkpoint.
<class 'dict'>
Loaded TabDPTModel from checkpoint.
Successfully generated embeddings with shape: (13566, 768)
  [ckpt] Loading TABDPT DeepSurv Tuned from checkpoints/tabdpt/HURRAH/NaN/seed42/fold3
C-index train: 0.8173
C-index test:  0.7842
  [surv] Saved → survival_predictions/tabdpt/HURRAH/NaN/seed42/fold3/tabdpt_deepsurv_tuned.pkl
  [ckpt] Loading TABDPT RSF Tuned from checkpoints/tabdpt/HURRAH/NaN/seed42/fold3
C-index train: 0.8497
C-index test:  0.8037
  [surv] Saved → survival_predictions/tabdpt/HURRAH/NaN/seed42/fold3/tabdpt_rsf_tuned.pkl
  [ckpt] Loading DeepSurv Simple from checkpoints/tabdpt/HURRAH/NaN/seed42/fold3/tabdpt_deepsurv_simple.pt
C-index TRAIN: 0.8058
C-index TEST:  0.7325
  [surv] Saved → survival_predictions/tabdpt/HURRAH/NaN/seed42/fold3/tabdpt_deepsurv_simple.pkl
  [ckpt] Loading DeepSurv Vanilla from checkpoints/tabdpt/HURRAH/NaN/seed42/fold3/tabdpt_deepsurv_vanilla.pt
C-index TRAIN: 0.8404
C-index TEST:  0.7964
  [surv] Saved → survival_predictions/tabdpt/HURRAH/NaN/seed42/fold3/tabdpt_deepsurv_vanilla.pkl
  [ckpt] Loading TABDPT RSF from checkpoints/tabdpt/HURRAH/NaN/seed42/fold3/tabdpt_rsf.pkl
C-index train: 0.9527
C-index test:  0.7963
  [surv] Saved → survival_predictions/tabdpt/HURRAH/NaN/seed42/fold3/tabdpt_rsf.pkl
  [ckpt] Loading TABDPT Cox (embedding) from checkpoints/tabdpt/HURRAH/NaN/seed42/fold3/tabdpt_tab_cox.pkl
C-index train: 0.8335
C-index test:  0.7794
  [surv] Saved → survival_predictions/tabdpt/HURRAH/NaN/seed42/fold3/tabdpt_cox.pkl
X_train shape: (13567, 61), X_test shape: (3391, 61)
Generating TABDPT Embeddings...
<class 'dict'>
Loaded TabDPTModel from checkpoint.
<class 'dict'>
Loaded TabDPTModel from checkpoint.
Successfully generated embeddings with shape: (13567, 768)
  [ckpt] Loading TABDPT DeepSurv Tuned from checkpoints/tabdpt/HURRAH/NaN/seed42/fold4
C-index train: 0.8312
C-index test:  0.8052
  [surv] Saved → survival_predictions/tabdpt/HURRAH/NaN/seed42/fold4/tabdpt_deepsurv_tuned.pkl
  [ckpt] Loading TABDPT RSF Tuned from checkpoints/tabdpt/HURRAH/NaN/seed42/fold4
C-index train: 0.8802
C-index test:  0.8089
  [surv] Saved → survival_predictions/tabdpt/HURRAH/NaN/seed42/fold4/tabdpt_rsf_tuned.pkl
  [ckpt] Loading DeepSurv Simple from checkpoints/tabdpt/HURRAH/NaN/seed42/fold4/tabdpt_deepsurv_simple.pt
C-index TRAIN: 0.7942
C-index TEST:  0.7763
  [surv] Saved → survival_predictions/tabdpt/HURRAH/NaN/seed42/fold4/tabdpt_deepsurv_simple.pkl
  [ckpt] Loading DeepSurv Vanilla from checkpoints/tabdpt/HURRAH/NaN/seed42/fold4/tabdpt_deepsurv_vanilla.pt
C-index TRAIN: 0.8275
C-index TEST:  0.8108
  [surv] Saved → survival_predictions/tabdpt/HURRAH/NaN/seed42/fold4/tabdpt_deepsurv_vanilla.pkl
  [ckpt] Loading TABDPT RSF from checkpoints/tabdpt/HURRAH/NaN/seed42/fold4/tabdpt_rsf.pkl
C-index train: 0.9517
C-index test:  0.8067
  [surv] Saved → survival_predictions/tabdpt/HURRAH/NaN/seed42/fold4/tabdpt_rsf.pkl
  [ckpt] Loading TABDPT Cox (embedding) from checkpoints/tabdpt/HURRAH/NaN/seed42/fold4/tabdpt_tab_cox.pkl
C-index train: 0.8309
C-index test:  0.7900
  [surv] Saved → survival_predictions/tabdpt/HURRAH/NaN/seed42/fold4/tabdpt_cox.pkl
X_train shape: (13567, 61), X_test shape: (3391, 61)
Generating TABDPT Embeddings...
<class 'dict'>
Loaded TabDPTModel from checkpoint.
<class 'dict'>
Loaded TabDPTModel from checkpoint.
Successfully generated embeddings with shape: (13567, 768)
  [ckpt] Loading TABDPT DeepSurv Tuned from checkpoints/tabdpt/HURRAH/NaN/seed42/fold5
C-index train: 0.8326
C-index test:  0.7866
  [surv] Saved → survival_predictions/tabdpt/HURRAH/NaN/seed42/fold5/tabdpt_deepsurv_tuned.pkl
  [ckpt] Loading TABDPT RSF Tuned from checkpoints/tabdpt/HURRAH/NaN/seed42/fold5
C-index train: 0.8464
C-index test:  0.7963
  [surv] Saved → survival_predictions/tabdpt/HURRAH/NaN/seed42/fold5/tabdpt_rsf_tuned.pkl
  [ckpt] Loading DeepSurv Simple from checkpoints/tabdpt/HURRAH/NaN/seed42/fold5/tabdpt_deepsurv_simple.pt
C-index TRAIN: 0.8129
C-index TEST:  0.7871
  [surv] Saved → survival_predictions/tabdpt/HURRAH/NaN/seed42/fold5/tabdpt_deepsurv_simple.pkl
  [ckpt] Loading DeepSurv Vanilla from checkpoints/tabdpt/HURRAH/NaN/seed42/fold5/tabdpt_deepsurv_vanilla.pt
C-index TRAIN: 0.8317
C-index TEST:  0.7533
  [surv] Saved → survival_predictions/tabdpt/HURRAH/NaN/seed42/fold5/tabdpt_deepsurv_vanilla.pkl
  [ckpt] Loading TABDPT RSF from checkpoints/tabdpt/HURRAH/NaN/seed42/fold5/tabdpt_rsf.pkl
C-index train: 0.9503
C-index test:  0.7817
  [surv] Saved → survival_predictions/tabdpt/HURRAH/NaN/seed42/fold5/tabdpt_rsf.pkl
  [ckpt] Loading TABDPT Cox (embedding) from checkpoints/tabdpt/HURRAH/NaN/seed42/fold5/tabdpt_tab_cox.pkl
C-index train: 0.8323
C-index test:  0.7633
  [surv] Saved → survival_predictions/tabdpt/HURRAH/NaN/seed42/fold5/tabdpt_cox.pkl

  Preprocess: -1 | Seed: 42
  TABDPT Train Tuned DeepSurv → mean: 0.838411 | std: 0.006421 | min: 0.826622 | max: 0.845280 | folds: [0.826622, 0.842603, 0.837734, 0.845280, 0.839819]
  TABDPT Test Tuned DeepSurv → mean: 0.801821 | std: 0.017165 | min: 0.776758 | max: 0.821607 | folds: [0.803443, 0.818553, 0.788745, 0.821607, 0.776758]
  TABDPT Train Tuned RSF → mean: 0.846361 | std: 0.018866 | min: 0.828135 | max: 0.878730 | folds: [0.828135, 0.856461, 0.878730, 0.835632, 0.832848]
  TABDPT Test Tuned RSF → mean: 0.819431 | std: 0.010094 | min: 0.805385 | max: 0.830175 | folds: [0.821246, 0.829981, 0.810367, 0.830175, 0.805385]
  TABDPT Train Vanilla → mean: 0.837930 | std: 0.006503 | min: 0.829347 | max: 0.848713 | folds: [0.833911, 0.840194, 0.837488, 0.848713, 0.829347]
  TABDPT Test Vanilla → mean: 0.811759 | std: 0.009022 | min: 0.796981 | max: 0.821371 | folds: [0.821371, 0.820834, 0.796981, 0.811565, 0.808047]
  TABDPT Train Simple → mean: 0.831548 | std: 0.007626 | min: 0.820143 | max: 0.842856 | folds: [0.827091, 0.842856, 0.832680, 0.820143, 0.834970]
  TABDPT Test Simple → mean: 0.803357 | std: 0.012810 | min: 0.780960 | max: 0.817413 | folds: [0.817413, 0.808640, 0.798227, 0.811546, 0.780960]
  TABDPT Train RSF → mean: 0.951433 | std: 0.001253 | min: 0.949419 | max: 0.952775 | folds: [0.949419, 0.952706, 0.951439, 0.952775, 0.950828]
  TABDPT Test RSF → mean: 0.808170 | std: 0.005474 | min: 0.799595 | max: 0.815597 | folds: [0.810993, 0.815597, 0.804911, 0.809754, 0.799595]
  TABDPT Train Cox → mean: 0.842434 | std: 0.001544 | min: 0.840362 | max: 0.844975 | folds: [0.841664, 0.843098, 0.840362, 0.842070, 0.844975]
  TABDPT Test Cox → mean: 0.791846 | std: 0.016200 | min: 0.767679 | max: 0.806942 | folds: [0.800866, 0.806942, 0.777401, 0.806343, 0.767679]
  Train Tuned DeepSurv → mean: 0.828243 | std: 0.028665 | min: 0.772203 | max: 0.851472 | folds: [0.772203, 0.851472, 0.835729, 0.835817, 0.845992]
  Test Tuned DeepSurv → mean: 0.818751 | std: 0.026663 | min: 0.766847 | max: 0.843536 | folds: [0.766847, 0.843536, 0.828652, 0.827579, 0.827141]
  Train Tuned RSF → mean: 0.932154 | std: 0.004132 | min: 0.927560 | max: 0.938014 | folds: [0.935566, 0.927560, 0.938014, 0.931730, 0.927899]
  Test Tuned RSF → mean: 0.853363 | std: 0.008730 | min: 0.844004 | max: 0.866568 | folds: [0.860143, 0.845164, 0.866568, 0.850936, 0.844004]
  Train DeepSurv Vanilla → mean: 0.851675 | std: 0.011470 | min: 0.829037 | max: 0.860317 | folds: [0.856749, 0.829037, 0.857730, 0.854544, 0.860317]
  Test DeepSurv Vanilla → mean: 0.842793 | std: 0.010674 | min: 0.824911 | max: 0.854416 | folds: [0.850280, 0.824911, 0.854416, 0.847563, 0.836795]
  Train DeepSurv Simple → mean: 0.836081 | std: 0.001259 | min: 0.834634 | max: 0.838142 | folds: [0.834634, 0.835661, 0.835150, 0.836816, 0.838142]
  Test DeepSurv Simple → mean: 0.831119 | std: 0.006719 | min: 0.823863 | max: 0.843477 | folds: [0.843477, 0.826875, 0.831687, 0.829690, 0.823863]
  Train RSF  → mean: 0.919424 | std: 0.000831 | min: 0.918654 | max: 0.920902 | folds: [0.918686, 0.918654, 0.920902, 0.919692, 0.919183]
  Test RSF   → mean: 0.851228 | std: 0.009824 | min: 0.840115 | max: 0.865935 | folds: [0.858861, 0.842337, 0.865935, 0.848891, 0.840115]
  Train Cox  → mean: 0.828143 | std: 0.001397 | min: 0.825850 | max: 0.829596 | folds: [0.827228, 0.828944, 0.825850, 0.829596, 0.829096]
  Test Cox   → mean: 0.826137 | std: 0.005266 | min: 0.817748 | max: 0.831868 | folds: [0.831306, 0.826546, 0.831868, 0.817748, 0.823215]

  Preprocess: NaN | Seed: 42
  TABDPT Train Tuned DeepSurv → mean: 0.818750 | std: 0.017161 | min: 0.786148 | max: 0.832644 | folds: [0.786148, 0.826484, 0.817292, 0.831185, 0.832644]
  TABDPT Test Tuned DeepSurv → mean: 0.800066 | std: 0.013516 | min: 0.784211 | max: 0.821151 | folds: [0.803201, 0.821151, 0.784211, 0.805173, 0.786592]
  TABDPT Train Tuned RSF → mean: 0.859796 | std: 0.015619 | min: 0.845251 | max: 0.880222 | folds: [0.845251, 0.877398, 0.849715, 0.880222, 0.846396]
  TABDPT Test Tuned RSF → mean: 0.808564 | std: 0.007990 | min: 0.796324 | max: 0.818497 | folds: [0.818497, 0.815423, 0.803709, 0.808866, 0.796324]
  TABDPT Train Vanilla → mean: 0.832142 | std: 0.005161 | min: 0.826119 | max: 0.840351 | folds: [0.826119, 0.834997, 0.840351, 0.827542, 0.831701]
  TABDPT Test Vanilla → mean: 0.795228 | std: 0.021612 | min: 0.753281 | max: 0.810811 | folds: [0.805243, 0.810444, 0.796362, 0.810811, 0.753281]
  TABDPT Train Simple → mean: 0.807057 | std: 0.007394 | min: 0.794204 | max: 0.815542 | folds: [0.806851, 0.815542, 0.805760, 0.794204, 0.812924]
  TABDPT Test Simple → mean: 0.774802 | std: 0.021821 | min: 0.732527 | max: 0.793175 | folds: [0.793175, 0.784946, 0.732527, 0.776279, 0.787085]
  TABDPT Train RSF → mean: 0.950872 | std: 0.001495 | min: 0.948332 | max: 0.952711 | folds: [0.948332, 0.951316, 0.952711, 0.951743, 0.950255]
  TABDPT Test RSF → mean: 0.799354 | std: 0.009675 | min: 0.781687 | max: 0.807459 | folds: [0.804592, 0.807459, 0.796343, 0.806686, 0.781687]
  TABDPT Train Cox → mean: 0.832282 | std: 0.000892 | min: 0.830865 | max: 0.833493 | folds: [0.831875, 0.832861, 0.833493, 0.830865, 0.832314]
  TABDPT Test Cox → mean: 0.785144 | std: 0.013547 | min: 0.763274 | max: 0.804414 | folds: [0.788577, 0.804414, 0.779443, 0.790010, 0.763274]
Result saved in 'results/HURRAH/tabdpt/results_cv_HURRAH_tabdpt_seed42.txt'
