ENV CHECKPOINT PATH: 
DEFAULT PATH: /scratch.hpc/luca.cotugno/Foundation_model_clinical_data/src/models_diff/tabdpt1_1.pth
ENV CHECKPOINT PATH: 
DEFAULT PATH: /scratch.hpc/luca.cotugno/Foundation_model_clinical_data/src/models_diff/tabdpt1_1.pth
ENV CHECKPOINT PATH: 
DEFAULT PATH: /scratch.hpc/luca.cotugno/Foundation_model_clinical_data/src/models_diff/tabdpt1_1.pth
ENV CHECKPOINT PATH: 
DEFAULT PATH: /scratch.hpc/luca.cotugno/Foundation_model_clinical_data/src/models_diff/tabdpt1_1.pth
ENV CHECKPOINT PATH: 
DEFAULT PATH: /scratch.hpc/luca.cotugno/Foundation_model_clinical_data/src/models_diff/tabdpt1_1.pth
ENV CHECKPOINT PATH: 
DEFAULT PATH: /scratch.hpc/luca.cotugno/Foundation_model_clinical_data/src/models_diff/tabdpt1_1.pth
ENV CHECKPOINT PATH: 
DEFAULT PATH: /scratch.hpc/luca.cotugno/Foundation_model_clinical_data/src/models_diff/tabdpt1_1.pth
ENV CHECKPOINT PATH: 
DEFAULT PATH: /scratch.hpc/luca.cotugno/Foundation_model_clinical_data/src/models_diff/tabdpt1_1.pth
ENV CHECKPOINT PATH: 
DEFAULT PATH: /scratch.hpc/luca.cotugno/Foundation_model_clinical_data/src/models_diff/tabdpt1_1.pth
ENV CHECKPOINT PATH: 
DEFAULT PATH: /scratch.hpc/luca.cotugno/Foundation_model_clinical_data/src/models_diff/tabdpt1_1.pth
ENV CHECKPOINT PATH: 
DEFAULT PATH: /scratch.hpc/luca.cotugno/Foundation_model_clinical_data/src/models_diff/tabdpt1_1.pth
ENV CHECKPOINT PATH: 
DEFAULT PATH: /scratch.hpc/luca.cotugno/Foundation_model_clinical_data/src/models_diff/tabdpt1_1.pth
ENV CHECKPOINT PATH: 
DEFAULT PATH: /scratch.hpc/luca.cotugno/Foundation_model_clinical_data/src/models_diff/tabdpt1_1.pth
ENV CHECKPOINT PATH: 
DEFAULT PATH: /scratch.hpc/luca.cotugno/Foundation_model_clinical_data/src/models_diff/tabdpt1_1.pth
ENV CHECKPOINT PATH: 
DEFAULT PATH: /scratch.hpc/luca.cotugno/Foundation_model_clinical_data/src/models_diff/tabdpt1_1.pth
ENV CHECKPOINT PATH: 
DEFAULT PATH: /scratch.hpc/luca.cotugno/Foundation_model_clinical_data/src/models_diff/tabdpt1_1.pth
ENV CHECKPOINT PATH: 
DEFAULT PATH: /scratch.hpc/luca.cotugno/Foundation_model_clinical_data/src/models_diff/tabdpt1_1.pth
ENV CHECKPOINT PATH: 
DEFAULT PATH: /scratch.hpc/luca.cotugno/Foundation_model_clinical_data/src/models_diff/tabdpt1_1.pth
ENV CHECKPOINT PATH: 
DEFAULT PATH: /scratch.hpc/luca.cotugno/Foundation_model_clinical_data/src/models_diff/tabdpt1_1.pth
ENV CHECKPOINT PATH: 
DEFAULT PATH: /scratch.hpc/luca.cotugno/Foundation_model_clinical_data/src/models_diff/tabdpt1_1.pth
ENV CHECKPOINT PATH: 
DEFAULT PATH: /scratch.hpc/luca.cotugno/Foundation_model_clinical_data/src/models_diff/tabdpt1_1.pth
ENV CHECKPOINT PATH: 
DEFAULT PATH: /scratch.hpc/luca.cotugno/Foundation_model_clinical_data/src/models_diff/tabdpt1_1.pth
STARTED  model=tabdpt  seed=42  tuning=True  shap=False


Preprocess: Replace NaN with -1
Loading existing folds from tmp/splits/OrmoniTirodei_seed42.pkl
X_train shape: (5161, 76), X_test shape: (1291, 76)
Generating TABDPT Embeddings...
<class 'dict'>
Loaded TabDPTModel from checkpoint.
<class 'dict'>
Loaded TabDPTModel from checkpoint.
Successfully generated embeddings with shape: (5161, 768)
  [ckpt] Loading TABDPT DeepSurv Tuned from checkpoints/tabdpt/OrmoniTirodei/-1/seed42/fold1
C-index train: 0.8182
C-index test:  0.7642
  [ckpt] Loading TABDPT RSF Tuned from checkpoints/tabdpt/OrmoniTirodei/-1/seed42/fold1
C-index train: 0.9081
C-index test:  0.7579
  [ckpt] Loading DeepSurv Simple from checkpoints/tabdpt/OrmoniTirodei/-1/seed42/fold1/tabdpt_deepsurv_simple.pt
C-index TRAIN: 0.7744
C-index TEST:  0.7707
  [ckpt] Loading DeepSurv Vanilla from checkpoints/tabdpt/OrmoniTirodei/-1/seed42/fold1/tabdpt_deepsurv_vanilla.pt
C-index TRAIN: 0.8249
C-index TEST:  0.7572
  [ckpt] Loading TABDPT RSF from checkpoints/tabdpt/OrmoniTirodei/-1/seed42/fold1/tabdpt_rsf.pkl
C-index train: 0.9187
C-index test:  0.7583
  [ckpt] Loading TABDPT Cox (embedding) from checkpoints/tabdpt/OrmoniTirodei/-1/seed42/fold1/tabdpt_tab_cox.pkl
C-index train: 0.8166
C-index test:  0.7592
  [ckpt] Loading DeepSurv Vanilla baseline from checkpoints/tabdpt/OrmoniTirodei/-1/seed42/fold1/deepsurv_vanilla_baseline.pt
C-index TRAIN: 0.8067
C-index TEST:  0.7901
  [ckpt] Loading DeepSurv Simple baseline from checkpoints/tabdpt/OrmoniTirodei/-1/seed42/fold1/deepsurv_simple_baseline.pt
C-index TRAIN: 0.7873
C-index TEST:  0.7799
  [ckpt] Loading RSF baseline from checkpoints/tabdpt/OrmoniTirodei/-1/seed42/fold1/rsf_baseline.pkl
C-index train: 0.9006
C-index test:  0.7899
  [ckpt] Loading Cox baseline from checkpoints/tabdpt/OrmoniTirodei/-1/seed42/fold1/tabdpt_cox.pkl
C-index train: 0.8007
C-index test:  0.7911
  [ckpt] Loading DeepSurv Tuned baseline from checkpoints/tabdpt/OrmoniTirodei/-1/seed42/fold1
C-index train: 0.8011
C-index test:  0.7864
  [ckpt] Loading RSF Tuned baseline from checkpoints/tabdpt/OrmoniTirodei/-1/seed42/fold1
C-index train: 0.9140
C-index test:  0.7885
X_train shape: (5161, 76), X_test shape: (1291, 76)
Generating TABDPT Embeddings...
<class 'dict'>
Loaded TabDPTModel from checkpoint.
<class 'dict'>
Loaded TabDPTModel from checkpoint.
Successfully generated embeddings with shape: (5161, 768)
  [ckpt] Loading TABDPT DeepSurv Tuned from checkpoints/tabdpt/OrmoniTirodei/-1/seed42/fold2
C-index train: 0.8011
C-index test:  0.7899
  [ckpt] Loading TABDPT RSF Tuned from checkpoints/tabdpt/OrmoniTirodei/-1/seed42/fold2
C-index train: 0.8986
C-index test:  0.7900
  [ckpt] Loading DeepSurv Simple from checkpoints/tabdpt/OrmoniTirodei/-1/seed42/fold2/tabdpt_deepsurv_simple.pt
C-index TRAIN: 0.7935
C-index TEST:  0.7783
  [ckpt] Loading DeepSurv Vanilla from checkpoints/tabdpt/OrmoniTirodei/-1/seed42/fold2/tabdpt_deepsurv_vanilla.pt
C-index TRAIN: 0.7963
C-index TEST:  0.7935
  [ckpt] Loading TABDPT RSF from checkpoints/tabdpt/OrmoniTirodei/-1/seed42/fold2/tabdpt_rsf.pkl
C-index train: 0.9230
C-index test:  0.7907
  [ckpt] Loading TABDPT Cox (embedding) from checkpoints/tabdpt/OrmoniTirodei/-1/seed42/fold2/tabdpt_tab_cox.pkl
C-index train: 0.8075
C-index test:  0.7821
  [ckpt] Loading DeepSurv Vanilla baseline from checkpoints/tabdpt/OrmoniTirodei/-1/seed42/fold2/deepsurv_vanilla_baseline.pt
C-index TRAIN: 0.8046
C-index TEST:  0.8017
  [ckpt] Loading DeepSurv Simple baseline from checkpoints/tabdpt/OrmoniTirodei/-1/seed42/fold2/deepsurv_simple_baseline.pt
C-index TRAIN: 0.7901
C-index TEST:  0.7959
  [ckpt] Loading RSF baseline from checkpoints/tabdpt/OrmoniTirodei/-1/seed42/fold2/rsf_baseline.pkl
C-index train: 0.9007
C-index test:  0.8142
  [ckpt] Loading Cox baseline from checkpoints/tabdpt/OrmoniTirodei/-1/seed42/fold2/tabdpt_cox.pkl
C-index train: 0.7979
C-index test:  0.8054
  [ckpt] Loading DeepSurv Tuned baseline from checkpoints/tabdpt/OrmoniTirodei/-1/seed42/fold2
C-index train: 0.8033
C-index test:  0.7973
  [ckpt] Loading RSF Tuned baseline from checkpoints/tabdpt/OrmoniTirodei/-1/seed42/fold2
C-index train: 0.8877
C-index test:  0.8130
X_train shape: (5162, 76), X_test shape: (1290, 76)
Generating TABDPT Embeddings...
<class 'dict'>
Loaded TabDPTModel from checkpoint.
<class 'dict'>
Loaded TabDPTModel from checkpoint.
Successfully generated embeddings with shape: (5162, 768)
  [ckpt] Loading TABDPT DeepSurv Tuned from checkpoints/tabdpt/OrmoniTirodei/-1/seed42/fold3
C-index train: 0.8056
C-index test:  0.7661
  [ckpt] Loading TABDPT RSF Tuned from checkpoints/tabdpt/OrmoniTirodei/-1/seed42/fold3
C-index train: 0.8912
C-index test:  0.7606
  [ckpt] Loading DeepSurv Simple from checkpoints/tabdpt/OrmoniTirodei/-1/seed42/fold3/tabdpt_deepsurv_simple.pt
C-index TRAIN: 0.8075
C-index TEST:  0.7453
  [ckpt] Loading DeepSurv Vanilla from checkpoints/tabdpt/OrmoniTirodei/-1/seed42/fold3/tabdpt_deepsurv_vanilla.pt
C-index TRAIN: 0.8106
C-index TEST:  0.7688
  [ckpt] Loading TABDPT RSF from checkpoints/tabdpt/OrmoniTirodei/-1/seed42/fold3/tabdpt_rsf.pkl
C-index train: 0.9187
C-index test:  0.7598
  [ckpt] Loading TABDPT Cox (embedding) from checkpoints/tabdpt/OrmoniTirodei/-1/seed42/fold3/tabdpt_tab_cox.pkl
C-index train: 0.8165
C-index test:  0.7560
  [ckpt] Loading DeepSurv Vanilla baseline from checkpoints/tabdpt/OrmoniTirodei/-1/seed42/fold3/deepsurv_vanilla_baseline.pt
C-index TRAIN: 0.8102
C-index TEST:  0.7805
  [ckpt] Loading DeepSurv Simple baseline from checkpoints/tabdpt/OrmoniTirodei/-1/seed42/fold3/deepsurv_simple_baseline.pt
C-index TRAIN: 0.7892
C-index TEST:  0.7661
  [ckpt] Loading RSF baseline from checkpoints/tabdpt/OrmoniTirodei/-1/seed42/fold3/rsf_baseline.pkl
C-index train: 0.9023
C-index test:  0.7842
  [ckpt] Loading Cox baseline from checkpoints/tabdpt/OrmoniTirodei/-1/seed42/fold3/tabdpt_cox.pkl
C-index train: 0.8041
C-index test:  0.7835
  [ckpt] Loading DeepSurv Tuned baseline from checkpoints/tabdpt/OrmoniTirodei/-1/seed42/fold3
C-index train: 0.8040
C-index test:  0.7783
  [ckpt] Loading RSF Tuned baseline from checkpoints/tabdpt/OrmoniTirodei/-1/seed42/fold3
C-index train: 0.9042
C-index test:  0.7864
X_train shape: (5162, 76), X_test shape: (1290, 76)
Generating TABDPT Embeddings...
<class 'dict'>
Loaded TabDPTModel from checkpoint.
<class 'dict'>
Loaded TabDPTModel from checkpoint.
Successfully generated embeddings with shape: (5162, 768)
  [ckpt] Loading TABDPT DeepSurv Tuned from checkpoints/tabdpt/OrmoniTirodei/-1/seed42/fold4
C-index train: 0.8062
C-index test:  0.7682
  [ckpt] Loading TABDPT RSF Tuned from checkpoints/tabdpt/OrmoniTirodei/-1/seed42/fold4
C-index train: 0.8722
C-index test:  0.7602
  [ckpt] Loading DeepSurv Simple from checkpoints/tabdpt/OrmoniTirodei/-1/seed42/fold4/tabdpt_deepsurv_simple.pt
C-index TRAIN: 0.7845
C-index TEST:  0.7196
  [ckpt] Loading DeepSurv Vanilla from checkpoints/tabdpt/OrmoniTirodei/-1/seed42/fold4/tabdpt_deepsurv_vanilla.pt
C-index TRAIN: 0.8066
C-index TEST:  0.7714
  [ckpt] Loading TABDPT RSF from checkpoints/tabdpt/OrmoniTirodei/-1/seed42/fold4/tabdpt_rsf.pkl
C-index train: 0.9204
C-index test:  0.7621
  [ckpt] Loading TABDPT Cox (embedding) from checkpoints/tabdpt/OrmoniTirodei/-1/seed42/fold4/tabdpt_tab_cox.pkl
C-index train: 0.8152
C-index test:  0.7697
  [ckpt] Loading DeepSurv Vanilla baseline from checkpoints/tabdpt/OrmoniTirodei/-1/seed42/fold4/deepsurv_vanilla_baseline.pt
C-index TRAIN: 0.8116
C-index TEST:  0.7959
  [ckpt] Loading DeepSurv Simple baseline from checkpoints/tabdpt/OrmoniTirodei/-1/seed42/fold4/deepsurv_simple_baseline.pt
C-index TRAIN: 0.7755
C-index TEST:  0.7702
  [ckpt] Loading RSF baseline from checkpoints/tabdpt/OrmoniTirodei/-1/seed42/fold4/rsf_baseline.pkl
C-index train: 0.9020
C-index test:  0.7935
  [ckpt] Loading Cox baseline from checkpoints/tabdpt/OrmoniTirodei/-1/seed42/fold4/tabdpt_cox.pkl
C-index train: 0.8013
C-index test:  0.7894
  [ckpt] Loading DeepSurv Tuned baseline from checkpoints/tabdpt/OrmoniTirodei/-1/seed42/fold4
C-index train: 0.7990
C-index test:  0.7935
  [ckpt] Loading RSF Tuned baseline from checkpoints/tabdpt/OrmoniTirodei/-1/seed42/fold4
C-index train: 0.8988
C-index test:  0.7973
X_train shape: (5162, 76), X_test shape: (1290, 76)
Generating TABDPT Embeddings...
<class 'dict'>
Loaded TabDPTModel from checkpoint.
<class 'dict'>
Loaded TabDPTModel from checkpoint.
Successfully generated embeddings with shape: (5162, 768)
  [ckpt] Loading TABDPT DeepSurv Tuned from checkpoints/tabdpt/OrmoniTirodei/-1/seed42/fold5
C-index train: 0.8021
C-index test:  0.7802
  [ckpt] Loading TABDPT RSF Tuned from checkpoints/tabdpt/OrmoniTirodei/-1/seed42/fold5
C-index train: 0.9288
C-index test:  0.7713
  [ckpt] Loading DeepSurv Simple from checkpoints/tabdpt/OrmoniTirodei/-1/seed42/fold5/tabdpt_deepsurv_simple.pt
C-index TRAIN: 0.8159
C-index TEST:  0.7804
  [ckpt] Loading DeepSurv Vanilla from checkpoints/tabdpt/OrmoniTirodei/-1/seed42/fold5/tabdpt_deepsurv_vanilla.pt
C-index TRAIN: 0.8047
C-index TEST:  0.7762
  [ckpt] Loading TABDPT RSF from checkpoints/tabdpt/OrmoniTirodei/-1/seed42/fold5/tabdpt_rsf.pkl
C-index train: 0.9218
C-index test:  0.7688
  [ckpt] Loading TABDPT Cox (embedding) from checkpoints/tabdpt/OrmoniTirodei/-1/seed42/fold5/tabdpt_tab_cox.pkl
C-index train: 0.8097
C-index test:  0.7795
  [ckpt] Loading DeepSurv Vanilla baseline from checkpoints/tabdpt/OrmoniTirodei/-1/seed42/fold5/deepsurv_vanilla_baseline.pt
C-index TRAIN: 0.8004
C-index TEST:  0.7930
  [ckpt] Loading DeepSurv Simple baseline from checkpoints/tabdpt/OrmoniTirodei/-1/seed42/fold5/deepsurv_simple_baseline.pt
C-index TRAIN: 0.7914
C-index TEST:  0.7810
  [ckpt] Loading RSF baseline from checkpoints/tabdpt/OrmoniTirodei/-1/seed42/fold5/rsf_baseline.pkl
C-index train: 0.9039
C-index test:  0.7947
  [ckpt] Loading Cox baseline from checkpoints/tabdpt/OrmoniTirodei/-1/seed42/fold5/tabdpt_cox.pkl
C-index train: 0.7999
C-index test:  0.7937
  [ckpt] Loading DeepSurv Tuned baseline from checkpoints/tabdpt/OrmoniTirodei/-1/seed42/fold5
C-index train: 0.8031
C-index test:  0.7958
  [ckpt] Loading RSF Tuned baseline from checkpoints/tabdpt/OrmoniTirodei/-1/seed42/fold5
C-index train: 0.8990
C-index test:  0.7948


Preprocess: Keep NaN
Loading existing folds from tmp/splits/OrmoniTirodei_seed42.pkl
X_train shape: (5161, 76), X_test shape: (1291, 76)
Generating TABDPT Embeddings...
<class 'dict'>
Loaded TabDPTModel from checkpoint.
<class 'dict'>
Loaded TabDPTModel from checkpoint.
Successfully generated embeddings with shape: (5161, 768)
  [ckpt] Loading TABDPT DeepSurv Tuned from checkpoints/tabdpt/OrmoniTirodei/NaN/seed42/fold1
C-index train: 0.8040
C-index test:  0.7669
  [ckpt] Loading TABDPT RSF Tuned from checkpoints/tabdpt/OrmoniTirodei/NaN/seed42/fold1
C-index train: 0.9010
C-index test:  0.7634
  [ckpt] Loading DeepSurv Simple from checkpoints/tabdpt/OrmoniTirodei/NaN/seed42/fold1/tabdpt_deepsurv_simple.pt
C-index TRAIN: 0.7572
C-index TEST:  0.7421
  [ckpt] Loading DeepSurv Vanilla from checkpoints/tabdpt/OrmoniTirodei/NaN/seed42/fold1/tabdpt_deepsurv_vanilla.pt
C-index TRAIN: 0.8322
C-index TEST:  0.7637
  [ckpt] Loading TABDPT RSF from checkpoints/tabdpt/OrmoniTirodei/NaN/seed42/fold1/tabdpt_rsf.pkl
C-index train: 0.9206
C-index test:  0.7629
  [ckpt] Loading TABDPT Cox (embedding) from checkpoints/tabdpt/OrmoniTirodei/NaN/seed42/fold1/tabdpt_tab_cox.pkl
C-index train: 0.8173
C-index test:  0.7593
X_train shape: (5161, 76), X_test shape: (1291, 76)
Generating TABDPT Embeddings...
<class 'dict'>
Loaded TabDPTModel from checkpoint.
<class 'dict'>
Loaded TabDPTModel from checkpoint.
Successfully generated embeddings with shape: (5161, 768)
  [ckpt] Loading TABDPT DeepSurv Tuned from checkpoints/tabdpt/OrmoniTirodei/NaN/seed42/fold2
C-index train: 0.8063
C-index test:  0.7815
  [ckpt] Loading TABDPT RSF Tuned from checkpoints/tabdpt/OrmoniTirodei/NaN/seed42/fold2
C-index train: 0.9263
C-index test:  0.7912
  [ckpt] Loading DeepSurv Simple from checkpoints/tabdpt/OrmoniTirodei/NaN/seed42/fold2/tabdpt_deepsurv_simple.pt
C-index TRAIN: 0.7945
C-index TEST:  0.7638
  [ckpt] Loading DeepSurv Vanilla from checkpoints/tabdpt/OrmoniTirodei/NaN/seed42/fold2/tabdpt_deepsurv_vanilla.pt
C-index TRAIN: 0.7913
C-index TEST:  0.7854
  [ckpt] Loading TABDPT RSF from checkpoints/tabdpt/OrmoniTirodei/NaN/seed42/fold2/tabdpt_rsf.pkl
C-index train: 0.9253
C-index test:  0.7925
  [ckpt] Loading TABDPT Cox (embedding) from checkpoints/tabdpt/OrmoniTirodei/NaN/seed42/fold2/tabdpt_tab_cox.pkl
C-index train: 0.8099
C-index test:  0.7747
X_train shape: (5162, 76), X_test shape: (1290, 76)
Generating TABDPT Embeddings...
<class 'dict'>
Loaded TabDPTModel from checkpoint.
<class 'dict'>
Loaded TabDPTModel from checkpoint.
Successfully generated embeddings with shape: (5162, 768)
  [ckpt] Loading TABDPT DeepSurv Tuned from checkpoints/tabdpt/OrmoniTirodei/NaN/seed42/fold3
C-index train: 0.8144
C-index test:  0.7671
  [ckpt] Loading TABDPT RSF Tuned from checkpoints/tabdpt/OrmoniTirodei/NaN/seed42/fold3
C-index train: 0.9001
C-index test:  0.7660
  [ckpt] Loading DeepSurv Simple from checkpoints/tabdpt/OrmoniTirodei/NaN/seed42/fold3/tabdpt_deepsurv_simple.pt
C-index TRAIN: 0.8144
C-index TEST:  0.7354
  [ckpt] Loading DeepSurv Vanilla from checkpoints/tabdpt/OrmoniTirodei/NaN/seed42/fold3/tabdpt_deepsurv_vanilla.pt
C-index TRAIN: 0.7977
C-index TEST:  0.7727
  [ckpt] Loading TABDPT RSF from checkpoints/tabdpt/OrmoniTirodei/NaN/seed42/fold3/tabdpt_rsf.pkl
C-index train: 0.9208
C-index test:  0.7642
  [ckpt] Loading TABDPT Cox (embedding) from checkpoints/tabdpt/OrmoniTirodei/NaN/seed42/fold3/tabdpt_tab_cox.pkl
C-index train: 0.8195
C-index test:  0.7542
X_train shape: (5162, 76), X_test shape: (1290, 76)
Generating TABDPT Embeddings...
<class 'dict'>
Loaded TabDPTModel from checkpoint.
<class 'dict'>
Loaded TabDPTModel from checkpoint.
Successfully generated embeddings with shape: (5162, 768)
  [ckpt] Loading TABDPT DeepSurv Tuned from checkpoints/tabdpt/OrmoniTirodei/NaN/seed42/fold4
C-index train: 0.8227
C-index test:  0.7676
  [ckpt] Loading TABDPT RSF Tuned from checkpoints/tabdpt/OrmoniTirodei/NaN/seed42/fold4
C-index train: 0.9018
C-index test:  0.7649
  [ckpt] Loading DeepSurv Simple from checkpoints/tabdpt/OrmoniTirodei/NaN/seed42/fold4/tabdpt_deepsurv_simple.pt
C-index TRAIN: 0.7969
C-index TEST:  0.7612
  [ckpt] Loading DeepSurv Vanilla from checkpoints/tabdpt/OrmoniTirodei/NaN/seed42/fold4/tabdpt_deepsurv_vanilla.pt
C-index TRAIN: 0.8178
C-index TEST:  0.7727
  [ckpt] Loading TABDPT RSF from checkpoints/tabdpt/OrmoniTirodei/NaN/seed42/fold4/tabdpt_rsf.pkl
C-index train: 0.9218
C-index test:  0.7629
  [ckpt] Loading TABDPT Cox (embedding) from checkpoints/tabdpt/OrmoniTirodei/NaN/seed42/fold4/tabdpt_tab_cox.pkl
C-index train: 0.8188
C-index test:  0.7691
X_train shape: (5162, 76), X_test shape: (1290, 76)
Generating TABDPT Embeddings...
<class 'dict'>
Loaded TabDPTModel from checkpoint.
<class 'dict'>
Loaded TabDPTModel from checkpoint.
Successfully generated embeddings with shape: (5162, 768)
  [ckpt] Loading TABDPT DeepSurv Tuned from checkpoints/tabdpt/OrmoniTirodei/NaN/seed42/fold5
C-index train: 0.8179
C-index test:  0.7745
  [ckpt] Loading TABDPT RSF Tuned from checkpoints/tabdpt/OrmoniTirodei/NaN/seed42/fold5
C-index train: 0.9348
C-index test:  0.7700
  [ckpt] Loading DeepSurv Simple from checkpoints/tabdpt/OrmoniTirodei/NaN/seed42/fold5/tabdpt_deepsurv_simple.pt
C-index TRAIN: 0.7914
C-index TEST:  0.7706
  [ckpt] Loading DeepSurv Vanilla from checkpoints/tabdpt/OrmoniTirodei/NaN/seed42/fold5/tabdpt_deepsurv_vanilla.pt
C-index TRAIN: 0.8052
C-index TEST:  0.7752
  [ckpt] Loading TABDPT RSF from checkpoints/tabdpt/OrmoniTirodei/NaN/seed42/fold5/tabdpt_rsf.pkl
C-index train: 0.9240
C-index test:  0.7675
  [ckpt] Loading TABDPT Cox (embedding) from checkpoints/tabdpt/OrmoniTirodei/NaN/seed42/fold5/tabdpt_tab_cox.pkl
C-index train: 0.8127
C-index test:  0.7808

  Preprocess: -1 | Seed: 42
  TABDPT Train Tuned DeepSurv → mean: 0.806627 | std: 0.006108 | min: 0.801099 | max: 0.818198 | folds: [0.818198, 0.801099, 0.805590, 0.806186, 0.802061]
  TABDPT Test Tuned DeepSurv → mean: 0.773709 | std: 0.009820 | min: 0.764153 | max: 0.789871 | folds: [0.764153, 0.789871, 0.766108, 0.768235, 0.780178]
  TABDPT Train Tuned RSF → mean: 0.899776 | std: 0.018693 | min: 0.872199 | max: 0.928779 | folds: [0.908144, 0.898588, 0.891172, 0.872199, 0.928779]
  TABDPT Test Tuned RSF → mean: 0.768020 | std: 0.011918 | min: 0.757935 | max: 0.789972 | folds: [0.757935, 0.789972, 0.760622, 0.760226, 0.771345]
  TABDPT Train Vanilla → mean: 0.808623 | std: 0.009373 | min: 0.796323 | max: 0.824887 | folds: [0.824887, 0.796323, 0.810617, 0.806568, 0.804720]
  TABDPT Test Vanilla → mean: 0.773426 | std: 0.011834 | min: 0.757178 | max: 0.793502 | folds: [0.757178, 0.793502, 0.768847, 0.771363, 0.776239]
  TABDPT Train Simple → mean: 0.795157 | std: 0.015041 | min: 0.774406 | max: 0.815927 | folds: [0.774406, 0.793472, 0.807500, 0.784480, 0.815927]
  TABDPT Test Simple → mean: 0.758867 | std: 0.023284 | min: 0.719568 | max: 0.780428 | folds: [0.770657, 0.778346, 0.745339, 0.719568, 0.780428]
  TABDPT Train RSF → mean: 0.920497 | std: 0.001703 | min: 0.918660 | max: 0.922976 | folds: [0.918664, 0.922976, 0.918660, 0.920415, 0.921768]
  TABDPT Test RSF → mean: 0.767948 | std: 0.011944 | min: 0.758317 | max: 0.790724 | folds: [0.758317, 0.790724, 0.759790, 0.762073, 0.768837]
  TABDPT Train Cox → mean: 0.813084 | std: 0.003794 | min: 0.807453 | max: 0.816597 | folds: [0.816597, 0.807453, 0.816518, 0.815188, 0.809663]
  TABDPT Test Cox → mean: 0.769291 | std: 0.010464 | min: 0.755955 | max: 0.782109 | folds: [0.759214, 0.782109, 0.755955, 0.769708, 0.779469]
  Train Tuned DeepSurv → mean: 0.802105 | std: 0.001815 | min: 0.799031 | max: 0.803984 | folds: [0.801088, 0.803295, 0.803984, 0.799031, 0.803125]
  Test Tuned DeepSurv → mean: 0.790252 | std: 0.007055 | min: 0.778297 | max: 0.797308 | folds: [0.786383, 0.797308, 0.778297, 0.793451, 0.795818]
  Train Tuned RSF → mean: 0.900736 | std: 0.008514 | min: 0.887733 | max: 0.913960 | folds: [0.913960, 0.887733, 0.904169, 0.898808, 0.899008]
  Test Tuned RSF → mean: 0.795978 | std: 0.009393 | min: 0.786359 | max: 0.812972 | folds: [0.788453, 0.812972, 0.786359, 0.797314, 0.794795]
  Train DeepSurv Vanilla → mean: 0.806711 | std: 0.004009 | min: 0.800419 | max: 0.811614 | folds: [0.806728, 0.804587, 0.810205, 0.811614, 0.800419]
  Test DeepSurv Vanilla → mean: 0.792235 | std: 0.007009 | min: 0.780469 | max: 0.801663 | folds: [0.790133, 0.801663, 0.780469, 0.795869, 0.793040]
  Train DeepSurv Simple → mean: 0.786695 | std: 0.005743 | min: 0.775516 | max: 0.791369 | folds: [0.787298, 0.790056, 0.789235, 0.775516, 0.791369]
  Test DeepSurv Simple → mean: 0.778641 | std: 0.010325 | min: 0.766108 | max: 0.795904 | folds: [0.779905, 0.795904, 0.766108, 0.770240, 0.781049]
  Train RSF  → mean: 0.901870 | std: 0.001221 | min: 0.900562 | max: 0.903905 | folds: [0.900562, 0.900666, 0.902256, 0.901962, 0.903905]
  Test RSF   → mean: 0.795297 | std: 0.010127 | min: 0.784241 | max: 0.814202 | folds: [0.789856, 0.814202, 0.784241, 0.793523, 0.794663]
  Train Cox  → mean: 0.800750 | std: 0.002026 | min: 0.797857 | max: 0.804083 | folds: [0.800663, 0.797857, 0.804083, 0.801272, 0.799875]
  Test Cox   → mean: 0.792607 | std: 0.007239 | min: 0.783452 | max: 0.805430 | folds: [0.791098, 0.805430, 0.783452, 0.789384, 0.793671]

  Preprocess: NaN | Seed: 42
  TABDPT Train Tuned DeepSurv → mean: 0.813037 | std: 0.007016 | min: 0.803962 | max: 0.822684 | folds: [0.803962, 0.806294, 0.814361, 0.822684, 0.817884]
  TABDPT Test Tuned DeepSurv → mean: 0.771522 | std: 0.005743 | min: 0.766854 | max: 0.781490 | folds: [0.766854, 0.781490, 0.767099, 0.767636, 0.774533]
  TABDPT Train Tuned RSF → mean: 0.912805 | std: 0.014771 | min: 0.900070 | max: 0.934839 | folds: [0.901009, 0.926323, 0.900070, 0.901785, 0.934839]
  TABDPT Test Tuned RSF → mean: 0.771076 | std: 0.010278 | min: 0.763393 | max: 0.791157 | folds: [0.763393, 0.791157, 0.765954, 0.764867, 0.770007]
  TABDPT Train Vanilla → mean: 0.808818 | std: 0.014625 | min: 0.791302 | max: 0.832164 | folds: [0.832164, 0.791302, 0.797690, 0.817779, 0.805156]
  TABDPT Test Vanilla → mean: 0.773940 | std: 0.006927 | min: 0.763748 | max: 0.785398 | folds: [0.763748, 0.785398, 0.772703, 0.772652, 0.775197]
  TABDPT Train Simple → mean: 0.790890 | std: 0.018642 | min: 0.757195 | max: 0.814396 | folds: [0.757195, 0.794497, 0.814396, 0.796922, 0.791439]
  TABDPT Test Simple → mean: 0.754627 | std: 0.013497 | min: 0.735376 | max: 0.770620 | folds: [0.742109, 0.763814, 0.735376, 0.761217, 0.770620]
  TABDPT Train RSF → mean: 0.922491 | std: 0.001839 | min: 0.920598 | max: 0.925298 | folds: [0.920598, 0.925298, 0.920831, 0.921766, 0.923965]
  TABDPT Test RSF → mean: 0.770005 | std: 0.011358 | min: 0.762923 | max: 0.792475 | folds: [0.762923, 0.792475, 0.764207, 0.762935, 0.767484]
  TABDPT Train Cox → mean: 0.815628 | std: 0.003740 | min: 0.809865 | max: 0.819471 | folds: [0.817326, 0.809865, 0.819471, 0.818825, 0.812655]
  TABDPT Test Cox → mean: 0.767636 | std: 0.009749 | min: 0.754184 | max: 0.780801 | folds: [0.759344, 0.774703, 0.754184, 0.769147, 0.780801]
Result saved in 'results/OrmoniTirodei/tabdpt/results_cv_OrmoniTirodei_tabdpt_seed42.txt'


Preprocess: Replace NaN with -1
Loading existing folds from tmp/splits/HURRAH_seed42.pkl
X_train shape: (13566, 61), X_test shape: (3392, 61)
Generating TABDPT Embeddings...
<class 'dict'>
Loaded TabDPTModel from checkpoint.
<class 'dict'>
Loaded TabDPTModel from checkpoint.
Successfully generated embeddings with shape: (13566, 768)
  [ckpt] Loading TABDPT DeepSurv Tuned from checkpoints/tabdpt/HURRAH/-1/seed42/fold1
C-index train: 0.8266
C-index test:  0.8034
Traceback (most recent call last):
  File "/scratch.hpc/luca.cotugno/Foundation_model_clinical_data/test_tabular_model.py", line 1106, in <module>
    results = main(dataset_name, feature_event, feature_time, args.seed, args.model, args.tuning, args.shap)
              ^^^^^^^^^^^^^^^^^^^^^^^^^^^^^^^^^^^^^^^^^^^^^^^^^^^^^^^^^^^^^^^^^^^^^^^^^^^^^^^^^^^^^^^^^^^^^^
  File "/scratch.hpc/luca.cotugno/Foundation_model_clinical_data/test_tabular_model.py", line 535, in main
    rsf_tuned_params = load_params(ckpt_dir, f"{model}_rsf_tuned")
                       ^^^^^^^^^^^^^^^^^^^^^^^^^^^^^^^^^^^^^^^^^^^
  File "/scratch.hpc/luca.cotugno/Foundation_model_clinical_data/test_tabular_model.py", line 74, in load_params
    return json.load(f)
           ^^^^^^^^^^^^
  File "/home/students/luca.cotugno/.local/share/uv/python/cpython-3.12.12-linux-x86_64-gnu/lib/python3.12/json/__init__.py", line 293, in load
    return loads(fp.read(),
           ^^^^^^^^^^^^^^^^
  File "/home/students/luca.cotugno/.local/share/uv/python/cpython-3.12.12-linux-x86_64-gnu/lib/python3.12/json/__init__.py", line 346, in loads
    return _default_decoder.decode(s)
           ^^^^^^^^^^^^^^^^^^^^^^^^^^
  File "/home/students/luca.cotugno/.local/share/uv/python/cpython-3.12.12-linux-x86_64-gnu/lib/python3.12/json/decoder.py", line 338, in decode
    obj, end = self.raw_decode(s, idx=_w(s, 0).end())
               ^^^^^^^^^^^^^^^^^^^^^^^^^^^^^^^^^^^^^^
  File "/home/students/luca.cotugno/.local/share/uv/python/cpython-3.12.12-linux-x86_64-gnu/lib/python3.12/json/decoder.py", line 356, in raw_decode
    raise JSONDecodeError("Expecting value", s, err.value) from None
json.decoder.JSONDecodeError: Expecting value: line 1 column 1 (char 0)
