ENV CHECKPOINT PATH: 
DEFAULT PATH: /scratch.hpc/luca.cotugno/Foundation_model_clinical_data/src/models_diff/tabdpt1_1.pth
ENV CHECKPOINT PATH: 
DEFAULT PATH: /scratch.hpc/luca.cotugno/Foundation_model_clinical_data/src/models_diff/tabdpt1_1.pth
/scratch.hpc/luca.cotugno/Foundation_model_clinical_data/.venv/lib/python3.12/site-packages/torchtuples/tupletree.py:146: UserWarning: The given NumPy array is not writable, and PyTorch does not support non-writable tensors. This means writing to this tensor will result in undefined behavior. You may want to copy the array to protect its data or make it writable before converting it to a tensor. This type of warning will be suppressed for the rest of this program. (Triggered internally at /pytorch/torch/csrc/utils/tensor_numpy.cpp:213.)
  return torch.from_numpy(data)
ENV CHECKPOINT PATH: 
DEFAULT PATH: /scratch.hpc/luca.cotugno/Foundation_model_clinical_data/src/models_diff/tabdpt1_1.pth
ENV CHECKPOINT PATH: 
DEFAULT PATH: /scratch.hpc/luca.cotugno/Foundation_model_clinical_data/src/models_diff/tabdpt1_1.pth
ENV CHECKPOINT PATH: 
DEFAULT PATH: /scratch.hpc/luca.cotugno/Foundation_model_clinical_data/src/models_diff/tabdpt1_1.pth
ENV CHECKPOINT PATH: 
DEFAULT PATH: /scratch.hpc/luca.cotugno/Foundation_model_clinical_data/src/models_diff/tabdpt1_1.pth
ENV CHECKPOINT PATH: 
DEFAULT PATH: /scratch.hpc/luca.cotugno/Foundation_model_clinical_data/src/models_diff/tabdpt1_1.pth
ENV CHECKPOINT PATH: 
DEFAULT PATH: /scratch.hpc/luca.cotugno/Foundation_model_clinical_data/src/models_diff/tabdpt1_1.pth
ENV CHECKPOINT PATH: 
DEFAULT PATH: /scratch.hpc/luca.cotugno/Foundation_model_clinical_data/src/models_diff/tabdpt1_1.pth
ENV CHECKPOINT PATH: 
DEFAULT PATH: /scratch.hpc/luca.cotugno/Foundation_model_clinical_data/src/models_diff/tabdpt1_1.pth
ENV CHECKPOINT PATH: 
DEFAULT PATH: /scratch.hpc/luca.cotugno/Foundation_model_clinical_data/src/models_diff/tabdpt1_1.pth
STARTED  model=tabdpt  seed=42  tuning=False  shap=False


Preprocess: Replace NaN with -1
Loading existing folds from tmp/splits/OrmoniTirodei_seed42.pkl
X_train shape: (5161, 76), X_test shape: (1291, 76)
Generating TABDPT Embeddings...
<class 'dict'>
Loaded TabDPTModel from checkpoint.
<class 'dict'>
Loaded TabDPTModel from checkpoint.
Successfully generated embeddings with shape: (5161, 768)
0:	[2s / 2s],		train_loss: 5.4576,	val_loss: 6.7954
1:	[0s / 2s],		train_loss: 4.8496,	val_loss: 6.6827
2:	[0s / 2s],		train_loss: 4.5090,	val_loss: 6.7380
3:	[0s / 3s],		train_loss: 4.6836,	val_loss: 6.4658
4:	[0s / 3s],		train_loss: 4.5157,	val_loss: 6.5289
5:	[0s / 3s],		train_loss: 4.5208,	val_loss: 6.4991
6:	[0s / 3s],		train_loss: 4.4195,	val_loss: 6.7742
7:	[0s / 3s],		train_loss: 4.4995,	val_loss: 6.7249
8:	[0s / 3s],		train_loss: 4.6399,	val_loss: 6.8014
9:	[0s / 3s],		train_loss: 4.5885,	val_loss: 6.6243
10:	[0s / 3s],		train_loss: 4.3993,	val_loss: 6.6859
11:	[0s / 3s],		train_loss: 4.4245,	val_loss: 6.6046
12:	[0s / 3s],		train_loss: 4.5169,	val_loss: 6.6925
13:	[0s / 3s],		train_loss: 4.4883,	val_loss: 6.7515
14:	[0s / 3s],		train_loss: 4.4594,	val_loss: 6.6922
15:	[0s / 3s],		train_loss: 4.4610,	val_loss: 6.7411
16:	[0s / 3s],		train_loss: 4.4716,	val_loss: 6.8455
17:	[0s / 3s],		train_loss: 4.4663,	val_loss: 6.9950
18:	[0s / 3s],		train_loss: 4.6834,	val_loss: 7.2459
19:	[0s / 3s],		train_loss: 4.6076,	val_loss: 6.8112
20:	[0s / 3s],		train_loss: 4.6130,	val_loss: 6.6697
21:	[0s / 3s],		train_loss: 4.4714,	val_loss: 6.7458
22:	[0s / 4s],		train_loss: 4.3717,	val_loss: 6.6966
23:	[0s / 4s],		train_loss: 4.4201,	val_loss: 7.0240
C-index TRAIN: 0.7744
C-index TEST:  0.7707
  [surv] Saved → survival_predictions/tabdpt/OrmoniTirodei/-1/seed42/fold1/tabdpt_deepsurv_simple.pkl
0:	[0s / 0s],		train_loss: 4.5276,	val_loss: 6.4092
1:	[0s / 0s],		train_loss: 4.4142,	val_loss: 6.4757
2:	[0s / 0s],		train_loss: 4.3577,	val_loss: 6.4010
3:	[0s / 0s],		train_loss: 4.3194,	val_loss: 6.4133
4:	[0s / 0s],		train_loss: 4.3117,	val_loss: 6.3649
5:	[0s / 0s],		train_loss: 4.2893,	val_loss: 6.3726
6:	[0s / 1s],		train_loss: 4.2573,	val_loss: 6.4268
7:	[0s / 1s],		train_loss: 4.2547,	val_loss: 6.4470
8:	[0s / 1s],		train_loss: 4.2280,	val_loss: 6.4204
9:	[0s / 1s],		train_loss: 4.2249,	val_loss: 6.4343
10:	[0s / 1s],		train_loss: 4.2224,	val_loss: 6.4954
11:	[0s / 1s],		train_loss: 4.2302,	val_loss: 6.4835
12:	[0s / 1s],		train_loss: 4.1957,	val_loss: 6.4785
13:	[0s / 1s],		train_loss: 4.1791,	val_loss: 6.4616
14:	[0s / 1s],		train_loss: 4.1496,	val_loss: 6.5568
15:	[0s / 1s],		train_loss: 4.1126,	val_loss: 6.6058
16:	[0s / 1s],		train_loss: 4.1327,	val_loss: 6.5538
17:	[0s / 1s],		train_loss: 4.1132,	val_loss: 6.6110
18:	[0s / 1s],		train_loss: 4.1196,	val_loss: 6.6601
19:	[0s / 1s],		train_loss: 4.1024,	val_loss: 6.6685
20:	[0s / 1s],		train_loss: 4.0770,	val_loss: 6.6322
21:	[0s / 1s],		train_loss: 4.0370,	val_loss: 6.6521
22:	[0s / 1s],		train_loss: 4.0712,	val_loss: 6.7567
23:	[0s / 2s],		train_loss: 4.0136,	val_loss: 6.6734
24:	[0s / 2s],		train_loss: 4.0147,	val_loss: 6.8062
C-index TRAIN: 0.8249
C-index TEST:  0.7572
  [surv] Saved → survival_predictions/tabdpt/OrmoniTirodei/-1/seed42/fold1/tabdpt_deepsurv_vanilla.pkl
  [ckpt] TABDPT RSF saved → checkpoints/tabdpt/OrmoniTirodei/-1/seed42/fold1/tabdpt_rsf.pkl
C-index train: 0.9187
C-index test:  0.7583
  [surv] Saved → survival_predictions/tabdpt/OrmoniTirodei/-1/seed42/fold1/tabdpt_rsf.pkl
  Fitting TABDPT Cox (embedding)...
C-index train: 0.8166
C-index test:  0.7592
  [surv] Saved → survival_predictions/tabdpt/OrmoniTirodei/-1/seed42/fold1/tabdpt_cox.pkl
0:	[0s / 0s],		train_loss: 4.8389,	val_loss: 6.5388
1:	[0s / 0s],		train_loss: 4.6026,	val_loss: 6.4478
2:	[0s / 0s],		train_loss: 4.5107,	val_loss: 6.3879
3:	[0s / 0s],		train_loss: 4.4717,	val_loss: 6.3304
4:	[0s / 0s],		train_loss: 4.4591,	val_loss: 6.3214
5:	[0s / 0s],		train_loss: 4.4613,	val_loss: 6.3004
6:	[0s / 0s],		train_loss: 4.4649,	val_loss: 6.2973
7:	[0s / 0s],		train_loss: 4.4429,	val_loss: 6.2988
8:	[0s / 0s],		train_loss: 4.3899,	val_loss: 6.3206
9:	[0s / 0s],		train_loss: 4.4048,	val_loss: 6.2955
10:	[0s / 0s],		train_loss: 4.4105,	val_loss: 6.2829
11:	[0s / 0s],		train_loss: 4.4294,	val_loss: 6.2864
12:	[0s / 0s],		train_loss: 4.3812,	val_loss: 6.2789
13:	[0s / 0s],		train_loss: 4.3813,	val_loss: 6.2695
14:	[0s / 0s],		train_loss: 4.3896,	val_loss: 6.2905
15:	[0s / 0s],		train_loss: 4.3928,	val_loss: 6.2507
16:	[0s / 0s],		train_loss: 4.3871,	val_loss: 6.3143
17:	[0s / 0s],		train_loss: 4.3671,	val_loss: 6.2590
18:	[0s / 0s],		train_loss: 4.3667,	val_loss: 6.2555
19:	[0s / 0s],		train_loss: 4.3749,	val_loss: 6.2728
20:	[0s / 1s],		train_loss: 4.3578,	val_loss: 6.2733
21:	[0s / 1s],		train_loss: 4.3590,	val_loss: 6.2708
22:	[0s / 1s],		train_loss: 4.3916,	val_loss: 6.2771
23:	[0s / 1s],		train_loss: 4.3597,	val_loss: 6.2763
24:	[0s / 1s],		train_loss: 4.3512,	val_loss: 6.2506
25:	[0s / 1s],		train_loss: 4.3638,	val_loss: 6.2753
26:	[0s / 1s],		train_loss: 4.3605,	val_loss: 6.2801
27:	[0s / 1s],		train_loss: 4.3397,	val_loss: 6.2718
28:	[0s / 1s],		train_loss: 4.3536,	val_loss: 6.2773
29:	[0s / 1s],		train_loss: 4.3288,	val_loss: 6.2790
30:	[0s / 1s],		train_loss: 4.3506,	val_loss: 6.2878
31:	[0s / 1s],		train_loss: 4.3249,	val_loss: 6.2951
32:	[0s / 1s],		train_loss: 4.3776,	val_loss: 6.2682
33:	[0s / 1s],		train_loss: 4.3098,	val_loss: 6.3012
34:	[0s / 1s],		train_loss: 4.3549,	val_loss: 6.2900
35:	[0s / 1s],		train_loss: 4.3564,	val_loss: 6.2711
36:	[0s / 1s],		train_loss: 4.3330,	val_loss: 6.2761
37:	[0s / 1s],		train_loss: 4.3139,	val_loss: 6.2696
38:	[0s / 1s],		train_loss: 4.3273,	val_loss: 6.2939
39:	[0s / 1s],		train_loss: 4.3194,	val_loss: 6.2659
40:	[0s / 1s],		train_loss: 4.3152,	val_loss: 6.2856
41:	[0s / 1s],		train_loss: 4.3451,	val_loss: 6.2715
42:	[0s / 2s],		train_loss: 4.3097,	val_loss: 6.2827
43:	[0s / 2s],		train_loss: 4.3315,	val_loss: 6.2800
44:	[0s / 2s],		train_loss: 4.3186,	val_loss: 6.2857
C-index TRAIN: 0.8067
C-index TEST:  0.7901
  [surv] Saved → survival_predictions/tabdpt/OrmoniTirodei/-1/seed42/fold1/deepsurv_vanilla.pkl
0:	[0s / 0s],		train_loss: 16.6797,	val_loss: 20.0742
1:	[0s / 0s],		train_loss: 10.7368,	val_loss: 13.0246
2:	[0s / 0s],		train_loss: 9.2244,	val_loss: 10.0820
3:	[0s / 0s],		train_loss: 6.9350,	val_loss: 7.7339
4:	[0s / 0s],		train_loss: 4.9994,	val_loss: 6.3699
5:	[0s / 0s],		train_loss: 4.4360,	val_loss: 6.4828
6:	[0s / 0s],		train_loss: 4.5769,	val_loss: 6.5272
7:	[0s / 0s],		train_loss: 4.5390,	val_loss: 6.8126
8:	[0s / 0s],		train_loss: 5.4253,	val_loss: 7.6502
9:	[0s / 0s],		train_loss: 5.8864,	val_loss: 8.9512
10:	[0s / 0s],		train_loss: 9.1968,	val_loss: 15.6571
11:	[0s / 0s],		train_loss: 12.6015,	val_loss: 15.3751
12:	[0s / 0s],		train_loss: 10.9604,	val_loss: 12.8542
13:	[0s / 0s],		train_loss: 8.5967,	val_loss: 11.7718
14:	[0s / 0s],		train_loss: 7.9370,	val_loss: 10.6663
15:	[0s / 0s],		train_loss: 7.8437,	val_loss: 8.6892
16:	[0s / 0s],		train_loss: 6.8284,	val_loss: 10.6865
17:	[0s / 0s],		train_loss: 7.9388,	val_loss: 10.4522
18:	[0s / 0s],		train_loss: 8.1453,	val_loss: 11.1626
19:	[0s / 0s],		train_loss: 7.7120,	val_loss: 10.2239
20:	[0s / 0s],		train_loss: 6.3413,	val_loss: 9.2309
21:	[0s / 0s],		train_loss: 5.9731,	val_loss: 8.6163
22:	[0s / 0s],		train_loss: 5.5280,	val_loss: 8.1762
23:	[0s / 0s],		train_loss: 5.3084,	val_loss: 7.4505
24:	[0s / 0s],		train_loss: 5.3775,	val_loss: 8.8635
C-index TRAIN: 0.7873
C-index TEST:  0.7799
  [surv] Saved → survival_predictions/tabdpt/OrmoniTirodei/-1/seed42/fold1/deepsurv_simple.pkl
  [ckpt] RSF baseline saved → checkpoints/tabdpt/OrmoniTirodei/-1/seed42/fold1/rsf_baseline.pkl
C-index train: 0.9081
C-index test:  0.7890
  [surv] Saved → survival_predictions/tabdpt/OrmoniTirodei/-1/seed42/fold1/rsf.pkl
  Fitting Cox baseline...
C-index train: 0.8007
C-index test:  0.7911
  [surv] Saved → survival_predictions/tabdpt/OrmoniTirodei/-1/seed42/fold1/cox.pkl
X_train shape: (5161, 76), X_test shape: (1291, 76)
Generating TABDPT Embeddings...
<class 'dict'>
Loaded TabDPTModel from checkpoint.
<class 'dict'>
Loaded TabDPTModel from checkpoint.
Successfully generated embeddings with shape: (5161, 768)
0:	[0s / 0s],		train_loss: 5.3578,	val_loss: 6.7526
1:	[0s / 0s],		train_loss: 4.7339,	val_loss: 6.6262
2:	[0s / 0s],		train_loss: 4.5375,	val_loss: 6.5578
3:	[0s / 0s],		train_loss: 4.5312,	val_loss: 6.8448
4:	[0s / 0s],		train_loss: 4.4946,	val_loss: 6.7568
5:	[0s / 0s],		train_loss: 4.5598,	val_loss: 6.7171
6:	[0s / 0s],		train_loss: 4.7501,	val_loss: 6.5135
7:	[0s / 0s],		train_loss: 4.6199,	val_loss: 6.9571
8:	[0s / 0s],		train_loss: 5.2820,	val_loss: 6.6783
9:	[0s / 1s],		train_loss: 4.8465,	val_loss: 6.6491
10:	[0s / 1s],		train_loss: 4.5916,	val_loss: 6.6836
11:	[0s / 1s],		train_loss: 4.4736,	val_loss: 6.6203
12:	[0s / 1s],		train_loss: 4.4212,	val_loss: 6.6261
13:	[0s / 1s],		train_loss: 4.4488,	val_loss: 6.6987
14:	[0s / 1s],		train_loss: 4.5806,	val_loss: 6.7695
15:	[0s / 1s],		train_loss: 4.5750,	val_loss: 6.8820
16:	[0s / 1s],		train_loss: 4.4765,	val_loss: 6.9496
17:	[0s / 1s],		train_loss: 4.6402,	val_loss: 6.9426
18:	[0s / 1s],		train_loss: 4.5149,	val_loss: 6.7531
19:	[0s / 1s],		train_loss: 4.4365,	val_loss: 6.6782
20:	[0s / 1s],		train_loss: 4.4497,	val_loss: 7.0497
21:	[0s / 1s],		train_loss: 4.5082,	val_loss: 6.6513
22:	[0s / 1s],		train_loss: 4.5211,	val_loss: 6.7916
23:	[0s / 1s],		train_loss: 4.4504,	val_loss: 6.7565
24:	[0s / 1s],		train_loss: 4.3330,	val_loss: 6.7697
25:	[0s / 1s],		train_loss: 4.3728,	val_loss: 6.8167
26:	[0s / 1s],		train_loss: 4.3632,	val_loss: 6.9063
C-index TRAIN: 0.7935
C-index TEST:  0.7783
  [surv] Saved → survival_predictions/tabdpt/OrmoniTirodei/-1/seed42/fold2/tabdpt_deepsurv_simple.pkl
0:	[0s / 0s],		train_loss: 4.6106,	val_loss: 6.3868
1:	[0s / 0s],		train_loss: 4.3993,	val_loss: 6.4874
2:	[0s / 0s],		train_loss: 4.3949,	val_loss: 6.3381
3:	[0s / 0s],		train_loss: 4.3474,	val_loss: 6.4319
4:	[0s / 0s],		train_loss: 4.3382,	val_loss: 6.4202
5:	[0s / 0s],		train_loss: 4.3306,	val_loss: 6.4387
6:	[0s / 0s],		train_loss: 4.3115,	val_loss: 6.3921
7:	[0s / 0s],		train_loss: 4.2882,	val_loss: 6.4403
8:	[0s / 0s],		train_loss: 4.2770,	val_loss: 6.4288
9:	[0s / 0s],		train_loss: 4.2758,	val_loss: 6.4130
10:	[0s / 0s],		train_loss: 4.1978,	val_loss: 6.5301
11:	[0s / 0s],		train_loss: 4.2639,	val_loss: 6.4638
12:	[0s / 0s],		train_loss: 4.2594,	val_loss: 6.4065
13:	[0s / 0s],		train_loss: 4.1933,	val_loss: 6.5142
14:	[0s / 1s],		train_loss: 4.1923,	val_loss: 6.5310
15:	[0s / 1s],		train_loss: 4.2035,	val_loss: 6.5995
16:	[0s / 1s],		train_loss: 4.1671,	val_loss: 6.5299
17:	[0s / 1s],		train_loss: 4.1458,	val_loss: 6.5161
18:	[0s / 2s],		train_loss: 4.1236,	val_loss: 6.5716
19:	[0s / 2s],		train_loss: 4.1725,	val_loss: 6.6492
20:	[0s / 2s],		train_loss: 4.1250,	val_loss: 6.6295
21:	[0s / 3s],		train_loss: 4.1325,	val_loss: 6.6224
22:	[0s / 3s],		train_loss: 4.0935,	val_loss: 6.7157
C-index TRAIN: 0.7963
C-index TEST:  0.7935
  [surv] Saved → survival_predictions/tabdpt/OrmoniTirodei/-1/seed42/fold2/tabdpt_deepsurv_vanilla.pkl
  [ckpt] TABDPT RSF saved → checkpoints/tabdpt/OrmoniTirodei/-1/seed42/fold2/tabdpt_rsf.pkl
C-index train: 0.9230
C-index test:  0.7907
  [surv] Saved → survival_predictions/tabdpt/OrmoniTirodei/-1/seed42/fold2/tabdpt_rsf.pkl
  Fitting TABDPT Cox (embedding)...
C-index train: 0.8075
C-index test:  0.7821
  [surv] Saved → survival_predictions/tabdpt/OrmoniTirodei/-1/seed42/fold2/tabdpt_cox.pkl
0:	[0s / 0s],		train_loss: 4.8309,	val_loss: 6.5491
1:	[0s / 0s],		train_loss: 4.6057,	val_loss: 6.3759
2:	[0s / 0s],		train_loss: 4.5249,	val_loss: 6.3252
3:	[0s / 0s],		train_loss: 4.5096,	val_loss: 6.3120
4:	[0s / 0s],		train_loss: 4.4650,	val_loss: 6.3140
5:	[0s / 0s],		train_loss: 4.4229,	val_loss: 6.2989
6:	[0s / 0s],		train_loss: 4.4219,	val_loss: 6.2953
7:	[0s / 0s],		train_loss: 4.3960,	val_loss: 6.3406
8:	[0s / 0s],		train_loss: 4.4234,	val_loss: 6.2978
9:	[0s / 0s],		train_loss: 4.3829,	val_loss: 6.3440
10:	[0s / 0s],		train_loss: 4.4060,	val_loss: 6.2973
11:	[0s / 0s],		train_loss: 4.3966,	val_loss: 6.2853
12:	[0s / 0s],		train_loss: 4.3965,	val_loss: 6.2873
13:	[0s / 0s],		train_loss: 4.3383,	val_loss: 6.2731
14:	[0s / 0s],		train_loss: 4.3800,	val_loss: 6.2982
15:	[0s / 0s],		train_loss: 4.3996,	val_loss: 6.2689
16:	[0s / 0s],		train_loss: 4.3955,	val_loss: 6.3022
17:	[0s / 0s],		train_loss: 4.3700,	val_loss: 6.3090
18:	[0s / 0s],		train_loss: 4.3845,	val_loss: 6.2909
19:	[0s / 0s],		train_loss: 4.3858,	val_loss: 6.2696
20:	[0s / 1s],		train_loss: 4.3590,	val_loss: 6.2905
21:	[0s / 1s],		train_loss: 4.3919,	val_loss: 6.2878
22:	[0s / 1s],		train_loss: 4.3575,	val_loss: 6.3050
23:	[0s / 1s],		train_loss: 4.3628,	val_loss: 6.3141
24:	[0s / 1s],		train_loss: 4.3417,	val_loss: 6.2643
25:	[0s / 1s],		train_loss: 4.3715,	val_loss: 6.2694
26:	[0s / 1s],		train_loss: 4.3610,	val_loss: 6.2714
27:	[0s / 1s],		train_loss: 4.3417,	val_loss: 6.2841
28:	[0s / 1s],		train_loss: 4.3411,	val_loss: 6.2933
29:	[0s / 1s],		train_loss: 4.3596,	val_loss: 6.2751
30:	[0s / 1s],		train_loss: 4.3595,	val_loss: 6.2811
31:	[0s / 1s],		train_loss: 4.3498,	val_loss: 6.2879
32:	[0s / 1s],		train_loss: 4.3389,	val_loss: 6.2526
33:	[0s / 1s],		train_loss: 4.3426,	val_loss: 6.2535
34:	[0s / 1s],		train_loss: 4.3167,	val_loss: 6.2737
35:	[0s / 1s],		train_loss: 4.3534,	val_loss: 6.2682
36:	[0s / 1s],		train_loss: 4.3428,	val_loss: 6.2688
37:	[0s / 1s],		train_loss: 4.3410,	val_loss: 6.2964
38:	[0s / 1s],		train_loss: 4.3186,	val_loss: 6.3120
39:	[0s / 1s],		train_loss: 4.3627,	val_loss: 6.2725
40:	[0s / 1s],		train_loss: 4.3278,	val_loss: 6.2547
41:	[0s / 1s],		train_loss: 4.3497,	val_loss: 6.2567
42:	[0s / 2s],		train_loss: 4.3494,	val_loss: 6.2742
43:	[0s / 2s],		train_loss: 4.3323,	val_loss: 6.2731
44:	[0s / 2s],		train_loss: 4.3499,	val_loss: 6.2713
45:	[0s / 2s],		train_loss: 4.3234,	val_loss: 6.2885
46:	[0s / 2s],		train_loss: 4.3602,	val_loss: 6.3085
47:	[0s / 2s],		train_loss: 4.3231,	val_loss: 6.3503
48:	[0s / 2s],		train_loss: 4.3368,	val_loss: 6.2792
49:	[0s / 2s],		train_loss: 4.3526,	val_loss: 6.2911
50:	[0s / 2s],		train_loss: 4.3367,	val_loss: 6.2729
51:	[0s / 2s],		train_loss: 4.2991,	val_loss: 6.2557
52:	[0s / 2s],		train_loss: 4.3005,	val_loss: 6.2741
C-index TRAIN: 0.8046
C-index TEST:  0.8017
  [surv] Saved → survival_predictions/tabdpt/OrmoniTirodei/-1/seed42/fold2/deepsurv_vanilla.pkl
0:	[0s / 0s],		train_loss: 64.1770,	val_loss: 16.2699
1:	[0s / 0s],		train_loss: 13.4159,	val_loss: 15.0142
2:	[0s / 0s],		train_loss: 10.1531,	val_loss: 12.5886
3:	[0s / 0s],		train_loss: 9.3239,	val_loss: 11.4975
4:	[0s / 0s],		train_loss: 7.9319,	val_loss: 10.4737
5:	[0s / 0s],		train_loss: 7.2004,	val_loss: 9.4047
6:	[0s / 0s],		train_loss: 6.5067,	val_loss: 8.6410
7:	[0s / 0s],		train_loss: 6.1304,	val_loss: 8.2074
8:	[0s / 0s],		train_loss: 5.4793,	val_loss: 7.3306
9:	[0s / 0s],		train_loss: 5.2724,	val_loss: 6.6447
10:	[0s / 0s],		train_loss: 4.4508,	val_loss: 6.3715
11:	[0s / 0s],		train_loss: 4.6120,	val_loss: 6.6399
12:	[0s / 0s],		train_loss: 4.9711,	val_loss: 8.8628
13:	[0s / 0s],		train_loss: 6.6157,	val_loss: 8.0868
14:	[0s / 0s],		train_loss: 5.3831,	val_loss: 7.0005
15:	[0s / 0s],		train_loss: 4.6931,	val_loss: 6.8323
16:	[0s / 0s],		train_loss: 5.3309,	val_loss: 7.2016
17:	[0s / 0s],		train_loss: 4.9240,	val_loss: 6.6916
18:	[0s / 0s],		train_loss: 5.0229,	val_loss: 7.2386
19:	[0s / 0s],		train_loss: 5.0289,	val_loss: 8.2178
20:	[0s / 0s],		train_loss: 6.1055,	val_loss: 9.4702
21:	[0s / 0s],		train_loss: 6.6726,	val_loss: 8.8666
22:	[0s / 0s],		train_loss: 6.0800,	val_loss: 9.4874
23:	[0s / 0s],		train_loss: 6.8802,	val_loss: 9.4112
24:	[0s / 0s],		train_loss: 6.5009,	val_loss: 9.6217
25:	[0s / 0s],		train_loss: 7.5499,	val_loss: 8.8791
26:	[0s / 0s],		train_loss: 5.8129,	val_loss: 7.0732
27:	[0s / 0s],		train_loss: 4.8245,	val_loss: 6.8459
28:	[0s / 0s],		train_loss: 4.8463,	val_loss: 6.6910
29:	[0s / 0s],		train_loss: 5.3977,	val_loss: 8.7177
30:	[0s / 0s],		train_loss: 7.7858,	val_loss: 11.4567
C-index TRAIN: 0.7901
C-index TEST:  0.7959
  [surv] Saved → survival_predictions/tabdpt/OrmoniTirodei/-1/seed42/fold2/deepsurv_simple.pkl
  [ckpt] RSF baseline saved → checkpoints/tabdpt/OrmoniTirodei/-1/seed42/fold2/rsf_baseline.pkl
C-index train: 0.9091
C-index test:  0.8083
  [surv] Saved → survival_predictions/tabdpt/OrmoniTirodei/-1/seed42/fold2/rsf.pkl
  Fitting Cox baseline...
C-index train: 0.7979
C-index test:  0.8054
  [surv] Saved → survival_predictions/tabdpt/OrmoniTirodei/-1/seed42/fold2/cox.pkl
X_train shape: (5162, 76), X_test shape: (1290, 76)
Generating TABDPT Embeddings...
<class 'dict'>
Loaded TabDPTModel from checkpoint.
<class 'dict'>
Loaded TabDPTModel from checkpoint.
Successfully generated embeddings with shape: (5162, 768)
0:	[0s / 0s],		train_loss: 5.4545,	val_loss: 6.7829
1:	[0s / 0s],		train_loss: 4.6683,	val_loss: 6.8175
2:	[0s / 0s],		train_loss: 4.6918,	val_loss: 6.6025
3:	[0s / 0s],		train_loss: 4.4816,	val_loss: 6.5046
4:	[0s / 0s],		train_loss: 4.6997,	val_loss: 6.5734
5:	[0s / 0s],		train_loss: 4.5377,	val_loss: 6.7706
6:	[0s / 0s],		train_loss: 4.9258,	val_loss: 6.9738
7:	[0s / 0s],		train_loss: 4.9041,	val_loss: 6.9376
8:	[0s / 0s],		train_loss: 4.6233,	val_loss: 6.8705
9:	[0s / 0s],		train_loss: 4.4269,	val_loss: 6.8249
10:	[0s / 0s],		train_loss: 4.5474,	val_loss: 6.5941
11:	[0s / 0s],		train_loss: 4.4595,	val_loss: 6.5799
12:	[0s / 0s],		train_loss: 4.4386,	val_loss: 6.6707
13:	[0s / 0s],		train_loss: 4.4770,	val_loss: 6.5392
14:	[0s / 0s],		train_loss: 4.4289,	val_loss: 6.5827
15:	[0s / 0s],		train_loss: 4.4567,	val_loss: 6.4950
16:	[0s / 0s],		train_loss: 4.3054,	val_loss: 6.6149
17:	[0s / 0s],		train_loss: 4.3373,	val_loss: 6.6686
18:	[0s / 0s],		train_loss: 4.5410,	val_loss: 6.6791
19:	[0s / 0s],		train_loss: 4.5908,	val_loss: 6.6543
20:	[0s / 0s],		train_loss: 4.4272,	val_loss: 6.5992
21:	[0s / 0s],		train_loss: 4.4677,	val_loss: 7.1583
22:	[0s / 0s],		train_loss: 4.7161,	val_loss: 6.9009
23:	[0s / 0s],		train_loss: 4.6033,	val_loss: 6.7440
24:	[0s / 0s],		train_loss: 4.4436,	val_loss: 6.6015
25:	[0s / 0s],		train_loss: 4.3995,	val_loss: 6.8842
26:	[0s / 0s],		train_loss: 4.3413,	val_loss: 7.1033
27:	[0s / 0s],		train_loss: 4.6358,	val_loss: 6.9338
28:	[0s / 0s],		train_loss: 4.5644,	val_loss: 6.7792
29:	[0s / 0s],		train_loss: 4.5200,	val_loss: 7.1287
30:	[0s / 1s],		train_loss: 4.4346,	val_loss: 6.7968
31:	[0s / 1s],		train_loss: 4.3850,	val_loss: 6.6469
32:	[0s / 1s],		train_loss: 4.4932,	val_loss: 7.0480
33:	[0s / 1s],		train_loss: 4.7424,	val_loss: 7.0432
34:	[0s / 1s],		train_loss: 4.7709,	val_loss: 6.7563
35:	[0s / 1s],		train_loss: 4.6417,	val_loss: 6.9910
C-index TRAIN: 0.8075
C-index TEST:  0.7453
  [surv] Saved → survival_predictions/tabdpt/OrmoniTirodei/-1/seed42/fold3/tabdpt_deepsurv_simple.pkl
0:	[0s / 0s],		train_loss: 4.5873,	val_loss: 6.3925
1:	[0s / 0s],		train_loss: 4.3942,	val_loss: 6.4075
2:	[0s / 0s],		train_loss: 4.3436,	val_loss: 6.3899
3:	[0s / 0s],		train_loss: 4.3388,	val_loss: 6.3815
4:	[0s / 0s],		train_loss: 4.2896,	val_loss: 6.3742
5:	[0s / 0s],		train_loss: 4.3608,	val_loss: 6.3914
6:	[0s / 0s],		train_loss: 4.2508,	val_loss: 6.4215
7:	[0s / 0s],		train_loss: 4.2922,	val_loss: 6.3954
8:	[0s / 0s],		train_loss: 4.2766,	val_loss: 6.4050
9:	[0s / 0s],		train_loss: 4.2647,	val_loss: 6.4383
10:	[0s / 0s],		train_loss: 4.2528,	val_loss: 6.4418
11:	[0s / 0s],		train_loss: 4.2297,	val_loss: 6.4276
12:	[0s / 0s],		train_loss: 4.2174,	val_loss: 6.4783
13:	[0s / 0s],		train_loss: 4.2449,	val_loss: 6.4618
14:	[0s / 0s],		train_loss: 4.2447,	val_loss: 6.5293
15:	[0s / 0s],		train_loss: 4.2150,	val_loss: 6.4773
16:	[0s / 0s],		train_loss: 4.1820,	val_loss: 6.4420
17:	[0s / 0s],		train_loss: 4.1621,	val_loss: 6.4204
18:	[0s / 0s],		train_loss: 4.1913,	val_loss: 6.4519
19:	[0s / 0s],		train_loss: 4.1628,	val_loss: 6.5003
20:	[0s / 1s],		train_loss: 4.1455,	val_loss: 6.5030
21:	[0s / 1s],		train_loss: 4.1633,	val_loss: 6.4487
22:	[0s / 1s],		train_loss: 4.1544,	val_loss: 6.4659
23:	[0s / 1s],		train_loss: 4.1383,	val_loss: 6.5157
24:	[0s / 1s],		train_loss: 4.1416,	val_loss: 6.4697
C-index TRAIN: 0.8106
C-index TEST:  0.7688
  [surv] Saved → survival_predictions/tabdpt/OrmoniTirodei/-1/seed42/fold3/tabdpt_deepsurv_vanilla.pkl
  [ckpt] TABDPT RSF saved → checkpoints/tabdpt/OrmoniTirodei/-1/seed42/fold3/tabdpt_rsf.pkl
C-index train: 0.9187
C-index test:  0.7598
  [surv] Saved → survival_predictions/tabdpt/OrmoniTirodei/-1/seed42/fold3/tabdpt_rsf.pkl
  Fitting TABDPT Cox (embedding)...
C-index train: 0.8165
C-index test:  0.7560
  [surv] Saved → survival_predictions/tabdpt/OrmoniTirodei/-1/seed42/fold3/tabdpt_cox.pkl
0:	[0s / 0s],		train_loss: 4.7302,	val_loss: 6.4550
1:	[0s / 0s],		train_loss: 4.5040,	val_loss: 6.3809
2:	[0s / 0s],		train_loss: 4.4745,	val_loss: 6.3667
3:	[0s / 0s],		train_loss: 4.4379,	val_loss: 6.3329
4:	[0s / 0s],		train_loss: 4.4366,	val_loss: 6.3330
5:	[0s / 0s],		train_loss: 4.4100,	val_loss: 6.3080
6:	[0s / 0s],		train_loss: 4.4182,	val_loss: 6.2984
7:	[0s / 0s],		train_loss: 4.3935,	val_loss: 6.3022
8:	[0s / 0s],		train_loss: 4.3711,	val_loss: 6.3027
9:	[0s / 0s],		train_loss: 4.3783,	val_loss: 6.3284
10:	[0s / 0s],		train_loss: 4.4008,	val_loss: 6.2955
11:	[0s / 0s],		train_loss: 4.3565,	val_loss: 6.2956
12:	[0s / 0s],		train_loss: 4.3407,	val_loss: 6.2745
13:	[0s / 0s],		train_loss: 4.3306,	val_loss: 6.2868
14:	[0s / 0s],		train_loss: 4.3628,	val_loss: 6.2957
15:	[0s / 0s],		train_loss: 4.3443,	val_loss: 6.3072
16:	[0s / 0s],		train_loss: 4.3463,	val_loss: 6.2874
17:	[0s / 0s],		train_loss: 4.3311,	val_loss: 6.2888
18:	[0s / 0s],		train_loss: 4.3604,	val_loss: 6.2970
19:	[0s / 0s],		train_loss: 4.3095,	val_loss: 6.3047
20:	[0s / 0s],		train_loss: 4.3274,	val_loss: 6.2693
21:	[0s / 1s],		train_loss: 4.3396,	val_loss: 6.2621
22:	[0s / 1s],		train_loss: 4.3135,	val_loss: 6.2871
23:	[0s / 1s],		train_loss: 4.3350,	val_loss: 6.2961
24:	[0s / 1s],		train_loss: 4.3641,	val_loss: 6.2901
25:	[0s / 1s],		train_loss: 4.3469,	val_loss: 6.2864
26:	[0s / 1s],		train_loss: 4.3446,	val_loss: 6.2773
27:	[0s / 1s],		train_loss: 4.3324,	val_loss: 6.2654
28:	[0s / 1s],		train_loss: 4.3187,	val_loss: 6.2816
29:	[0s / 1s],		train_loss: 4.3401,	val_loss: 6.2722
30:	[0s / 1s],		train_loss: 4.3167,	val_loss: 6.3358
31:	[0s / 1s],		train_loss: 4.3136,	val_loss: 6.2592
32:	[0s / 1s],		train_loss: 4.3092,	val_loss: 6.2712
33:	[0s / 1s],		train_loss: 4.3235,	val_loss: 6.2628
34:	[0s / 1s],		train_loss: 4.3169,	val_loss: 6.2904
35:	[0s / 1s],		train_loss: 4.3303,	val_loss: 6.2836
36:	[0s / 1s],		train_loss: 4.3119,	val_loss: 6.2681
37:	[0s / 1s],		train_loss: 4.3294,	val_loss: 6.2807
38:	[0s / 1s],		train_loss: 4.2994,	val_loss: 6.2852
39:	[0s / 1s],		train_loss: 4.3137,	val_loss: 6.2860
40:	[0s / 1s],		train_loss: 4.3484,	val_loss: 6.2716
41:	[0s / 1s],		train_loss: 4.3161,	val_loss: 6.2638
42:	[0s / 1s],		train_loss: 4.3009,	val_loss: 6.2998
43:	[0s / 2s],		train_loss: 4.3244,	val_loss: 6.3276
44:	[0s / 2s],		train_loss: 4.3207,	val_loss: 6.2896
45:	[0s / 2s],		train_loss: 4.3102,	val_loss: 6.2840
46:	[0s / 2s],		train_loss: 4.3012,	val_loss: 6.2685
47:	[0s / 2s],		train_loss: 4.2907,	val_loss: 6.2595
48:	[0s / 2s],		train_loss: 4.2914,	val_loss: 6.2696
49:	[0s / 2s],		train_loss: 4.2784,	val_loss: 6.2503
50:	[0s / 2s],		train_loss: 4.3133,	val_loss: 6.2746
51:	[0s / 2s],		train_loss: 4.3094,	val_loss: 6.3264
52:	[0s / 2s],		train_loss: 4.3236,	val_loss: 6.2841
53:	[0s / 2s],		train_loss: 4.3051,	val_loss: 6.2702
54:	[0s / 2s],		train_loss: 4.2933,	val_loss: 6.2968
55:	[0s / 2s],		train_loss: 4.3165,	val_loss: 6.2615
56:	[0s / 2s],		train_loss: 4.2799,	val_loss: 6.2786
57:	[0s / 2s],		train_loss: 4.2933,	val_loss: 6.2711
58:	[0s / 2s],		train_loss: 4.2803,	val_loss: 6.2529
59:	[0s / 2s],		train_loss: 4.3026,	val_loss: 6.2511
60:	[0s / 2s],		train_loss: 4.2887,	val_loss: 6.2856
61:	[0s / 2s],		train_loss: 4.2842,	val_loss: 6.2538
62:	[0s / 2s],		train_loss: 4.2860,	val_loss: 6.2638
63:	[0s / 2s],		train_loss: 4.2981,	val_loss: 6.2617
64:	[0s / 2s],		train_loss: 4.3087,	val_loss: 6.2705
65:	[0s / 3s],		train_loss: 4.2844,	val_loss: 6.2691
66:	[0s / 3s],		train_loss: 4.2600,	val_loss: 6.2846
67:	[0s / 3s],		train_loss: 4.3181,	val_loss: 6.2591
68:	[0s / 3s],		train_loss: 4.2741,	val_loss: 6.2969
69:	[0s / 3s],		train_loss: 4.2918,	val_loss: 6.2678
C-index TRAIN: 0.8102
C-index TEST:  0.7805
  [surv] Saved → survival_predictions/tabdpt/OrmoniTirodei/-1/seed42/fold3/deepsurv_vanilla.pkl
0:	[0s / 0s],		train_loss: 80.4805,	val_loss: 24.1271
1:	[0s / 0s],		train_loss: 17.4267,	val_loss: 21.7139
2:	[0s / 0s],		train_loss: 11.0505,	val_loss: 15.3250
3:	[0s / 0s],		train_loss: 9.2974,	val_loss: 12.6440
4:	[0s / 0s],		train_loss: 8.4122,	val_loss: 11.7735
5:	[0s / 0s],		train_loss: 8.5023,	val_loss: 11.2749
6:	[0s / 0s],		train_loss: 7.4792,	val_loss: 9.4265
7:	[0s / 0s],		train_loss: 6.0557,	val_loss: 8.0895
8:	[0s / 0s],		train_loss: 5.4477,	val_loss: 8.0235
9:	[0s / 0s],		train_loss: 5.6375,	val_loss: 7.3028
10:	[0s / 0s],		train_loss: 6.6096,	val_loss: 8.0183
11:	[0s / 0s],		train_loss: 5.5993,	val_loss: 6.8974
12:	[0s / 0s],		train_loss: 4.5601,	val_loss: 6.6781
13:	[0s / 0s],		train_loss: 4.5533,	val_loss: 6.6054
14:	[0s / 0s],		train_loss: 4.5886,	val_loss: 6.6101
15:	[0s / 0s],		train_loss: 4.9133,	val_loss: 7.3820
16:	[0s / 0s],		train_loss: 4.7568,	val_loss: 6.7172
17:	[0s / 0s],		train_loss: 4.4796,	val_loss: 6.7605
18:	[0s / 0s],		train_loss: 4.5341,	val_loss: 6.5244
19:	[0s / 0s],		train_loss: 4.4729,	val_loss: 6.5452
20:	[0s / 0s],		train_loss: 4.6141,	val_loss: 7.2126
21:	[0s / 0s],		train_loss: 5.9011,	val_loss: 8.2382
22:	[0s / 0s],		train_loss: 6.2726,	val_loss: 9.2899
23:	[0s / 0s],		train_loss: 7.7047,	val_loss: 9.6171
24:	[0s / 0s],		train_loss: 6.8711,	val_loss: 8.0927
25:	[0s / 0s],		train_loss: 5.0420,	val_loss: 8.6073
26:	[0s / 0s],		train_loss: 5.2609,	val_loss: 8.4102
27:	[0s / 0s],		train_loss: 5.6072,	val_loss: 8.5212
28:	[0s / 0s],		train_loss: 5.4249,	val_loss: 7.4420
29:	[0s / 0s],		train_loss: 5.1016,	val_loss: 7.4438
30:	[0s / 1s],		train_loss: 5.4870,	val_loss: 8.6590
31:	[0s / 1s],		train_loss: 6.8566,	val_loss: 9.6454
32:	[0s / 1s],		train_loss: 8.8973,	val_loss: 13.8762
33:	[0s / 1s],		train_loss: 10.8755,	val_loss: 14.3533
34:	[0s / 1s],		train_loss: 9.9630,	val_loss: 12.2855
35:	[0s / 1s],		train_loss: 7.7553,	val_loss: 10.3357
36:	[0s / 1s],		train_loss: 7.9794,	val_loss: 10.1664
37:	[0s / 1s],		train_loss: 6.5661,	val_loss: 7.5448
38:	[0s / 1s],		train_loss: 5.2384,	val_loss: 7.3008
C-index TRAIN: 0.7892
C-index TEST:  0.7661
  [surv] Saved → survival_predictions/tabdpt/OrmoniTirodei/-1/seed42/fold3/deepsurv_simple.pkl
  [ckpt] RSF baseline saved → checkpoints/tabdpt/OrmoniTirodei/-1/seed42/fold3/rsf_baseline.pkl
C-index train: 0.9086
C-index test:  0.7865
  [surv] Saved → survival_predictions/tabdpt/OrmoniTirodei/-1/seed42/fold3/rsf.pkl
  Fitting Cox baseline...
C-index train: 0.8041
C-index test:  0.7835
  [surv] Saved → survival_predictions/tabdpt/OrmoniTirodei/-1/seed42/fold3/cox.pkl
X_train shape: (5162, 76), X_test shape: (1290, 76)
Generating TABDPT Embeddings...
<class 'dict'>
Loaded TabDPTModel from checkpoint.
<class 'dict'>
Loaded TabDPTModel from checkpoint.
Successfully generated embeddings with shape: (5162, 768)
0:	[0s / 0s],		train_loss: 5.1381,	val_loss: 6.8381
1:	[0s / 0s],		train_loss: 4.5780,	val_loss: 6.6558
2:	[0s / 0s],		train_loss: 4.4895,	val_loss: 6.6469
3:	[0s / 0s],		train_loss: 4.5797,	val_loss: 6.8068
4:	[0s / 0s],		train_loss: 4.7854,	val_loss: 6.7012
5:	[0s / 0s],		train_loss: 4.6232,	val_loss: 6.6842
6:	[0s / 0s],		train_loss: 4.7982,	val_loss: 7.0366
7:	[0s / 0s],		train_loss: 4.5013,	val_loss: 6.8396
8:	[0s / 0s],		train_loss: 4.5831,	val_loss: 6.7927
9:	[0s / 0s],		train_loss: 4.4302,	val_loss: 6.5928
10:	[0s / 0s],		train_loss: 4.4993,	val_loss: 7.2797
11:	[0s / 0s],		train_loss: 4.4087,	val_loss: 6.7276
12:	[0s / 0s],		train_loss: 4.4904,	val_loss: 6.6574
13:	[0s / 0s],		train_loss: 4.5829,	val_loss: 6.8966
14:	[0s / 0s],		train_loss: 4.4262,	val_loss: 6.5818
15:	[0s / 0s],		train_loss: 4.6106,	val_loss: 6.5816
16:	[0s / 0s],		train_loss: 4.7089,	val_loss: 7.1088
17:	[0s / 0s],		train_loss: 4.6146,	val_loss: 6.7969
18:	[0s / 0s],		train_loss: 4.5182,	val_loss: 6.8437
19:	[0s / 0s],		train_loss: 4.4333,	val_loss: 6.7407
20:	[0s / 0s],		train_loss: 5.1456,	val_loss: 6.8246
21:	[0s / 0s],		train_loss: 4.8189,	val_loss: 7.1302
22:	[0s / 0s],		train_loss: 4.8326,	val_loss: 6.6908
23:	[0s / 0s],		train_loss: 4.4225,	val_loss: 6.7372
24:	[0s / 0s],		train_loss: 4.4413,	val_loss: 6.8998
25:	[0s / 0s],		train_loss: 4.4044,	val_loss: 6.8771
26:	[0s / 0s],		train_loss: 4.3945,	val_loss: 6.6489
27:	[0s / 1s],		train_loss: 4.8106,	val_loss: 7.2787
28:	[0s / 1s],		train_loss: 4.5015,	val_loss: 6.7940
29:	[0s / 1s],		train_loss: 4.3265,	val_loss: 6.7559
30:	[0s / 1s],		train_loss: 4.3860,	val_loss: 6.7994
31:	[0s / 1s],		train_loss: 4.3795,	val_loss: 6.8087
32:	[0s / 1s],		train_loss: 4.3509,	val_loss: 6.7149
33:	[0s / 1s],		train_loss: 4.2767,	val_loss: 6.6837
34:	[0s / 1s],		train_loss: 4.3016,	val_loss: 6.8902
35:	[0s / 1s],		train_loss: 4.2705,	val_loss: 6.8182
C-index TRAIN: 0.7845
C-index TEST:  0.7196
  [surv] Saved → survival_predictions/tabdpt/OrmoniTirodei/-1/seed42/fold4/tabdpt_deepsurv_simple.pkl
0:	[0s / 0s],		train_loss: 4.5493,	val_loss: 6.4394
1:	[0s / 0s],		train_loss: 4.4061,	val_loss: 6.3591
2:	[0s / 0s],		train_loss: 4.3373,	val_loss: 6.3595
3:	[0s / 0s],		train_loss: 4.3442,	val_loss: 6.3448
4:	[0s / 0s],		train_loss: 4.3214,	val_loss: 6.4009
5:	[0s / 0s],		train_loss: 4.3119,	val_loss: 6.4157
6:	[0s / 0s],		train_loss: 4.2967,	val_loss: 6.3885
7:	[0s / 0s],		train_loss: 4.3218,	val_loss: 6.3933
8:	[0s / 0s],		train_loss: 4.2890,	val_loss: 6.4542
9:	[0s / 0s],		train_loss: 4.2748,	val_loss: 6.4070
10:	[0s / 0s],		train_loss: 4.2576,	val_loss: 6.4185
11:	[0s / 0s],		train_loss: 4.2431,	val_loss: 6.4108
12:	[0s / 0s],		train_loss: 4.2285,	val_loss: 6.4074
13:	[0s / 0s],		train_loss: 4.2180,	val_loss: 6.4467
14:	[0s / 0s],		train_loss: 4.2095,	val_loss: 6.4139
15:	[0s / 0s],		train_loss: 4.1809,	val_loss: 6.4630
16:	[0s / 0s],		train_loss: 4.1922,	val_loss: 6.4800
17:	[0s / 1s],		train_loss: 4.1469,	val_loss: 6.5492
18:	[0s / 1s],		train_loss: 4.1982,	val_loss: 6.5570
19:	[0s / 1s],		train_loss: 4.1924,	val_loss: 6.6205
20:	[0s / 1s],		train_loss: 4.1662,	val_loss: 6.5381
21:	[0s / 1s],		train_loss: 4.1359,	val_loss: 6.6106
22:	[0s / 1s],		train_loss: 4.1219,	val_loss: 6.5060
23:	[0s / 1s],		train_loss: 4.1611,	val_loss: 6.5641
C-index TRAIN: 0.8066
C-index TEST:  0.7714
  [surv] Saved → survival_predictions/tabdpt/OrmoniTirodei/-1/seed42/fold4/tabdpt_deepsurv_vanilla.pkl
  [ckpt] TABDPT RSF saved → checkpoints/tabdpt/OrmoniTirodei/-1/seed42/fold4/tabdpt_rsf.pkl
C-index train: 0.9204
C-index test:  0.7621
  [surv] Saved → survival_predictions/tabdpt/OrmoniTirodei/-1/seed42/fold4/tabdpt_rsf.pkl
  Fitting TABDPT Cox (embedding)...
C-index train: 0.8152
C-index test:  0.7697
  [surv] Saved → survival_predictions/tabdpt/OrmoniTirodei/-1/seed42/fold4/tabdpt_cox.pkl
0:	[0s / 0s],		train_loss: 4.9286,	val_loss: 6.6429
1:	[0s / 0s],		train_loss: 4.6583,	val_loss: 6.4604
2:	[0s / 0s],		train_loss: 4.5140,	val_loss: 6.3728
3:	[0s / 0s],		train_loss: 4.4637,	val_loss: 6.3674
4:	[0s / 0s],		train_loss: 4.4793,	val_loss: 6.3398
5:	[0s / 0s],		train_loss: 4.4633,	val_loss: 6.3004
6:	[0s / 0s],		train_loss: 4.4341,	val_loss: 6.3206
7:	[0s / 0s],		train_loss: 4.4234,	val_loss: 6.3095
8:	[0s / 0s],		train_loss: 4.4184,	val_loss: 6.3164
9:	[0s / 0s],		train_loss: 4.3809,	val_loss: 6.2885
10:	[0s / 0s],		train_loss: 4.4471,	val_loss: 6.2684
11:	[0s / 0s],		train_loss: 4.3738,	val_loss: 6.2980
12:	[0s / 0s],		train_loss: 4.4086,	val_loss: 6.2966
13:	[0s / 0s],		train_loss: 4.4031,	val_loss: 6.3361
14:	[0s / 0s],		train_loss: 4.3995,	val_loss: 6.2716
15:	[0s / 0s],		train_loss: 4.3985,	val_loss: 6.2798
16:	[0s / 0s],		train_loss: 4.3811,	val_loss: 6.2865
17:	[0s / 0s],		train_loss: 4.3700,	val_loss: 6.3015
18:	[0s / 0s],		train_loss: 4.3741,	val_loss: 6.3159
19:	[0s / 0s],		train_loss: 4.3861,	val_loss: 6.3077
20:	[0s / 0s],		train_loss: 4.4054,	val_loss: 6.2737
21:	[0s / 1s],		train_loss: 4.3786,	val_loss: 6.2626
22:	[0s / 1s],		train_loss: 4.3675,	val_loss: 6.2886
23:	[0s / 1s],		train_loss: 4.3263,	val_loss: 6.2790
24:	[0s / 1s],		train_loss: 4.3325,	val_loss: 6.2921
25:	[0s / 1s],		train_loss: 4.3551,	val_loss: 6.2946
26:	[0s / 1s],		train_loss: 4.3552,	val_loss: 6.2744
27:	[0s / 1s],		train_loss: 4.3459,	val_loss: 6.2778
28:	[0s / 1s],		train_loss: 4.3543,	val_loss: 6.2726
29:	[0s / 1s],		train_loss: 4.3403,	val_loss: 6.2805
30:	[0s / 1s],		train_loss: 4.3147,	val_loss: 6.2724
31:	[0s / 1s],		train_loss: 4.3352,	val_loss: 6.2842
32:	[0s / 1s],		train_loss: 4.3710,	val_loss: 6.2813
33:	[0s / 1s],		train_loss: 4.3341,	val_loss: 6.2668
34:	[0s / 1s],		train_loss: 4.3491,	val_loss: 6.2692
35:	[0s / 1s],		train_loss: 4.3218,	val_loss: 6.2903
36:	[0s / 1s],		train_loss: 4.3326,	val_loss: 6.2617
37:	[0s / 1s],		train_loss: 4.3189,	val_loss: 6.2691
38:	[0s / 1s],		train_loss: 4.2987,	val_loss: 6.2651
39:	[0s / 1s],		train_loss: 4.3390,	val_loss: 6.2758
40:	[0s / 1s],		train_loss: 4.3297,	val_loss: 6.2836
41:	[0s / 1s],		train_loss: 4.3138,	val_loss: 6.3380
42:	[0s / 1s],		train_loss: 4.3509,	val_loss: 6.3017
43:	[0s / 2s],		train_loss: 4.2976,	val_loss: 6.2855
44:	[0s / 2s],		train_loss: 4.2741,	val_loss: 6.2766
45:	[0s / 2s],		train_loss: 4.3316,	val_loss: 6.2982
46:	[0s / 2s],		train_loss: 4.3144,	val_loss: 6.3355
47:	[0s / 2s],		train_loss: 4.3344,	val_loss: 6.3156
48:	[0s / 2s],		train_loss: 4.3183,	val_loss: 6.2759
49:	[0s / 2s],		train_loss: 4.3169,	val_loss: 6.2868
50:	[0s / 2s],		train_loss: 4.3137,	val_loss: 6.3349
51:	[0s / 2s],		train_loss: 4.3361,	val_loss: 6.2788
52:	[0s / 2s],		train_loss: 4.2996,	val_loss: 6.2787
53:	[0s / 2s],		train_loss: 4.2835,	val_loss: 6.3199
54:	[0s / 2s],		train_loss: 4.3220,	val_loss: 6.2808
55:	[0s / 2s],		train_loss: 4.3122,	val_loss: 6.2874
56:	[0s / 2s],		train_loss: 4.2996,	val_loss: 6.2597
57:	[0s / 2s],		train_loss: 4.3182,	val_loss: 6.2683
58:	[0s / 2s],		train_loss: 4.3002,	val_loss: 6.2647
59:	[0s / 2s],		train_loss: 4.3029,	val_loss: 6.2863
60:	[0s / 2s],		train_loss: 4.2939,	val_loss: 6.2709
61:	[0s / 2s],		train_loss: 4.2962,	val_loss: 6.3223
62:	[0s / 2s],		train_loss: 4.3153,	val_loss: 6.2718
63:	[0s / 2s],		train_loss: 4.3152,	val_loss: 6.2807
64:	[0s / 2s],		train_loss: 4.2998,	val_loss: 6.2802
65:	[0s / 3s],		train_loss: 4.3157,	val_loss: 6.2693
66:	[0s / 3s],		train_loss: 4.2964,	val_loss: 6.2621
67:	[0s / 3s],		train_loss: 4.2778,	val_loss: 6.2966
68:	[0s / 3s],		train_loss: 4.2904,	val_loss: 6.2782
69:	[0s / 3s],		train_loss: 4.2725,	val_loss: 6.2701
70:	[0s / 3s],		train_loss: 4.2840,	val_loss: 6.2768
71:	[0s / 3s],		train_loss: 4.3010,	val_loss: 6.2854
72:	[0s / 3s],		train_loss: 4.2979,	val_loss: 6.2713
73:	[0s / 3s],		train_loss: 4.3152,	val_loss: 6.3457
74:	[0s / 3s],		train_loss: 4.2971,	val_loss: 6.2717
75:	[0s / 3s],		train_loss: 4.2944,	val_loss: 6.2745
76:	[0s / 3s],		train_loss: 4.2862,	val_loss: 6.2649
C-index TRAIN: 0.8116
C-index TEST:  0.7959
  [surv] Saved → survival_predictions/tabdpt/OrmoniTirodei/-1/seed42/fold4/deepsurv_vanilla.pkl
0:	[0s / 0s],		train_loss: 38.1361,	val_loss: 15.2871
1:	[0s / 0s],		train_loss: 11.3939,	val_loss: 12.9014
2:	[0s / 0s],		train_loss: 8.5205,	val_loss: 10.2928
3:	[0s / 0s],		train_loss: 6.5528,	val_loss: 8.8932
4:	[0s / 0s],		train_loss: 6.1701,	val_loss: 8.2858
5:	[0s / 0s],		train_loss: 5.6431,	val_loss: 8.8376
6:	[0s / 0s],		train_loss: 6.0262,	val_loss: 8.9109
7:	[0s / 0s],		train_loss: 6.0127,	val_loss: 8.3162
8:	[0s / 0s],		train_loss: 5.6459,	val_loss: 8.2024
9:	[0s / 0s],		train_loss: 5.9431,	val_loss: 8.4706
10:	[0s / 0s],		train_loss: 7.3906,	val_loss: 9.4760
11:	[0s / 0s],		train_loss: 8.9820,	val_loss: 9.3315
12:	[0s / 0s],		train_loss: 6.5774,	val_loss: 8.0521
13:	[0s / 0s],		train_loss: 5.6000,	val_loss: 7.0004
14:	[0s / 0s],		train_loss: 6.9003,	val_loss: 11.3764
15:	[0s / 0s],		train_loss: 8.4683,	val_loss: 10.9682
16:	[0s / 0s],		train_loss: 7.8145,	val_loss: 9.9945
17:	[0s / 0s],		train_loss: 7.8405,	val_loss: 9.3806
18:	[0s / 0s],		train_loss: 6.7994,	val_loss: 9.7787
19:	[0s / 0s],		train_loss: 7.0062,	val_loss: 9.9100
20:	[0s / 0s],		train_loss: 6.5000,	val_loss: 8.4387
21:	[0s / 0s],		train_loss: 5.8077,	val_loss: 7.6638
22:	[0s / 0s],		train_loss: 5.1227,	val_loss: 6.8149
23:	[0s / 0s],		train_loss: 4.6687,	val_loss: 7.0907
24:	[0s / 0s],		train_loss: 4.7973,	val_loss: 6.7314
25:	[0s / 0s],		train_loss: 4.7881,	val_loss: 7.3888
26:	[0s / 0s],		train_loss: 5.2280,	val_loss: 7.0662
27:	[0s / 0s],		train_loss: 5.9428,	val_loss: 8.7728
28:	[0s / 1s],		train_loss: 6.7752,	val_loss: 9.0451
29:	[0s / 1s],		train_loss: 6.0845,	val_loss: 8.3812
30:	[0s / 1s],		train_loss: 5.5851,	val_loss: 7.6554
31:	[0s / 1s],		train_loss: 5.7989,	val_loss: 8.5021
32:	[0s / 1s],		train_loss: 5.8552,	val_loss: 8.2198
33:	[0s / 1s],		train_loss: 7.1119,	val_loss: 12.0139
34:	[0s / 1s],		train_loss: 10.5166,	val_loss: 10.7513
35:	[0s / 1s],		train_loss: 7.5621,	val_loss: 9.9045
36:	[0s / 1s],		train_loss: 7.3805,	val_loss: 10.3749
37:	[0s / 1s],		train_loss: 9.5257,	val_loss: 13.3424
38:	[0s / 1s],		train_loss: 9.6474,	val_loss: 22.2755
39:	[0s / 1s],		train_loss: 9.2721,	val_loss: 10.6122
40:	[0s / 1s],		train_loss: 7.6863,	val_loss: 9.2023
41:	[0s / 1s],		train_loss: 6.0985,	val_loss: 9.0099
42:	[0s / 1s],		train_loss: 7.7577,	val_loss: 11.8468
43:	[0s / 1s],		train_loss: 8.5439,	val_loss: 12.0169
44:	[0s / 1s],		train_loss: 7.6769,	val_loss: 10.5539
C-index TRAIN: 0.7755
C-index TEST:  0.7702
  [surv] Saved → survival_predictions/tabdpt/OrmoniTirodei/-1/seed42/fold4/deepsurv_simple.pkl
  [ckpt] RSF baseline saved → checkpoints/tabdpt/OrmoniTirodei/-1/seed42/fold4/rsf_baseline.pkl
C-index train: 0.9077
C-index test:  0.7910
  [surv] Saved → survival_predictions/tabdpt/OrmoniTirodei/-1/seed42/fold4/rsf.pkl
  Fitting Cox baseline...
C-index train: 0.8013
C-index test:  0.7894
  [surv] Saved → survival_predictions/tabdpt/OrmoniTirodei/-1/seed42/fold4/cox.pkl
X_train shape: (5162, 76), X_test shape: (1290, 76)
Generating TABDPT Embeddings...
<class 'dict'>
Loaded TabDPTModel from checkpoint.
<class 'dict'>
Loaded TabDPTModel from checkpoint.
Successfully generated embeddings with shape: (5162, 768)
0:	[0s / 0s],		train_loss: 5.4866,	val_loss: 6.6994
1:	[0s / 0s],		train_loss: 4.7107,	val_loss: 6.6343
2:	[0s / 0s],		train_loss: 4.5153,	val_loss: 6.8336
3:	[0s / 0s],		train_loss: 4.6128,	val_loss: 6.7294
4:	[0s / 0s],		train_loss: 4.6584,	val_loss: 6.9276
5:	[0s / 0s],		train_loss: 5.0862,	val_loss: 6.6307
6:	[0s / 0s],		train_loss: 4.7057,	val_loss: 6.6703
7:	[0s / 0s],		train_loss: 4.4938,	val_loss: 6.6894
8:	[0s / 0s],		train_loss: 4.4646,	val_loss: 6.6181
9:	[0s / 0s],		train_loss: 4.5367,	val_loss: 6.5866
10:	[0s / 0s],		train_loss: 4.5023,	val_loss: 6.7189
11:	[0s / 0s],		train_loss: 4.4766,	val_loss: 6.6668
12:	[0s / 0s],		train_loss: 4.5737,	val_loss: 6.6662
13:	[0s / 0s],		train_loss: 4.5986,	val_loss: 6.8206
14:	[0s / 0s],		train_loss: 4.6401,	val_loss: 6.8171
15:	[0s / 0s],		train_loss: 4.4107,	val_loss: 6.8605
16:	[0s / 0s],		train_loss: 4.5304,	val_loss: 6.6468
17:	[0s / 0s],		train_loss: 4.3391,	val_loss: 6.5831
18:	[0s / 0s],		train_loss: 4.3721,	val_loss: 6.6811
19:	[0s / 0s],		train_loss: 4.4100,	val_loss: 6.7502
20:	[0s / 0s],		train_loss: 4.4171,	val_loss: 6.7303
21:	[0s / 0s],		train_loss: 4.5988,	val_loss: 6.6933
22:	[0s / 0s],		train_loss: 4.5063,	val_loss: 6.7203
23:	[0s / 0s],		train_loss: 4.4272,	val_loss: 6.9239
24:	[0s / 0s],		train_loss: 4.6090,	val_loss: 6.8117
25:	[0s / 0s],		train_loss: 4.6635,	val_loss: 6.8058
26:	[0s / 1s],		train_loss: 4.5611,	val_loss: 6.6818
27:	[0s / 1s],		train_loss: 4.4778,	val_loss: 7.4658
28:	[0s / 1s],		train_loss: 4.6310,	val_loss: 6.6140
29:	[0s / 1s],		train_loss: 4.5087,	val_loss: 6.7873
30:	[0s / 1s],		train_loss: 4.5466,	val_loss: 6.9265
31:	[0s / 1s],		train_loss: 4.4676,	val_loss: 6.7489
32:	[0s / 1s],		train_loss: 4.4320,	val_loss: 6.5672
33:	[0s / 1s],		train_loss: 4.2816,	val_loss: 6.6200
34:	[0s / 1s],		train_loss: 4.3478,	val_loss: 6.6509
35:	[0s / 1s],		train_loss: 4.3854,	val_loss: 6.7401
36:	[0s / 1s],		train_loss: 4.3014,	val_loss: 6.6399
37:	[0s / 1s],		train_loss: 4.2971,	val_loss: 6.7150
38:	[0s / 1s],		train_loss: 4.3287,	val_loss: 6.7762
39:	[0s / 1s],		train_loss: 4.3574,	val_loss: 6.8178
40:	[0s / 1s],		train_loss: 5.0090,	val_loss: 7.3594
41:	[0s / 1s],		train_loss: 4.8651,	val_loss: 7.0946
42:	[0s / 1s],		train_loss: 4.7661,	val_loss: 7.0062
43:	[0s / 1s],		train_loss: 4.4750,	val_loss: 6.7753
44:	[0s / 1s],		train_loss: 4.5673,	val_loss: 6.7024
45:	[0s / 1s],		train_loss: 4.8467,	val_loss: 6.9203
46:	[0s / 1s],		train_loss: 4.6336,	val_loss: 6.9183
47:	[0s / 1s],		train_loss: 4.4082,	val_loss: 6.8176
48:	[0s / 1s],		train_loss: 4.3340,	val_loss: 6.6968
49:	[0s / 1s],		train_loss: 4.3532,	val_loss: 6.6227
50:	[0s / 1s],		train_loss: 4.3608,	val_loss: 6.8879
51:	[0s / 1s],		train_loss: 4.4407,	val_loss: 6.7722
52:	[0s / 2s],		train_loss: 4.4181,	val_loss: 6.9562
C-index TRAIN: 0.8159
C-index TEST:  0.7804
  [surv] Saved → survival_predictions/tabdpt/OrmoniTirodei/-1/seed42/fold5/tabdpt_deepsurv_simple.pkl
0:	[0s / 0s],		train_loss: 4.5730,	val_loss: 6.3892
1:	[0s / 0s],		train_loss: 4.3872,	val_loss: 6.3792
2:	[0s / 0s],		train_loss: 4.3598,	val_loss: 6.3242
3:	[0s / 0s],		train_loss: 4.3250,	val_loss: 6.3576
4:	[0s / 0s],		train_loss: 4.3185,	val_loss: 6.3545
5:	[0s / 0s],		train_loss: 4.2914,	val_loss: 6.3646
6:	[0s / 0s],		train_loss: 4.2516,	val_loss: 6.3245
7:	[0s / 0s],		train_loss: 4.2885,	val_loss: 6.4010
8:	[0s / 0s],		train_loss: 4.2698,	val_loss: 6.3759
9:	[0s / 0s],		train_loss: 4.2562,	val_loss: 6.3741
10:	[0s / 0s],		train_loss: 4.2041,	val_loss: 6.4198
11:	[0s / 0s],		train_loss: 4.2310,	val_loss: 6.4140
12:	[0s / 0s],		train_loss: 4.2270,	val_loss: 6.3680
13:	[0s / 0s],		train_loss: 4.2204,	val_loss: 6.3833
14:	[0s / 0s],		train_loss: 4.1941,	val_loss: 6.4456
15:	[0s / 0s],		train_loss: 4.1571,	val_loss: 6.4423
16:	[0s / 0s],		train_loss: 4.1340,	val_loss: 6.6233
17:	[0s / 1s],		train_loss: 4.1340,	val_loss: 6.5341
18:	[0s / 1s],		train_loss: 4.1610,	val_loss: 6.4838
19:	[0s / 1s],		train_loss: 4.1277,	val_loss: 6.6409
20:	[0s / 1s],		train_loss: 4.1578,	val_loss: 6.4813
21:	[0s / 1s],		train_loss: 4.1124,	val_loss: 6.6218
22:	[0s / 1s],		train_loss: 4.0940,	val_loss: 6.5474
C-index TRAIN: 0.8047
C-index TEST:  0.7762
  [surv] Saved → survival_predictions/tabdpt/OrmoniTirodei/-1/seed42/fold5/tabdpt_deepsurv_vanilla.pkl
  [ckpt] TABDPT RSF saved → checkpoints/tabdpt/OrmoniTirodei/-1/seed42/fold5/tabdpt_rsf.pkl
C-index train: 0.9218
C-index test:  0.7688
  [surv] Saved → survival_predictions/tabdpt/OrmoniTirodei/-1/seed42/fold5/tabdpt_rsf.pkl
  Fitting TABDPT Cox (embedding)...
C-index train: 0.8097
C-index test:  0.7795
  [surv] Saved → survival_predictions/tabdpt/OrmoniTirodei/-1/seed42/fold5/tabdpt_cox.pkl
0:	[0s / 0s],		train_loss: 4.8525,	val_loss: 6.5995
1:	[0s / 0s],		train_loss: 4.6273,	val_loss: 6.4249
2:	[0s / 0s],		train_loss: 4.5164,	val_loss: 6.3720
3:	[0s / 0s],		train_loss: 4.4575,	val_loss: 6.3298
4:	[0s / 0s],		train_loss: 4.4248,	val_loss: 6.3049
5:	[0s / 0s],		train_loss: 4.4148,	val_loss: 6.3152
6:	[0s / 0s],		train_loss: 4.4094,	val_loss: 6.2903
7:	[0s / 0s],		train_loss: 4.3872,	val_loss: 6.3039
8:	[0s / 0s],		train_loss: 4.4157,	val_loss: 6.2956
9:	[0s / 0s],		train_loss: 4.4296,	val_loss: 6.3067
10:	[0s / 0s],		train_loss: 4.3907,	val_loss: 6.3046
11:	[0s / 0s],		train_loss: 4.3618,	val_loss: 6.2832
12:	[0s / 0s],		train_loss: 4.3935,	val_loss: 6.2665
13:	[0s / 0s],		train_loss: 4.3829,	val_loss: 6.2890
14:	[0s / 0s],		train_loss: 4.3696,	val_loss: 6.2797
15:	[0s / 0s],		train_loss: 4.3407,	val_loss: 6.2601
16:	[0s / 0s],		train_loss: 4.3831,	val_loss: 6.3075
17:	[0s / 0s],		train_loss: 4.3563,	val_loss: 6.2995
18:	[0s / 0s],		train_loss: 4.3764,	val_loss: 6.3006
19:	[0s / 1s],		train_loss: 4.3432,	val_loss: 6.3046
20:	[0s / 1s],		train_loss: 4.3350,	val_loss: 6.2856
21:	[0s / 1s],		train_loss: 4.3461,	val_loss: 6.2843
22:	[0s / 1s],		train_loss: 4.3336,	val_loss: 6.2820
23:	[0s / 1s],		train_loss: 4.3724,	val_loss: 6.3117
24:	[0s / 1s],		train_loss: 4.3601,	val_loss: 6.3017
25:	[0s / 1s],		train_loss: 4.3448,	val_loss: 6.2894
26:	[0s / 1s],		train_loss: 4.3342,	val_loss: 6.3461
27:	[0s / 1s],		train_loss: 4.3371,	val_loss: 6.2862
28:	[0s / 1s],		train_loss: 4.3466,	val_loss: 6.2982
29:	[0s / 1s],		train_loss: 4.3335,	val_loss: 6.2983
30:	[0s / 1s],		train_loss: 4.3393,	val_loss: 6.3055
31:	[0s / 1s],		train_loss: 4.3364,	val_loss: 6.2711
32:	[0s / 1s],		train_loss: 4.3247,	val_loss: 6.2916
33:	[0s / 1s],		train_loss: 4.3375,	val_loss: 6.2725
34:	[0s / 1s],		train_loss: 4.3356,	val_loss: 6.3117
35:	[0s / 1s],		train_loss: 4.3316,	val_loss: 6.2803
C-index TRAIN: 0.8004
C-index TEST:  0.7930
  [surv] Saved → survival_predictions/tabdpt/OrmoniTirodei/-1/seed42/fold5/deepsurv_vanilla.pkl
0:	[0s / 0s],		train_loss: 139.2400,	val_loss: 36.6480
1:	[0s / 0s],		train_loss: 20.8629,	val_loss: 19.8064
2:	[0s / 0s],		train_loss: 13.4457,	val_loss: 13.3218
3:	[0s / 0s],		train_loss: 9.9754,	val_loss: 11.0188
4:	[0s / 0s],		train_loss: 8.1300,	val_loss: 10.0410
5:	[0s / 0s],		train_loss: 7.2354,	val_loss: 8.7209
6:	[0s / 0s],		train_loss: 6.0524,	val_loss: 7.5825
7:	[0s / 0s],		train_loss: 5.6608,	val_loss: 7.9974
8:	[0s / 0s],		train_loss: 5.5085,	val_loss: 6.9667
9:	[0s / 0s],		train_loss: 5.3567,	val_loss: 9.1954
10:	[0s / 0s],		train_loss: 6.9709,	val_loss: 9.4826
11:	[0s / 0s],		train_loss: 6.5594,	val_loss: 9.7646
12:	[0s / 0s],		train_loss: 6.9588,	val_loss: 9.0675
13:	[0s / 0s],		train_loss: 5.8653,	val_loss: 8.9652
14:	[0s / 0s],		train_loss: 5.3224,	val_loss: 7.4904
15:	[0s / 0s],		train_loss: 5.3569,	val_loss: 7.9367
16:	[0s / 0s],		train_loss: 5.1681,	val_loss: 7.2728
17:	[0s / 0s],		train_loss: 4.7969,	val_loss: 6.8228
18:	[0s / 0s],		train_loss: 4.6134,	val_loss: 6.4573
19:	[0s / 0s],		train_loss: 4.5263,	val_loss: 6.7369
20:	[0s / 0s],		train_loss: 4.5945,	val_loss: 6.7343
21:	[0s / 0s],		train_loss: 5.5988,	val_loss: 9.5712
22:	[0s / 0s],		train_loss: 6.8443,	val_loss: 9.7536
23:	[0s / 0s],		train_loss: 6.8930,	val_loss: 8.2911
24:	[0s / 0s],		train_loss: 5.2068,	val_loss: 6.8836
25:	[0s / 0s],		train_loss: 6.4351,	val_loss: 9.0678
26:	[0s / 0s],		train_loss: 6.3400,	val_loss: 10.1560
27:	[0s / 0s],		train_loss: 6.9139,	val_loss: 10.5596
28:	[0s / 0s],		train_loss: 6.9069,	val_loss: 9.3004
29:	[0s / 0s],		train_loss: 5.8791,	val_loss: 8.0074
30:	[0s / 0s],		train_loss: 5.3115,	val_loss: 7.2793
31:	[0s / 1s],		train_loss: 5.6925,	val_loss: 8.9344
32:	[0s / 1s],		train_loss: 8.1820,	val_loss: 10.4974
33:	[0s / 1s],		train_loss: 7.3870,	val_loss: 9.7595
34:	[0s / 1s],		train_loss: 6.9999,	val_loss: 8.3202
35:	[0s / 1s],		train_loss: 5.5011,	val_loss: 6.8504
36:	[0s / 1s],		train_loss: 5.5268,	val_loss: 8.7205
37:	[0s / 1s],		train_loss: 6.2299,	val_loss: 9.3356
38:	[0s / 1s],		train_loss: 7.3631,	val_loss: 8.3562
C-index TRAIN: 0.7914
C-index TEST:  0.7810
  [surv] Saved → survival_predictions/tabdpt/OrmoniTirodei/-1/seed42/fold5/deepsurv_simple.pkl
  [ckpt] RSF baseline saved → checkpoints/tabdpt/OrmoniTirodei/-1/seed42/fold5/rsf_baseline.pkl
C-index train: 0.9083
C-index test:  0.7933
  [surv] Saved → survival_predictions/tabdpt/OrmoniTirodei/-1/seed42/fold5/rsf.pkl
  Fitting Cox baseline...
C-index train: 0.7999
C-index test:  0.7937
  [surv] Saved → survival_predictions/tabdpt/OrmoniTirodei/-1/seed42/fold5/cox.pkl


Preprocess: Keep NaN
Loading existing folds from tmp/splits/OrmoniTirodei_seed42.pkl
X_train shape: (5161, 76), X_test shape: (1291, 76)
Generating TABDPT Embeddings...
<class 'dict'>
Loaded TabDPTModel from checkpoint.
Traceback (most recent call last):
  File "/scratch.hpc/luca.cotugno/Foundation_model_clinical_data/test_tabular_model.py", line 955, in <module>
    results = main(dataset_name, feature_event, feature_time, args.seed, args.model, args.tuning, args.shap)
              ^^^^^^^^^^^^^^^^^^^^^^^^^^^^^^^^^^^^^^^^^^^^^^^^^^^^^^^^^^^^^^^^^^^^^^^^^^^^^^^^^^^^^^^^^^^^^^
  File "/scratch.hpc/luca.cotugno/Foundation_model_clinical_data/test_tabular_model.py", line 447, in main
    train_emb, test_emb = get_embeddings(model, X_train, y_train, X_test, y_test, seed, device)
                          ^^^^^^^^^^^^^^^^^^^^^^^^^^^^^^^^^^^^^^^^^^^^^^^^^^^^^^^^^^^^^^^^^^^^^
  File "/scratch.hpc/luca.cotugno/Foundation_model_clinical_data/test_tabular_model.py", line 216, in get_embeddings
    return get_tabdpt_embeddings(X_train, y_train, X_query, device=device)
           ^^^^^^^^^^^^^^^^^^^^^^^^^^^^^^^^^^^^^^^^^^^^^^^^^^^^^^^^^^^^^^^
  File "/scratch.hpc/luca.cotugno/Foundation_model_clinical_data/src/tabdpt/__init__.py", line 64, in get_tabdpt_embeddings
    extractor.fit(X_train, y_train)
  File "/scratch.hpc/luca.cotugno/Foundation_model_clinical_data/src/tabdpt/embedding.py", line 126, in fit
    self._clf.fit(X_train, y_train)
  File "/scratch.hpc/luca.cotugno/Foundation_model_clinical_data/src/tabdpt/tabdpt/tabdpt.py", line 221, in fit
    super().fit(X, y, faiss_index)
  File "/scratch.hpc/luca.cotugno/Foundation_model_clinical_data/src/tabdpt/tabdpt/tabdpt.py", line 80, in fit
    self.faiss_knn = faiss_index if faiss_index is not None else FAISS(X)
                                                                 ^^^^^^^^
  File "/scratch.hpc/luca.cotugno/Foundation_model_clinical_data/src/tabdpt/tabdpt/retrieval.py", line 23, in __init__
    self.index.fit(X)
  File "/scratch.hpc/luca.cotugno/Foundation_model_clinical_data/.venv/lib/python3.12/site-packages/sklearn/base.py", line 1336, in wrapper
    return fit_method(estimator, *args, **kwargs)
           ^^^^^^^^^^^^^^^^^^^^^^^^^^^^^^^^^^^^^^
  File "/scratch.hpc/luca.cotugno/Foundation_model_clinical_data/.venv/lib/python3.12/site-packages/sklearn/neighbors/_unsupervised.py", line 179, in fit
    return self._fit(X)
           ^^^^^^^^^^^^
  File "/scratch.hpc/luca.cotugno/Foundation_model_clinical_data/.venv/lib/python3.12/site-packages/sklearn/neighbors/_base.py", line 519, in _fit
    X = validate_data(
        ^^^^^^^^^^^^^^
  File "/scratch.hpc/luca.cotugno/Foundation_model_clinical_data/.venv/lib/python3.12/site-packages/sklearn/utils/validation.py", line 2902, in validate_data
    out = check_array(X, input_name="X", **check_params)
          ^^^^^^^^^^^^^^^^^^^^^^^^^^^^^^^^^^^^^^^^^^^^^^
  File "/scratch.hpc/luca.cotugno/Foundation_model_clinical_data/.venv/lib/python3.12/site-packages/sklearn/utils/validation.py", line 1074, in check_array
    _assert_all_finite(
  File "/scratch.hpc/luca.cotugno/Foundation_model_clinical_data/.venv/lib/python3.12/site-packages/sklearn/utils/validation.py", line 133, in _assert_all_finite
    _assert_all_finite_element_wise(
  File "/scratch.hpc/luca.cotugno/Foundation_model_clinical_data/.venv/lib/python3.12/site-packages/sklearn/utils/validation.py", line 182, in _assert_all_finite_element_wise
    raise ValueError(msg_err)
ValueError: Input X contains NaN.
NearestNeighbors does not accept missing values encoded as NaN natively. For supervised learning, you might want to consider sklearn.ensemble.HistGradientBoostingClassifier and Regressor which accept missing values encoded as NaNs natively. Alternatively, it is possible to preprocess the data, for instance by using an imputer transformer in a pipeline or drop samples with missing values. See https://scikit-learn.org/stable/modules/impute.html You can find a list of all estimators that handle NaN values at the following page: https://scikit-learn.org/stable/modules/impute.html#estimators-that-handle-nan-values
