ENV CHECKPOINT PATH: 
DEFAULT PATH: /scratch.hpc/luca.cotugno/Foundation_model_clinical_data/src/models_diff/tabdpt1_1.pth
ENV CHECKPOINT PATH: 
DEFAULT PATH: /scratch.hpc/luca.cotugno/Foundation_model_clinical_data/src/models_diff/tabdpt1_1.pth
ENV CHECKPOINT PATH: 
DEFAULT PATH: /scratch.hpc/luca.cotugno/Foundation_model_clinical_data/src/models_diff/tabdpt1_1.pth
ENV CHECKPOINT PATH: 
DEFAULT PATH: /scratch.hpc/luca.cotugno/Foundation_model_clinical_data/src/models_diff/tabdpt1_1.pth
ENV CHECKPOINT PATH: 
DEFAULT PATH: /scratch.hpc/luca.cotugno/Foundation_model_clinical_data/src/models_diff/tabdpt1_1.pth
ENV CHECKPOINT PATH: 
DEFAULT PATH: /scratch.hpc/luca.cotugno/Foundation_model_clinical_data/src/models_diff/tabdpt1_1.pth
ENV CHECKPOINT PATH: 
DEFAULT PATH: /scratch.hpc/luca.cotugno/Foundation_model_clinical_data/src/models_diff/tabdpt1_1.pth
ENV CHECKPOINT PATH: 
DEFAULT PATH: /scratch.hpc/luca.cotugno/Foundation_model_clinical_data/src/models_diff/tabdpt1_1.pth
ENV CHECKPOINT PATH: 
DEFAULT PATH: /scratch.hpc/luca.cotugno/Foundation_model_clinical_data/src/models_diff/tabdpt1_1.pth
ENV CHECKPOINT PATH: 
DEFAULT PATH: /scratch.hpc/luca.cotugno/Foundation_model_clinical_data/src/models_diff/tabdpt1_1.pth
ENV CHECKPOINT PATH: 
DEFAULT PATH: /scratch.hpc/luca.cotugno/Foundation_model_clinical_data/src/models_diff/tabdpt1_1.pth
ENV CHECKPOINT PATH: 
DEFAULT PATH: /scratch.hpc/luca.cotugno/Foundation_model_clinical_data/src/models_diff/tabdpt1_1.pth
ENV CHECKPOINT PATH: 
DEFAULT PATH: /scratch.hpc/luca.cotugno/Foundation_model_clinical_data/src/models_diff/tabdpt1_1.pth
ENV CHECKPOINT PATH: 
DEFAULT PATH: /scratch.hpc/luca.cotugno/Foundation_model_clinical_data/src/models_diff/tabdpt1_1.pth
ENV CHECKPOINT PATH: 
DEFAULT PATH: /scratch.hpc/luca.cotugno/Foundation_model_clinical_data/src/models_diff/tabdpt1_1.pth
ENV CHECKPOINT PATH: 
DEFAULT PATH: /scratch.hpc/luca.cotugno/Foundation_model_clinical_data/src/models_diff/tabdpt1_1.pth
ENV CHECKPOINT PATH: 
DEFAULT PATH: /scratch.hpc/luca.cotugno/Foundation_model_clinical_data/src/models_diff/tabdpt1_1.pth
ENV CHECKPOINT PATH: 
DEFAULT PATH: /scratch.hpc/luca.cotugno/Foundation_model_clinical_data/src/models_diff/tabdpt1_1.pth
ENV CHECKPOINT PATH: 
DEFAULT PATH: /scratch.hpc/luca.cotugno/Foundation_model_clinical_data/src/models_diff/tabdpt1_1.pth
ENV CHECKPOINT PATH: 
DEFAULT PATH: /scratch.hpc/luca.cotugno/Foundation_model_clinical_data/src/models_diff/tabdpt1_1.pth
ENV CHECKPOINT PATH: 
DEFAULT PATH: /scratch.hpc/luca.cotugno/Foundation_model_clinical_data/src/models_diff/tabdpt1_1.pth
ENV CHECKPOINT PATH: 
DEFAULT PATH: /scratch.hpc/luca.cotugno/Foundation_model_clinical_data/src/models_diff/tabdpt1_1.pth
/scratch.hpc/luca.cotugno/Foundation_model_clinical_data/.venv/lib/python3.12/site-packages/pycox/models/cox.py:251: RuntimeWarning: overflow encountered in exp
  expg = np.exp(self.predict(input, batch_size, True, eval_, num_workers=num_workers)).reshape(1, -1)
ENV CHECKPOINT PATH: 
DEFAULT PATH: /scratch.hpc/luca.cotugno/Foundation_model_clinical_data/src/models_diff/tabdpt1_1.pth
ENV CHECKPOINT PATH: 
DEFAULT PATH: /scratch.hpc/luca.cotugno/Foundation_model_clinical_data/src/models_diff/tabdpt1_1.pth
ENV CHECKPOINT PATH: 
DEFAULT PATH: /scratch.hpc/luca.cotugno/Foundation_model_clinical_data/src/models_diff/tabdpt1_1.pth
ENV CHECKPOINT PATH: 
DEFAULT PATH: /scratch.hpc/luca.cotugno/Foundation_model_clinical_data/src/models_diff/tabdpt1_1.pth
ENV CHECKPOINT PATH: 
DEFAULT PATH: /scratch.hpc/luca.cotugno/Foundation_model_clinical_data/src/models_diff/tabdpt1_1.pth
ENV CHECKPOINT PATH: 
DEFAULT PATH: /scratch.hpc/luca.cotugno/Foundation_model_clinical_data/src/models_diff/tabdpt1_1.pth
ENV CHECKPOINT PATH: 
DEFAULT PATH: /scratch.hpc/luca.cotugno/Foundation_model_clinical_data/src/models_diff/tabdpt1_1.pth
ENV CHECKPOINT PATH: 
DEFAULT PATH: /scratch.hpc/luca.cotugno/Foundation_model_clinical_data/src/models_diff/tabdpt1_1.pth
/scratch.hpc/luca.cotugno/Foundation_model_clinical_data/.venv/lib/python3.12/site-packages/pycox/models/cox.py:251: RuntimeWarning: overflow encountered in exp
  expg = np.exp(self.predict(input, batch_size, True, eval_, num_workers=num_workers)).reshape(1, -1)
ENV CHECKPOINT PATH: 
DEFAULT PATH: /scratch.hpc/luca.cotugno/Foundation_model_clinical_data/src/models_diff/tabdpt1_1.pth
ENV CHECKPOINT PATH: 
DEFAULT PATH: /scratch.hpc/luca.cotugno/Foundation_model_clinical_data/src/models_diff/tabdpt1_1.pth
ENV CHECKPOINT PATH: 
DEFAULT PATH: /scratch.hpc/luca.cotugno/Foundation_model_clinical_data/src/models_diff/tabdpt1_1.pth
ENV CHECKPOINT PATH: 
DEFAULT PATH: /scratch.hpc/luca.cotugno/Foundation_model_clinical_data/src/models_diff/tabdpt1_1.pth
ENV CHECKPOINT PATH: 
DEFAULT PATH: /scratch.hpc/luca.cotugno/Foundation_model_clinical_data/src/models_diff/tabdpt1_1.pth
ENV CHECKPOINT PATH: 
DEFAULT PATH: /scratch.hpc/luca.cotugno/Foundation_model_clinical_data/src/models_diff/tabdpt1_1.pth
ENV CHECKPOINT PATH: 
DEFAULT PATH: /scratch.hpc/luca.cotugno/Foundation_model_clinical_data/src/models_diff/tabdpt1_1.pth
ENV CHECKPOINT PATH: 
DEFAULT PATH: /scratch.hpc/luca.cotugno/Foundation_model_clinical_data/src/models_diff/tabdpt1_1.pth
ENV CHECKPOINT PATH: 
DEFAULT PATH: /scratch.hpc/luca.cotugno/Foundation_model_clinical_data/src/models_diff/tabdpt1_1.pth
ENV CHECKPOINT PATH: 
DEFAULT PATH: /scratch.hpc/luca.cotugno/Foundation_model_clinical_data/src/models_diff/tabdpt1_1.pth
STARTED  model=tabdpt  seed=123  tuning=True  shap=False


Preprocess: Replace NaN with -1
Loading existing folds from tmp/splits/OrmoniTirodei_seed123.pkl
X_train shape: (5161, 76), X_test shape: (1291, 76)
Generating TABDPT Embeddings...
<class 'dict'>
Loaded TabDPTModel from checkpoint.
<class 'dict'>
Loaded TabDPTModel from checkpoint.
Successfully generated embeddings with shape: (5161, 768)
  [ckpt] Loading TABDPT DeepSurv Tuned from checkpoints/tabdpt/OrmoniTirodei/-1/seed123/fold1
C-index train: 0.8138
C-index test:  0.7777
  [ckpt] Loading TABDPT RSF Tuned from checkpoints/tabdpt/OrmoniTirodei/-1/seed123/fold1
C-index train: 0.9023
C-index test:  0.7727
  [ckpt] Loading DeepSurv Simple from checkpoints/tabdpt/OrmoniTirodei/-1/seed123/fold1/tabdpt_deepsurv_simple.pt
C-index TRAIN: 0.7881
C-index TEST:  0.7464
  [ckpt] Loading DeepSurv Vanilla from checkpoints/tabdpt/OrmoniTirodei/-1/seed123/fold1/tabdpt_deepsurv_vanilla.pt
C-index TRAIN: 0.8090
C-index TEST:  0.7716
  [ckpt] Loading TABDPT RSF from checkpoints/tabdpt/OrmoniTirodei/-1/seed123/fold1/tabdpt_rsf.pkl
C-index train: 0.9198
C-index test:  0.7730
  [ckpt] Loading TABDPT Cox (embedding) from checkpoints/tabdpt/OrmoniTirodei/-1/seed123/fold1/tabdpt_tab_cox.pkl
C-index train: 0.8098
C-index test:  0.7713
  [ckpt] Loading DeepSurv Vanilla baseline from checkpoints/tabdpt/OrmoniTirodei/-1/seed123/fold1/deepsurv_vanilla_baseline.pt
C-index TRAIN: 0.8093
C-index TEST:  0.7892
  [ckpt] Loading DeepSurv Simple baseline from checkpoints/tabdpt/OrmoniTirodei/-1/seed123/fold1/deepsurv_simple_baseline.pt
C-index TRAIN: 0.7735
C-index TEST:  0.7463
  [ckpt] Loading RSF baseline from checkpoints/tabdpt/OrmoniTirodei/-1/seed123/fold1/rsf_baseline.pkl
C-index train: 0.9008
C-index test:  0.7935
  [ckpt] Loading Cox baseline from checkpoints/tabdpt/OrmoniTirodei/-1/seed123/fold1/tabdpt_cox.pkl
C-index train: 0.8011
C-index test:  0.7873
  [ckpt] Loading DeepSurv Tuned baseline from checkpoints/tabdpt/OrmoniTirodei/-1/seed123/fold1
C-index train: 0.8060
C-index test:  0.7881
  [ckpt] Loading RSF Tuned baseline from checkpoints/tabdpt/OrmoniTirodei/-1/seed123/fold1
C-index train: 0.9130
C-index test:  0.7849
X_train shape: (5161, 76), X_test shape: (1291, 76)
Generating TABDPT Embeddings...
<class 'dict'>
Loaded TabDPTModel from checkpoint.
<class 'dict'>
Loaded TabDPTModel from checkpoint.
Successfully generated embeddings with shape: (5161, 768)
  [ckpt] Loading TABDPT DeepSurv Tuned from checkpoints/tabdpt/OrmoniTirodei/-1/seed123/fold2
C-index train: 0.8063
C-index test:  0.7808
  [ckpt] Loading TABDPT RSF Tuned from checkpoints/tabdpt/OrmoniTirodei/-1/seed123/fold2
C-index train: 0.9084
C-index test:  0.7648
  [ckpt] Loading DeepSurv Simple from checkpoints/tabdpt/OrmoniTirodei/-1/seed123/fold2/tabdpt_deepsurv_simple.pt
C-index TRAIN: 0.7801
C-index TEST:  0.7497
  [ckpt] Loading DeepSurv Vanilla from checkpoints/tabdpt/OrmoniTirodei/-1/seed123/fold2/tabdpt_deepsurv_vanilla.pt
C-index TRAIN: 0.8101
C-index TEST:  0.7801
  [ckpt] Loading TABDPT RSF from checkpoints/tabdpt/OrmoniTirodei/-1/seed123/fold2/tabdpt_rsf.pkl
C-index train: 0.9197
C-index test:  0.7632
  [ckpt] Loading TABDPT Cox (embedding) from checkpoints/tabdpt/OrmoniTirodei/-1/seed123/fold2/tabdpt_tab_cox.pkl
C-index train: 0.8133
C-index test:  0.7755
  [ckpt] Loading DeepSurv Vanilla baseline from checkpoints/tabdpt/OrmoniTirodei/-1/seed123/fold2/deepsurv_vanilla_baseline.pt
C-index TRAIN: 0.8038
C-index TEST:  0.8003
  [ckpt] Loading DeepSurv Simple baseline from checkpoints/tabdpt/OrmoniTirodei/-1/seed123/fold2/deepsurv_simple_baseline.pt
C-index TRAIN: 0.7903
C-index TEST:  0.7965
  [ckpt] Loading RSF baseline from checkpoints/tabdpt/OrmoniTirodei/-1/seed123/fold2/rsf_baseline.pkl
C-index train: 0.9005
C-index test:  0.7951
  [ckpt] Loading Cox baseline from checkpoints/tabdpt/OrmoniTirodei/-1/seed123/fold2/tabdpt_cox.pkl
C-index train: 0.8003
C-index test:  0.7982
  [ckpt] Loading DeepSurv Tuned baseline from checkpoints/tabdpt/OrmoniTirodei/-1/seed123/fold2
C-index train: 0.8054
C-index test:  0.7942
  [ckpt] Loading RSF Tuned baseline from checkpoints/tabdpt/OrmoniTirodei/-1/seed123/fold2
C-index train: 0.8904
C-index test:  0.7950
X_train shape: (5162, 76), X_test shape: (1290, 76)
Generating TABDPT Embeddings...
<class 'dict'>
Loaded TabDPTModel from checkpoint.
<class 'dict'>
Loaded TabDPTModel from checkpoint.
Successfully generated embeddings with shape: (5162, 768)
  [ckpt] Loading TABDPT DeepSurv Tuned from checkpoints/tabdpt/OrmoniTirodei/-1/seed123/fold3
C-index train: 0.8101
C-index test:  0.7686
  [ckpt] Loading TABDPT RSF Tuned from checkpoints/tabdpt/OrmoniTirodei/-1/seed123/fold3
C-index train: 0.9064
C-index test:  0.7642
  [ckpt] Loading DeepSurv Simple from checkpoints/tabdpt/OrmoniTirodei/-1/seed123/fold3/tabdpt_deepsurv_simple.pt
C-index TRAIN: 0.7868
C-index TEST:  0.7537
  [ckpt] Loading DeepSurv Vanilla from checkpoints/tabdpt/OrmoniTirodei/-1/seed123/fold3/tabdpt_deepsurv_vanilla.pt
C-index TRAIN: 0.8115
C-index TEST:  0.7628
  [ckpt] Loading TABDPT RSF from checkpoints/tabdpt/OrmoniTirodei/-1/seed123/fold3/tabdpt_rsf.pkl
C-index train: 0.9243
C-index test:  0.7691
  [ckpt] Loading TABDPT Cox (embedding) from checkpoints/tabdpt/OrmoniTirodei/-1/seed123/fold3/tabdpt_tab_cox.pkl
C-index train: 0.8168
C-index test:  0.7651
  [ckpt] Loading DeepSurv Vanilla baseline from checkpoints/tabdpt/OrmoniTirodei/-1/seed123/fold3/deepsurv_vanilla_baseline.pt
C-index TRAIN: 0.8047
C-index TEST:  0.7761
  [ckpt] Loading DeepSurv Simple baseline from checkpoints/tabdpt/OrmoniTirodei/-1/seed123/fold3/deepsurv_simple_baseline.pt
C-index TRAIN: 0.7951
C-index TEST:  0.7792
  [ckpt] Loading RSF baseline from checkpoints/tabdpt/OrmoniTirodei/-1/seed123/fold3/rsf_baseline.pkl
C-index train: 0.9064
C-index test:  0.7809
  [ckpt] Loading Cox baseline from checkpoints/tabdpt/OrmoniTirodei/-1/seed123/fold3/tabdpt_cox.pkl
C-index train: 0.8032
C-index test:  0.7835
  [ckpt] Loading DeepSurv Tuned baseline from checkpoints/tabdpt/OrmoniTirodei/-1/seed123/fold3
C-index train: 0.8060
C-index test:  0.7776
  [ckpt] Loading RSF Tuned baseline from checkpoints/tabdpt/OrmoniTirodei/-1/seed123/fold3
C-index train: 0.9102
C-index test:  0.7786
X_train shape: (5162, 76), X_test shape: (1290, 76)
Generating TABDPT Embeddings...
<class 'dict'>
Loaded TabDPTModel from checkpoint.
<class 'dict'>
Loaded TabDPTModel from checkpoint.
Successfully generated embeddings with shape: (5162, 768)
  [ckpt] Loading TABDPT DeepSurv Tuned from checkpoints/tabdpt/OrmoniTirodei/-1/seed123/fold4
C-index train: 0.7961
C-index test:  0.7849
  [ckpt] Loading TABDPT RSF Tuned from checkpoints/tabdpt/OrmoniTirodei/-1/seed123/fold4
C-index train: 0.9005
C-index test:  0.7846
  [ckpt] Loading DeepSurv Simple from checkpoints/tabdpt/OrmoniTirodei/-1/seed123/fold4/tabdpt_deepsurv_simple.pt
C-index TRAIN: 0.7982
C-index TEST:  0.7831
  [ckpt] Loading DeepSurv Vanilla from checkpoints/tabdpt/OrmoniTirodei/-1/seed123/fold4/tabdpt_deepsurv_vanilla.pt
C-index TRAIN: 0.7976
C-index TEST:  0.7876
  [ckpt] Loading TABDPT RSF from checkpoints/tabdpt/OrmoniTirodei/-1/seed123/fold4/tabdpt_rsf.pkl
C-index train: 0.9187
C-index test:  0.7865
  [ckpt] Loading TABDPT Cox (embedding) from checkpoints/tabdpt/OrmoniTirodei/-1/seed123/fold4/tabdpt_tab_cox.pkl
C-index train: 0.8083
C-index test:  0.7803
  [ckpt] Loading DeepSurv Vanilla baseline from checkpoints/tabdpt/OrmoniTirodei/-1/seed123/fold4/deepsurv_vanilla_baseline.pt
C-index TRAIN: 0.7855
C-index TEST:  0.7830
  [ckpt] Loading DeepSurv Simple baseline from checkpoints/tabdpt/OrmoniTirodei/-1/seed123/fold4/deepsurv_simple_baseline.pt
C-index TRAIN: 0.7864
C-index TEST:  0.7859
  [ckpt] Loading RSF baseline from checkpoints/tabdpt/OrmoniTirodei/-1/seed123/fold4/rsf_baseline.pkl
C-index train: 0.9020
C-index test:  0.8094
  [ckpt] Loading Cox baseline from checkpoints/tabdpt/OrmoniTirodei/-1/seed123/fold4/tabdpt_cox.pkl
C-index train: 0.7981
C-index test:  0.8023
  [ckpt] Loading DeepSurv Tuned baseline from checkpoints/tabdpt/OrmoniTirodei/-1/seed123/fold4
C-index train: 0.7988
C-index test:  0.7958
  [ckpt] Loading RSF Tuned baseline from checkpoints/tabdpt/OrmoniTirodei/-1/seed123/fold4
C-index train: 0.9057
C-index test:  0.8072
X_train shape: (5162, 76), X_test shape: (1290, 76)
Generating TABDPT Embeddings...
<class 'dict'>
Loaded TabDPTModel from checkpoint.
<class 'dict'>
Loaded TabDPTModel from checkpoint.
Successfully generated embeddings with shape: (5162, 768)
  [ckpt] Loading TABDPT DeepSurv Tuned from checkpoints/tabdpt/OrmoniTirodei/-1/seed123/fold5
C-index train: 0.8054
C-index test:  0.7839
  [ckpt] Loading TABDPT RSF Tuned from checkpoints/tabdpt/OrmoniTirodei/-1/seed123/fold5
C-index train: 0.9140
C-index test:  0.7633
  [ckpt] Loading DeepSurv Simple from checkpoints/tabdpt/OrmoniTirodei/-1/seed123/fold5/tabdpt_deepsurv_simple.pt
C-index TRAIN: 0.8037
C-index TEST:  0.7716
  [ckpt] Loading DeepSurv Vanilla from checkpoints/tabdpt/OrmoniTirodei/-1/seed123/fold5/tabdpt_deepsurv_vanilla.pt
C-index TRAIN: 0.7978
C-index TEST:  0.7862
  [ckpt] Loading TABDPT RSF from checkpoints/tabdpt/OrmoniTirodei/-1/seed123/fold5/tabdpt_rsf.pkl
C-index train: 0.9202
C-index test:  0.7709
  [ckpt] Loading TABDPT Cox (embedding) from checkpoints/tabdpt/OrmoniTirodei/-1/seed123/fold5/tabdpt_tab_cox.pkl
C-index train: 0.8135
C-index test:  0.7748
  [ckpt] Loading DeepSurv Vanilla baseline from checkpoints/tabdpt/OrmoniTirodei/-1/seed123/fold5/deepsurv_vanilla_baseline.pt
C-index TRAIN: 0.8019
C-index TEST:  0.7972
  [ckpt] Loading DeepSurv Simple baseline from checkpoints/tabdpt/OrmoniTirodei/-1/seed123/fold5/deepsurv_simple_baseline.pt
C-index TRAIN: 0.7905
C-index TEST:  0.7899
  [ckpt] Loading RSF baseline from checkpoints/tabdpt/OrmoniTirodei/-1/seed123/fold5/rsf_baseline.pkl
C-index train: 0.9015
C-index test:  0.8042
  [ckpt] Loading Cox baseline from checkpoints/tabdpt/OrmoniTirodei/-1/seed123/fold5/tabdpt_cox.pkl
C-index train: 0.7999
C-index test:  0.8029
  [ckpt] Loading DeepSurv Tuned baseline from checkpoints/tabdpt/OrmoniTirodei/-1/seed123/fold5
C-index train: 0.7795
C-index test:  0.7831
  [ckpt] Loading RSF Tuned baseline from checkpoints/tabdpt/OrmoniTirodei/-1/seed123/fold5
C-index train: 0.9015
C-index test:  0.8042


Preprocess: Keep NaN
Loading existing folds from tmp/splits/OrmoniTirodei_seed123.pkl
X_train shape: (5161, 76), X_test shape: (1291, 76)
Generating TABDPT Embeddings...
<class 'dict'>
Loaded TabDPTModel from checkpoint.
<class 'dict'>
Loaded TabDPTModel from checkpoint.
Successfully generated embeddings with shape: (5161, 768)
  [ckpt] Loading TABDPT DeepSurv Tuned from checkpoints/tabdpt/OrmoniTirodei/NaN/seed123/fold1
C-index train: 0.8091
C-index test:  0.7645
  [ckpt] Loading TABDPT RSF Tuned from checkpoints/tabdpt/OrmoniTirodei/NaN/seed123/fold1
C-index train: 0.9082
C-index test:  0.7620
  [ckpt] Loading DeepSurv Simple from checkpoints/tabdpt/OrmoniTirodei/NaN/seed123/fold1/tabdpt_deepsurv_simple.pt
C-index TRAIN: 0.7919
C-index TEST:  0.7538
  [ckpt] Loading DeepSurv Vanilla from checkpoints/tabdpt/OrmoniTirodei/NaN/seed123/fold1/tabdpt_deepsurv_vanilla.pt
C-index TRAIN: 0.8023
C-index TEST:  0.7642
  [ckpt] Loading TABDPT RSF from checkpoints/tabdpt/OrmoniTirodei/NaN/seed123/fold1/tabdpt_rsf.pkl
C-index train: 0.9222
C-index test:  0.7682
  [ckpt] Loading TABDPT Cox (embedding) from checkpoints/tabdpt/OrmoniTirodei/NaN/seed123/fold1/tabdpt_tab_cox.pkl
C-index train: 0.8129
C-index test:  0.7647
X_train shape: (5161, 76), X_test shape: (1291, 76)
Generating TABDPT Embeddings...
<class 'dict'>
Loaded TabDPTModel from checkpoint.
<class 'dict'>
Loaded TabDPTModel from checkpoint.
Successfully generated embeddings with shape: (5161, 768)
  [ckpt] Loading TABDPT DeepSurv Tuned from checkpoints/tabdpt/OrmoniTirodei/NaN/seed123/fold2
C-index train: 0.8159
C-index test:  0.7808
  [ckpt] Loading TABDPT RSF Tuned from checkpoints/tabdpt/OrmoniTirodei/NaN/seed123/fold2
C-index train: 0.8707
C-index test:  0.7625
  [ckpt] Loading DeepSurv Simple from checkpoints/tabdpt/OrmoniTirodei/NaN/seed123/fold2/tabdpt_deepsurv_simple.pt
C-index TRAIN: 0.7619
C-index TEST:  0.7643
  [ckpt] Loading DeepSurv Vanilla from checkpoints/tabdpt/OrmoniTirodei/NaN/seed123/fold2/tabdpt_deepsurv_vanilla.pt
C-index TRAIN: 0.8118
C-index TEST:  0.7817
  [ckpt] Loading TABDPT RSF from checkpoints/tabdpt/OrmoniTirodei/NaN/seed123/fold2/tabdpt_rsf.pkl
C-index train: 0.9199
C-index test:  0.7644
  [ckpt] Loading TABDPT Cox (embedding) from checkpoints/tabdpt/OrmoniTirodei/NaN/seed123/fold2/tabdpt_tab_cox.pkl
C-index train: 0.8141
C-index test:  0.7807
X_train shape: (5162, 76), X_test shape: (1290, 76)
Generating TABDPT Embeddings...
<class 'dict'>
Loaded TabDPTModel from checkpoint.
<class 'dict'>
Loaded TabDPTModel from checkpoint.
Successfully generated embeddings with shape: (5162, 768)
  [ckpt] Loading TABDPT DeepSurv Tuned from checkpoints/tabdpt/OrmoniTirodei/NaN/seed123/fold3
C-index train: 0.8158
C-index test:  0.7680
  [ckpt] Loading TABDPT RSF Tuned from checkpoints/tabdpt/OrmoniTirodei/NaN/seed123/fold3
C-index train: 0.9017
C-index test:  0.7741
  [ckpt] Loading DeepSurv Simple from checkpoints/tabdpt/OrmoniTirodei/NaN/seed123/fold3/tabdpt_deepsurv_simple.pt
C-index TRAIN: 0.7946
C-index TEST:  0.7510
  [ckpt] Loading DeepSurv Vanilla from checkpoints/tabdpt/OrmoniTirodei/NaN/seed123/fold3/tabdpt_deepsurv_vanilla.pt
C-index TRAIN: 0.8136
C-index TEST:  0.7680
  [ckpt] Loading TABDPT RSF from checkpoints/tabdpt/OrmoniTirodei/NaN/seed123/fold3/tabdpt_rsf.pkl
C-index train: 0.9256
C-index test:  0.7718
  [ckpt] Loading TABDPT Cox (embedding) from checkpoints/tabdpt/OrmoniTirodei/NaN/seed123/fold3/tabdpt_tab_cox.pkl
C-index train: 0.8182
C-index test:  0.7672
X_train shape: (5162, 76), X_test shape: (1290, 76)
Generating TABDPT Embeddings...
<class 'dict'>
Loaded TabDPTModel from checkpoint.
<class 'dict'>
Loaded TabDPTModel from checkpoint.
Successfully generated embeddings with shape: (5162, 768)
  [ckpt] Loading TABDPT DeepSurv Tuned from checkpoints/tabdpt/OrmoniTirodei/NaN/seed123/fold4
C-index train: 0.8150
C-index test:  0.7939
  [ckpt] Loading TABDPT RSF Tuned from checkpoints/tabdpt/OrmoniTirodei/NaN/seed123/fold4
C-index train: 0.9042
C-index test:  0.7869
  [ckpt] Loading DeepSurv Simple from checkpoints/tabdpt/OrmoniTirodei/NaN/seed123/fold4/tabdpt_deepsurv_simple.pt
C-index TRAIN: 0.7734
C-index TEST:  0.7711
  [ckpt] Loading DeepSurv Vanilla from checkpoints/tabdpt/OrmoniTirodei/NaN/seed123/fold4/tabdpt_deepsurv_vanilla.pt
C-index TRAIN: 0.8056
C-index TEST:  0.7928
  [ckpt] Loading TABDPT RSF from checkpoints/tabdpt/OrmoniTirodei/NaN/seed123/fold4/tabdpt_rsf.pkl
C-index train: 0.9213
C-index test:  0.7890
  [ckpt] Loading TABDPT Cox (embedding) from checkpoints/tabdpt/OrmoniTirodei/NaN/seed123/fold4/tabdpt_tab_cox.pkl
C-index train: 0.8115
C-index test:  0.7843
X_train shape: (5162, 76), X_test shape: (1290, 76)
Generating TABDPT Embeddings...
<class 'dict'>
Loaded TabDPTModel from checkpoint.
<class 'dict'>
Loaded TabDPTModel from checkpoint.
Successfully generated embeddings with shape: (5162, 768)
  [ckpt] Loading TABDPT DeepSurv Tuned from checkpoints/tabdpt/OrmoniTirodei/NaN/seed123/fold5
C-index train: 0.8242
C-index test:  0.7769
  [ckpt] Loading TABDPT RSF Tuned from checkpoints/tabdpt/OrmoniTirodei/NaN/seed123/fold5
C-index train: 0.9103
C-index test:  0.7715
  [ckpt] Loading DeepSurv Simple from checkpoints/tabdpt/OrmoniTirodei/NaN/seed123/fold5/tabdpt_deepsurv_simple.pt
C-index TRAIN: 0.8078
C-index TEST:  0.7603
  [ckpt] Loading DeepSurv Vanilla from checkpoints/tabdpt/OrmoniTirodei/NaN/seed123/fold5/tabdpt_deepsurv_vanilla.pt
C-index TRAIN: 0.8121
C-index TEST:  0.7826
  [ckpt] Loading TABDPT RSF from checkpoints/tabdpt/OrmoniTirodei/NaN/seed123/fold5/tabdpt_rsf.pkl
C-index train: 0.9218
C-index test:  0.7697
  [ckpt] Loading TABDPT Cox (embedding) from checkpoints/tabdpt/OrmoniTirodei/NaN/seed123/fold5/tabdpt_tab_cox.pkl
C-index train: 0.8177
C-index test:  0.7711

  Preprocess: -1 | Seed: 123
  TABDPT Train Tuned DeepSurv → mean: 0.806326 | std: 0.005926 | min: 0.796115 | max: 0.813837 | folds: [0.813837, 0.806265, 0.810061, 0.796115, 0.805353]
  TABDPT Test Tuned DeepSurv → mean: 0.779185 | std: 0.005853 | min: 0.768619 | max: 0.784883 | folds: [0.777715, 0.780777, 0.768619, 0.784883, 0.783930]
  TABDPT Train Tuned RSF → mean: 0.906310 | std: 0.004764 | min: 0.900544 | max: 0.914024 | folds: [0.902251, 0.908366, 0.906366, 0.900544, 0.914024]
  TABDPT Test Tuned RSF → mean: 0.769949 | std: 0.008079 | min: 0.763325 | max: 0.784631 | folds: [0.772745, 0.764810, 0.764233, 0.784631, 0.763325]
  TABDPT Train Vanilla → mean: 0.805199 | std: 0.006164 | min: 0.797606 | max: 0.811500 | folds: [0.808972, 0.810097, 0.811500, 0.797606, 0.797823]
  TABDPT Test Vanilla → mean: 0.777678 | std: 0.009341 | min: 0.762817 | max: 0.787649 | folds: [0.771587, 0.780119, 0.762817, 0.787649, 0.786220]
  TABDPT Train Simple → mean: 0.791396 | std: 0.008465 | min: 0.780149 | max: 0.803744 | folds: [0.788053, 0.780149, 0.786788, 0.798246, 0.803744]
  TABDPT Test Simple → mean: 0.760878 | std: 0.014097 | min: 0.746375 | max: 0.783051 | folds: [0.746375, 0.749683, 0.753693, 0.783051, 0.771587]
  TABDPT Train RSF → mean: 0.920550 | std: 0.001970 | min: 0.918660 | max: 0.924349 | folds: [0.919802, 0.919690, 0.924349, 0.918660, 0.920247]
  TABDPT Test RSF → mean: 0.772535 | std: 0.007724 | min: 0.763197 | max: 0.786537 | folds: [0.773005, 0.763197, 0.769071, 0.786537, 0.770865]
  TABDPT Train Cox → mean: 0.812348 | std: 0.002999 | min: 0.808320 | max: 0.816810 | folds: [0.809789, 0.813296, 0.816810, 0.808320, 0.813523]
  TABDPT Test Cox → mean: 0.773402 | std: 0.005061 | min: 0.765052 | max: 0.780296 | folds: [0.771327, 0.775524, 0.765052, 0.780296, 0.774812]
  Train Tuned DeepSurv → mean: 0.799137 | std: 0.010199 | min: 0.779492 | max: 0.806045 | folds: [0.806020, 0.805373, 0.806045, 0.798756, 0.779492]
  Test Tuned DeepSurv → mean: 0.787741 | std: 0.006788 | min: 0.777598 | max: 0.795765 | folds: [0.788082, 0.794173, 0.777598, 0.795765, 0.783086]
  Train Tuned RSF → mean: 0.904188 | std: 0.007925 | min: 0.890409 | max: 0.913032 | folds: [0.913032, 0.890409, 0.910230, 0.905735, 0.901536]
  Test Tuned RSF → mean: 0.793996 | std: 0.010930 | min: 0.778638 | max: 0.807201 | folds: [0.784941, 0.795004, 0.778638, 0.807201, 0.804196]
  Train DeepSurv Vanilla → mean: 0.801036 | std: 0.008155 | min: 0.785461 | max: 0.809271 | folds: [0.809271, 0.803826, 0.804718, 0.785461, 0.801903]
  Test DeepSurv Vanilla → mean: 0.789167 | std: 0.008906 | min: 0.776092 | max: 0.800278 | folds: [0.789227, 0.800278, 0.776092, 0.783036, 0.797203]
  Train DeepSurv Simple → mean: 0.787142 | std: 0.007361 | min: 0.773512 | max: 0.795133 | folds: [0.773512, 0.790251, 0.795133, 0.786358, 0.790459]
  Test DeepSurv Simple → mean: 0.779597 | std: 0.017554 | min: 0.746331 | max: 0.796546 | folds: [0.746331, 0.796546, 0.779248, 0.785944, 0.789917]
  Train RSF  → mean: 0.902241 | std: 0.002124 | min: 0.900510 | max: 0.906361 | folds: [0.900823, 0.900510, 0.906361, 0.901974, 0.901536]
  Test RSF   → mean: 0.796632 | std: 0.009813 | min: 0.780886 | max: 0.809446 | folds: [0.793487, 0.795143, 0.780886, 0.809446, 0.804196]
  Train Cox  → mean: 0.800512 | std: 0.001650 | min: 0.798134 | max: 0.803197 | folds: [0.801067, 0.800277, 0.803197, 0.798134, 0.799887]
  Test Cox   → mean: 0.794854 | std: 0.007954 | min: 0.783536 | max: 0.802912 | folds: [0.787312, 0.798242, 0.783536, 0.802266, 0.802912]

  Preprocess: NaN | Seed: 123
  TABDPT Train Tuned DeepSurv → mean: 0.815997 | std: 0.004836 | min: 0.809074 | max: 0.824240 | folds: [0.809074, 0.815897, 0.815776, 0.814998, 0.824240]
  TABDPT Test Tuned DeepSurv → mean: 0.776820 | std: 0.010363 | min: 0.764510 | max: 0.793883 | folds: [0.764510, 0.780839, 0.767980, 0.793883, 0.776890]
  TABDPT Train Tuned RSF → mean: 0.899032 | std: 0.014482 | min: 0.870699 | max: 0.910345 | folds: [0.908210, 0.870699, 0.901736, 0.904168, 0.910345]
  TABDPT Test Tuned RSF → mean: 0.771416 | std: 0.009127 | min: 0.761956 | max: 0.786948 | folds: [0.761956, 0.762548, 0.774085, 0.786948, 0.771543]
  TABDPT Train Vanilla → mean: 0.809102 | std: 0.004358 | min: 0.802339 | max: 0.813649 | folds: [0.802339, 0.811840, 0.813649, 0.805609, 0.812074]
  TABDPT Test Vanilla → mean: 0.777844 | std: 0.010431 | min: 0.764166 | max: 0.792793 | folds: [0.764166, 0.781651, 0.768021, 0.792793, 0.782589]
  TABDPT Train Simple → mean: 0.785909 | std: 0.016269 | min: 0.761855 | max: 0.807761 | folds: [0.791948, 0.761855, 0.794562, 0.773418, 0.807761]
  TABDPT Test Simple → mean: 0.760085 | std: 0.007218 | min: 0.750988 | max: 0.771087 | folds: [0.753815, 0.764251, 0.750988, 0.771087, 0.760285]
  TABDPT Train RSF → mean: 0.922164 | std: 0.001890 | min: 0.919923 | max: 0.925624 | folds: [0.922152, 0.919923, 0.925624, 0.921290, 0.921832]
  TABDPT Test RSF → mean: 0.772604 | std: 0.008542 | min: 0.764377 | max: 0.788989 | folds: [0.768169, 0.764377, 0.771765, 0.788989, 0.769718]
  TABDPT Train Cox → mean: 0.814867 | std: 0.002646 | min: 0.811477 | max: 0.818183 | folds: [0.812871, 0.814113, 0.818183, 0.811477, 0.817691]
  TABDPT Test Cox → mean: 0.773582 | std: 0.007660 | min: 0.764651 | max: 0.784305 | folds: [0.764651, 0.780724, 0.767152, 0.784305, 0.771078]
Result saved in 'results/OrmoniTirodei/tabdpt/results_cv_OrmoniTirodei_tabdpt_seed123.txt'


Preprocess: Replace NaN with -1
Loading existing folds from tmp/splits/HURRAH_seed123.pkl
X_train shape: (13566, 61), X_test shape: (3392, 61)
Generating TABDPT Embeddings...
<class 'dict'>
Loaded TabDPTModel from checkpoint.
<class 'dict'>
Loaded TabDPTModel from checkpoint.
Successfully generated embeddings with shape: (13566, 768)
  [ckpt] Loading TABDPT DeepSurv Tuned from checkpoints/tabdpt/HURRAH/-1/seed123/fold1
C-index train: 0.8394
C-index test:  0.8186
  [ckpt] Loading TABDPT RSF Tuned from checkpoints/tabdpt/HURRAH/-1/seed123/fold1
C-index train: 0.8360
C-index test:  0.8134
  [ckpt] Loading DeepSurv Simple from checkpoints/tabdpt/HURRAH/-1/seed123/fold1/tabdpt_deepsurv_simple.pt
C-index TRAIN: 0.8439
C-index TEST:  0.8145
  [ckpt] Loading DeepSurv Vanilla from checkpoints/tabdpt/HURRAH/-1/seed123/fold1/tabdpt_deepsurv_vanilla.pt
C-index TRAIN: 0.8349
C-index TEST:  0.8062
  [ckpt] Loading TABDPT RSF from checkpoints/tabdpt/HURRAH/-1/seed123/fold1/tabdpt_rsf.pkl
C-index train: 0.9529
C-index test:  0.8120
  [ckpt] Loading TABDPT Cox (embedding) from checkpoints/tabdpt/HURRAH/-1/seed123/fold1/tabdpt_tab_cox.pkl
C-index train: 0.8420
C-index test:  0.8119
  [ckpt] Loading DeepSurv Vanilla baseline from checkpoints/tabdpt/HURRAH/-1/seed123/fold1/deepsurv_vanilla_baseline.pt
C-index TRAIN: 0.8583
C-index TEST:  0.8444
  [ckpt] Loading DeepSurv Simple baseline from checkpoints/tabdpt/HURRAH/-1/seed123/fold1/deepsurv_simple_baseline.pt
C-index TRAIN: 0.8370
C-index TEST:  0.8346
  [ckpt] Loading RSF baseline from checkpoints/tabdpt/HURRAH/-1/seed123/fold1/rsf_baseline.pkl
C-index train: 0.9210
C-index test:  0.8332
  [ckpt] Loading Cox baseline from checkpoints/tabdpt/HURRAH/-1/seed123/fold1/tabdpt_cox.pkl
C-index train: 0.8294
C-index test:  0.8222
  [ckpt] Loading DeepSurv Tuned baseline from checkpoints/tabdpt/HURRAH/-1/seed123/fold1
C-index train: 0.6510
C-index test:  0.6548
  [ckpt] Loading RSF Tuned baseline from checkpoints/tabdpt/HURRAH/-1/seed123/fold1
C-index train: 0.9269
C-index test:  0.8428
X_train shape: (13566, 61), X_test shape: (3392, 61)
Generating TABDPT Embeddings...
<class 'dict'>
Loaded TabDPTModel from checkpoint.
<class 'dict'>
Loaded TabDPTModel from checkpoint.
Successfully generated embeddings with shape: (13566, 768)
  [ckpt] Loading TABDPT DeepSurv Tuned from checkpoints/tabdpt/HURRAH/-1/seed123/fold2
C-index train: 0.8441
C-index test:  0.8080
  [ckpt] Loading TABDPT RSF Tuned from checkpoints/tabdpt/HURRAH/-1/seed123/fold2
C-index train: 0.8277
C-index test:  0.8282
  [ckpt] Loading DeepSurv Simple from checkpoints/tabdpt/HURRAH/-1/seed123/fold2/tabdpt_deepsurv_simple.pt
C-index TRAIN: 0.8308
C-index TEST:  0.7976
  [ckpt] Loading DeepSurv Vanilla from checkpoints/tabdpt/HURRAH/-1/seed123/fold2/tabdpt_deepsurv_vanilla.pt
C-index TRAIN: 0.8553
C-index TEST:  0.7993
  [ckpt] Loading TABDPT RSF from checkpoints/tabdpt/HURRAH/-1/seed123/fold2/tabdpt_rsf.pkl
C-index train: 0.9517
C-index test:  0.8149
  [ckpt] Loading TABDPT Cox (embedding) from checkpoints/tabdpt/HURRAH/-1/seed123/fold2/tabdpt_tab_cox.pkl
C-index train: 0.8408
C-index test:  0.7977
  [ckpt] Loading DeepSurv Vanilla baseline from checkpoints/tabdpt/HURRAH/-1/seed123/fold2/deepsurv_vanilla_baseline.pt
C-index TRAIN: 0.8585
C-index TEST:  0.8560
  [ckpt] Loading DeepSurv Simple baseline from checkpoints/tabdpt/HURRAH/-1/seed123/fold2/deepsurv_simple_baseline.pt
C-index TRAIN: 0.8393
C-index TEST:  0.8411
  [ckpt] Loading RSF baseline from checkpoints/tabdpt/HURRAH/-1/seed123/fold2/rsf_baseline.pkl
C-index train: 0.9198
C-index test:  0.8614
  [ckpt] Loading Cox baseline from checkpoints/tabdpt/HURRAH/-1/seed123/fold2/tabdpt_cox.pkl
C-index train: 0.8262
C-index test:  0.8348
  [ckpt] Loading DeepSurv Tuned baseline from checkpoints/tabdpt/HURRAH/-1/seed123/fold2
C-index train: 0.8439
C-index test:  0.8460
  [ckpt] Loading RSF Tuned baseline from checkpoints/tabdpt/HURRAH/-1/seed123/fold2
C-index train: 0.9341
C-index test:  0.8645
X_train shape: (13566, 61), X_test shape: (3392, 61)
Generating TABDPT Embeddings...
<class 'dict'>
Loaded TabDPTModel from checkpoint.
<class 'dict'>
Loaded TabDPTModel from checkpoint.
Successfully generated embeddings with shape: (13566, 768)
  [ckpt] Loading TABDPT DeepSurv Tuned from checkpoints/tabdpt/HURRAH/-1/seed123/fold3
C-index train: 0.8496
C-index test:  0.7977
  [ckpt] Loading TABDPT RSF Tuned from checkpoints/tabdpt/HURRAH/-1/seed123/fold3
C-index train: 0.8067
C-index test:  0.8219
  [ckpt] Loading DeepSurv Simple from checkpoints/tabdpt/HURRAH/-1/seed123/fold3/tabdpt_deepsurv_simple.pt
C-index TRAIN: 0.8353
C-index TEST:  0.8017
  [ckpt] Loading DeepSurv Vanilla from checkpoints/tabdpt/HURRAH/-1/seed123/fold3/tabdpt_deepsurv_vanilla.pt
C-index TRAIN: 0.8491
C-index TEST:  0.8154
  [ckpt] Loading TABDPT RSF from checkpoints/tabdpt/HURRAH/-1/seed123/fold3/tabdpt_rsf.pkl
C-index train: 0.9515
C-index test:  0.7969
  [ckpt] Loading TABDPT Cox (embedding) from checkpoints/tabdpt/HURRAH/-1/seed123/fold3/tabdpt_tab_cox.pkl
C-index train: 0.8431
C-index test:  0.7869
  [ckpt] Loading DeepSurv Vanilla baseline from checkpoints/tabdpt/HURRAH/-1/seed123/fold3/deepsurv_vanilla_baseline.pt
C-index TRAIN: 0.8611
C-index TEST:  0.8451
  [ckpt] Loading DeepSurv Simple baseline from checkpoints/tabdpt/HURRAH/-1/seed123/fold3/deepsurv_simple_baseline.pt
C-index TRAIN: 0.8404
C-index TEST:  0.8372
  [ckpt] Loading RSF baseline from checkpoints/tabdpt/HURRAH/-1/seed123/fold3/rsf_baseline.pkl
C-index train: 0.9196
C-index test:  0.8510
  [ckpt] Loading Cox baseline from checkpoints/tabdpt/HURRAH/-1/seed123/fold3/tabdpt_cox.pkl
C-index train: 0.8279
C-index test:  0.8287
  [ckpt] Loading DeepSurv Tuned baseline from checkpoints/tabdpt/HURRAH/-1/seed123/fold3
C-index train: 0.8600
C-index test:  0.8479
  [ckpt] Loading RSF Tuned baseline from checkpoints/tabdpt/HURRAH/-1/seed123/fold3
C-index train: 0.9335
C-index test:  0.8526
X_train shape: (13567, 61), X_test shape: (3391, 61)
Generating TABDPT Embeddings...
<class 'dict'>
Loaded TabDPTModel from checkpoint.
<class 'dict'>
Loaded TabDPTModel from checkpoint.
Successfully generated embeddings with shape: (13567, 768)
  [ckpt] Loading TABDPT DeepSurv Tuned from checkpoints/tabdpt/HURRAH/-1/seed123/fold4
C-index train: 0.8002
C-index test:  0.7945
  [ckpt] Loading TABDPT RSF Tuned from checkpoints/tabdpt/HURRAH/-1/seed123/fold4
C-index train: 0.8090
C-index test:  0.8098
  [ckpt] Loading DeepSurv Simple from checkpoints/tabdpt/HURRAH/-1/seed123/fold4/tabdpt_deepsurv_simple.pt
C-index TRAIN: 0.8489
C-index TEST:  0.7828
  [ckpt] Loading DeepSurv Vanilla from checkpoints/tabdpt/HURRAH/-1/seed123/fold4/tabdpt_deepsurv_vanilla.pt
C-index TRAIN: 0.8425
C-index TEST:  0.7872
  [ckpt] Loading TABDPT RSF from checkpoints/tabdpt/HURRAH/-1/seed123/fold4/tabdpt_rsf.pkl
C-index train: 0.9506
C-index test:  0.7976
  [ckpt] Loading TABDPT Cox (embedding) from checkpoints/tabdpt/HURRAH/-1/seed123/fold4/tabdpt_tab_cox.pkl
C-index train: 0.8447
C-index test:  0.7863
  [ckpt] Loading DeepSurv Vanilla baseline from checkpoints/tabdpt/HURRAH/-1/seed123/fold4/deepsurv_vanilla_baseline.pt
C-index TRAIN: 0.8594
C-index TEST:  0.8399
  [ckpt] Loading DeepSurv Simple baseline from checkpoints/tabdpt/HURRAH/-1/seed123/fold4/deepsurv_simple_baseline.pt
C-index TRAIN: 0.8298
C-index TEST:  0.8185
  [ckpt] Loading RSF baseline from checkpoints/tabdpt/HURRAH/-1/seed123/fold4/rsf_baseline.pkl
C-index train: 0.9206
C-index test:  0.8434
  [ckpt] Loading Cox baseline from checkpoints/tabdpt/HURRAH/-1/seed123/fold4/tabdpt_cox.pkl
C-index train: 0.8299
C-index test:  0.8156
  [ckpt] Loading DeepSurv Tuned baseline from checkpoints/tabdpt/HURRAH/-1/seed123/fold4
C-index train: 0.8323
C-index test:  0.8120
  [ckpt] Loading RSF Tuned baseline from checkpoints/tabdpt/HURRAH/-1/seed123/fold4
C-index train: 0.9304
C-index test:  0.8470
X_train shape: (13567, 61), X_test shape: (3391, 61)
Generating TABDPT Embeddings...
<class 'dict'>
Loaded TabDPTModel from checkpoint.
<class 'dict'>
Loaded TabDPTModel from checkpoint.
Successfully generated embeddings with shape: (13567, 768)
  [ckpt] Loading TABDPT DeepSurv Tuned from checkpoints/tabdpt/HURRAH/-1/seed123/fold5
C-index train: 0.8197
C-index test:  0.8002
  [ckpt] Loading TABDPT RSF Tuned from checkpoints/tabdpt/HURRAH/-1/seed123/fold5
C-index train: 0.8090
C-index test:  0.8314
  [ckpt] Loading DeepSurv Simple from checkpoints/tabdpt/HURRAH/-1/seed123/fold5/tabdpt_deepsurv_simple.pt
C-index TRAIN: 0.8251
C-index TEST:  0.7968
  [ckpt] Loading DeepSurv Vanilla from checkpoints/tabdpt/HURRAH/-1/seed123/fold5/tabdpt_deepsurv_vanilla.pt
C-index TRAIN: 0.8498
C-index TEST:  0.8272
  [ckpt] Loading TABDPT RSF from checkpoints/tabdpt/HURRAH/-1/seed123/fold5/tabdpt_rsf.pkl
C-index train: 0.9530
C-index test:  0.8285
  [ckpt] Loading TABDPT Cox (embedding) from checkpoints/tabdpt/HURRAH/-1/seed123/fold5/tabdpt_tab_cox.pkl
C-index train: 0.8396
C-index test:  0.8045
  [ckpt] Loading DeepSurv Vanilla baseline from checkpoints/tabdpt/HURRAH/-1/seed123/fold5/deepsurv_vanilla_baseline.pt
C-index TRAIN: 0.8544
C-index TEST:  0.8528
  [ckpt] Loading DeepSurv Simple baseline from checkpoints/tabdpt/HURRAH/-1/seed123/fold5/deepsurv_simple_baseline.pt
C-index TRAIN: 0.8350
C-index TEST:  0.8447
  [ckpt] Loading RSF baseline from checkpoints/tabdpt/HURRAH/-1/seed123/fold5/rsf_baseline.pkl
C-index train: 0.9202
C-index test:  0.8598
  [ckpt] Loading Cox baseline from checkpoints/tabdpt/HURRAH/-1/seed123/fold5/tabdpt_cox.pkl
C-index train: 0.8272
C-index test:  0.8304
  [ckpt] Loading DeepSurv Tuned baseline from checkpoints/tabdpt/HURRAH/-1/seed123/fold5
C-index train: 0.8244
C-index test:  0.8262
  [ckpt] Loading RSF Tuned baseline from checkpoints/tabdpt/HURRAH/-1/seed123/fold5
C-index train: 0.9283
C-index test:  0.8639


Preprocess: Keep NaN
Loading existing folds from tmp/splits/HURRAH_seed123.pkl
X_train shape: (13566, 61), X_test shape: (3392, 61)
Generating TABDPT Embeddings...
<class 'dict'>
Loaded TabDPTModel from checkpoint.
<class 'dict'>
Loaded TabDPTModel from checkpoint.
Successfully generated embeddings with shape: (13566, 768)
  [ckpt] Loading TABDPT DeepSurv Tuned from checkpoints/tabdpt/HURRAH/NaN/seed123/fold1
C-index train: 0.8149
C-index test:  0.8121
  [ckpt] Loading TABDPT RSF Tuned from checkpoints/tabdpt/HURRAH/NaN/seed123/fold1
C-index train: 0.8230
C-index test:  0.8056
  [ckpt] Loading DeepSurv Simple from checkpoints/tabdpt/HURRAH/NaN/seed123/fold1/tabdpt_deepsurv_simple.pt
C-index TRAIN: 0.8154
C-index TEST:  0.7926
  [ckpt] Loading DeepSurv Vanilla from checkpoints/tabdpt/HURRAH/NaN/seed123/fold1/tabdpt_deepsurv_vanilla.pt
C-index TRAIN: 0.8466
C-index TEST:  0.8072
  [ckpt] Loading TABDPT RSF from checkpoints/tabdpt/HURRAH/NaN/seed123/fold1/tabdpt_rsf.pkl
C-index train: 0.9524
C-index test:  0.7950
  [ckpt] Loading TABDPT Cox (embedding) from checkpoints/tabdpt/HURRAH/NaN/seed123/fold1/tabdpt_tab_cox.pkl
C-index train: 0.8326
C-index test:  0.8018
X_train shape: (13566, 61), X_test shape: (3392, 61)
Generating TABDPT Embeddings...
<class 'dict'>
Loaded TabDPTModel from checkpoint.
<class 'dict'>
Loaded TabDPTModel from checkpoint.
Successfully generated embeddings with shape: (13566, 768)
  [ckpt] Loading TABDPT DeepSurv Tuned from checkpoints/tabdpt/HURRAH/NaN/seed123/fold2
C-index train: 0.8161
C-index test:  0.8227
  [ckpt] Loading TABDPT RSF Tuned from checkpoints/tabdpt/HURRAH/NaN/seed123/fold2
C-index train: 0.8134
C-index test:  0.8216
  [ckpt] Loading DeepSurv Simple from checkpoints/tabdpt/HURRAH/NaN/seed123/fold2/tabdpt_deepsurv_simple.pt
C-index TRAIN: 0.7707
C-index TEST:  0.7720
  [ckpt] Loading DeepSurv Vanilla from checkpoints/tabdpt/HURRAH/NaN/seed123/fold2/tabdpt_deepsurv_vanilla.pt
C-index TRAIN: 0.8304
C-index TEST:  0.8113
  [ckpt] Loading TABDPT RSF from checkpoints/tabdpt/HURRAH/NaN/seed123/fold2/tabdpt_rsf.pkl
C-index train: 0.9497
C-index test:  0.8189
  [ckpt] Loading TABDPT Cox (embedding) from checkpoints/tabdpt/HURRAH/NaN/seed123/fold2/tabdpt_tab_cox.pkl
C-index train: 0.8300
C-index test:  0.7912
X_train shape: (13566, 61), X_test shape: (3392, 61)
Generating TABDPT Embeddings...
<class 'dict'>
Loaded TabDPTModel from checkpoint.
<class 'dict'>
Loaded TabDPTModel from checkpoint.
Successfully generated embeddings with shape: (13566, 768)
  [ckpt] Loading TABDPT DeepSurv Tuned from checkpoints/tabdpt/HURRAH/NaN/seed123/fold3
C-index train: 0.7983
C-index test:  0.8185
  [ckpt] Loading TABDPT RSF Tuned from checkpoints/tabdpt/HURRAH/NaN/seed123/fold3
C-index train: 0.8454
C-index test:  0.8143
  [surv] Saved → survival_predictions/tabdpt/HURRAH/NaN/seed123/fold3/tabdpt_rsf_tuned.pkl
  [ckpt] Loading DeepSurv Simple from checkpoints/tabdpt/HURRAH/NaN/seed123/fold3/tabdpt_deepsurv_simple.pt
C-index TRAIN: 0.8243
C-index TEST:  0.7599
  [surv] Saved → survival_predictions/tabdpt/HURRAH/NaN/seed123/fold3/tabdpt_deepsurv_simple.pkl
  [ckpt] Loading DeepSurv Vanilla from checkpoints/tabdpt/HURRAH/NaN/seed123/fold3/tabdpt_deepsurv_vanilla.pt
C-index TRAIN: 0.8418
C-index TEST:  0.8079
  [surv] Saved → survival_predictions/tabdpt/HURRAH/NaN/seed123/fold3/tabdpt_deepsurv_vanilla.pkl
  [ckpt] Loading TABDPT RSF from checkpoints/tabdpt/HURRAH/NaN/seed123/fold3/tabdpt_rsf.pkl
C-index train: 0.9500
C-index test:  0.8006
  [surv] Saved → survival_predictions/tabdpt/HURRAH/NaN/seed123/fold3/tabdpt_rsf.pkl
  [ckpt] Loading TABDPT Cox (embedding) from checkpoints/tabdpt/HURRAH/NaN/seed123/fold3/tabdpt_tab_cox.pkl
C-index train: 0.8292
C-index test:  0.7889
  [surv] Saved → survival_predictions/tabdpt/HURRAH/NaN/seed123/fold3/tabdpt_cox.pkl
X_train shape: (13567, 61), X_test shape: (3391, 61)
Generating TABDPT Embeddings...
<class 'dict'>
Loaded TabDPTModel from checkpoint.
<class 'dict'>
Loaded TabDPTModel from checkpoint.
Successfully generated embeddings with shape: (13567, 768)
  [ckpt] Loading TABDPT DeepSurv Tuned from checkpoints/tabdpt/HURRAH/NaN/seed123/fold4
C-index train: 0.8329
C-index test:  0.7834
  [surv] Saved → survival_predictions/tabdpt/HURRAH/NaN/seed123/fold4/tabdpt_deepsurv_tuned.pkl
  [ckpt] Loading TABDPT RSF Tuned from checkpoints/tabdpt/HURRAH/NaN/seed123/fold4
C-index train: 0.8432
C-index test:  0.7960
  [surv] Saved → survival_predictions/tabdpt/HURRAH/NaN/seed123/fold4/tabdpt_rsf_tuned.pkl
  [ckpt] Loading DeepSurv Simple from checkpoints/tabdpt/HURRAH/NaN/seed123/fold4/tabdpt_deepsurv_simple.pt
C-index TRAIN: 0.8328
C-index TEST:  0.7833
  [surv] Saved → survival_predictions/tabdpt/HURRAH/NaN/seed123/fold4/tabdpt_deepsurv_simple.pkl
  [ckpt] Loading DeepSurv Vanilla from checkpoints/tabdpt/HURRAH/NaN/seed123/fold4/tabdpt_deepsurv_vanilla.pt
C-index TRAIN: 0.8373
C-index TEST:  0.7872
  [surv] Saved → survival_predictions/tabdpt/HURRAH/NaN/seed123/fold4/tabdpt_deepsurv_vanilla.pkl
  [ckpt] Loading TABDPT RSF from checkpoints/tabdpt/HURRAH/NaN/seed123/fold4/tabdpt_rsf.pkl
C-index train: 0.9511
C-index test:  0.7882
  [surv] Saved → survival_predictions/tabdpt/HURRAH/NaN/seed123/fold4/tabdpt_rsf.pkl
  [ckpt] Loading TABDPT Cox (embedding) from checkpoints/tabdpt/HURRAH/NaN/seed123/fold4/tabdpt_tab_cox.pkl
C-index train: 0.8350
C-index test:  0.7781
  [surv] Saved → survival_predictions/tabdpt/HURRAH/NaN/seed123/fold4/tabdpt_cox.pkl
X_train shape: (13567, 61), X_test shape: (3391, 61)
Generating TABDPT Embeddings...
<class 'dict'>
Loaded TabDPTModel from checkpoint.
<class 'dict'>
Loaded TabDPTModel from checkpoint.
Successfully generated embeddings with shape: (13567, 768)
  [ckpt] Loading TABDPT DeepSurv Tuned from checkpoints/tabdpt/HURRAH/NaN/seed123/fold5
C-index train: 0.8268
C-index test:  0.8055
  [surv] Saved → survival_predictions/tabdpt/HURRAH/NaN/seed123/fold5/tabdpt_deepsurv_tuned.pkl
  [ckpt] Loading TABDPT RSF Tuned from checkpoints/tabdpt/HURRAH/NaN/seed123/fold5
C-index train: 0.8686
C-index test:  0.8156
  [surv] Saved → survival_predictions/tabdpt/HURRAH/NaN/seed123/fold5/tabdpt_rsf_tuned.pkl
  [ckpt] Loading DeepSurv Simple from checkpoints/tabdpt/HURRAH/NaN/seed123/fold5/tabdpt_deepsurv_simple.pt
C-index TRAIN: 0.8100
C-index TEST:  0.7765
  [surv] Saved → survival_predictions/tabdpt/HURRAH/NaN/seed123/fold5/tabdpt_deepsurv_simple.pkl
  [ckpt] Loading DeepSurv Vanilla from checkpoints/tabdpt/HURRAH/NaN/seed123/fold5/tabdpt_deepsurv_vanilla.pt
C-index TRAIN: 0.8272
C-index TEST:  0.8090
  [surv] Saved → survival_predictions/tabdpt/HURRAH/NaN/seed123/fold5/tabdpt_deepsurv_vanilla.pkl
  [ckpt] Loading TABDPT RSF from checkpoints/tabdpt/HURRAH/NaN/seed123/fold5/tabdpt_rsf.pkl
C-index train: 0.9506
C-index test:  0.8105
  [surv] Saved → survival_predictions/tabdpt/HURRAH/NaN/seed123/fold5/tabdpt_rsf.pkl
  [ckpt] Loading TABDPT Cox (embedding) from checkpoints/tabdpt/HURRAH/NaN/seed123/fold5/tabdpt_tab_cox.pkl
C-index train: 0.8304
C-index test:  0.7930
  [surv] Saved → survival_predictions/tabdpt/HURRAH/NaN/seed123/fold5/tabdpt_cox.pkl

  Preprocess: -1 | Seed: 123
  TABDPT Train Tuned DeepSurv → mean: 0.830585 | std: 0.018255 | min: 0.800162 | max: 0.849581 | folds: [0.839445, 0.844076, 0.849581, 0.800162, 0.819662]
  TABDPT Test Tuned DeepSurv → mean: 0.803789 | std: 0.008674 | min: 0.794462 | max: 0.818645 | folds: [0.818645, 0.808008, 0.797654, 0.794462, 0.800175]
  TABDPT Train Tuned RSF → mean: 0.817685 | std: 0.011874 | min: 0.806724 | max: 0.835979 | folds: [0.835979, 0.827685, 0.806724, 0.809024, 0.809014]
  TABDPT Test Tuned RSF → mean: 0.820927 | std: 0.008299 | min: 0.809771 | max: 0.831383 | folds: [0.813380, 0.828181, 0.821922, 0.809771, 0.831383]
  TABDPT Train Vanilla → mean: 0.846281 | std: 0.006998 | min: 0.834884 | max: 0.855258 | folds: [0.834884, 0.855258, 0.849050, 0.842457, 0.849755]
  TABDPT Test Vanilla → mean: 0.807089 | std: 0.013649 | min: 0.787223 | max: 0.827242 | folds: [0.806220, 0.799325, 0.815433, 0.787223, 0.827242]
  TABDPT Train Simple → mean: 0.836778 | std: 0.008622 | min: 0.825069 | max: 0.848879 | folds: [0.843870, 0.830814, 0.835260, 0.848879, 0.825069]
  TABDPT Test Simple → mean: 0.798687 | std: 0.010163 | min: 0.782801 | max: 0.814500 | folds: [0.814500, 0.797606, 0.801739, 0.782801, 0.796792]
  TABDPT Train RSF → mean: 0.951949 | std: 0.000912 | min: 0.950608 | max: 0.953033 | folds: [0.952914, 0.951653, 0.951539, 0.950608, 0.953033]
  TABDPT Test RSF → mean: 0.810009 | std: 0.011792 | min: 0.796932 | max: 0.828504 | folds: [0.812049, 0.814949, 0.796932, 0.797614, 0.828504]
  TABDPT Train Cox → mean: 0.842040 | std: 0.001763 | min: 0.839632 | max: 0.844691 | folds: [0.841997, 0.840779, 0.843102, 0.844691, 0.839632]
  TABDPT Test Cox → mean: 0.797449 | std: 0.009956 | min: 0.786262 | max: 0.811894 | folds: [0.811894, 0.797731, 0.786865, 0.786262, 0.804496]
  Train Tuned DeepSurv → mean: 0.802317 | std: 0.076619 | min: 0.650959 | max: 0.859996 | folds: [0.650959, 0.843876, 0.859996, 0.832312, 0.824444]
  Test Tuned DeepSurv → mean: 0.797376 | std: 0.072492 | min: 0.654842 | max: 0.847905 | folds: [0.654842, 0.846005, 0.847905, 0.811960, 0.826168]
  Train Tuned RSF → mean: 0.930637 | std: 0.002814 | min: 0.926895 | max: 0.934096 | folds: [0.926895, 0.934096, 0.933483, 0.930415, 0.928297]
  Test Tuned RSF → mean: 0.854141 | std: 0.008783 | min: 0.842753 | max: 0.864459 | folds: [0.842753, 0.864459, 0.852603, 0.846966, 0.863923]
  Train DeepSurv Vanilla → mean: 0.858324 | std: 0.002212 | min: 0.854352 | max: 0.861067 | folds: [0.858284, 0.858533, 0.861067, 0.859382, 0.854352]
  Test DeepSurv Vanilla → mean: 0.847639 | std: 0.005883 | min: 0.839887 | max: 0.855978 | folds: [0.844415, 0.855978, 0.845114, 0.839887, 0.852799]
  Train DeepSurv Simple → mean: 0.836306 | std: 0.003739 | min: 0.829847 | max: 0.840438 | folds: [0.837013, 0.839274, 0.840438, 0.829847, 0.834958]
  Test DeepSurv Simple → mean: 0.835246 | std: 0.009029 | min: 0.818540 | max: 0.844712 | folds: [0.834647, 0.841145, 0.837187, 0.818540, 0.844712]
  Train RSF  → mean: 0.920223 | std: 0.000519 | min: 0.919579 | max: 0.920995 | folds: [0.920995, 0.919781, 0.919579, 0.920594, 0.920167]
  Test RSF   → mean: 0.849782 | std: 0.010520 | min: 0.833220 | max: 0.861417 | folds: [0.833220, 0.861417, 0.851041, 0.843390, 0.859842]
  Train Cox  → mean: 0.828128 | std: 0.001359 | min: 0.826234 | max: 0.829897 | folds: [0.829387, 0.826234, 0.827940, 0.829897, 0.827182]
  Test Cox   → mean: 0.826363 | std: 0.006724 | min: 0.815616 | max: 0.834793 | folds: [0.822218, 0.834793, 0.828749, 0.815616, 0.830437]

  Preprocess: NaN | Seed: 123
  TABDPT Train Tuned DeepSurv → mean: 0.817798 | std: 0.011839 | min: 0.798328 | max: 0.832934 | folds: [0.814868, 0.816063, 0.798328, 0.832934, 0.826799]
  TABDPT Test Tuned DeepSurv → mean: 0.808454 | std: 0.013800 | min: 0.783449 | max: 0.822707 | folds: [0.812083, 0.822707, 0.818544, 0.783449, 0.805486]
  TABDPT Train Tuned RSF → mean: 0.838741 | std: 0.019198 | min: 0.813426 | max: 0.868588 | folds: [0.823044, 0.813426, 0.845404, 0.843244, 0.868588]
  TABDPT Test Tuned RSF → mean: 0.810623 | std: 0.008920 | min: 0.795981 | max: 0.821606 | folds: [0.805650, 0.821606, 0.814285, 0.795981, 0.815591]
  TABDPT Train Vanilla → mean: 0.836660 | std: 0.007158 | min: 0.827163 | max: 0.846642 | folds: [0.846642, 0.830376, 0.841806, 0.837311, 0.827163]
  TABDPT Test Vanilla → mean: 0.804522 | std: 0.008755 | min: 0.787228 | max: 0.811269 | folds: [0.807247, 0.811269, 0.807863, 0.787228, 0.809001]
  TABDPT Train Simple → mean: 0.810631 | std: 0.021430 | min: 0.770687 | max: 0.832798 | folds: [0.815439, 0.770687, 0.824258, 0.832798, 0.809970]
  TABDPT Test Simple → mean: 0.776847 | std: 0.010970 | min: 0.759875 | max: 0.792627 | folds: [0.792627, 0.772005, 0.759875, 0.783254, 0.776471]
  TABDPT Train RSF → mean: 0.950758 | std: 0.000937 | min: 0.949716 | max: 0.952352 | folds: [0.952352, 0.949716, 0.949985, 0.951132, 0.950607]
  TABDPT Test RSF → mean: 0.802632 | std: 0.010939 | min: 0.788153 | max: 0.818916 | folds: [0.795039, 0.818916, 0.800571, 0.788153, 0.810482]
  TABDPT Train Cox → mean: 0.831445 | std: 0.002100 | min: 0.829227 | max: 0.835012 | folds: [0.832565, 0.829991, 0.829227, 0.835012, 0.830432]
  TABDPT Test Cox → mean: 0.790595 | std: 0.007642 | min: 0.778062 | max: 0.801822 | folds: [0.801822, 0.791184, 0.788923, 0.778062, 0.792982]
Result saved in 'results/HURRAH/tabdpt/results_cv_HURRAH_tabdpt_seed123.txt'
