ENV CHECKPOINT PATH: 
DEFAULT PATH: /scratch.hpc/luca.cotugno/Foundation_model_clinical_data/src/models_diff/tabdpt1_1.pth
ENV CHECKPOINT PATH: 
DEFAULT PATH: /scratch.hpc/luca.cotugno/Foundation_model_clinical_data/src/models_diff/tabdpt1_1.pth
/scratch.hpc/luca.cotugno/Foundation_model_clinical_data/.venv/lib/python3.12/site-packages/pycox/models/cox.py:251: RuntimeWarning: overflow encountered in exp
  expg = np.exp(self.predict(input, batch_size, True, eval_, num_workers=num_workers)).reshape(1, -1)
ENV CHECKPOINT PATH: 
DEFAULT PATH: /scratch.hpc/luca.cotugno/Foundation_model_clinical_data/src/models_diff/tabdpt1_1.pth
ENV CHECKPOINT PATH: 
DEFAULT PATH: /scratch.hpc/luca.cotugno/Foundation_model_clinical_data/src/models_diff/tabdpt1_1.pth
ENV CHECKPOINT PATH: 
DEFAULT PATH: /scratch.hpc/luca.cotugno/Foundation_model_clinical_data/src/models_diff/tabdpt1_1.pth
ENV CHECKPOINT PATH: 
DEFAULT PATH: /scratch.hpc/luca.cotugno/Foundation_model_clinical_data/src/models_diff/tabdpt1_1.pth
ENV CHECKPOINT PATH: 
DEFAULT PATH: /scratch.hpc/luca.cotugno/Foundation_model_clinical_data/src/models_diff/tabdpt1_1.pth
ENV CHECKPOINT PATH: 
DEFAULT PATH: /scratch.hpc/luca.cotugno/Foundation_model_clinical_data/src/models_diff/tabdpt1_1.pth
ENV CHECKPOINT PATH: 
DEFAULT PATH: /scratch.hpc/luca.cotugno/Foundation_model_clinical_data/src/models_diff/tabdpt1_1.pth
ENV CHECKPOINT PATH: 
DEFAULT PATH: /scratch.hpc/luca.cotugno/Foundation_model_clinical_data/src/models_diff/tabdpt1_1.pth
ENV CHECKPOINT PATH: 
DEFAULT PATH: /scratch.hpc/luca.cotugno/Foundation_model_clinical_data/src/models_diff/tabdpt1_1.pth
ENV CHECKPOINT PATH: 
DEFAULT PATH: /scratch.hpc/luca.cotugno/Foundation_model_clinical_data/src/models_diff/tabdpt1_1.pth
ENV CHECKPOINT PATH: 
DEFAULT PATH: /scratch.hpc/luca.cotugno/Foundation_model_clinical_data/src/models_diff/tabdpt1_1.pth
ENV CHECKPOINT PATH: 
DEFAULT PATH: /scratch.hpc/luca.cotugno/Foundation_model_clinical_data/src/models_diff/tabdpt1_1.pth
ENV CHECKPOINT PATH: 
DEFAULT PATH: /scratch.hpc/luca.cotugno/Foundation_model_clinical_data/src/models_diff/tabdpt1_1.pth
ENV CHECKPOINT PATH: 
DEFAULT PATH: /scratch.hpc/luca.cotugno/Foundation_model_clinical_data/src/models_diff/tabdpt1_1.pth
ENV CHECKPOINT PATH: 
DEFAULT PATH: /scratch.hpc/luca.cotugno/Foundation_model_clinical_data/src/models_diff/tabdpt1_1.pth
ENV CHECKPOINT PATH: 
DEFAULT PATH: /scratch.hpc/luca.cotugno/Foundation_model_clinical_data/src/models_diff/tabdpt1_1.pth
ENV CHECKPOINT PATH: 
DEFAULT PATH: /scratch.hpc/luca.cotugno/Foundation_model_clinical_data/src/models_diff/tabdpt1_1.pth
ENV CHECKPOINT PATH: 
DEFAULT PATH: /scratch.hpc/luca.cotugno/Foundation_model_clinical_data/src/models_diff/tabdpt1_1.pth
ENV CHECKPOINT PATH: 
DEFAULT PATH: /scratch.hpc/luca.cotugno/Foundation_model_clinical_data/src/models_diff/tabdpt1_1.pth
ENV CHECKPOINT PATH: 
DEFAULT PATH: /scratch.hpc/luca.cotugno/Foundation_model_clinical_data/src/models_diff/tabdpt1_1.pth
ENV CHECKPOINT PATH: 
DEFAULT PATH: /scratch.hpc/luca.cotugno/Foundation_model_clinical_data/src/models_diff/tabdpt1_1.pth
ENV CHECKPOINT PATH: 
DEFAULT PATH: /scratch.hpc/luca.cotugno/Foundation_model_clinical_data/src/models_diff/tabdpt1_1.pth
ENV CHECKPOINT PATH: 
DEFAULT PATH: /scratch.hpc/luca.cotugno/Foundation_model_clinical_data/src/models_diff/tabdpt1_1.pth
ENV CHECKPOINT PATH: 
DEFAULT PATH: /scratch.hpc/luca.cotugno/Foundation_model_clinical_data/src/models_diff/tabdpt1_1.pth
/scratch.hpc/luca.cotugno/Foundation_model_clinical_data/.venv/lib/python3.12/site-packages/pycox/models/cox.py:251: RuntimeWarning: overflow encountered in exp
  expg = np.exp(self.predict(input, batch_size, True, eval_, num_workers=num_workers)).reshape(1, -1)
ENV CHECKPOINT PATH: 
DEFAULT PATH: /scratch.hpc/luca.cotugno/Foundation_model_clinical_data/src/models_diff/tabdpt1_1.pth
ENV CHECKPOINT PATH: 
DEFAULT PATH: /scratch.hpc/luca.cotugno/Foundation_model_clinical_data/src/models_diff/tabdpt1_1.pth
ENV CHECKPOINT PATH: 
DEFAULT PATH: /scratch.hpc/luca.cotugno/Foundation_model_clinical_data/src/models_diff/tabdpt1_1.pth
ENV CHECKPOINT PATH: 
DEFAULT PATH: /scratch.hpc/luca.cotugno/Foundation_model_clinical_data/src/models_diff/tabdpt1_1.pth
ENV CHECKPOINT PATH: 
DEFAULT PATH: /scratch.hpc/luca.cotugno/Foundation_model_clinical_data/src/models_diff/tabdpt1_1.pth
/scratch.hpc/luca.cotugno/Foundation_model_clinical_data/src/tabdpt/tabdpt/models_utils.py:118: UserWarning: The given NumPy array is not writable, and PyTorch does not support non-writable tensors. This means writing to this tensor will result in undefined behavior. You may want to copy the array to protect its data or make it writable before converting it to a tensor. This type of warning will be suppressed for the rest of this program. (Triggered internally at /pytorch/torch/csrc/utils/tensor_numpy.cpp:213.)
  return torch.from_numpy(input)
STARTED  model=tabdpt  seed=789  tuning=True  shap=True


Preprocess: Replace NaN with -1
Loading existing folds from tmp/splits/OrmoniTirodei_seed789.pkl
X_train shape: (5161, 76), X_test shape: (1291, 76)
Generating TABDPT Embeddings...
<class 'dict'>
Loaded TabDPTModel from checkpoint.
<class 'dict'>
Loaded TabDPTModel from checkpoint.
Successfully generated embeddings with shape: (5161, 768)
  [ckpt] Loading TABDPT DeepSurv Tuned from checkpoints/tabdpt/OrmoniTirodei/-1/seed789/fold1
C-index train: 0.8038
C-index test:  0.7732
  [ckpt] Loading TABDPT RSF Tuned from checkpoints/tabdpt/OrmoniTirodei/-1/seed789/fold1
C-index train: 0.9279
C-index test:  0.7674
  [ckpt] Loading DeepSurv Simple from checkpoints/tabdpt/OrmoniTirodei/-1/seed789/fold1/tabdpt_deepsurv_simple.pt
C-index TRAIN: 0.8006
C-index TEST:  0.7279
  [ckpt] Loading DeepSurv Vanilla from checkpoints/tabdpt/OrmoniTirodei/-1/seed789/fold1/tabdpt_deepsurv_vanilla.pt
C-index TRAIN: 0.8127
C-index TEST:  0.7693
  [ckpt] Loading TABDPT RSF from checkpoints/tabdpt/OrmoniTirodei/-1/seed789/fold1/tabdpt_rsf.pkl
C-index train: 0.9201
C-index test:  0.7637
  [ckpt] Loading TABDPT Cox (embedding) from checkpoints/tabdpt/OrmoniTirodei/-1/seed789/fold1/tabdpt_tab_cox.pkl
C-index train: 0.8133
C-index test:  0.7690
  [ckpt] Loading DeepSurv Vanilla baseline from checkpoints/tabdpt/OrmoniTirodei/-1/seed789/fold1/deepsurv_vanilla_baseline.pt
C-index TRAIN: 0.8095
C-index TEST:  0.7926
  [ckpt] Loading DeepSurv Simple baseline from checkpoints/tabdpt/OrmoniTirodei/-1/seed789/fold1/deepsurv_simple_baseline.pt
C-index TRAIN: 0.7893
C-index TEST:  0.7821
  [ckpt] Loading RSF baseline from checkpoints/tabdpt/OrmoniTirodei/-1/seed789/fold1/rsf_baseline.pkl
C-index train: 0.9013
C-index test:  0.7951
  [ckpt] Loading Cox baseline from checkpoints/tabdpt/OrmoniTirodei/-1/seed789/fold1/tabdpt_cox.pkl
C-index train: 0.8016
C-index test:  0.7899
  [ckpt] Loading DeepSurv Tuned baseline from checkpoints/tabdpt/OrmoniTirodei/-1/seed789/fold1
C-index train: 0.7778
C-index test:  0.7735
  [ckpt] Loading RSF Tuned baseline from checkpoints/tabdpt/OrmoniTirodei/-1/seed789/fold1
C-index train: 0.9050
C-index test:  0.7948
  [SHAP] Fold 1: loading cached values from checkpoints/tabdpt/OrmoniTirodei/-1/seed789/fold1/shap_values.pkl
X_train shape: (5161, 76), X_test shape: (1291, 76)
Generating TABDPT Embeddings...
<class 'dict'>
Loaded TabDPTModel from checkpoint.
<class 'dict'>
Loaded TabDPTModel from checkpoint.
Successfully generated embeddings with shape: (5161, 768)
  [ckpt] Loading TABDPT DeepSurv Tuned from checkpoints/tabdpt/OrmoniTirodei/-1/seed789/fold2
C-index train: 0.8111
C-index test:  0.7715
  [ckpt] Loading TABDPT RSF Tuned from checkpoints/tabdpt/OrmoniTirodei/-1/seed789/fold2
C-index train: 0.8904
C-index test:  0.7656
  [ckpt] Loading DeepSurv Simple from checkpoints/tabdpt/OrmoniTirodei/-1/seed789/fold2/tabdpt_deepsurv_simple.pt
C-index TRAIN: 0.8068
C-index TEST:  0.7551
  [ckpt] Loading DeepSurv Vanilla from checkpoints/tabdpt/OrmoniTirodei/-1/seed789/fold2/tabdpt_deepsurv_vanilla.pt
C-index TRAIN: 0.8126
C-index TEST:  0.7758
  [ckpt] Loading TABDPT RSF from checkpoints/tabdpt/OrmoniTirodei/-1/seed789/fold2/tabdpt_rsf.pkl
C-index train: 0.9178
C-index test:  0.7676
  [ckpt] Loading TABDPT Cox (embedding) from checkpoints/tabdpt/OrmoniTirodei/-1/seed789/fold2/tabdpt_tab_cox.pkl
C-index train: 0.8120
C-index test:  0.7697
  [ckpt] Loading DeepSurv Vanilla baseline from checkpoints/tabdpt/OrmoniTirodei/-1/seed789/fold2/deepsurv_vanilla_baseline.pt
C-index TRAIN: 0.8046
C-index TEST:  0.7956
  [ckpt] Loading DeepSurv Simple baseline from checkpoints/tabdpt/OrmoniTirodei/-1/seed789/fold2/deepsurv_simple_baseline.pt
C-index TRAIN: 0.7912
C-index TEST:  0.7917
  [ckpt] Loading RSF baseline from checkpoints/tabdpt/OrmoniTirodei/-1/seed789/fold2/rsf_baseline.pkl
C-index train: 0.9019
C-index test:  0.7898
  [ckpt] Loading Cox baseline from checkpoints/tabdpt/OrmoniTirodei/-1/seed789/fold2/tabdpt_cox.pkl
C-index train: 0.7995
C-index test:  0.7954
  [ckpt] Loading DeepSurv Tuned baseline from checkpoints/tabdpt/OrmoniTirodei/-1/seed789/fold2
C-index train: 0.7735
C-index test:  0.7795
  [ckpt] Loading RSF Tuned baseline from checkpoints/tabdpt/OrmoniTirodei/-1/seed789/fold2
C-index train: 0.9084
C-index test:  0.7877
  [SHAP] Fold 2: loading cached values from checkpoints/tabdpt/OrmoniTirodei/-1/seed789/fold2/shap_values.pkl
X_train shape: (5162, 76), X_test shape: (1290, 76)
Generating TABDPT Embeddings...
<class 'dict'>
Loaded TabDPTModel from checkpoint.
<class 'dict'>
Loaded TabDPTModel from checkpoint.
Successfully generated embeddings with shape: (5162, 768)
  [ckpt] Loading TABDPT DeepSurv Tuned from checkpoints/tabdpt/OrmoniTirodei/-1/seed789/fold3
C-index train: 0.8033
C-index test:  0.7732
  [ckpt] Loading TABDPT RSF Tuned from checkpoints/tabdpt/OrmoniTirodei/-1/seed789/fold3
C-index train: 0.8870
C-index test:  0.7687
  [ckpt] Loading DeepSurv Simple from checkpoints/tabdpt/OrmoniTirodei/-1/seed789/fold3/tabdpt_deepsurv_simple.pt
C-index TRAIN: 0.7894
C-index TEST:  0.7483
  [ckpt] Loading DeepSurv Vanilla from checkpoints/tabdpt/OrmoniTirodei/-1/seed789/fold3/tabdpt_deepsurv_vanilla.pt
C-index TRAIN: 0.8082
C-index TEST:  0.7731
  [ckpt] Loading TABDPT RSF from checkpoints/tabdpt/OrmoniTirodei/-1/seed789/fold3/tabdpt_rsf.pkl
C-index train: 0.9212
C-index test:  0.7650
  [ckpt] Loading TABDPT Cox (embedding) from checkpoints/tabdpt/OrmoniTirodei/-1/seed789/fold3/tabdpt_tab_cox.pkl
C-index train: 0.8117
C-index test:  0.7733
  [ckpt] Loading DeepSurv Vanilla baseline from checkpoints/tabdpt/OrmoniTirodei/-1/seed789/fold3/deepsurv_vanilla_baseline.pt
C-index TRAIN: 0.8085
C-index TEST:  0.7849
  [ckpt] Loading DeepSurv Simple baseline from checkpoints/tabdpt/OrmoniTirodei/-1/seed789/fold3/deepsurv_simple_baseline.pt
C-index TRAIN: 0.7870
C-index TEST:  0.7773
  [ckpt] Loading RSF baseline from checkpoints/tabdpt/OrmoniTirodei/-1/seed789/fold3/rsf_baseline.pkl
C-index train: 0.8992
C-index test:  0.7972
  [ckpt] Loading Cox baseline from checkpoints/tabdpt/OrmoniTirodei/-1/seed789/fold3/tabdpt_cox.pkl
C-index train: 0.8004
C-index test:  0.7942
  [ckpt] Loading DeepSurv Tuned baseline from checkpoints/tabdpt/OrmoniTirodei/-1/seed789/fold3
C-index train: 0.8033
C-index test:  0.7884
  [ckpt] Loading RSF Tuned baseline from checkpoints/tabdpt/OrmoniTirodei/-1/seed789/fold3
C-index train: 0.9037
C-index test:  0.7960
  [SHAP] Fold 3: loading cached values from checkpoints/tabdpt/OrmoniTirodei/-1/seed789/fold3/shap_values.pkl
X_train shape: (5162, 76), X_test shape: (1290, 76)
Generating TABDPT Embeddings...
<class 'dict'>
Loaded TabDPTModel from checkpoint.
<class 'dict'>
Loaded TabDPTModel from checkpoint.
Successfully generated embeddings with shape: (5162, 768)
  [ckpt] Loading TABDPT DeepSurv Tuned from checkpoints/tabdpt/OrmoniTirodei/-1/seed789/fold4
C-index train: 0.8100
C-index test:  0.7780
  [ckpt] Loading TABDPT RSF Tuned from checkpoints/tabdpt/OrmoniTirodei/-1/seed789/fold4
C-index train: 0.8999
C-index test:  0.7775
  [ckpt] Loading DeepSurv Simple from checkpoints/tabdpt/OrmoniTirodei/-1/seed789/fold4/tabdpt_deepsurv_simple.pt
C-index TRAIN: 0.7701
C-index TEST:  0.7547
  [ckpt] Loading DeepSurv Vanilla from checkpoints/tabdpt/OrmoniTirodei/-1/seed789/fold4/tabdpt_deepsurv_vanilla.pt
C-index TRAIN: 0.8145
C-index TEST:  0.7877
  [ckpt] Loading TABDPT RSF from checkpoints/tabdpt/OrmoniTirodei/-1/seed789/fold4/tabdpt_rsf.pkl
C-index train: 0.9240
C-index test:  0.7795
  [ckpt] Loading TABDPT Cox (embedding) from checkpoints/tabdpt/OrmoniTirodei/-1/seed789/fold4/tabdpt_tab_cox.pkl
C-index train: 0.8109
C-index test:  0.7869
  [ckpt] Loading DeepSurv Vanilla baseline from checkpoints/tabdpt/OrmoniTirodei/-1/seed789/fold4/deepsurv_vanilla_baseline.pt
C-index TRAIN: 0.8065
C-index TEST:  0.8018
  [ckpt] Loading DeepSurv Simple baseline from checkpoints/tabdpt/OrmoniTirodei/-1/seed789/fold4/deepsurv_simple_baseline.pt
C-index TRAIN: 0.7839
C-index TEST:  0.7870
  [ckpt] Loading RSF baseline from checkpoints/tabdpt/OrmoniTirodei/-1/seed789/fold4/rsf_baseline.pkl
C-index train: 0.9026
C-index test:  0.8099
  [ckpt] Loading Cox baseline from checkpoints/tabdpt/OrmoniTirodei/-1/seed789/fold4/tabdpt_cox.pkl
C-index train: 0.7983
C-index test:  0.8027
  [ckpt] Loading DeepSurv Tuned baseline from checkpoints/tabdpt/OrmoniTirodei/-1/seed789/fold4
C-index train: 0.7106
C-index test:  0.7089
  [ckpt] Loading RSF Tuned baseline from checkpoints/tabdpt/OrmoniTirodei/-1/seed789/fold4
C-index train: 0.9103
C-index test:  0.8104
  [SHAP] Fold 4: loading cached values from checkpoints/tabdpt/OrmoniTirodei/-1/seed789/fold4/shap_values.pkl
X_train shape: (5162, 76), X_test shape: (1290, 76)
Generating TABDPT Embeddings...
<class 'dict'>
Loaded TabDPTModel from checkpoint.
<class 'dict'>
Loaded TabDPTModel from checkpoint.
Successfully generated embeddings with shape: (5162, 768)
  [ckpt] Loading TABDPT DeepSurv Tuned from checkpoints/tabdpt/OrmoniTirodei/-1/seed789/fold5
C-index train: 0.7544
C-index test:  0.7526
  [ckpt] Loading TABDPT RSF Tuned from checkpoints/tabdpt/OrmoniTirodei/-1/seed789/fold5
C-index train: 0.8839
C-index test:  0.7691
  [ckpt] Loading DeepSurv Simple from checkpoints/tabdpt/OrmoniTirodei/-1/seed789/fold5/tabdpt_deepsurv_simple.pt
C-index TRAIN: 0.8023
C-index TEST:  0.7610
  [ckpt] Loading DeepSurv Vanilla from checkpoints/tabdpt/OrmoniTirodei/-1/seed789/fold5/tabdpt_deepsurv_vanilla.pt
C-index TRAIN: 0.7949
C-index TEST:  0.7782
  [ckpt] Loading TABDPT RSF from checkpoints/tabdpt/OrmoniTirodei/-1/seed789/fold5/tabdpt_rsf.pkl
C-index train: 0.9218
C-index test:  0.7670
  [ckpt] Loading TABDPT Cox (embedding) from checkpoints/tabdpt/OrmoniTirodei/-1/seed789/fold5/tabdpt_tab_cox.pkl
C-index train: 0.8144
C-index test:  0.7640
  [ckpt] Loading DeepSurv Vanilla baseline from checkpoints/tabdpt/OrmoniTirodei/-1/seed789/fold5/deepsurv_vanilla_baseline.pt
C-index TRAIN: 0.8063
C-index TEST:  0.7816
  [ckpt] Loading DeepSurv Simple baseline from checkpoints/tabdpt/OrmoniTirodei/-1/seed789/fold5/deepsurv_simple_baseline.pt
C-index TRAIN: 0.7956
C-index TEST:  0.7686
  [ckpt] Loading RSF baseline from checkpoints/tabdpt/OrmoniTirodei/-1/seed789/fold5/rsf_baseline.pkl
C-index train: 0.9048
C-index test:  0.7958
  [ckpt] Loading Cox baseline from checkpoints/tabdpt/OrmoniTirodei/-1/seed789/fold5/tabdpt_cox.pkl
C-index train: 0.8033
C-index test:  0.7838
  [ckpt] Loading DeepSurv Tuned baseline from checkpoints/tabdpt/OrmoniTirodei/-1/seed789/fold5
C-index train: 0.8067
C-index test:  0.7821
  [ckpt] Loading RSF Tuned baseline from checkpoints/tabdpt/OrmoniTirodei/-1/seed789/fold5
C-index train: 0.9048
C-index test:  0.7958
  [SHAP] Fold 5: loading cached values from checkpoints/tabdpt/OrmoniTirodei/-1/seed789/fold5/shap_values.pkl
[SHAP] Results saved → results/OrmoniTirodei/tabdpt/shap_OrmoniTirodei_tabdpt_-1_seed789.txt


Preprocess: Keep NaN
Loading existing folds from tmp/splits/OrmoniTirodei_seed789.pkl
X_train shape: (5161, 76), X_test shape: (1291, 76)
Generating TABDPT Embeddings...
<class 'dict'>
Loaded TabDPTModel from checkpoint.
<class 'dict'>
Loaded TabDPTModel from checkpoint.
Successfully generated embeddings with shape: (5161, 768)
  [ckpt] Loading TABDPT DeepSurv Tuned from checkpoints/tabdpt/OrmoniTirodei/NaN/seed789/fold1
C-index train: 0.8198
C-index test:  0.7773
  [ckpt] Loading TABDPT RSF Tuned from checkpoints/tabdpt/OrmoniTirodei/NaN/seed789/fold1
C-index train: 0.8800
C-index test:  0.7631
  [ckpt] Loading DeepSurv Simple from checkpoints/tabdpt/OrmoniTirodei/NaN/seed789/fold1/tabdpt_deepsurv_simple.pt
C-index TRAIN: 0.8078
C-index TEST:  0.7561
  [surv] Saved → survival_predictions/tabdpt/OrmoniTirodei/NaN/seed789/fold1/tabdpt_deepsurv_simple.pkl
  [ckpt] Loading DeepSurv Vanilla from checkpoints/tabdpt/OrmoniTirodei/NaN/seed789/fold1/tabdpt_deepsurv_vanilla.pt
C-index TRAIN: 0.8168
C-index TEST:  0.7788
  [surv] Saved → survival_predictions/tabdpt/OrmoniTirodei/NaN/seed789/fold1/tabdpt_deepsurv_vanilla.pkl
  [ckpt] Loading TABDPT RSF from checkpoints/tabdpt/OrmoniTirodei/NaN/seed789/fold1/tabdpt_rsf.pkl
C-index train: 0.9198
C-index test:  0.7680
  [surv] Saved → survival_predictions/tabdpt/OrmoniTirodei/NaN/seed789/fold1/tabdpt_rsf.pkl
  [ckpt] Loading TABDPT Cox (embedding) from checkpoints/tabdpt/OrmoniTirodei/NaN/seed789/fold1/tabdpt_tab_cox.pkl
C-index train: 0.8161
C-index test:  0.7733
  [surv] Saved → survival_predictions/tabdpt/OrmoniTirodei/NaN/seed789/fold1/tabdpt_cox.pkl
  [SHAP] Fold 1: loading cached values from checkpoints/tabdpt/OrmoniTirodei/NaN/seed789/fold1/shap_values.pkl
X_train shape: (5161, 76), X_test shape: (1291, 76)
Generating TABDPT Embeddings...
<class 'dict'>
Loaded TabDPTModel from checkpoint.
<class 'dict'>
Loaded TabDPTModel from checkpoint.
Successfully generated embeddings with shape: (5161, 768)
  [ckpt] Loading TABDPT DeepSurv Tuned from checkpoints/tabdpt/OrmoniTirodei/NaN/seed789/fold2
C-index train: 0.8315
C-index test:  0.7693
  [ckpt] Loading TABDPT RSF Tuned from checkpoints/tabdpt/OrmoniTirodei/NaN/seed789/fold2
C-index train: 0.9096
C-index test:  0.7677
  [ckpt] Loading DeepSurv Simple from checkpoints/tabdpt/OrmoniTirodei/NaN/seed789/fold2/tabdpt_deepsurv_simple.pt
C-index TRAIN: 0.8084
C-index TEST:  0.7651
  [ckpt] Loading DeepSurv Vanilla from checkpoints/tabdpt/OrmoniTirodei/NaN/seed789/fold2/tabdpt_deepsurv_vanilla.pt
C-index TRAIN: 0.8200
C-index TEST:  0.7736
  [ckpt] Loading TABDPT RSF from checkpoints/tabdpt/OrmoniTirodei/NaN/seed789/fold2/tabdpt_rsf.pkl
C-index train: 0.9201
C-index test:  0.7632
  [ckpt] Loading TABDPT Cox (embedding) from checkpoints/tabdpt/OrmoniTirodei/NaN/seed789/fold2/tabdpt_tab_cox.pkl
C-index train: 0.8170
C-index test:  0.7647
  [SHAP] Fold 2: loading cached values from checkpoints/tabdpt/OrmoniTirodei/NaN/seed789/fold2/shap_values.pkl
X_train shape: (5162, 76), X_test shape: (1290, 76)
Generating TABDPT Embeddings...
<class 'dict'>
Loaded TabDPTModel from checkpoint.
<class 'dict'>
Loaded TabDPTModel from checkpoint.
Successfully generated embeddings with shape: (5162, 768)
  [ckpt] Loading TABDPT DeepSurv Tuned from checkpoints/tabdpt/OrmoniTirodei/NaN/seed789/fold3
C-index train: 0.8180
C-index test:  0.7677
  [ckpt] Loading TABDPT RSF Tuned from checkpoints/tabdpt/OrmoniTirodei/NaN/seed789/fold3
C-index train: 0.9078
C-index test:  0.7697
  [ckpt] Loading DeepSurv Simple from checkpoints/tabdpt/OrmoniTirodei/NaN/seed789/fold3/tabdpt_deepsurv_simple.pt
C-index TRAIN: 0.8008
C-index TEST:  0.7620
  [ckpt] Loading DeepSurv Vanilla from checkpoints/tabdpt/OrmoniTirodei/NaN/seed789/fold3/tabdpt_deepsurv_vanilla.pt
C-index TRAIN: 0.8077
C-index TEST:  0.7774
  [ckpt] Loading TABDPT RSF from checkpoints/tabdpt/OrmoniTirodei/NaN/seed789/fold3/tabdpt_rsf.pkl
C-index train: 0.9226
C-index test:  0.7687
  [ckpt] Loading TABDPT Cox (embedding) from checkpoints/tabdpt/OrmoniTirodei/NaN/seed789/fold3/tabdpt_tab_cox.pkl
C-index train: 0.8138
C-index test:  0.7757
  [SHAP] Fold 3: loading cached values from checkpoints/tabdpt/OrmoniTirodei/NaN/seed789/fold3/shap_values.pkl
X_train shape: (5162, 76), X_test shape: (1290, 76)
Generating TABDPT Embeddings...
<class 'dict'>
Loaded TabDPTModel from checkpoint.
<class 'dict'>
Loaded TabDPTModel from checkpoint.
Successfully generated embeddings with shape: (5162, 768)
  [ckpt] Loading TABDPT DeepSurv Tuned from checkpoints/tabdpt/OrmoniTirodei/NaN/seed789/fold4
C-index train: 0.8068
C-index test:  0.7916
  [ckpt] Loading TABDPT RSF Tuned from checkpoints/tabdpt/OrmoniTirodei/NaN/seed789/fold4
C-index train: 0.8981
C-index test:  0.7746
  [ckpt] Loading DeepSurv Simple from checkpoints/tabdpt/OrmoniTirodei/NaN/seed789/fold4/tabdpt_deepsurv_simple.pt
C-index TRAIN: 0.8088
C-index TEST:  0.7728
  [ckpt] Loading DeepSurv Vanilla from checkpoints/tabdpt/OrmoniTirodei/NaN/seed789/fold4/tabdpt_deepsurv_vanilla.pt
C-index TRAIN: 0.8052
C-index TEST:  0.7877
  [ckpt] Loading TABDPT RSF from checkpoints/tabdpt/OrmoniTirodei/NaN/seed789/fold4/tabdpt_rsf.pkl
C-index train: 0.9250
C-index test:  0.7752
  [ckpt] Loading TABDPT Cox (embedding) from checkpoints/tabdpt/OrmoniTirodei/NaN/seed789/fold4/tabdpt_tab_cox.pkl
C-index train: 0.8142
C-index test:  0.7836
  [SHAP] Fold 4: loading cached values from checkpoints/tabdpt/OrmoniTirodei/NaN/seed789/fold4/shap_values.pkl
X_train shape: (5162, 76), X_test shape: (1290, 76)
Generating TABDPT Embeddings...
<class 'dict'>
Loaded TabDPTModel from checkpoint.
<class 'dict'>
Loaded TabDPTModel from checkpoint.
Successfully generated embeddings with shape: (5162, 768)
  [ckpt] Loading TABDPT DeepSurv Tuned from checkpoints/tabdpt/OrmoniTirodei/NaN/seed789/fold5
C-index train: 0.8083
C-index test:  0.7751
  [ckpt] Loading TABDPT RSF Tuned from checkpoints/tabdpt/OrmoniTirodei/NaN/seed789/fold5
C-index train: 0.9169
C-index test:  0.7704
  [ckpt] Loading DeepSurv Simple from checkpoints/tabdpt/OrmoniTirodei/NaN/seed789/fold5/tabdpt_deepsurv_simple.pt
C-index TRAIN: 0.8031
C-index TEST:  0.7636
  [ckpt] Loading DeepSurv Vanilla from checkpoints/tabdpt/OrmoniTirodei/NaN/seed789/fold5/tabdpt_deepsurv_vanilla.pt
C-index TRAIN: 0.7893
C-index TEST:  0.7739
  [ckpt] Loading TABDPT RSF from checkpoints/tabdpt/OrmoniTirodei/NaN/seed789/fold5/tabdpt_rsf.pkl
C-index train: 0.9232
C-index test:  0.7686
  [ckpt] Loading TABDPT Cox (embedding) from checkpoints/tabdpt/OrmoniTirodei/NaN/seed789/fold5/tabdpt_tab_cox.pkl
C-index train: 0.8154
C-index test:  0.7679
  [SHAP] Fold 5: loading cached values from checkpoints/tabdpt/OrmoniTirodei/NaN/seed789/fold5/shap_values.pkl
[SHAP] Results saved → results/OrmoniTirodei/tabdpt/shap_OrmoniTirodei_tabdpt_NaN_seed789.txt

  Preprocess: -1 | Seed: 789
  TABDPT Train Tuned DeepSurv → mean: 0.796526 | std: 0.021316 | min: 0.754356 | max: 0.811066 | folds: [0.803841, 0.811066, 0.803341, 0.810025, 0.754356]
  TABDPT Test Tuned DeepSurv → mean: 0.769706 | std: 0.008843 | min: 0.752566 | max: 0.778024 | folds: [0.773242, 0.771468, 0.773231, 0.778024, 0.752566]
  TABDPT Train Tuned RSF → mean: 0.897822 | std: 0.015972 | min: 0.883929 | max: 0.927915 | folds: [0.927915, 0.890381, 0.886996, 0.899890, 0.883929]
  TABDPT Test Tuned RSF → mean: 0.769663 | std: 0.004113 | min: 0.765645 | max: 0.777536 | folds: [0.767404, 0.765645, 0.768673, 0.777536, 0.769058]
  TABDPT Train Vanilla → mean: 0.808603 | std: 0.007136 | min: 0.794949 | max: 0.814542 | folds: [0.812736, 0.812561, 0.808227, 0.814542, 0.794949]
  TABDPT Test Vanilla → mean: 0.776815 | std: 0.006214 | min: 0.769254 | max: 0.787723 | folds: [0.769254, 0.775820, 0.773073, 0.787723, 0.778207]
  TABDPT Train Simple → mean: 0.793851 | std: 0.013188 | min: 0.770106 | max: 0.806809 | folds: [0.800639, 0.806809, 0.789376, 0.770106, 0.802323]
  TABDPT Test Simple → mean: 0.749400 | std: 0.011462 | min: 0.727921 | max: 0.760960 | folds: [0.727921, 0.755080, 0.748306, 0.754731, 0.760960]
  TABDPT Train RSF → mean: 0.920986 | std: 0.002016 | min: 0.917834 | max: 0.923971 | folds: [0.920136, 0.917834, 0.921160, 0.923971, 0.921829]
  TABDPT Test RSF → mean: 0.768557 | std: 0.005631 | min: 0.763686 | max: 0.779462 | folds: [0.763686, 0.767624, 0.765008, 0.779462, 0.767003]
  TABDPT Train Cox → mean: 0.812466 | std: 0.001222 | min: 0.810945 | max: 0.814404 | folds: [0.813257, 0.812016, 0.811709, 0.810945, 0.814404]
  TABDPT Test Cox → mean: 0.772576 | std: 0.007773 | min: 0.763961 | max: 0.786938 | folds: [0.768996, 0.769701, 0.773285, 0.786938, 0.763961]
  Train Tuned DeepSurv → mean: 0.774408 | std: 0.034513 | min: 0.710648 | max: 0.806723 | folds: [0.777839, 0.773547, 0.803282, 0.710648, 0.806723]
  Test Tuned DeepSurv → mean: 0.766459 | std: 0.029186 | min: 0.708870 | max: 0.788358 | folds: [0.773496, 0.779520, 0.788358, 0.708870, 0.782050]
  Train Tuned RSF → mean: 0.906414 | std: 0.002504 | min: 0.903683 | max: 0.910321 | folds: [0.904952, 0.908351, 0.903683, 0.910321, 0.904763]
  Test Tuned RSF → mean: 0.796936 | std: 0.007381 | min: 0.787702 | max: 0.810368 | folds: [0.794813, 0.787702, 0.796011, 0.810368, 0.795784]
  Train DeepSurv Vanilla → mean: 0.807083 | std: 0.001725 | min: 0.804623 | max: 0.809505 | folds: [0.809505, 0.804623, 0.808496, 0.806520, 0.806274]
  Test DeepSurv Vanilla → mean: 0.791307 | std: 0.007270 | min: 0.781636 | max: 0.801825 | folds: [0.792569, 0.795557, 0.784948, 0.801825, 0.781636]
  Train DeepSurv Simple → mean: 0.789388 | std: 0.003948 | min: 0.783906 | max: 0.795627 | folds: [0.789268, 0.791160, 0.786981, 0.783906, 0.795627]
  Test DeepSurv Simple → mean: 0.781372 | std: 0.007977 | min: 0.768639 | max: 0.791739 | folds: [0.782118, 0.791739, 0.777350, 0.787014, 0.768639]
  Train RSF  → mean: 0.901956 | std: 0.001800 | min: 0.899244 | max: 0.904763 | folds: [0.901269, 0.901854, 0.899244, 0.902649, 0.904763]
  Test RSF   → mean: 0.797567 | std: 0.006672 | min: 0.789809 | max: 0.809936 | folds: [0.795092, 0.789809, 0.797213, 0.809936, 0.795784]
  Train Cox  → mean: 0.800624 | std: 0.001737 | min: 0.798275 | max: 0.803311 | folds: [0.801636, 0.799492, 0.800407, 0.798275, 0.803311]
  Test Cox   → mean: 0.793181 | std: 0.006248 | min: 0.783771 | max: 0.802659 | folds: [0.789891, 0.795421, 0.794161, 0.802659, 0.783771]

  Preprocess: NaN | Seed: 789
  TABDPT Train Tuned DeepSurv → mean: 0.816901 | std: 0.008927 | min: 0.806827 | max: 0.831501 | folds: [0.819833, 0.831501, 0.818038, 0.806827, 0.808304]
  TABDPT Test Tuned DeepSurv → mean: 0.776214 | std: 0.008466 | min: 0.767748 | max: 0.791605 | folds: [0.777305, 0.769333, 0.767748, 0.791605, 0.775078]
  TABDPT Train Tuned RSF → mean: 0.902469 | std: 0.012733 | min: 0.880003 | max: 0.916860 | folds: [0.880003, 0.909602, 0.907817, 0.898062, 0.916860]
  TABDPT Test Tuned RSF → mean: 0.769089 | std: 0.003769 | min: 0.763052 | max: 0.774617 | folds: [0.763052, 0.767693, 0.769694, 0.774617, 0.770392]
  TABDPT Train Vanilla → mean: 0.807800 | std: 0.010762 | min: 0.789323 | max: 0.820031 | folds: [0.816802, 0.820031, 0.807692, 0.805151, 0.789323]
  TABDPT Test Vanilla → mean: 0.778271 | std: 0.005098 | min: 0.773572 | max: 0.787652 | folds: [0.778813, 0.773572, 0.777380, 0.787652, 0.773940]
  TABDPT Train Simple → mean: 0.805751 | std: 0.003242 | min: 0.800751 | max: 0.808811 | folds: [0.807770, 0.808369, 0.800751, 0.808811, 0.803054]
  TABDPT Test Simple → mean: 0.763930 | std: 0.005397 | min: 0.756104 | max: 0.772835 | folds: [0.756104, 0.765102, 0.762038, 0.772835, 0.763571]
  TABDPT Train RSF → mean: 0.922131 | std: 0.001940 | min: 0.919826 | max: 0.924977 | folds: [0.919826, 0.920100, 0.922582, 0.924977, 0.923172]
  TABDPT Test RSF → mean: 0.768742 | std: 0.003828 | min: 0.763193 | max: 0.775212 | folds: [0.767962, 0.763193, 0.768734, 0.775212, 0.768609]
  TABDPT Train Cox → mean: 0.815300 | std: 0.001164 | min: 0.813834 | max: 0.816964 | folds: [0.816081, 0.816964, 0.813834, 0.814192, 0.815430]
  TABDPT Test Cox → mean: 0.773044 | std: 0.006543 | min: 0.764681 | max: 0.783589 | folds: [0.773336, 0.764681, 0.775663, 0.783589, 0.767950]
Result saved in 'results/OrmoniTirodei/tabdpt/results_cv_OrmoniTirodei_tabdpt_seed789.txt'


Preprocess: Replace NaN with -1
Loading existing folds from tmp/splits/HURRAH_seed789.pkl
X_train shape: (13566, 61), X_test shape: (3392, 61)
Generating TABDPT Embeddings...
<class 'dict'>
Loaded TabDPTModel from checkpoint.
<class 'dict'>
Loaded TabDPTModel from checkpoint.
Successfully generated embeddings with shape: (13566, 768)
  [ckpt] Loading TABDPT DeepSurv Tuned from checkpoints/tabdpt/HURRAH/-1/seed789/fold1
C-index train: 0.8392
C-index test:  0.8051
  [ckpt] Loading TABDPT RSF Tuned from checkpoints/tabdpt/HURRAH/-1/seed789/fold1
C-index train: 0.8573
C-index test:  0.8102
  [ckpt] Loading DeepSurv Simple from checkpoints/tabdpt/HURRAH/-1/seed789/fold1/tabdpt_deepsurv_simple.pt
C-index TRAIN: 0.8187
C-index TEST:  0.7919
  [ckpt] Loading DeepSurv Vanilla from checkpoints/tabdpt/HURRAH/-1/seed789/fold1/tabdpt_deepsurv_vanilla.pt
C-index TRAIN: 0.8276
C-index TEST:  0.7956
  [ckpt] Loading TABDPT RSF from checkpoints/tabdpt/HURRAH/-1/seed789/fold1/tabdpt_rsf.pkl
C-index train: 0.9519
C-index test:  0.8030
  [ckpt] Loading TABDPT Cox (embedding) from checkpoints/tabdpt/HURRAH/-1/seed789/fold1/tabdpt_tab_cox.pkl
C-index train: 0.8424
C-index test:  0.7798
  [ckpt] Loading DeepSurv Vanilla baseline from checkpoints/tabdpt/HURRAH/-1/seed789/fold1/deepsurv_vanilla_baseline.pt
C-index TRAIN: 0.8593
C-index TEST:  0.8378
  [ckpt] Loading DeepSurv Simple baseline from checkpoints/tabdpt/HURRAH/-1/seed789/fold1/deepsurv_simple_baseline.pt
C-index TRAIN: 0.8334
C-index TEST:  0.8216
  [ckpt] Loading RSF baseline from checkpoints/tabdpt/HURRAH/-1/seed789/fold1/rsf_baseline.pkl
C-index train: 0.9218
C-index test:  0.8547
  [ckpt] Loading Cox baseline from checkpoints/tabdpt/HURRAH/-1/seed789/fold1/tabdpt_cox.pkl
C-index train: 0.8287
C-index test:  0.8202
  [ckpt] Loading DeepSurv Tuned baseline from checkpoints/tabdpt/HURRAH/-1/seed789/fold1
C-index train: 0.8289
C-index test:  0.8214
  [ckpt] Loading RSF Tuned baseline from checkpoints/tabdpt/HURRAH/-1/seed789/fold1
C-index train: 0.9334
C-index test:  0.8573
  [SHAP] Fold 1: loading cached values from checkpoints/tabdpt/HURRAH/-1/seed789/fold1/shap_values.pkl
X_train shape: (13566, 61), X_test shape: (3392, 61)
Generating TABDPT Embeddings...
<class 'dict'>
Loaded TabDPTModel from checkpoint.
<class 'dict'>
Loaded TabDPTModel from checkpoint.
Successfully generated embeddings with shape: (13566, 768)
  [ckpt] Loading TABDPT DeepSurv Tuned from checkpoints/tabdpt/HURRAH/-1/seed789/fold2
C-index train: 0.8421
C-index test:  0.8209
  [ckpt] Loading TABDPT RSF Tuned from checkpoints/tabdpt/HURRAH/-1/seed789/fold2
C-index train: 0.8112
C-index test:  0.8250
  [ckpt] Loading DeepSurv Simple from checkpoints/tabdpt/HURRAH/-1/seed789/fold2/tabdpt_deepsurv_simple.pt
C-index TRAIN: 0.8213
C-index TEST:  0.8096
  [ckpt] Loading DeepSurv Vanilla from checkpoints/tabdpt/HURRAH/-1/seed789/fold2/tabdpt_deepsurv_vanilla.pt
C-index TRAIN: 0.8489
C-index TEST:  0.8186
  [ckpt] Loading TABDPT RSF from checkpoints/tabdpt/HURRAH/-1/seed789/fold2/tabdpt_rsf.pkl
C-index train: 0.9501
C-index test:  0.8089
  [ckpt] Loading TABDPT Cox (embedding) from checkpoints/tabdpt/HURRAH/-1/seed789/fold2/tabdpt_tab_cox.pkl
C-index train: 0.8428
C-index test:  0.8107
  [ckpt] Loading DeepSurv Vanilla baseline from checkpoints/tabdpt/HURRAH/-1/seed789/fold2/deepsurv_vanilla_baseline.pt
C-index TRAIN: 0.8590
C-index TEST:  0.8444
  [ckpt] Loading DeepSurv Simple baseline from checkpoints/tabdpt/HURRAH/-1/seed789/fold2/deepsurv_simple_baseline.pt
C-index TRAIN: 0.8330
C-index TEST:  0.8256
  [ckpt] Loading RSF baseline from checkpoints/tabdpt/HURRAH/-1/seed789/fold2/rsf_baseline.pkl
C-index train: 0.9195
C-index test:  0.8435
  [ckpt] Loading Cox baseline from checkpoints/tabdpt/HURRAH/-1/seed789/fold2/tabdpt_cox.pkl
C-index train: 0.8299
C-index test:  0.8180
  [ckpt] Loading DeepSurv Tuned baseline from checkpoints/tabdpt/HURRAH/-1/seed789/fold2
C-index train: 0.8528
C-index test:  0.8384
  [ckpt] Loading RSF Tuned baseline from checkpoints/tabdpt/HURRAH/-1/seed789/fold2
C-index train: 0.9342
C-index test:  0.8470
  [SHAP] Fold 2: loading cached values from checkpoints/tabdpt/HURRAH/-1/seed789/fold2/shap_values.pkl
X_train shape: (13566, 61), X_test shape: (3392, 61)
Generating TABDPT Embeddings...
<class 'dict'>
Loaded TabDPTModel from checkpoint.
<class 'dict'>
Loaded TabDPTModel from checkpoint.
Successfully generated embeddings with shape: (13566, 768)
  [ckpt] Loading TABDPT DeepSurv Tuned from checkpoints/tabdpt/HURRAH/-1/seed789/fold3
C-index train: 0.8516
C-index test:  0.8310
  [ckpt] Loading TABDPT RSF Tuned from checkpoints/tabdpt/HURRAH/-1/seed789/fold3
C-index train: 0.8559
C-index test:  0.8374
  [ckpt] Loading DeepSurv Simple from checkpoints/tabdpt/HURRAH/-1/seed789/fold3/tabdpt_deepsurv_simple.pt
C-index TRAIN: 0.8229
C-index TEST:  0.7723
  [ckpt] Loading DeepSurv Vanilla from checkpoints/tabdpt/HURRAH/-1/seed789/fold3/tabdpt_deepsurv_vanilla.pt
C-index TRAIN: 0.8475
C-index TEST:  0.8276
  [ckpt] Loading TABDPT RSF from checkpoints/tabdpt/HURRAH/-1/seed789/fold3/tabdpt_rsf.pkl
C-index train: 0.9524
C-index test:  0.8260
  [ckpt] Loading TABDPT Cox (embedding) from checkpoints/tabdpt/HURRAH/-1/seed789/fold3/tabdpt_tab_cox.pkl
C-index train: 0.8389
C-index test:  0.8027
  [ckpt] Loading DeepSurv Vanilla baseline from checkpoints/tabdpt/HURRAH/-1/seed789/fold3/deepsurv_vanilla_baseline.pt
C-index TRAIN: 0.8482
C-index TEST:  0.8559
  [ckpt] Loading DeepSurv Simple baseline from checkpoints/tabdpt/HURRAH/-1/seed789/fold3/deepsurv_simple_baseline.pt
C-index TRAIN: 0.8351
C-index TEST:  0.8518
  [ckpt] Loading RSF baseline from checkpoints/tabdpt/HURRAH/-1/seed789/fold3/rsf_baseline.pkl
C-index train: 0.9194
C-index test:  0.8583
  [ckpt] Loading Cox baseline from checkpoints/tabdpt/HURRAH/-1/seed789/fold3/tabdpt_cox.pkl
C-index train: 0.8241
C-index test:  0.8468
  [ckpt] Loading DeepSurv Tuned baseline from checkpoints/tabdpt/HURRAH/-1/seed789/fold3
C-index train: 0.5030
C-index test:  0.5029
  [ckpt] Loading RSF Tuned baseline from checkpoints/tabdpt/HURRAH/-1/seed789/fold3
C-index train: 0.9279
C-index test:  0.8604
  [SHAP] Fold 3: loading cached values from checkpoints/tabdpt/HURRAH/-1/seed789/fold3/shap_values.pkl
X_train shape: (13567, 61), X_test shape: (3391, 61)
Generating TABDPT Embeddings...
<class 'dict'>
Loaded TabDPTModel from checkpoint.
<class 'dict'>
Loaded TabDPTModel from checkpoint.
Successfully generated embeddings with shape: (13567, 768)
  [ckpt] Loading TABDPT DeepSurv Tuned from checkpoints/tabdpt/HURRAH/-1/seed789/fold4
C-index train: 0.8466
C-index test:  0.8102
  [ckpt] Loading TABDPT RSF Tuned from checkpoints/tabdpt/HURRAH/-1/seed789/fold4
C-index train: 0.8327
C-index test:  0.8181
  [ckpt] Loading DeepSurv Simple from checkpoints/tabdpt/HURRAH/-1/seed789/fold4/tabdpt_deepsurv_simple.pt
C-index TRAIN: 0.8386
C-index TEST:  0.8111
  [ckpt] Loading DeepSurv Vanilla from checkpoints/tabdpt/HURRAH/-1/seed789/fold4/tabdpt_deepsurv_vanilla.pt
C-index TRAIN: 0.8456
C-index TEST:  0.8056
  [ckpt] Loading TABDPT RSF from checkpoints/tabdpt/HURRAH/-1/seed789/fold4/tabdpt_rsf.pkl
C-index train: 0.9528
C-index test:  0.8050
  [ckpt] Loading TABDPT Cox (embedding) from checkpoints/tabdpt/HURRAH/-1/seed789/fold4/tabdpt_tab_cox.pkl
C-index train: 0.8441
C-index test:  0.7940
  [ckpt] Loading DeepSurv Vanilla baseline from checkpoints/tabdpt/HURRAH/-1/seed789/fold4/deepsurv_vanilla_baseline.pt
C-index TRAIN: 0.8572
C-index TEST:  0.8469
  [ckpt] Loading DeepSurv Simple baseline from checkpoints/tabdpt/HURRAH/-1/seed789/fold4/deepsurv_simple_baseline.pt
C-index TRAIN: 0.8345
C-index TEST:  0.8314
  [ckpt] Loading RSF baseline from checkpoints/tabdpt/HURRAH/-1/seed789/fold4/rsf_baseline.pkl
C-index train: 0.9203
C-index test:  0.8452
  [ckpt] Loading Cox baseline from checkpoints/tabdpt/HURRAH/-1/seed789/fold4/tabdpt_cox.pkl
C-index train: 0.8284
C-index test:  0.8255
  [ckpt] Loading DeepSurv Tuned baseline from checkpoints/tabdpt/HURRAH/-1/seed789/fold4
C-index train: 0.8365
C-index test:  0.8312
  [ckpt] Loading RSF Tuned baseline from checkpoints/tabdpt/HURRAH/-1/seed789/fold4
C-index train: 0.9243
C-index test:  0.8484
  [SHAP] Fold 4: loading cached values from checkpoints/tabdpt/HURRAH/-1/seed789/fold4/shap_values.pkl
X_train shape: (13567, 61), X_test shape: (3391, 61)
Generating TABDPT Embeddings...
<class 'dict'>
Loaded TabDPTModel from checkpoint.
<class 'dict'>
Loaded TabDPTModel from checkpoint.
Successfully generated embeddings with shape: (13567, 768)
  [ckpt] Loading TABDPT DeepSurv Tuned from checkpoints/tabdpt/HURRAH/-1/seed789/fold5
C-index train: 0.8477
C-index test:  0.8157
  [ckpt] Loading TABDPT RSF Tuned from checkpoints/tabdpt/HURRAH/-1/seed789/fold5
C-index train: 0.8565
C-index test:  0.8249
  [ckpt] Loading DeepSurv Simple from checkpoints/tabdpt/HURRAH/-1/seed789/fold5/tabdpt_deepsurv_simple.pt
C-index TRAIN: 0.8308
C-index TEST:  0.8141
  [ckpt] Loading DeepSurv Vanilla from checkpoints/tabdpt/HURRAH/-1/seed789/fold5/tabdpt_deepsurv_vanilla.pt
C-index TRAIN: 0.8595
C-index TEST:  0.8172
  [ckpt] Loading TABDPT RSF from checkpoints/tabdpt/HURRAH/-1/seed789/fold5/tabdpt_rsf.pkl
C-index train: 0.9504
C-index test:  0.8128
  [ckpt] Loading TABDPT Cox (embedding) from checkpoints/tabdpt/HURRAH/-1/seed789/fold5/tabdpt_tab_cox.pkl
C-index train: 0.8437
C-index test:  0.7948
  [ckpt] Loading DeepSurv Vanilla baseline from checkpoints/tabdpt/HURRAH/-1/seed789/fold5/deepsurv_vanilla_baseline.pt
C-index TRAIN: 0.8540
C-index TEST:  0.8476
  [ckpt] Loading DeepSurv Simple baseline from checkpoints/tabdpt/HURRAH/-1/seed789/fold5/deepsurv_simple_baseline.pt
C-index TRAIN: 0.8329
C-index TEST:  0.8267
  [ckpt] Loading RSF baseline from checkpoints/tabdpt/HURRAH/-1/seed789/fold5/rsf_baseline.pkl
C-index train: 0.9192
C-index test:  0.8545
  [ckpt] Loading Cox baseline from checkpoints/tabdpt/HURRAH/-1/seed789/fold5/tabdpt_cox.pkl
C-index train: 0.8292
C-index test:  0.8244
  [ckpt] Loading DeepSurv Tuned baseline from checkpoints/tabdpt/HURRAH/-1/seed789/fold5
C-index train: 0.8222
C-index test:  0.8216
  [ckpt] Loading RSF Tuned baseline from checkpoints/tabdpt/HURRAH/-1/seed789/fold5
C-index train: 0.9366
C-index test:  0.8568

[SHAP] Fold 5: computing SHAP values...
  [SHAP] deepsurv_simple...
<class 'dict'>
Loaded TabDPTModel from checkpoint.
  0%|          | 0/100 [00:00<?, ?it/s]ENV CHECKPOINT PATH: 
DEFAULT PATH: /scratch.hpc/luca.cotugno/Foundation_model_clinical_data/src/models_diff/tabdpt1_1.pth
ENV CHECKPOINT PATH: 
DEFAULT PATH: /scratch.hpc/luca.cotugno/Foundation_model_clinical_data/src/models_diff/tabdpt1_1.pth
  1%|          | 1/100 [05:47<9:32:34, 347.02s/it]ENV CHECKPOINT PATH: 
DEFAULT PATH: /scratch.hpc/luca.cotugno/Foundation_model_clinical_data/src/models_diff/tabdpt1_1.pth
ENV CHECKPOINT PATH: 
DEFAULT PATH: /scratch.hpc/luca.cotugno/Foundation_model_clinical_data/src/models_diff/tabdpt1_1.pth
  2%|▏         | 2/100 [11:33<9:26:01, 346.55s/it]ENV CHECKPOINT PATH: 
DEFAULT PATH: /scratch.hpc/luca.cotugno/Foundation_model_clinical_data/src/models_diff/tabdpt1_1.pth
ENV CHECKPOINT PATH: 
DEFAULT PATH: /scratch.hpc/luca.cotugno/Foundation_model_clinical_data/src/models_diff/tabdpt1_1.pth
  3%|▎         | 3/100 [17:19<9:19:54, 346.34s/it]ENV CHECKPOINT PATH: 
DEFAULT PATH: /scratch.hpc/luca.cotugno/Foundation_model_clinical_data/src/models_diff/tabdpt1_1.pth
ENV CHECKPOINT PATH: 
DEFAULT PATH: /scratch.hpc/luca.cotugno/Foundation_model_clinical_data/src/models_diff/tabdpt1_1.pth
  4%|▍         | 4/100 [23:05<9:14:08, 346.34s/it]ENV CHECKPOINT PATH: 
DEFAULT PATH: /scratch.hpc/luca.cotugno/Foundation_model_clinical_data/src/models_diff/tabdpt1_1.pth
ENV CHECKPOINT PATH: 
DEFAULT PATH: /scratch.hpc/luca.cotugno/Foundation_model_clinical_data/src/models_diff/tabdpt1_1.pth
  5%|▌         | 5/100 [28:50<9:07:29, 345.79s/it]ENV CHECKPOINT PATH: 
DEFAULT PATH: /scratch.hpc/luca.cotugno/Foundation_model_clinical_data/src/models_diff/tabdpt1_1.pth
ENV CHECKPOINT PATH: 
DEFAULT PATH: /scratch.hpc/luca.cotugno/Foundation_model_clinical_data/src/models_diff/tabdpt1_1.pth
  6%|▌         | 6/100 [34:36<9:02:02, 345.98s/it]ENV CHECKPOINT PATH: 
DEFAULT PATH: /scratch.hpc/luca.cotugno/Foundation_model_clinical_data/src/models_diff/tabdpt1_1.pth
ENV CHECKPOINT PATH: 
DEFAULT PATH: /scratch.hpc/luca.cotugno/Foundation_model_clinical_data/src/models_diff/tabdpt1_1.pth
  7%|▋         | 7/100 [40:22<8:56:13, 345.95s/it]ENV CHECKPOINT PATH: 
DEFAULT PATH: /scratch.hpc/luca.cotugno/Foundation_model_clinical_data/src/models_diff/tabdpt1_1.pth
ENV CHECKPOINT PATH: 
DEFAULT PATH: /scratch.hpc/luca.cotugno/Foundation_model_clinical_data/src/models_diff/tabdpt1_1.pth
  8%|▊         | 8/100 [46:10<8:51:27, 346.60s/it]ENV CHECKPOINT PATH: 
DEFAULT PATH: /scratch.hpc/luca.cotugno/Foundation_model_clinical_data/src/models_diff/tabdpt1_1.pth
ENV CHECKPOINT PATH: 
DEFAULT PATH: /scratch.hpc/luca.cotugno/Foundation_model_clinical_data/src/models_diff/tabdpt1_1.pth
  9%|▉         | 9/100 [51:55<8:44:40, 345.94s/it]ENV CHECKPOINT PATH: 
DEFAULT PATH: /scratch.hpc/luca.cotugno/Foundation_model_clinical_data/src/models_diff/tabdpt1_1.pth
ENV CHECKPOINT PATH: 
DEFAULT PATH: /scratch.hpc/luca.cotugno/Foundation_model_clinical_data/src/models_diff/tabdpt1_1.pth
 10%|█         | 10/100 [57:40<8:38:37, 345.76s/it]ENV CHECKPOINT PATH: 
DEFAULT PATH: /scratch.hpc/luca.cotugno/Foundation_model_clinical_data/src/models_diff/tabdpt1_1.pth
ENV CHECKPOINT PATH: 
DEFAULT PATH: /scratch.hpc/luca.cotugno/Foundation_model_clinical_data/src/models_diff/tabdpt1_1.pth
 11%|█         | 11/100 [1:03:27<8:33:25, 346.13s/it]ENV CHECKPOINT PATH: 
DEFAULT PATH: /scratch.hpc/luca.cotugno/Foundation_model_clinical_data/src/models_diff/tabdpt1_1.pth
ENV CHECKPOINT PATH: 
DEFAULT PATH: /scratch.hpc/luca.cotugno/Foundation_model_clinical_data/src/models_diff/tabdpt1_1.pth
 12%|█▏        | 12/100 [1:09:28<8:34:08, 350.56s/it]ENV CHECKPOINT PATH: 
DEFAULT PATH: /scratch.hpc/luca.cotugno/Foundation_model_clinical_data/src/models_diff/tabdpt1_1.pth
ENV CHECKPOINT PATH: 
DEFAULT PATH: /scratch.hpc/luca.cotugno/Foundation_model_clinical_data/src/models_diff/tabdpt1_1.pth
 13%|█▎        | 13/100 [1:15:13<8:26:07, 349.05s/it]ENV CHECKPOINT PATH: 
DEFAULT PATH: /scratch.hpc/luca.cotugno/Foundation_model_clinical_data/src/models_diff/tabdpt1_1.pth
ENV CHECKPOINT PATH: 
DEFAULT PATH: /scratch.hpc/luca.cotugno/Foundation_model_clinical_data/src/models_diff/tabdpt1_1.pth
 14%|█▍        | 14/100 [1:21:01<8:19:44, 348.66s/it]ENV CHECKPOINT PATH: 
DEFAULT PATH: /scratch.hpc/luca.cotugno/Foundation_model_clinical_data/src/models_diff/tabdpt1_1.pth
ENV CHECKPOINT PATH: 
DEFAULT PATH: /scratch.hpc/luca.cotugno/Foundation_model_clinical_data/src/models_diff/tabdpt1_1.pth
 15%|█▌        | 15/100 [1:26:47<8:12:52, 347.91s/it]ENV CHECKPOINT PATH: 
DEFAULT PATH: /scratch.hpc/luca.cotugno/Foundation_model_clinical_data/src/models_diff/tabdpt1_1.pth
ENV CHECKPOINT PATH: 
DEFAULT PATH: /scratch.hpc/luca.cotugno/Foundation_model_clinical_data/src/models_diff/tabdpt1_1.pth
 16%|█▌        | 16/100 [1:32:33<8:06:13, 347.30s/it]ENV CHECKPOINT PATH: 
DEFAULT PATH: /scratch.hpc/luca.cotugno/Foundation_model_clinical_data/src/models_diff/tabdpt1_1.pth
ENV CHECKPOINT PATH: 
DEFAULT PATH: /scratch.hpc/luca.cotugno/Foundation_model_clinical_data/src/models_diff/tabdpt1_1.pth
 17%|█▋        | 17/100 [1:38:19<7:59:59, 346.98s/it]ENV CHECKPOINT PATH: 
DEFAULT PATH: /scratch.hpc/luca.cotugno/Foundation_model_clinical_data/src/models_diff/tabdpt1_1.pth
ENV CHECKPOINT PATH: 
DEFAULT PATH: /scratch.hpc/luca.cotugno/Foundation_model_clinical_data/src/models_diff/tabdpt1_1.pth
 18%|█▊        | 18/100 [1:44:06<7:54:01, 346.85s/it]ENV CHECKPOINT PATH: 
DEFAULT PATH: /scratch.hpc/luca.cotugno/Foundation_model_clinical_data/src/models_diff/tabdpt1_1.pth
ENV CHECKPOINT PATH: 
DEFAULT PATH: /scratch.hpc/luca.cotugno/Foundation_model_clinical_data/src/models_diff/tabdpt1_1.pth
 19%|█▉        | 19/100 [1:49:52<7:47:45, 346.48s/it]ENV CHECKPOINT PATH: 
DEFAULT PATH: /scratch.hpc/luca.cotugno/Foundation_model_clinical_data/src/models_diff/tabdpt1_1.pth
ENV CHECKPOINT PATH: 
DEFAULT PATH: /scratch.hpc/luca.cotugno/Foundation_model_clinical_data/src/models_diff/tabdpt1_1.pth
 20%|██        | 20/100 [1:55:37<7:41:38, 346.24s/it]ENV CHECKPOINT PATH: 
DEFAULT PATH: /scratch.hpc/luca.cotugno/Foundation_model_clinical_data/src/models_diff/tabdpt1_1.pth
ENV CHECKPOINT PATH: 
DEFAULT PATH: /scratch.hpc/luca.cotugno/Foundation_model_clinical_data/src/models_diff/tabdpt1_1.pth
 21%|██        | 21/100 [2:01:23<7:35:47, 346.18s/it]ENV CHECKPOINT PATH: 
DEFAULT PATH: /scratch.hpc/luca.cotugno/Foundation_model_clinical_data/src/models_diff/tabdpt1_1.pth
ENV CHECKPOINT PATH: 
DEFAULT PATH: /scratch.hpc/luca.cotugno/Foundation_model_clinical_data/src/models_diff/tabdpt1_1.pth
 22%|██▏       | 22/100 [2:07:09<7:29:55, 346.09s/it]ENV CHECKPOINT PATH: 
DEFAULT PATH: /scratch.hpc/luca.cotugno/Foundation_model_clinical_data/src/models_diff/tabdpt1_1.pth
ENV CHECKPOINT PATH: 
DEFAULT PATH: /scratch.hpc/luca.cotugno/Foundation_model_clinical_data/src/models_diff/tabdpt1_1.pth
 23%|██▎       | 23/100 [2:12:54<7:23:52, 345.87s/it]ENV CHECKPOINT PATH: 
DEFAULT PATH: /scratch.hpc/luca.cotugno/Foundation_model_clinical_data/src/models_diff/tabdpt1_1.pth
ENV CHECKPOINT PATH: 
DEFAULT PATH: /scratch.hpc/luca.cotugno/Foundation_model_clinical_data/src/models_diff/tabdpt1_1.pth
 24%|██▍       | 24/100 [2:18:40<7:17:53, 345.70s/it]ENV CHECKPOINT PATH: 
DEFAULT PATH: /scratch.hpc/luca.cotugno/Foundation_model_clinical_data/src/models_diff/tabdpt1_1.pth
ENV CHECKPOINT PATH: 
DEFAULT PATH: /scratch.hpc/luca.cotugno/Foundation_model_clinical_data/src/models_diff/tabdpt1_1.pth
 25%|██▌       | 25/100 [2:24:26<7:12:14, 345.80s/it]ENV CHECKPOINT PATH: 
DEFAULT PATH: /scratch.hpc/luca.cotugno/Foundation_model_clinical_data/src/models_diff/tabdpt1_1.pth
ENV CHECKPOINT PATH: 
DEFAULT PATH: /scratch.hpc/luca.cotugno/Foundation_model_clinical_data/src/models_diff/tabdpt1_1.pth
 26%|██▌       | 26/100 [2:30:12<7:06:42, 345.98s/it]ENV CHECKPOINT PATH: 
DEFAULT PATH: /scratch.hpc/luca.cotugno/Foundation_model_clinical_data/src/models_diff/tabdpt1_1.pth
ENV CHECKPOINT PATH: 
DEFAULT PATH: /scratch.hpc/luca.cotugno/Foundation_model_clinical_data/src/models_diff/tabdpt1_1.pth
 27%|██▋       | 27/100 [2:35:57<7:00:37, 345.72s/it]ENV CHECKPOINT PATH: 
DEFAULT PATH: /scratch.hpc/luca.cotugno/Foundation_model_clinical_data/src/models_diff/tabdpt1_1.pth
ENV CHECKPOINT PATH: 
DEFAULT PATH: /scratch.hpc/luca.cotugno/Foundation_model_clinical_data/src/models_diff/tabdpt1_1.pth
 28%|██▊       | 28/100 [2:41:43<6:54:59, 345.83s/it]ENV CHECKPOINT PATH: 
DEFAULT PATH: /scratch.hpc/luca.cotugno/Foundation_model_clinical_data/src/models_diff/tabdpt1_1.pth
ENV CHECKPOINT PATH: 
DEFAULT PATH: /scratch.hpc/luca.cotugno/Foundation_model_clinical_data/src/models_diff/tabdpt1_1.pth
 29%|██▉       | 29/100 [2:47:28<6:48:52, 345.52s/it]ENV CHECKPOINT PATH: 
DEFAULT PATH: /scratch.hpc/luca.cotugno/Foundation_model_clinical_data/src/models_diff/tabdpt1_1.pth
ENV CHECKPOINT PATH: 
DEFAULT PATH: /scratch.hpc/luca.cotugno/Foundation_model_clinical_data/src/models_diff/tabdpt1_1.pth
 30%|███       | 30/100 [2:53:13<6:42:57, 345.39s/it]ENV CHECKPOINT PATH: 
DEFAULT PATH: /scratch.hpc/luca.cotugno/Foundation_model_clinical_data/src/models_diff/tabdpt1_1.pth
ENV CHECKPOINT PATH: 
DEFAULT PATH: /scratch.hpc/luca.cotugno/Foundation_model_clinical_data/src/models_diff/tabdpt1_1.pth
 31%|███       | 31/100 [2:58:59<6:37:12, 345.40s/it]ENV CHECKPOINT PATH: 
DEFAULT PATH: /scratch.hpc/luca.cotugno/Foundation_model_clinical_data/src/models_diff/tabdpt1_1.pth
ENV CHECKPOINT PATH: 
DEFAULT PATH: /scratch.hpc/luca.cotugno/Foundation_model_clinical_data/src/models_diff/tabdpt1_1.pth
 32%|███▏      | 32/100 [3:04:45<6:31:50, 345.75s/it]ENV CHECKPOINT PATH: 
DEFAULT PATH: /scratch.hpc/luca.cotugno/Foundation_model_clinical_data/src/models_diff/tabdpt1_1.pth
ENV CHECKPOINT PATH: 
DEFAULT PATH: /scratch.hpc/luca.cotugno/Foundation_model_clinical_data/src/models_diff/tabdpt1_1.pth
 33%|███▎      | 33/100 [3:10:31<6:26:07, 345.79s/it]ENV CHECKPOINT PATH: 
DEFAULT PATH: /scratch.hpc/luca.cotugno/Foundation_model_clinical_data/src/models_diff/tabdpt1_1.pth
ENV CHECKPOINT PATH: 
DEFAULT PATH: /scratch.hpc/luca.cotugno/Foundation_model_clinical_data/src/models_diff/tabdpt1_1.pth
 34%|███▍      | 34/100 [3:16:17<6:20:18, 345.73s/it]ENV CHECKPOINT PATH: 
DEFAULT PATH: /scratch.hpc/luca.cotugno/Foundation_model_clinical_data/src/models_diff/tabdpt1_1.pth
ENV CHECKPOINT PATH: 
DEFAULT PATH: /scratch.hpc/luca.cotugno/Foundation_model_clinical_data/src/models_diff/tabdpt1_1.pth
 35%|███▌      | 35/100 [3:22:02<6:14:26, 345.64s/it]ENV CHECKPOINT PATH: 
DEFAULT PATH: /scratch.hpc/luca.cotugno/Foundation_model_clinical_data/src/models_diff/tabdpt1_1.pth
ENV CHECKPOINT PATH: 
DEFAULT PATH: /scratch.hpc/luca.cotugno/Foundation_model_clinical_data/src/models_diff/tabdpt1_1.pth
 36%|███▌      | 36/100 [3:27:47<6:08:23, 345.36s/it]ENV CHECKPOINT PATH: 
DEFAULT PATH: /scratch.hpc/luca.cotugno/Foundation_model_clinical_data/src/models_diff/tabdpt1_1.pth
ENV CHECKPOINT PATH: 
DEFAULT PATH: /scratch.hpc/luca.cotugno/Foundation_model_clinical_data/src/models_diff/tabdpt1_1.pth
 37%|███▋      | 37/100 [3:33:32<6:02:42, 345.43s/it]ENV CHECKPOINT PATH: 
DEFAULT PATH: /scratch.hpc/luca.cotugno/Foundation_model_clinical_data/src/models_diff/tabdpt1_1.pth
ENV CHECKPOINT PATH: 
DEFAULT PATH: /scratch.hpc/luca.cotugno/Foundation_model_clinical_data/src/models_diff/tabdpt1_1.pth
 38%|███▊      | 38/100 [3:39:18<5:57:02, 345.52s/it]ENV CHECKPOINT PATH: 
DEFAULT PATH: /scratch.hpc/luca.cotugno/Foundation_model_clinical_data/src/models_diff/tabdpt1_1.pth
ENV CHECKPOINT PATH: 
DEFAULT PATH: /scratch.hpc/luca.cotugno/Foundation_model_clinical_data/src/models_diff/tabdpt1_1.pth
 39%|███▉      | 39/100 [3:45:04<5:51:28, 345.72s/it]ENV CHECKPOINT PATH: 
DEFAULT PATH: /scratch.hpc/luca.cotugno/Foundation_model_clinical_data/src/models_diff/tabdpt1_1.pth
ENV CHECKPOINT PATH: 
DEFAULT PATH: /scratch.hpc/luca.cotugno/Foundation_model_clinical_data/src/models_diff/tabdpt1_1.pth
 40%|████      | 40/100 [3:50:50<5:45:43, 345.73s/it]ENV CHECKPOINT PATH: 
DEFAULT PATH: /scratch.hpc/luca.cotugno/Foundation_model_clinical_data/src/models_diff/tabdpt1_1.pth
ENV CHECKPOINT PATH: 
DEFAULT PATH: /scratch.hpc/luca.cotugno/Foundation_model_clinical_data/src/models_diff/tabdpt1_1.pth
 41%|████      | 41/100 [3:56:35<5:39:47, 345.55s/it]ENV CHECKPOINT PATH: 
DEFAULT PATH: /scratch.hpc/luca.cotugno/Foundation_model_clinical_data/src/models_diff/tabdpt1_1.pth
ENV CHECKPOINT PATH: 
DEFAULT PATH: /scratch.hpc/luca.cotugno/Foundation_model_clinical_data/src/models_diff/tabdpt1_1.pth
 42%|████▏     | 42/100 [4:02:21<5:34:06, 345.64s/it]ENV CHECKPOINT PATH: 
DEFAULT PATH: /scratch.hpc/luca.cotugno/Foundation_model_clinical_data/src/models_diff/tabdpt1_1.pth
ENV CHECKPOINT PATH: 
DEFAULT PATH: /scratch.hpc/luca.cotugno/Foundation_model_clinical_data/src/models_diff/tabdpt1_1.pth
 43%|████▎     | 43/100 [4:08:08<5:28:38, 345.93s/it]ENV CHECKPOINT PATH: 
DEFAULT PATH: /scratch.hpc/luca.cotugno/Foundation_model_clinical_data/src/models_diff/tabdpt1_1.pth
ENV CHECKPOINT PATH: 
DEFAULT PATH: /scratch.hpc/luca.cotugno/Foundation_model_clinical_data/src/models_diff/tabdpt1_1.pth
 44%|████▍     | 44/100 [4:13:55<5:23:11, 346.28s/it]ENV CHECKPOINT PATH: 
DEFAULT PATH: /scratch.hpc/luca.cotugno/Foundation_model_clinical_data/src/models_diff/tabdpt1_1.pth
ENV CHECKPOINT PATH: 
DEFAULT PATH: /scratch.hpc/luca.cotugno/Foundation_model_clinical_data/src/models_diff/tabdpt1_1.pth
 45%|████▌     | 45/100 [4:19:41<5:17:22, 346.24s/it]ENV CHECKPOINT PATH: 
DEFAULT PATH: /scratch.hpc/luca.cotugno/Foundation_model_clinical_data/src/models_diff/tabdpt1_1.pth
ENV CHECKPOINT PATH: 
DEFAULT PATH: /scratch.hpc/luca.cotugno/Foundation_model_clinical_data/src/models_diff/tabdpt1_1.pth
 46%|████▌     | 46/100 [4:25:28<5:11:41, 346.32s/it]ENV CHECKPOINT PATH: 
DEFAULT PATH: /scratch.hpc/luca.cotugno/Foundation_model_clinical_data/src/models_diff/tabdpt1_1.pth
ENV CHECKPOINT PATH: 
DEFAULT PATH: /scratch.hpc/luca.cotugno/Foundation_model_clinical_data/src/models_diff/tabdpt1_1.pth
 47%|████▋     | 47/100 [4:31:14<5:05:51, 346.25s/it]ENV CHECKPOINT PATH: 
DEFAULT PATH: /scratch.hpc/luca.cotugno/Foundation_model_clinical_data/src/models_diff/tabdpt1_1.pth
ENV CHECKPOINT PATH: 
DEFAULT PATH: /scratch.hpc/luca.cotugno/Foundation_model_clinical_data/src/models_diff/tabdpt1_1.pth
 48%|████▊     | 48/100 [4:37:00<5:00:06, 346.27s/it]ENV CHECKPOINT PATH: 
DEFAULT PATH: /scratch.hpc/luca.cotugno/Foundation_model_clinical_data/src/models_diff/tabdpt1_1.pth
