ENV CHECKPOINT PATH: 
DEFAULT PATH: /scratch.hpc/luca.cotugno/Foundation_model_clinical_data/src/models_diff/tabdpt1_1.pth
ENV CHECKPOINT PATH: 
DEFAULT PATH: /scratch.hpc/luca.cotugno/Foundation_model_clinical_data/src/models_diff/tabdpt1_1.pth
ENV CHECKPOINT PATH: 
DEFAULT PATH: /scratch.hpc/luca.cotugno/Foundation_model_clinical_data/src/models_diff/tabdpt1_1.pth
ENV CHECKPOINT PATH: 
DEFAULT PATH: /scratch.hpc/luca.cotugno/Foundation_model_clinical_data/src/models_diff/tabdpt1_1.pth
ENV CHECKPOINT PATH: 
DEFAULT PATH: /scratch.hpc/luca.cotugno/Foundation_model_clinical_data/src/models_diff/tabdpt1_1.pth
ENV CHECKPOINT PATH: 
DEFAULT PATH: /scratch.hpc/luca.cotugno/Foundation_model_clinical_data/src/models_diff/tabdpt1_1.pth
ENV CHECKPOINT PATH: 
DEFAULT PATH: /scratch.hpc/luca.cotugno/Foundation_model_clinical_data/src/models_diff/tabdpt1_1.pth
ENV CHECKPOINT PATH: 
DEFAULT PATH: /scratch.hpc/luca.cotugno/Foundation_model_clinical_data/src/models_diff/tabdpt1_1.pth
ENV CHECKPOINT PATH: 
DEFAULT PATH: /scratch.hpc/luca.cotugno/Foundation_model_clinical_data/src/models_diff/tabdpt1_1.pth
ENV CHECKPOINT PATH: 
DEFAULT PATH: /scratch.hpc/luca.cotugno/Foundation_model_clinical_data/src/models_diff/tabdpt1_1.pth
ENV CHECKPOINT PATH: 
DEFAULT PATH: /scratch.hpc/luca.cotugno/Foundation_model_clinical_data/src/models_diff/tabdpt1_1.pth
ENV CHECKPOINT PATH: 
DEFAULT PATH: /scratch.hpc/luca.cotugno/Foundation_model_clinical_data/src/models_diff/tabdpt1_1.pth
ENV CHECKPOINT PATH: 
DEFAULT PATH: /scratch.hpc/luca.cotugno/Foundation_model_clinical_data/src/models_diff/tabdpt1_1.pth
ENV CHECKPOINT PATH: 
DEFAULT PATH: /scratch.hpc/luca.cotugno/Foundation_model_clinical_data/src/models_diff/tabdpt1_1.pth
ENV CHECKPOINT PATH: 
DEFAULT PATH: /scratch.hpc/luca.cotugno/Foundation_model_clinical_data/src/models_diff/tabdpt1_1.pth
ENV CHECKPOINT PATH: 
DEFAULT PATH: /scratch.hpc/luca.cotugno/Foundation_model_clinical_data/src/models_diff/tabdpt1_1.pth
ENV CHECKPOINT PATH: 
DEFAULT PATH: /scratch.hpc/luca.cotugno/Foundation_model_clinical_data/src/models_diff/tabdpt1_1.pth
ENV CHECKPOINT PATH: 
DEFAULT PATH: /scratch.hpc/luca.cotugno/Foundation_model_clinical_data/src/models_diff/tabdpt1_1.pth
ENV CHECKPOINT PATH: 
DEFAULT PATH: /scratch.hpc/luca.cotugno/Foundation_model_clinical_data/src/models_diff/tabdpt1_1.pth
ENV CHECKPOINT PATH: 
DEFAULT PATH: /scratch.hpc/luca.cotugno/Foundation_model_clinical_data/src/models_diff/tabdpt1_1.pth
ENV CHECKPOINT PATH: 
DEFAULT PATH: /scratch.hpc/luca.cotugno/Foundation_model_clinical_data/src/models_diff/tabdpt1_1.pth
ENV CHECKPOINT PATH: 
DEFAULT PATH: /scratch.hpc/luca.cotugno/Foundation_model_clinical_data/src/models_diff/tabdpt1_1.pth
/scratch.hpc/luca.cotugno/Foundation_model_clinical_data/.venv/lib/python3.12/site-packages/pycox/models/cox.py:251: RuntimeWarning: overflow encountered in exp
  expg = np.exp(self.predict(input, batch_size, True, eval_, num_workers=num_workers)).reshape(1, -1)
/scratch.hpc/luca.cotugno/Foundation_model_clinical_data/.venv/lib/python3.12/site-packages/pycox/models/cox.py:252: RuntimeWarning: invalid value encountered in dot
  return pd.DataFrame(bch.values.reshape(-1, 1).dot(expg),
ENV CHECKPOINT PATH: 
DEFAULT PATH: /scratch.hpc/luca.cotugno/Foundation_model_clinical_data/src/models_diff/tabdpt1_1.pth
ENV CHECKPOINT PATH: 
DEFAULT PATH: /scratch.hpc/luca.cotugno/Foundation_model_clinical_data/src/models_diff/tabdpt1_1.pth
ENV CHECKPOINT PATH: 
DEFAULT PATH: /scratch.hpc/luca.cotugno/Foundation_model_clinical_data/src/models_diff/tabdpt1_1.pth
ENV CHECKPOINT PATH: 
DEFAULT PATH: /scratch.hpc/luca.cotugno/Foundation_model_clinical_data/src/models_diff/tabdpt1_1.pth
STARTED  model=tabdpt  seed=77  tuning=True  shap=False


Preprocess: Replace NaN with -1
Loading existing folds from tmp/splits/OrmoniTirodei_seed77.pkl
X_train shape: (5161, 76), X_test shape: (1291, 76)
Generating TABDPT Embeddings...
<class 'dict'>
Loaded TabDPTModel from checkpoint.
<class 'dict'>
Loaded TabDPTModel from checkpoint.
Successfully generated embeddings with shape: (5161, 768)
  [ckpt] Loading TABDPT DeepSurv Tuned from checkpoints/tabdpt/OrmoniTirodei/-1/seed77/fold1
C-index train: 0.8086
C-index test:  0.7672
  [ckpt] Loading TABDPT RSF Tuned from checkpoints/tabdpt/OrmoniTirodei/-1/seed77/fold1
C-index train: 0.8874
C-index test:  0.7694
  [ckpt] Loading DeepSurv Simple from checkpoints/tabdpt/OrmoniTirodei/-1/seed77/fold1/tabdpt_deepsurv_simple.pt
C-index TRAIN: 0.7802
C-index TEST:  0.7445
  [ckpt] Loading DeepSurv Vanilla from checkpoints/tabdpt/OrmoniTirodei/-1/seed77/fold1/tabdpt_deepsurv_vanilla.pt
C-index TRAIN: 0.8245
C-index TEST:  0.7713
  [ckpt] Loading TABDPT RSF from checkpoints/tabdpt/OrmoniTirodei/-1/seed77/fold1/tabdpt_rsf.pkl
C-index train: 0.9215
C-index test:  0.7666
  [ckpt] Loading TABDPT Cox (embedding) from checkpoints/tabdpt/OrmoniTirodei/-1/seed77/fold1/tabdpt_tab_cox.pkl
C-index train: 0.8166
C-index test:  0.7690
  [ckpt] Loading DeepSurv Vanilla baseline from checkpoints/tabdpt/OrmoniTirodei/-1/seed77/fold1/deepsurv_vanilla_baseline.pt
C-index TRAIN: 0.8119
C-index TEST:  0.7792
  [ckpt] Loading DeepSurv Simple baseline from checkpoints/tabdpt/OrmoniTirodei/-1/seed77/fold1/deepsurv_simple_baseline.pt
C-index TRAIN: 0.7792
C-index TEST:  0.7588
  [ckpt] Loading RSF baseline from checkpoints/tabdpt/OrmoniTirodei/-1/seed77/fold1/rsf_baseline.pkl
C-index train: 0.9033
C-index test:  0.7947
  [ckpt] Loading Cox baseline from checkpoints/tabdpt/OrmoniTirodei/-1/seed77/fold1/tabdpt_cox.pkl
C-index train: 0.8025
C-index test:  0.7858
  [ckpt] Loading DeepSurv Tuned baseline from checkpoints/tabdpt/OrmoniTirodei/-1/seed77/fold1
C-index train: 0.8028
C-index test:  0.7807
  [ckpt] Loading RSF Tuned baseline from checkpoints/tabdpt/OrmoniTirodei/-1/seed77/fold1
C-index train: 0.9145
C-index test:  0.7956
X_train shape: (5161, 76), X_test shape: (1291, 76)
Generating TABDPT Embeddings...
<class 'dict'>
Loaded TabDPTModel from checkpoint.
<class 'dict'>
Loaded TabDPTModel from checkpoint.
Successfully generated embeddings with shape: (5161, 768)
  [ckpt] Loading TABDPT DeepSurv Tuned from checkpoints/tabdpt/OrmoniTirodei/-1/seed77/fold2
C-index train: 0.8135
C-index test:  0.7809
  [ckpt] Loading TABDPT RSF Tuned from checkpoints/tabdpt/OrmoniTirodei/-1/seed77/fold2
C-index train: 0.8899
C-index test:  0.7729
  [ckpt] Loading DeepSurv Simple from checkpoints/tabdpt/OrmoniTirodei/-1/seed77/fold2/tabdpt_deepsurv_simple.pt
C-index TRAIN: 0.7919
C-index TEST:  0.7680
  [ckpt] Loading DeepSurv Vanilla from checkpoints/tabdpt/OrmoniTirodei/-1/seed77/fold2/tabdpt_deepsurv_vanilla.pt
C-index TRAIN: 0.7867
C-index TEST:  0.7868
  [ckpt] Loading TABDPT RSF from checkpoints/tabdpt/OrmoniTirodei/-1/seed77/fold2/tabdpt_rsf.pkl
C-index train: 0.9190
C-index test:  0.7751
  [ckpt] Loading TABDPT Cox (embedding) from checkpoints/tabdpt/OrmoniTirodei/-1/seed77/fold2/tabdpt_tab_cox.pkl
C-index train: 0.8128
C-index test:  0.7893
  [ckpt] Loading DeepSurv Vanilla baseline from checkpoints/tabdpt/OrmoniTirodei/-1/seed77/fold2/deepsurv_vanilla_baseline.pt
C-index TRAIN: 0.8018
C-index TEST:  0.8038
  [ckpt] Loading DeepSurv Simple baseline from checkpoints/tabdpt/OrmoniTirodei/-1/seed77/fold2/deepsurv_simple_baseline.pt
C-index TRAIN: 0.7823
C-index TEST:  0.8020
  [ckpt] Loading RSF baseline from checkpoints/tabdpt/OrmoniTirodei/-1/seed77/fold2/rsf_baseline.pkl
C-index train: 0.8983
C-index test:  0.8117
  [ckpt] Loading Cox baseline from checkpoints/tabdpt/OrmoniTirodei/-1/seed77/fold2/tabdpt_cox.pkl
C-index train: 0.7980
C-index test:  0.8055
  [ckpt] Loading DeepSurv Tuned baseline from checkpoints/tabdpt/OrmoniTirodei/-1/seed77/fold2
C-index train: 0.8024
C-index test:  0.8089
  [ckpt] Loading RSF Tuned baseline from checkpoints/tabdpt/OrmoniTirodei/-1/seed77/fold2
C-index train: 0.8893
C-index test:  0.8134
X_train shape: (5162, 76), X_test shape: (1290, 76)
Generating TABDPT Embeddings...
<class 'dict'>
Loaded TabDPTModel from checkpoint.
<class 'dict'>
Loaded TabDPTModel from checkpoint.
Successfully generated embeddings with shape: (5162, 768)
  [ckpt] Loading TABDPT DeepSurv Tuned from checkpoints/tabdpt/OrmoniTirodei/-1/seed77/fold3
C-index train: 0.7924
C-index test:  0.7863
  [ckpt] Loading TABDPT RSF Tuned from checkpoints/tabdpt/OrmoniTirodei/-1/seed77/fold3
C-index train: 0.9127
C-index test:  0.7699
  [ckpt] Loading DeepSurv Simple from checkpoints/tabdpt/OrmoniTirodei/-1/seed77/fold3/tabdpt_deepsurv_simple.pt
C-index TRAIN: 0.7940
C-index TEST:  0.7529
  [ckpt] Loading DeepSurv Vanilla from checkpoints/tabdpt/OrmoniTirodei/-1/seed77/fold3/tabdpt_deepsurv_vanilla.pt
C-index TRAIN: 0.8190
C-index TEST:  0.7794
  [ckpt] Loading TABDPT RSF from checkpoints/tabdpt/OrmoniTirodei/-1/seed77/fold3/tabdpt_rsf.pkl
C-index train: 0.9198
C-index test:  0.7664
  [ckpt] Loading TABDPT Cox (embedding) from checkpoints/tabdpt/OrmoniTirodei/-1/seed77/fold3/tabdpt_tab_cox.pkl
C-index train: 0.8116
C-index test:  0.7805
  [ckpt] Loading DeepSurv Vanilla baseline from checkpoints/tabdpt/OrmoniTirodei/-1/seed77/fold3/deepsurv_vanilla_baseline.pt
C-index TRAIN: 0.8029
C-index TEST:  0.7966
  [ckpt] Loading DeepSurv Simple baseline from checkpoints/tabdpt/OrmoniTirodei/-1/seed77/fold3/deepsurv_simple_baseline.pt
C-index TRAIN: 0.7897
C-index TEST:  0.7855
  [ckpt] Loading RSF baseline from checkpoints/tabdpt/OrmoniTirodei/-1/seed77/fold3/rsf_baseline.pkl
C-index train: 0.8992
C-index test:  0.8027
  [ckpt] Loading Cox baseline from checkpoints/tabdpt/OrmoniTirodei/-1/seed77/fold3/tabdpt_cox.pkl
C-index train: 0.7982
C-index test:  0.8060
  [ckpt] Loading DeepSurv Tuned baseline from checkpoints/tabdpt/OrmoniTirodei/-1/seed77/fold3
C-index train: 0.7961
C-index test:  0.7959
  [ckpt] Loading RSF Tuned baseline from checkpoints/tabdpt/OrmoniTirodei/-1/seed77/fold3
C-index train: 0.8798
C-index test:  0.7957
X_train shape: (5162, 76), X_test shape: (1290, 76)
Generating TABDPT Embeddings...
<class 'dict'>
Loaded TabDPTModel from checkpoint.
<class 'dict'>
Loaded TabDPTModel from checkpoint.
Successfully generated embeddings with shape: (5162, 768)
  [ckpt] Loading TABDPT DeepSurv Tuned from checkpoints/tabdpt/OrmoniTirodei/-1/seed77/fold4
C-index train: 0.8363
C-index test:  0.7760
  [ckpt] Loading TABDPT RSF Tuned from checkpoints/tabdpt/OrmoniTirodei/-1/seed77/fold4
C-index train: 0.8920
C-index test:  0.7657
  [ckpt] Loading DeepSurv Simple from checkpoints/tabdpt/OrmoniTirodei/-1/seed77/fold4/tabdpt_deepsurv_simple.pt
C-index TRAIN: 0.7948
C-index TEST:  0.7534
  [ckpt] Loading DeepSurv Vanilla from checkpoints/tabdpt/OrmoniTirodei/-1/seed77/fold4/tabdpt_deepsurv_vanilla.pt
C-index TRAIN: 0.8051
C-index TEST:  0.7709
  [ckpt] Loading TABDPT RSF from checkpoints/tabdpt/OrmoniTirodei/-1/seed77/fold4/tabdpt_rsf.pkl
C-index train: 0.9226
C-index test:  0.7688
  [ckpt] Loading TABDPT Cox (embedding) from checkpoints/tabdpt/OrmoniTirodei/-1/seed77/fold4/tabdpt_tab_cox.pkl
C-index train: 0.8177
C-index test:  0.7742
  [ckpt] Loading DeepSurv Vanilla baseline from checkpoints/tabdpt/OrmoniTirodei/-1/seed77/fold4/deepsurv_vanilla_baseline.pt
C-index TRAIN: 0.8126
C-index TEST:  0.7771
  [ckpt] Loading DeepSurv Simple baseline from checkpoints/tabdpt/OrmoniTirodei/-1/seed77/fold4/deepsurv_simple_baseline.pt
C-index TRAIN: 0.7900
C-index TEST:  0.7590
  [ckpt] Loading RSF baseline from checkpoints/tabdpt/OrmoniTirodei/-1/seed77/fold4/rsf_baseline.pkl
C-index train: 0.9039
C-index test:  0.7808
  [ckpt] Loading Cox baseline from checkpoints/tabdpt/OrmoniTirodei/-1/seed77/fold4/tabdpt_cox.pkl
C-index train: 0.8041
C-index test:  0.7792
  [ckpt] Loading DeepSurv Tuned baseline from checkpoints/tabdpt/OrmoniTirodei/-1/seed77/fold4
C-index train: 0.8028
C-index test:  0.7792
  [ckpt] Loading RSF Tuned baseline from checkpoints/tabdpt/OrmoniTirodei/-1/seed77/fold4
C-index train: 0.9045
C-index test:  0.7845
X_train shape: (5162, 76), X_test shape: (1290, 76)
Generating TABDPT Embeddings...
<class 'dict'>
Loaded TabDPTModel from checkpoint.
<class 'dict'>
Loaded TabDPTModel from checkpoint.
Successfully generated embeddings with shape: (5162, 768)
  [ckpt] Loading TABDPT DeepSurv Tuned from checkpoints/tabdpt/OrmoniTirodei/-1/seed77/fold5
C-index train: 0.8089
C-index test:  0.7650
  [ckpt] Loading TABDPT RSF Tuned from checkpoints/tabdpt/OrmoniTirodei/-1/seed77/fold5
C-index train: 0.9102
C-index test:  0.7605
  [ckpt] Loading DeepSurv Simple from checkpoints/tabdpt/OrmoniTirodei/-1/seed77/fold5/tabdpt_deepsurv_simple.pt
C-index TRAIN: 0.7928
C-index TEST:  0.7457
  [ckpt] Loading DeepSurv Vanilla from checkpoints/tabdpt/OrmoniTirodei/-1/seed77/fold5/tabdpt_deepsurv_vanilla.pt
C-index TRAIN: 0.8107
C-index TEST:  0.7718
  [ckpt] Loading TABDPT RSF from checkpoints/tabdpt/OrmoniTirodei/-1/seed77/fold5/tabdpt_rsf.pkl
C-index train: 0.9237
C-index test:  0.7580
  [ckpt] Loading TABDPT Cox (embedding) from checkpoints/tabdpt/OrmoniTirodei/-1/seed77/fold5/tabdpt_tab_cox.pkl
C-index train: 0.8151
C-index test:  0.7678
  [ckpt] Loading DeepSurv Vanilla baseline from checkpoints/tabdpt/OrmoniTirodei/-1/seed77/fold5/deepsurv_vanilla_baseline.pt
C-index TRAIN: 0.8080
C-index TEST:  0.7917
  [ckpt] Loading DeepSurv Simple baseline from checkpoints/tabdpt/OrmoniTirodei/-1/seed77/fold5/deepsurv_simple_baseline.pt
C-index TRAIN: 0.7944
C-index TEST:  0.7820
  [ckpt] Loading RSF baseline from checkpoints/tabdpt/OrmoniTirodei/-1/seed77/fold5/rsf_baseline.pkl
C-index train: 0.9036
C-index test:  0.7899
  [ckpt] Loading Cox baseline from checkpoints/tabdpt/OrmoniTirodei/-1/seed77/fold5/tabdpt_cox.pkl
C-index train: 0.8009
C-index test:  0.7926
  [ckpt] Loading DeepSurv Tuned baseline from checkpoints/tabdpt/OrmoniTirodei/-1/seed77/fold5
C-index train: 0.8096
C-index test:  0.7928
  [ckpt] Loading RSF Tuned baseline from checkpoints/tabdpt/OrmoniTirodei/-1/seed77/fold5
C-index train: 0.9117
C-index test:  0.7850


Preprocess: Keep NaN
Loading existing folds from tmp/splits/OrmoniTirodei_seed77.pkl
X_train shape: (5161, 76), X_test shape: (1291, 76)
Generating TABDPT Embeddings...
<class 'dict'>
Loaded TabDPTModel from checkpoint.
<class 'dict'>
Loaded TabDPTModel from checkpoint.
Successfully generated embeddings with shape: (5161, 768)
  [ckpt] Loading TABDPT DeepSurv Tuned from checkpoints/tabdpt/OrmoniTirodei/NaN/seed77/fold1
C-index train: 0.8394
C-index test:  0.7615
  [ckpt] Loading TABDPT RSF Tuned from checkpoints/tabdpt/OrmoniTirodei/NaN/seed77/fold1
C-index train: 0.9027
C-index test:  0.7683
  [ckpt] Loading DeepSurv Simple from checkpoints/tabdpt/OrmoniTirodei/NaN/seed77/fold1/tabdpt_deepsurv_simple.pt
C-index TRAIN: 0.8193
C-index TEST:  0.7586
  [ckpt] Loading DeepSurv Vanilla from checkpoints/tabdpt/OrmoniTirodei/NaN/seed77/fold1/tabdpt_deepsurv_vanilla.pt
C-index TRAIN: 0.8298
C-index TEST:  0.7662
  [ckpt] Loading TABDPT RSF from checkpoints/tabdpt/OrmoniTirodei/NaN/seed77/fold1/tabdpt_rsf.pkl
C-index train: 0.9210
C-index test:  0.7723
  [ckpt] Loading TABDPT Cox (embedding) from checkpoints/tabdpt/OrmoniTirodei/NaN/seed77/fold1/tabdpt_tab_cox.pkl
C-index train: 0.8208
C-index test:  0.7644
X_train shape: (5161, 76), X_test shape: (1291, 76)
Generating TABDPT Embeddings...
<class 'dict'>
Loaded TabDPTModel from checkpoint.
<class 'dict'>
Loaded TabDPTModel from checkpoint.
Successfully generated embeddings with shape: (5161, 768)
  [ckpt] Loading TABDPT DeepSurv Tuned from checkpoints/tabdpt/OrmoniTirodei/NaN/seed77/fold2
C-index train: 0.8075
C-index test:  0.7903
  [ckpt] Loading TABDPT RSF Tuned from checkpoints/tabdpt/OrmoniTirodei/NaN/seed77/fold2
C-index train: 0.8882
C-index test:  0.7752
  [ckpt] Loading DeepSurv Simple from checkpoints/tabdpt/OrmoniTirodei/NaN/seed77/fold2/tabdpt_deepsurv_simple.pt
C-index TRAIN: 0.7696
C-index TEST:  0.7810
  [ckpt] Loading DeepSurv Vanilla from checkpoints/tabdpt/OrmoniTirodei/NaN/seed77/fold2/tabdpt_deepsurv_vanilla.pt
C-index TRAIN: 0.8127
C-index TEST:  0.7929
  [ckpt] Loading TABDPT RSF from checkpoints/tabdpt/OrmoniTirodei/NaN/seed77/fold2/tabdpt_rsf.pkl
C-index train: 0.9200
C-index test:  0.7796
  [ckpt] Loading TABDPT Cox (embedding) from checkpoints/tabdpt/OrmoniTirodei/NaN/seed77/fold2/tabdpt_tab_cox.pkl
C-index train: 0.8153
C-index test:  0.7950
X_train shape: (5162, 76), X_test shape: (1290, 76)
Generating TABDPT Embeddings...
<class 'dict'>
Loaded TabDPTModel from checkpoint.
<class 'dict'>
Loaded TabDPTModel from checkpoint.
Successfully generated embeddings with shape: (5162, 768)
  [ckpt] Loading TABDPT DeepSurv Tuned from checkpoints/tabdpt/OrmoniTirodei/NaN/seed77/fold3
C-index train: 0.8081
C-index test:  0.7813
  [ckpt] Loading TABDPT RSF Tuned from checkpoints/tabdpt/OrmoniTirodei/NaN/seed77/fold3
C-index train: 0.9071
C-index test:  0.7618
  [ckpt] Loading DeepSurv Simple from checkpoints/tabdpt/OrmoniTirodei/NaN/seed77/fold3/tabdpt_deepsurv_simple.pt
C-index TRAIN: 0.7992
C-index TEST:  0.7548
  [ckpt] Loading DeepSurv Vanilla from checkpoints/tabdpt/OrmoniTirodei/NaN/seed77/fold3/tabdpt_deepsurv_vanilla.pt
C-index TRAIN: 0.8171
C-index TEST:  0.7790
  [ckpt] Loading TABDPT RSF from checkpoints/tabdpt/OrmoniTirodei/NaN/seed77/fold3/tabdpt_rsf.pkl
C-index train: 0.9173
C-index test:  0.7658
  [ckpt] Loading TABDPT Cox (embedding) from checkpoints/tabdpt/OrmoniTirodei/NaN/seed77/fold3/tabdpt_tab_cox.pkl
C-index train: 0.8136
C-index test:  0.7755
X_train shape: (5162, 76), X_test shape: (1290, 76)
Generating TABDPT Embeddings...
<class 'dict'>
Loaded TabDPTModel from checkpoint.
<class 'dict'>
Loaded TabDPTModel from checkpoint.
Successfully generated embeddings with shape: (5162, 768)
  [ckpt] Loading TABDPT DeepSurv Tuned from checkpoints/tabdpt/OrmoniTirodei/NaN/seed77/fold4
C-index train: 0.8074
C-index test:  0.7785
  [ckpt] Loading TABDPT RSF Tuned from checkpoints/tabdpt/OrmoniTirodei/NaN/seed77/fold4
C-index train: 0.9058
C-index test:  0.7627
  [ckpt] Loading DeepSurv Simple from checkpoints/tabdpt/OrmoniTirodei/NaN/seed77/fold4/tabdpt_deepsurv_simple.pt
C-index TRAIN: 0.8171
C-index TEST:  0.7608
  [ckpt] Loading DeepSurv Vanilla from checkpoints/tabdpt/OrmoniTirodei/NaN/seed77/fold4/tabdpt_deepsurv_vanilla.pt
C-index TRAIN: 0.8147
C-index TEST:  0.7664
  [ckpt] Loading TABDPT RSF from checkpoints/tabdpt/OrmoniTirodei/NaN/seed77/fold4/tabdpt_rsf.pkl
C-index train: 0.9243
C-index test:  0.7666
  [ckpt] Loading TABDPT Cox (embedding) from checkpoints/tabdpt/OrmoniTirodei/NaN/seed77/fold4/tabdpt_tab_cox.pkl
C-index train: 0.8191
C-index test:  0.7697
X_train shape: (5162, 76), X_test shape: (1290, 76)
Generating TABDPT Embeddings...
<class 'dict'>
Loaded TabDPTModel from checkpoint.
<class 'dict'>
Loaded TabDPTModel from checkpoint.
Successfully generated embeddings with shape: (5162, 768)
  [ckpt] Loading TABDPT DeepSurv Tuned from checkpoints/tabdpt/OrmoniTirodei/NaN/seed77/fold5
C-index train: 0.8108
C-index test:  0.7702
  [ckpt] Loading TABDPT RSF Tuned from checkpoints/tabdpt/OrmoniTirodei/NaN/seed77/fold5
C-index train: 0.9038
C-index test:  0.7511
  [ckpt] Loading DeepSurv Simple from checkpoints/tabdpt/OrmoniTirodei/NaN/seed77/fold5/tabdpt_deepsurv_simple.pt
C-index TRAIN: 0.8121
C-index TEST:  0.7529
  [ckpt] Loading DeepSurv Vanilla from checkpoints/tabdpt/OrmoniTirodei/NaN/seed77/fold5/tabdpt_deepsurv_vanilla.pt
C-index TRAIN: 0.8172
C-index TEST:  0.7765
  [ckpt] Loading TABDPT RSF from checkpoints/tabdpt/OrmoniTirodei/NaN/seed77/fold5/tabdpt_rsf.pkl
C-index train: 0.9246
C-index test:  0.7614
  [ckpt] Loading TABDPT Cox (embedding) from checkpoints/tabdpt/OrmoniTirodei/NaN/seed77/fold5/tabdpt_tab_cox.pkl
C-index train: 0.8202
C-index test:  0.7704

  Preprocess: -1 | Seed: 77
  TABDPT Train Tuned DeepSurv → mean: 0.811938 | std: 0.014146 | min: 0.792376 | max: 0.836334 | folds: [0.808570, 0.813476, 0.792376, 0.836334, 0.808932]
  TABDPT Test Tuned DeepSurv → mean: 0.775066 | std: 0.008061 | min: 0.764976 | max: 0.786293 | folds: [0.767160, 0.780864, 0.786293, 0.776036, 0.764976]
  TABDPT Train Tuned RSF → mean: 0.898453 | std: 0.010750 | min: 0.887389 | max: 0.912728 | folds: [0.887389, 0.889929, 0.912728, 0.892029, 0.910189]
  TABDPT Test Tuned RSF → mean: 0.767660 | std: 0.004252 | min: 0.760505 | max: 0.772902 | folds: [0.769367, 0.772902, 0.769862, 0.765663, 0.760505]
  TABDPT Train Vanilla → mean: 0.809176 | std: 0.013077 | min: 0.786683 | max: 0.824486 | folds: [0.824486, 0.786683, 0.818962, 0.805086, 0.810664]
  TABDPT Test Vanilla → mean: 0.776059 | std: 0.006216 | min: 0.770899 | max: 0.786796 | folds: [0.771344, 0.786796, 0.779414, 0.770899, 0.771842]
  TABDPT Train Simple → mean: 0.790737 | std: 0.005353 | min: 0.780212 | max: 0.794760 | folds: [0.780212, 0.791905, 0.794003, 0.794760, 0.792805]
  TABDPT Test Simple → mean: 0.752874 | std: 0.008368 | min: 0.744468 | max: 0.767957 | folds: [0.744468, 0.767957, 0.752860, 0.753398, 0.745685]
  TABDPT Train RSF → mean: 0.921316 | std: 0.001714 | min: 0.919025 | max: 0.923660 | folds: [0.921476, 0.919025, 0.919813, 0.922605, 0.923660]
  TABDPT Test RSF → mean: 0.766985 | std: 0.005491 | min: 0.757995 | max: 0.775124 | folds: [0.766595, 0.775124, 0.766421, 0.768788, 0.757995]
  TABDPT Train Cox → mean: 0.814762 | std: 0.002264 | min: 0.811645 | max: 0.817681 | folds: [0.816589, 0.812779, 0.811645, 0.817681, 0.815115]
  TABDPT Test Cox → mean: 0.776169 | std: 0.007982 | min: 0.767779 | max: 0.789342 | folds: [0.768974, 0.789342, 0.780535, 0.774215, 0.767779]
  Train Tuned DeepSurv → mean: 0.802745 | std: 0.004278 | min: 0.796133 | max: 0.809646 | folds: [0.802825, 0.802357, 0.796133, 0.802765, 0.809646]
  Test Tuned DeepSurv → mean: 0.791512 | std: 0.010878 | min: 0.779231 | max: 0.808930 | folds: [0.780717, 0.808930, 0.795914, 0.779231, 0.792765]
  Train Tuned RSF → mean: 0.899952 | std: 0.013313 | min: 0.879844 | max: 0.914454 | folds: [0.914454, 0.889289, 0.879844, 0.904519, 0.911654]
  Test Tuned RSF → mean: 0.794848 | std: 0.010507 | min: 0.784470 | max: 0.813430 | folds: [0.795638, 0.813430, 0.795730, 0.784470, 0.784972]
  Train DeepSurv Vanilla → mean: 0.807447 | std: 0.004431 | min: 0.801849 | max: 0.812572 | folds: [0.811916, 0.801849, 0.802938, 0.812572, 0.807960]
  Test DeepSurv Vanilla → mean: 0.789663 | std: 0.010191 | min: 0.777059 | max: 0.803755 | folds: [0.779187, 0.803755, 0.796582, 0.777059, 0.791731]
  Train DeepSurv Simple → mean: 0.787120 | std: 0.005568 | min: 0.779169 | max: 0.794429 | folds: [0.779169, 0.782290, 0.789699, 0.790013, 0.794429]
  Test DeepSurv Simple → mean: 0.777448 | std: 0.016581 | min: 0.758826 | max: 0.801952 | folds: [0.758826, 0.801952, 0.785534, 0.758966, 0.781962]
  Train RSF  → mean: 0.901656 | std: 0.002406 | min: 0.898297 | max: 0.903889 | folds: [0.903301, 0.898297, 0.899178, 0.903889, 0.903616]
  Test RSF   → mean: 0.795985 | std: 0.010599 | min: 0.780828 | max: 0.811748 | folds: [0.794708, 0.811748, 0.802711, 0.780828, 0.789931]
  Train Cox  → mean: 0.800737 | std: 0.002377 | min: 0.797973 | max: 0.804055 | folds: [0.802544, 0.797973, 0.798224, 0.804055, 0.800889]
  Test Cox   → mean: 0.793828 | std: 0.010610 | min: 0.779231 | max: 0.806035 | folds: [0.785842, 0.805468, 0.806035, 0.779231, 0.792564]

  Preprocess: NaN | Seed: 77
  TABDPT Train Tuned DeepSurv → mean: 0.814609 | std: 0.012441 | min: 0.807355 | max: 0.839367 | folds: [0.839367, 0.807471, 0.808081, 0.807355, 0.810770]
  TABDPT Test Tuned DeepSurv → mean: 0.776368 | std: 0.009813 | min: 0.761539 | max: 0.790323 | folds: [0.761539, 0.790323, 0.781279, 0.778506, 0.770191]
  TABDPT Train Tuned RSF → mean: 0.901518 | std: 0.006837 | min: 0.888186 | max: 0.907072 | folds: [0.902679, 0.888186, 0.907072, 0.905812, 0.903840]
  TABDPT Test Tuned RSF → mean: 0.763836 | std: 0.007942 | min: 0.751149 | max: 0.775182 | folds: [0.768336, 0.775182, 0.761773, 0.762740, 0.751149]
  TABDPT Train Vanilla → mean: 0.818294 | std: 0.005983 | min: 0.812676 | max: 0.829779 | folds: [0.829779, 0.812676, 0.817112, 0.814699, 0.817202]
  TABDPT Test Vanilla → mean: 0.776174 | std: 0.009819 | min: 0.766159 | max: 0.792857 | folds: [0.766159, 0.792857, 0.778972, 0.766402, 0.776477]
  TABDPT Train Simple → mean: 0.803459 | std: 0.018323 | min: 0.769576 | max: 0.819314 | folds: [0.819314, 0.769576, 0.799203, 0.817137, 0.812065]
  TABDPT Test Simple → mean: 0.761643 | std: 0.010081 | min: 0.752875 | max: 0.781015 | folds: [0.758641, 0.781015, 0.754839, 0.760843, 0.752875]
  TABDPT Train RSF → mean: 0.921442 | std: 0.002778 | min: 0.917258 | max: 0.924643 | folds: [0.920998, 0.919965, 0.917258, 0.924350, 0.924643]
  TABDPT Test RSF → mean: 0.769113 | std: 0.006275 | min: 0.761401 | max: 0.779589 | folds: [0.772259, 0.779589, 0.765763, 0.766554, 0.761401]
  TABDPT Train Cox → mean: 0.817801 | std: 0.002831 | min: 0.813648 | max: 0.820798 | folds: [0.820798, 0.815273, 0.813648, 0.819066, 0.820223]
  TABDPT Test Cox → mean: 0.775021 | std: 0.010611 | min: 0.764422 | max: 0.795042 | folds: [0.764422, 0.795042, 0.775525, 0.769676, 0.770441]
Result saved in 'results/OrmoniTirodei/tabdpt/results_cv_OrmoniTirodei_tabdpt_seed77.txt'


Preprocess: Replace NaN with -1
Loading existing folds from tmp/splits/HURRAH_seed77.pkl
X_train shape: (13566, 61), X_test shape: (3392, 61)
Generating TABDPT Embeddings...
<class 'dict'>
Loaded TabDPTModel from checkpoint.
<class 'dict'>
Loaded TabDPTModel from checkpoint.
Successfully generated embeddings with shape: (13566, 768)
  [ckpt] Loading TABDPT DeepSurv Tuned from checkpoints/tabdpt/HURRAH/-1/seed77/fold1
C-index train: 0.8743
C-index test:  0.8161
  [ckpt] Loading TABDPT RSF Tuned from checkpoints/tabdpt/HURRAH/-1/seed77/fold1
C-index train: 0.8534
C-index test:  0.8257
  [ckpt] Loading DeepSurv Simple from checkpoints/tabdpt/HURRAH/-1/seed77/fold1/tabdpt_deepsurv_simple.pt
C-index TRAIN: 0.8204
C-index TEST:  0.8201
  [ckpt] Loading DeepSurv Vanilla from checkpoints/tabdpt/HURRAH/-1/seed77/fold1/tabdpt_deepsurv_vanilla.pt
C-index TRAIN: 0.8413
C-index TEST:  0.8219
  [ckpt] Loading TABDPT RSF from checkpoints/tabdpt/HURRAH/-1/seed77/fold1/tabdpt_rsf.pkl
C-index train: 0.9502
C-index test:  0.8115
  [ckpt] Loading TABDPT Cox (embedding) from checkpoints/tabdpt/HURRAH/-1/seed77/fold1/tabdpt_tab_cox.pkl
C-index train: 0.8435
C-index test:  0.8079
  [ckpt] Loading DeepSurv Vanilla baseline from checkpoints/tabdpt/HURRAH/-1/seed77/fold1/deepsurv_vanilla_baseline.pt
C-index TRAIN: 0.8520
C-index TEST:  0.8500
  [ckpt] Loading DeepSurv Simple baseline from checkpoints/tabdpt/HURRAH/-1/seed77/fold1/deepsurv_simple_baseline.pt
C-index TRAIN: 0.8336
C-index TEST:  0.8362
  [ckpt] Loading RSF baseline from checkpoints/tabdpt/HURRAH/-1/seed77/fold1/rsf_baseline.pkl
C-index train: 0.9194
C-index test:  0.8531
  [ckpt] Loading Cox baseline from checkpoints/tabdpt/HURRAH/-1/seed77/fold1/tabdpt_cox.pkl
C-index train: 0.8281
C-index test:  0.8244
  [ckpt] Loading DeepSurv Tuned baseline from checkpoints/tabdpt/HURRAH/-1/seed77/fold1
C-index train: 0.7623
C-index test:  0.7595
  [ckpt] Loading RSF Tuned baseline from checkpoints/tabdpt/HURRAH/-1/seed77/fold1
C-index train: 0.9279
C-index test:  0.8569
X_train shape: (13566, 61), X_test shape: (3392, 61)
Generating TABDPT Embeddings...
<class 'dict'>
Loaded TabDPTModel from checkpoint.
<class 'dict'>
Loaded TabDPTModel from checkpoint.
Successfully generated embeddings with shape: (13566, 768)
  [ckpt] Loading TABDPT DeepSurv Tuned from checkpoints/tabdpt/HURRAH/-1/seed77/fold2
C-index train: 0.8553
C-index test:  0.8301
  [ckpt] Loading TABDPT RSF Tuned from checkpoints/tabdpt/HURRAH/-1/seed77/fold2
C-index train: 0.8276
C-index test:  0.8185
  [ckpt] Loading DeepSurv Simple from checkpoints/tabdpt/HURRAH/-1/seed77/fold2/tabdpt_deepsurv_simple.pt
C-index TRAIN: 0.8090
C-index TEST:  0.7982
  [ckpt] Loading DeepSurv Vanilla from checkpoints/tabdpt/HURRAH/-1/seed77/fold2/tabdpt_deepsurv_vanilla.pt
C-index TRAIN: 0.8556
C-index TEST:  0.8301
  [ckpt] Loading TABDPT RSF from checkpoints/tabdpt/HURRAH/-1/seed77/fold2/tabdpt_rsf.pkl
C-index train: 0.9504
C-index test:  0.8063
  [ckpt] Loading TABDPT Cox (embedding) from checkpoints/tabdpt/HURRAH/-1/seed77/fold2/tabdpt_tab_cox.pkl
C-index train: 0.8401
C-index test:  0.8148
  [ckpt] Loading DeepSurv Vanilla baseline from checkpoints/tabdpt/HURRAH/-1/seed77/fold2/deepsurv_vanilla_baseline.pt
C-index TRAIN: 0.8614
C-index TEST:  0.8479
  [ckpt] Loading DeepSurv Simple baseline from checkpoints/tabdpt/HURRAH/-1/seed77/fold2/deepsurv_simple_baseline.pt
C-index TRAIN: 0.8363
C-index TEST:  0.8403
  [ckpt] Loading RSF baseline from checkpoints/tabdpt/HURRAH/-1/seed77/fold2/rsf_baseline.pkl
C-index train: 0.9203
C-index test:  0.8454
  [ckpt] Loading Cox baseline from checkpoints/tabdpt/HURRAH/-1/seed77/fold2/tabdpt_cox.pkl
C-index train: 0.8272
C-index test:  0.8290
  [ckpt] Loading DeepSurv Tuned baseline from checkpoints/tabdpt/HURRAH/-1/seed77/fold2
C-index train: 0.8499
C-index test:  0.8417
  [ckpt] Loading RSF Tuned baseline from checkpoints/tabdpt/HURRAH/-1/seed77/fold2
C-index train: 0.9257
C-index test:  0.8458
X_train shape: (13566, 61), X_test shape: (3392, 61)
Generating TABDPT Embeddings...
<class 'dict'>
Loaded TabDPTModel from checkpoint.
<class 'dict'>
Loaded TabDPTModel from checkpoint.
Successfully generated embeddings with shape: (13566, 768)
  [ckpt] Loading TABDPT DeepSurv Tuned from checkpoints/tabdpt/HURRAH/-1/seed77/fold3
C-index train: 0.8452
C-index test:  0.8147
  [ckpt] Loading TABDPT RSF Tuned from checkpoints/tabdpt/HURRAH/-1/seed77/fold3
C-index train: 0.8074
C-index test:  0.8155
  [ckpt] Loading DeepSurv Simple from checkpoints/tabdpt/HURRAH/-1/seed77/fold3/tabdpt_deepsurv_simple.pt
C-index TRAIN: 0.8072
C-index TEST:  0.8130
  [ckpt] Loading DeepSurv Vanilla from checkpoints/tabdpt/HURRAH/-1/seed77/fold3/tabdpt_deepsurv_vanilla.pt
C-index TRAIN: 0.8476
C-index TEST:  0.8263
  [ckpt] Loading TABDPT RSF from checkpoints/tabdpt/HURRAH/-1/seed77/fold3/tabdpt_rsf.pkl
C-index train: 0.9535
C-index test:  0.8032
  [ckpt] Loading TABDPT Cox (embedding) from checkpoints/tabdpt/HURRAH/-1/seed77/fold3/tabdpt_tab_cox.pkl
C-index train: 0.8437
C-index test:  0.8056
  [ckpt] Loading DeepSurv Vanilla baseline from checkpoints/tabdpt/HURRAH/-1/seed77/fold3/deepsurv_vanilla_baseline.pt
C-index TRAIN: 0.8441
C-index TEST:  0.8310
  [ckpt] Loading DeepSurv Simple baseline from checkpoints/tabdpt/HURRAH/-1/seed77/fold3/deepsurv_simple_baseline.pt
C-index TRAIN: 0.8332
C-index TEST:  0.8276
  [ckpt] Loading RSF baseline from checkpoints/tabdpt/HURRAH/-1/seed77/fold3/rsf_baseline.pkl
Traceback (most recent call last):
  File "/scratch.hpc/luca.cotugno/Foundation_model_clinical_data/test_tabular_model.py", line 1106, in <module>
    results = main(dataset_name, feature_event, feature_time, args.seed, args.model, args.tuning, args.shap)
              ^^^^^^^^^^^^^^^^^^^^^^^^^^^^^^^^^^^^^^^^^^^^^^^^^^^^^^^^^^^^^^^^^^^^^^^^^^^^^^^^^^^^^^^^^^^^^^
  File "/scratch.hpc/luca.cotugno/Foundation_model_clinical_data/test_tabular_model.py", line 705, in main
    rsf_base = load_or_fit_rsf(
               ^^^^^^^^^^^^^^^^
  File "/scratch.hpc/luca.cotugno/Foundation_model_clinical_data/test_tabular_model.py", line 163, in load_or_fit_rsf
    return load(ckpt_path)
           ^^^^^^^^^^^^^^^
  File "/scratch.hpc/luca.cotugno/Foundation_model_clinical_data/.venv/lib/python3.12/site-packages/joblib/numpy_pickle.py", line 749, in load
    obj = _unpickle(
          ^^^^^^^^^^
  File "/scratch.hpc/luca.cotugno/Foundation_model_clinical_data/.venv/lib/python3.12/site-packages/joblib/numpy_pickle.py", line 626, in _unpickle
    obj = unpickler.load()
          ^^^^^^^^^^^^^^^^
  File "/home/students/luca.cotugno/.local/share/uv/python/cpython-3.12.12-linux-x86_64-gnu/lib/python3.12/pickle.py", line 1256, in load
    dispatch[key[0]](self)
  File "/scratch.hpc/luca.cotugno/Foundation_model_clinical_data/.venv/lib/python3.12/site-packages/joblib/numpy_pickle.py", line 462, in load_build
    _array_payload = array_wrapper.read(self, self.ensure_native_byte_order)
                     ^^^^^^^^^^^^^^^^^^^^^^^^^^^^^^^^^^^^^^^^^^^^^^^^^^^^^^^
  File "/scratch.hpc/luca.cotugno/Foundation_model_clinical_data/.venv/lib/python3.12/site-packages/joblib/numpy_pickle.py", line 284, in read
    array = self.read_array(unpickler, ensure_native_byte_order)
            ^^^^^^^^^^^^^^^^^^^^^^^^^^^^^^^^^^^^^^^^^^^^^^^^^^^^
  File "/scratch.hpc/luca.cotugno/Foundation_model_clinical_data/.venv/lib/python3.12/site-packages/joblib/numpy_pickle.py", line 197, in read_array
    data = _read_bytes(unpickler.file_handle, read_size, "array data")
           ^^^^^^^^^^^^^^^^^^^^^^^^^^^^^^^^^^^^^^^^^^^^^^^^^^^^^^^^^^^
  File "/scratch.hpc/luca.cotugno/Foundation_model_clinical_data/.venv/lib/python3.12/site-packages/joblib/numpy_pickle_utils.py", line 274, in _read_bytes
    raise ValueError(msg % (error_template, size, len(data)))
ValueError: EOF: reading array data, expected 262144 bytes got 97520
