/scratch.hpc/luca.cotugno/Foundation_model_clinical_data/.venv/lib/python3.12/site-packages/pycox/models/cox.py:251: RuntimeWarning: overflow encountered in exp
  expg = np.exp(self.predict(input, batch_size, True, eval_, num_workers=num_workers)).reshape(1, -1)
/scratch.hpc/luca.cotugno/Foundation_model_clinical_data/.venv/lib/python3.12/site-packages/pycox/models/cox.py:251: RuntimeWarning: overflow encountered in exp
  expg = np.exp(self.predict(input, batch_size, True, eval_, num_workers=num_workers)).reshape(1, -1)
/scratch.hpc/luca.cotugno/Foundation_model_clinical_data/.venv/lib/python3.12/site-packages/pycox/models/cox.py:251: RuntimeWarning: overflow encountered in exp
  expg = np.exp(self.predict(input, batch_size, True, eval_, num_workers=num_workers)).reshape(1, -1)
/scratch.hpc/luca.cotugno/Foundation_model_clinical_data/.venv/lib/python3.12/site-packages/pycox/models/cox.py:251: RuntimeWarning: overflow encountered in exp
  expg = np.exp(self.predict(input, batch_size, True, eval_, num_workers=num_workers)).reshape(1, -1)
/scratch.hpc/luca.cotugno/Foundation_model_clinical_data/.venv/lib/python3.12/site-packages/lifelines/utils/__init__.py:1100: ConvergenceWarning: Column(s) [28] have very low variance. This may harm convergence. 1) Are you using formula's? Did you mean to add '-1' to the end. 2) Try dropping this redundant column before fitting if convergence fails.

  warnings.warn(dedent(warning_text), ConvergenceWarning)
/scratch.hpc/luca.cotugno/Foundation_model_clinical_data/.venv/lib/python3.12/site-packages/lifelines/utils/__init__.py:797: RuntimeWarning: invalid value encountered in divide
  return (X - mean) / std
/scratch.hpc/luca.cotugno/Foundation_model_clinical_data/.venv/lib/python3.12/site-packages/lifelines/utils/__init__.py:1100: ConvergenceWarning: Column(s) [28] have very low variance. This may harm convergence. 1) Are you using formula's? Did you mean to add '-1' to the end. 2) Try dropping this redundant column before fitting if convergence fails.

  warnings.warn(dedent(warning_text), ConvergenceWarning)
/scratch.hpc/luca.cotugno/Foundation_model_clinical_data/.venv/lib/python3.12/site-packages/lifelines/utils/__init__.py:797: RuntimeWarning: invalid value encountered in divide
  return (X - mean) / std
/scratch.hpc/luca.cotugno/Foundation_model_clinical_data/.venv/lib/python3.12/site-packages/lifelines/utils/__init__.py:1120: ConvergenceWarning: Column 27 have very low variance when conditioned on death event present or not. This may harm convergence. This could be a form of 'complete separation'. For example, try the following code:

>>> events = df['__e__'].astype(bool)
>>> print(df.loc[events, '27'].var())
>>> print(df.loc[~events, '27'].var())

A very low variance means that the column 27 completely determines whether a subject dies or not. See https://stats.stackexchange.com/questions/11109/how-to-deal-with-perfect-separation-in-logistic-regression.

  warnings.warn(dedent(warning_text), ConvergenceWarning)
/scratch.hpc/luca.cotugno/Foundation_model_clinical_data/.venv/lib/python3.12/site-packages/lifelines/utils/__init__.py:1100: ConvergenceWarning: Column(s) [28] have very low variance. This may harm convergence. 1) Are you using formula's? Did you mean to add '-1' to the end. 2) Try dropping this redundant column before fitting if convergence fails.

  warnings.warn(dedent(warning_text), ConvergenceWarning)
/scratch.hpc/luca.cotugno/Foundation_model_clinical_data/.venv/lib/python3.12/site-packages/lifelines/utils/__init__.py:797: RuntimeWarning: invalid value encountered in divide
  return (X - mean) / std
/scratch.hpc/luca.cotugno/Foundation_model_clinical_data/.venv/lib/python3.12/site-packages/lifelines/utils/__init__.py:1100: ConvergenceWarning: Column(s) [28] have very low variance. This may harm convergence. 1) Are you using formula's? Did you mean to add '-1' to the end. 2) Try dropping this redundant column before fitting if convergence fails.

  warnings.warn(dedent(warning_text), ConvergenceWarning)
/scratch.hpc/luca.cotugno/Foundation_model_clinical_data/.venv/lib/python3.12/site-packages/lifelines/utils/__init__.py:797: RuntimeWarning: invalid value encountered in divide
  return (X - mean) / std
STARTED

============================================================
Dataset: OrmoniTirodei
============================================================
Loading existing folds from tmp/splits/OrmoniTirodei_seed123.pkl
Loading NaN ordering from tmp/masks/OrmoniTirodei_tabpfn_seed123_fold0_eval.npy
Loading NaN ordering from tmp/masks/OrmoniTirodei_tabpfn_seed123_fold1_train.npy
Loading NaN ordering from tmp/masks/OrmoniTirodei_tabpfn_seed123_fold1_test.npy
[fold=1, target=10%] actual NaN%: 10.0%
X_train shape: (5161, 76), X_test shape: (1291, 76)
Generating TabPFN Embeddings...
Successfully generated embeddings with shape: (5161, 192)
Loading SimpleImputer (mean)...
Loading SimpleImputer (median)...
Loading SimpleImputer (constant, fill=-1)...
Loading KNNImputer...
Loading IterativeImputer (BayesianRidge, MICE-like)...
Loading epochs value...
Loading epochs value...
Evaluating method: embeddings
Loading Random Survival Forest...
C-index TRAIN: 0.9612523054510533
C-index TEST : 0.784701290490186
Loading deepsurv_simple.pt...
C-index TRAIN: 0.9120152254247624
C-index TEST : 0.7221956174039331
Loading deepsurv_vanilla.pt...
C-index TRAIN: 0.9190613470429093
C-index TEST : 0.3341393028285617
Loading Cox model...
C-index TRAIN: 0.9173722266970676
C-index TEST : 0.7491322134269823
Evaluating method: mean
Loading Random Survival Forest...
C-index TRAIN: 0.9026291960320677
C-index TEST : 0.788379015371325
Loading deepsurv_simple.pt...
C-index TRAIN: 0.7437791724310662
C-index TEST : 0.721849754766175
Loading deepsurv_vanilla.pt...
C-index TRAIN: 0.7972160821744636
C-index TEST : 0.7783004842076928
Loading Cox model...
C-index TRAIN: 0.7944091561511917
C-index TEST : 0.7833303598536422
Evaluating method: median
Loading Random Survival Forest...
C-index TRAIN: 0.8949866582093323
C-index TEST : 0.7864978982193551
Loading deepsurv_simple.pt...
C-index TRAIN: 0.7717387639596034
C-index TEST : 0.7526628293128758
Loading deepsurv_vanilla.pt...
C-index TRAIN: 0.7920855504813197
C-index TEST : 0.776635335580658
Loading Cox model...
C-index TRAIN: 0.7937478094046841
C-index TEST : 0.7821159281482107
Evaluating method: constant
Loading Random Survival Forest...
C-index TRAIN: 0.9079690615693443
C-index TEST : 0.7885793340031487
Loading deepsurv_simple.pt...
C-index TRAIN: 0.712971714366378
C-index TEST : 0.6658466122676382
Loading deepsurv_vanilla.pt...
C-index TRAIN: 0.7867703233522463
C-index TEST : 0.7587913274552335
Loading Cox model...
C-index TRAIN: 0.7415277220995036
C-index TEST : 0.7077570260195123
Evaluating method: knn
Loading Random Survival Forest...
C-index TRAIN: 0.9063951674633702
C-index TEST : 0.7890582207323524
Loading deepsurv_simple.pt...
C-index TRAIN: 0.7603849964320621
C-index TEST : 0.7467941193961646
Loading deepsurv_vanilla.pt...
C-index TRAIN: 0.7952924338227175
C-index TEST : 0.777971836452357
Loading Cox model...
C-index TRAIN: 0.794412675923792
C-index TEST : 0.7832802801956863
Evaluating method: imputer_bayesian
Loading Random Survival Forest...
C-index TRAIN: 0.9030165562693078
C-index TEST : 0.7965858193188541
Loading deepsurv_simple.pt...
C-index TRAIN: 0.7563832002365287
C-index TEST : 0.7375810273215834
Loading deepsurv_vanilla.pt...
C-index TRAIN: 0.7968985616356643
C-index TEST : 0.7760813293645205
Loading Cox model...
C-index TRAIN: 0.7967818533862806
C-index TEST : 0.7847732799984977
[fold=1, target=30%] actual NaN%: 30.0%
X_train shape: (5161, 76), X_test shape: (1291, 76)
Generating TabPFN Embeddings...
Successfully generated embeddings with shape: (5161, 192)
Loading SimpleImputer (mean)...
Loading SimpleImputer (median)...
Loading SimpleImputer (constant, fill=-1)...
Loading KNNImputer...
Loading IterativeImputer (BayesianRidge, MICE-like)...
Loading epochs value...
Loading epochs value...
Evaluating method: embeddings
Loading Random Survival Forest...
C-index TRAIN: 0.9612715715747611
C-index TEST : 0.7691484267162455
Loading deepsurv_simple.pt...
C-index TRAIN: 0.9181210120050181
C-index TEST : 0.4085482846152161
Loading deepsurv_vanilla.pt...
C-index TRAIN: 0.9183231210527603
C-index TEST : 0.47142955513613843
Loading Cox model...
C-index TRAIN: 0.9166797577507245
C-index TEST : 0.686391791944061
Evaluating method: mean
Loading Random Survival Forest...
C-index TRAIN: 0.8915767395642448
C-index TEST : 0.771761958865821
Loading deepsurv_simple.pt...
C-index TRAIN: 0.7162749283263148
C-index TEST : 0.7019696955469794
Loading deepsurv_vanilla.pt...
C-index TRAIN: 0.7901348554559069
C-index TEST : 0.7668698022792504
Loading Cox model...
C-index TRAIN: 0.7784964494757021
C-index TEST : 0.7628571696855311
Evaluating method: median
Loading Random Survival Forest...
C-index TRAIN: 0.8754222800864604
C-index TEST : 0.7696147935309602
Loading deepsurv_simple.pt...
C-index TRAIN: 0.7513394587256644
C-index TEST : 0.7415514052039025
Loading deepsurv_vanilla.pt...
C-index TRAIN: 0.7880865330536287
C-index TEST : 0.7642030604930968
Loading Cox model...
C-index TRAIN: 0.7757282409510351
C-index TEST : 0.7598367403150637
Evaluating method: constant
Loading Random Survival Forest...
C-index TRAIN: 0.9031782805577394
C-index TEST : 0.766838502493028
Loading deepsurv_simple.pt...
C-index TRAIN: 0.6410688734282363
C-index TEST : 0.6170940652475344
Loading deepsurv_vanilla.pt...
C-index TRAIN: 0.8144259176788174
C-index TEST : 0.695831807468755
Loading Cox model...
C-index TRAIN: 0.6773609708347937
C-index TEST : 0.6489541176433765
Evaluating method: knn
Loading Random Survival Forest...
C-index TRAIN: 0.902913186105568
C-index TEST : 0.7688667286402434
Loading deepsurv_simple.pt...
C-index TRAIN: 0.6944086189227421
C-index TEST : 0.6651235872058994
Loading deepsurv_vanilla.pt...
C-index TRAIN: 0.7851419653965598
C-index TEST : 0.7566942417783287
Loading Cox model...
C-index TRAIN: 0.7732682904056927
C-index TEST : 0.76037509663809
Evaluating method: imputer_bayesian
Loading Random Survival Forest...
C-index TRAIN: 0.910145948297134
C-index TEST : 0.7794742261910351
Loading deepsurv_simple.pt...
C-index TRAIN: 0.7505726114267379
C-index TEST : 0.7448597926076165
Loading deepsurv_vanilla.pt...
C-index TRAIN: 0.7962381411451043
C-index TEST : 0.7657148401676417
Loading Cox model...
C-index TRAIN: 0.7813209743619763
C-index TEST : 0.7715679001912417
[fold=1, target=50%] actual NaN%: 50.0%
X_train shape: (5161, 76), X_test shape: (1291, 76)
Generating TabPFN Embeddings...
Successfully generated embeddings with shape: (5161, 192)
Loading SimpleImputer (mean)...
Loading SimpleImputer (median)...
Loading SimpleImputer (constant, fill=-1)...
Loading KNNImputer...
Loading IterativeImputer (BayesianRidge, MICE-like)...
Loading epochs value...
Loading epochs value...
Evaluating method: embeddings
Loading Random Survival Forest...
C-index TRAIN: 0.9611276314005213
C-index TEST : 0.7311817860284014
Loading deepsurv_simple.pt...
C-index TRAIN: 0.913369041117613
C-index TEST : 0.6917753551743242
Loading deepsurv_vanilla.pt...
C-index TRAIN: 0.914400982868711
C-index TEST : 0.6329082822364324
Loading Cox model...
C-index TRAIN: 0.9127563228083487
C-index TEST : 0.7349471503109634
Evaluating method: mean
Loading Random Survival Forest...
C-index TRAIN: 0.8691355957196601
C-index TEST : 0.7360895925080831
Loading deepsurv_simple.pt...
C-index TRAIN: 0.737200995317591
C-index TEST : 0.7264116986080985
Loading deepsurv_vanilla.pt...
C-index TRAIN: 0.7637354494453209
C-index TEST : 0.7315667733989377
Loading Cox model...
C-index TRAIN: 0.7597045688130364
C-index TEST : 0.7358172843679478
Evaluating method: median
Loading Random Survival Forest...
C-index TRAIN: 0.8446572445441672
C-index TEST : 0.735579405992657
Loading deepsurv_simple.pt...
C-index TRAIN: 0.7392221784206077
C-index TEST : 0.7193379469218225
Loading deepsurv_vanilla.pt...
C-index TRAIN: 0.7633312313498365
C-index TEST : 0.7303930314155954
Loading Cox model...
C-index TRAIN: 0.7557218534900213
C-index TEST : 0.7320581800426303
Evaluating method: constant
Loading Random Survival Forest...
C-index TRAIN: 0.8845179282396173
C-index TEST : 0.7305902200687969
Loading deepsurv_simple.pt...
C-index TRAIN: 0.5900154054889186
C-index TEST : 0.5653805584507858
Loading deepsurv_vanilla.pt...
C-index TRAIN: 0.7915670324019151
C-index TEST : 0.6343152076271319
Loading Cox model...
C-index TRAIN: 0.6322900974347156
C-index TEST : 0.5952655943359907
Evaluating method: knn
Loading Random Survival Forest...
C-index TRAIN: 0.8920906263639119
C-index TEST : 0.7293632684488764
Loading deepsurv_simple.pt...
C-index TRAIN: 0.6808614773115458
C-index TEST : 0.6492999802811347
Loading deepsurv_vanilla.pt...
C-index TRAIN: 0.757679958563014
C-index TEST : 0.7138917841191145
Loading Cox model...
C-index TRAIN: 0.7521485432957965
C-index TEST : 0.7275791806341962
Evaluating method: imputer_bayesian
Loading Random Survival Forest...
C-index TRAIN: 0.9079171912362849
C-index TEST : 0.748518737617022
Loading deepsurv_simple.pt...
C-index TRAIN: 0.6514327512246956
C-index TEST : 0.6247218231499478
Loading deepsurv_vanilla.pt...
C-index TRAIN: 0.7686922155227158
C-index TEST : 0.7331505425817941
Loading Cox model...
C-index TRAIN: 0.7629562829422928
C-index TEST : 0.7425529983630211
[fold=1, target=70%] actual NaN%: 70.0%
X_train shape: (5161, 76), X_test shape: (1291, 76)
Generating TabPFN Embeddings...
Successfully generated embeddings with shape: (5161, 192)
Loading SimpleImputer (mean)...
Loading SimpleImputer (median)...
Loading SimpleImputer (constant, fill=-1)...
Loading KNNImputer...
Loading IterativeImputer (BayesianRidge, MICE-like)...
Loading epochs value...
Loading epochs value...
Evaluating method: embeddings
Loading Random Survival Forest...
C-index TRAIN: 0.9595009407055403
C-index TEST : 0.6841632471650219
Loading deepsurv_simple.pt...
C-index TRAIN: 0.9120154106759519
C-index TEST : 0.5677311723960925
Loading deepsurv_vanilla.pt...
C-index TRAIN: 0.9122896750620035
C-index TEST : 0.41404139709725785
Loading Cox model...
C-index TRAIN: 0.9109829131712854
C-index TEST : 0.6342839078409095
Evaluating method: mean
Loading Random Survival Forest...
C-index TRAIN: 0.8266228559953583
C-index TEST : 0.6940852793975417
Loading deepsurv_simple.pt...
C-index TRAIN: 0.704147644457025
C-index TEST : 0.6692238592010417
Loading deepsurv_vanilla.pt...
C-index TRAIN: 0.7295238155224195
C-index TEST : 0.6979195032097931
Loading Cox model...
C-index TRAIN: 0.7309967477301171
C-index TEST : 0.6974656563095674
Evaluating method: median
Loading Random Survival Forest...
C-index TRAIN: 0.7986612267037366
C-index TEST : 0.6948020445020361
Loading deepsurv_simple.pt...
C-index TRAIN: 0.7057260772171418
C-index TEST : 0.671480573787681
Loading deepsurv_vanilla.pt...
C-index TRAIN: 0.7251404018765204
C-index TEST : 0.6973373271860553
Loading Cox model...
C-index TRAIN: 0.7247178439132758
C-index TEST : 0.6925359399795299
Evaluating method: constant
Loading Random Survival Forest...
C-index TRAIN: 0.8416784054170412
C-index TEST : 0.6789299229086265
Loading deepsurv_simple.pt...
C-index TRAIN: 0.5586179223856796
C-index TEST : 0.5518434009095717
Loading deepsurv_vanilla.pt...
C-index TRAIN: 0.7019880787154534
C-index TEST : 0.5654869777239422
Loading Cox model...
C-index TRAIN: 0.5942063431489294
C-index TEST : 0.5737720311370273
Evaluating method: knn
Loading Random Survival Forest...
C-index TRAIN: 0.8834064211026299
C-index TEST : 0.6880193808276289
Loading deepsurv_simple.pt...
C-index TRAIN: 0.657905335160157
C-index TEST : 0.6035036980697421
Loading deepsurv_vanilla.pt...
C-index TRAIN: 0.6990140561192544
C-index TEST : 0.6541968318356386
Loading Cox model...
C-index TRAIN: 0.7139260358690763
C-index TEST : 0.6714680538731921
Evaluating method: imputer_bayesian
Loading Random Survival Forest...
C-index TRAIN: 0.9098582531998438
C-index TEST : 0.6856718968609444
Loading deepsurv_simple.pt...
C-index TRAIN: 0.6662358032750928
C-index TEST : 0.6252351396439962
Loading deepsurv_vanilla.pt...
C-index TRAIN: 0.7285745884274323
C-index TEST : 0.6866828799559299
Loading Cox model...
C-index TRAIN: 0.7265799888701086
C-index TEST : 0.6899067579368433
[fold=1, target=90%] actual NaN%: 90.0%
X_train shape: (5161, 76), X_test shape: (1291, 76)
Generating TabPFN Embeddings...
Successfully generated embeddings with shape: (5161, 192)
Loading SimpleImputer (mean)...
Loading SimpleImputer (median)...
Loading SimpleImputer (constant, fill=-1)...
Loading KNNImputer...
Loading IterativeImputer (BayesianRidge, MICE-like)...
Loading epochs value...
Loading epochs value...
Evaluating method: embeddings
Loading Random Survival Forest...
C-index TRAIN: 0.9626744788328286
C-index TEST : 0.5941341070640488
Loading deepsurv_simple.pt...
C-index TRAIN: 0.9026569837104924
C-index TEST : 0.5564788992491181
Loading deepsurv_vanilla.pt...
C-index TRAIN: 0.9025278636314124
C-index TEST : 0.4172574501316156
Loading Cox model...
C-index TRAIN: 0.9004319316734333
C-index TEST : 0.5532487613109602
Evaluating method: mean
Loading Random Survival Forest...
C-index TRAIN: 0.7345650561422254
C-index TEST : 0.6024582852099121
Loading deepsurv_simple.pt...
C-index TRAIN: 0.6239620375852434
C-index TEST : 0.5993314365662883
Loading deepsurv_vanilla.pt...
C-index TRAIN: 0.6403294433053555
C-index TEST : 0.6145525226062706
Loading Cox model...
C-index TRAIN: 0.6514709129697321
C-index TEST : 0.6238986387722972
Evaluating method: median
Loading Random Survival Forest...
C-index TRAIN: 0.6928803892349793
C-index TEST : 0.610142382727526
Loading deepsurv_simple.pt...
C-index TRAIN: 0.6402819263752493
C-index TEST : 0.6126385406787672
Loading deepsurv_vanilla.pt...
C-index TRAIN: 0.6453378018390256
C-index TEST : 0.6191661110954613
Loading Cox model...
C-index TRAIN: 0.6498156935915685
C-index TEST : 0.6146151221787155
Evaluating method: constant
Loading Random Survival Forest...
C-index TRAIN: 0.7639446906638587
C-index TEST : 0.5969401328988923
Loading deepsurv_simple.pt...
C-index TRAIN: 0.5667356295094771
C-index TEST : 0.5190287050339446
Loading deepsurv_vanilla.pt...
C-index TRAIN: 0.6325384266542375
C-index TEST : 0.5278333348983226
Loading Cox model...
C-index TRAIN: 0.5795473238983667
C-index TEST : 0.5299742402759389
Evaluating method: knn
Loading Random Survival Forest...
C-index TRAIN: 0.8919039857904928
C-index TEST : 0.5865454738944132
Loading deepsurv_simple.pt...
C-index TRAIN: 0.5274793278197639
C-index TEST : 0.5222854477903915
Loading deepsurv_vanilla.pt...
C-index TRAIN: 0.5993217768701293
C-index TEST : 0.5557621341446238
Loading Cox model...
C-index TRAIN: 0.6208088770887998
C-index TEST : 0.5861197968017878
Evaluating method: imputer_bayesian
Loading Random Survival Forest...
C-index TRAIN: 0.8617115616749376
C-index TEST : 0.5913625109940499
Loading deepsurv_simple.pt...
C-index TRAIN: 0.5473981840937401
C-index TEST : 0.5235828239293125
Loading deepsurv_vanilla.pt...
C-index TRAIN: 0.6401191832052754
C-index TEST : 0.6152348579459203
Loading Cox model...
C-index TRAIN: 0.6497197334754087
C-index TEST : 0.6152411179031647
Loading NaN ordering from tmp/masks/OrmoniTirodei_tabpfn_seed123_fold2_train.npy
Loading NaN ordering from tmp/masks/OrmoniTirodei_tabpfn_seed123_fold2_test.npy
[fold=2, target=10%] actual NaN%: 10.0%
X_train shape: (5161, 76), X_test shape: (1291, 76)
Generating TabPFN Embeddings...
Successfully generated embeddings with shape: (5161, 192)
Loading SimpleImputer (mean)...
Loading SimpleImputer (median)...
Loading SimpleImputer (constant, fill=-1)...
Loading KNNImputer...
Loading IterativeImputer (BayesianRidge, MICE-like)...
Loading epochs value...
Loading epochs value...
Evaluating method: embeddings
Loading Random Survival Forest...
C-index TRAIN: 0.959982334354849
C-index TEST : 0.785312200698242
Loading deepsurv_simple.pt...
C-index TRAIN: 0.9164107303373082
C-index TEST : 0.784895109216177
Loading deepsurv_vanilla.pt...
C-index TRAIN: 0.922724136124312
C-index TEST : 0.4199431519757778
Loading Cox model...
C-index TRAIN: 0.9179705020142328
C-index TEST : 0.7772391633453827
Evaluating method: mean
Loading Random Survival Forest...
C-index TRAIN: 0.8992675483139044
C-index TEST : 0.7897395495411994
Loading deepsurv_simple.pt...
C-index TRAIN: 0.7186303811193865
C-index TEST : 0.7291732319955511
Loading deepsurv_vanilla.pt...
C-index TRAIN: 0.8089951354446641
C-index TEST : 0.791200914511694
Loading Cox model...
C-index TRAIN: 0.7942745696089218
C-index TEST : 0.7961318626996632
Evaluating method: median
Loading Random Survival Forest...
C-index TRAIN: 0.8919920820452908
C-index TEST : 0.7909599283220564
Loading deepsurv_simple.pt...
C-index TRAIN: 0.7684666190281368
C-index TEST : 0.7793678746871814
Loading deepsurv_vanilla.pt...
C-index TRAIN: 0.8058948221525852
C-index TEST : 0.7882781845707048
Loading Cox model...
C-index TRAIN: 0.7929557775466455
C-index TEST : 0.7953687397658109
Evaluating method: constant
Loading Random Survival Forest...
C-index TRAIN: 0.9064278200095945
C-index TEST : 0.7901535514567306
Loading deepsurv_simple.pt...
C-index TRAIN: 0.636041446264147
C-index TEST : 0.6580251490715853
Loading deepsurv_vanilla.pt...
C-index TRAIN: 0.7995419343547004
C-index TEST : 0.7661939629869929
Loading Cox model...
C-index TRAIN: 0.7369504057635933
C-index TEST : 0.743575246392931
Evaluating method: knn
Loading Random Survival Forest...
C-index TRAIN: 0.9018202228903508
C-index TEST : 0.7899836252973708
Loading deepsurv_simple.pt...
C-index TRAIN: 0.7506481552703933
C-index TEST : 0.7684091821917385
Loading deepsurv_vanilla.pt...
C-index TRAIN: 0.8111160161703452
C-index TEST : 0.7948898569530695
Loading Cox model...
C-index TRAIN: 0.7938106327563572
C-index TEST : 0.7940464052893379
Evaluating method: imputer_bayesian
Loading Random Survival Forest...
C-index TRAIN: 0.9012951585950573
C-index TEST : 0.7940680322550746
Loading deepsurv_simple.pt...
C-index TRAIN: 0.7723062213616073
C-index TEST : 0.7806160595668428
Loading deepsurv_vanilla.pt...
C-index TRAIN: 0.8061078392136447
C-index TEST : 0.7949022152192048
Loading Cox model...
C-index TRAIN: 0.7949991806321507
C-index TEST : 0.7970680013594093
[fold=2, target=30%] actual NaN%: 30.0%
X_train shape: (5161, 76), X_test shape: (1291, 76)
Generating TabPFN Embeddings...
Successfully generated embeddings with shape: (5161, 192)
Loading SimpleImputer (mean)...
Loading SimpleImputer (median)...
Loading SimpleImputer (constant, fill=-1)...
Loading KNNImputer...
Loading IterativeImputer (BayesianRidge, MICE-like)...
Loading epochs value...
Loading epochs value...
Evaluating method: embeddings
Loading Random Survival Forest...
C-index TRAIN: 0.960385886955478
C-index TEST : 0.7676429696913523
Loading deepsurv_simple.pt...
C-index TRAIN: 0.9182815273611264
C-index TEST : 0.75091914604381
Loading deepsurv_vanilla.pt...
C-index TRAIN: 0.917022562157691
C-index TEST : 0.5000865078629468
Loading Cox model...
C-index TRAIN: 0.916911269336431
C-index TEST : 0.7480705656996324
Evaluating method: mean
Loading Random Survival Forest...
C-index TRAIN: 0.8885193372670422
C-index TEST : 0.7629869929248927
Loading deepsurv_simple.pt...
C-index TRAIN: 0.7324825285134438
C-index TEST : 0.7411901010288257
Loading deepsurv_vanilla.pt...
C-index TRAIN: 0.779423202193602
C-index TEST : 0.7699663237247815
Loading Cox model...
C-index TRAIN: 0.781306633460902
C-index TEST : 0.7734142799765193
Evaluating method: median
Loading Random Survival Forest...
C-index TRAIN: 0.8740795117533766
C-index TEST : 0.7628757685296753
Loading deepsurv_simple.pt...
C-index TRAIN: 0.7338295618258562
C-index TEST : 0.7250780115549789
Loading deepsurv_vanilla.pt...
C-index TRAIN: 0.7768147883076765
C-index TEST : 0.7657984984706646
Loading Cox model...
C-index TRAIN: 0.7799672178541184
C-index TEST : 0.7683535699941298
Evaluating method: constant
Loading Random Survival Forest...
C-index TRAIN: 0.9029965081180589
C-index TEST : 0.7563969475082646
Loading deepsurv_simple.pt...
C-index TRAIN: 0.6029010824202305
C-index TEST : 0.6147665832483703
Loading deepsurv_vanilla.pt...
C-index TRAIN: 0.7602468359580974
C-index TEST : 0.7144066487471807
Loading Cox model...
C-index TRAIN: 0.6933553912360713
C-index TEST : 0.6719714524052276
Evaluating method: knn
Loading Random Survival Forest...
C-index TRAIN: 0.8994375532078158
C-index TEST : 0.7612290295671518
Loading deepsurv_simple.pt...
C-index TRAIN: 0.7203503104122145
C-index TEST : 0.726145456792412
Loading deepsurv_vanilla.pt...
C-index TRAIN: 0.7629951555108154
C-index TEST : 0.7506040102573609
Loading Cox model...
C-index TRAIN: 0.7774639654654102
C-index TEST : 0.7682639725646492
Evaluating method: imputer_bayesian
Loading Random Survival Forest...
C-index TRAIN: 0.9094540929189153
C-index TEST : 0.7728396206012297
Loading deepsurv_simple.pt...
C-index TRAIN: 0.657846571233537
C-index TEST : 0.670608953563815
Loading deepsurv_vanilla.pt...
C-index TRAIN: 0.7833565394658465
C-index TEST : 0.7717891679797324
Loading Cox model...
C-index TRAIN: 0.7821640898383895
C-index TEST : 0.7736614452992245
[fold=2, target=50%] actual NaN%: 50.0%
X_train shape: (5161, 76), X_test shape: (1291, 76)
Generating TabPFN Embeddings...
Successfully generated embeddings with shape: (5161, 192)
Loading SimpleImputer (mean)...
Loading SimpleImputer (median)...
Loading SimpleImputer (constant, fill=-1)...
Loading KNNImputer...
Loading IterativeImputer (BayesianRidge, MICE-like)...
Loading epochs value...
Loading epochs value...
Evaluating method: embeddings
Loading Random Survival Forest...
C-index TRAIN: 0.9591902787671506
C-index TEST : 0.7550128217011154
Loading deepsurv_simple.pt...
C-index TRAIN: 0.9113434697125599
C-index TEST : 0.7323910155405197
Loading deepsurv_vanilla.pt...
C-index TRAIN: 0.9127997520715514
C-index TEST : 0.3410587944511385
Loading Cox model...
C-index TRAIN: 0.9119339347976422
C-index TEST : 0.721963728488893
Evaluating method: mean
Loading Random Survival Forest...
C-index TRAIN: 0.8684020914875298
C-index TEST : 0.73737139679303
Loading deepsurv_simple.pt...
C-index TRAIN: 0.698634182540293
C-index TEST : 0.6945252881020793
Loading deepsurv_vanilla.pt...
C-index TRAIN: 0.7651920274950866
C-index TEST : 0.7522600179194859
Loading Cox model...
C-index TRAIN: 0.7609746055421966
C-index TEST : 0.7540365186764297
Evaluating method: median
Loading Random Survival Forest...
C-index TRAIN: 0.8458895417820006
C-index TEST : 0.7380541909970031
Loading deepsurv_simple.pt...
C-index TRAIN: 0.7367598702240237
C-index TEST : 0.7389810609571477
Loading deepsurv_vanilla.pt...
C-index TRAIN: 0.7580332421809826
C-index TEST : 0.747641115951432
Loading Cox model...
C-index TRAIN: 0.7556098828025279
C-index TEST : 0.7490870330892576
Evaluating method: constant
Loading Random Survival Forest...
C-index TRAIN: 0.8813048126434591
C-index TEST : 0.7246640096394475
Loading deepsurv_simple.pt...
C-index TRAIN: 0.5993210394712346
C-index TEST : 0.5702891834275651
Loading deepsurv_vanilla.pt...
C-index TRAIN: 0.751529765348655
C-index TEST : 0.6647943893471746
Loading Cox model...
C-index TRAIN: 0.6516016318983434
C-index TEST : 0.611826860691445
Evaluating method: knn
Loading Random Survival Forest...
C-index TRAIN: 0.8896800154880962
C-index TEST : 0.7352488645842988
Loading deepsurv_simple.pt...
C-index TRAIN: 0.6919476020763264
C-index TEST : 0.6611826860691445
Loading deepsurv_vanilla.pt...
C-index TRAIN: 0.7502039129738445
C-index TEST : 0.7271078567676955
Loading Cox model...
C-index TRAIN: 0.7507308352461206
C-index TEST : 0.742354867612074
Evaluating method: imputer_bayesian
Loading Random Survival Forest...
C-index TRAIN: 0.9117371750351808
C-index TEST : 0.7553804801186393
Loading deepsurv_simple.pt...
C-index TRAIN: 0.6611664974049636
C-index TEST : 0.6936339481570736
Loading deepsurv_vanilla.pt...
C-index TRAIN: 0.7613524251616162
C-index TEST : 0.7481230883307072
Loading Cox model...
C-index TRAIN: 0.7611055929194727
C-index TEST : 0.7595483053727562
[fold=2, target=70%] actual NaN%: 70.0%
X_train shape: (5161, 76), X_test shape: (1291, 76)
Generating TabPFN Embeddings...
Successfully generated embeddings with shape: (5161, 192)
Loading SimpleImputer (mean)...
Loading SimpleImputer (median)...
Loading SimpleImputer (constant, fill=-1)...
Loading KNNImputer...
Loading IterativeImputer (BayesianRidge, MICE-like)...
Loading epochs value...
Loading epochs value...
Evaluating method: embeddings
Loading Random Survival Forest...
C-index TRAIN: 0.9609115086438663
C-index TEST : 0.7028702073099145
Loading deepsurv_simple.pt...
C-index TRAIN: 0.9069274300202259
C-index TEST : 0.7107238854388729
Loading deepsurv_vanilla.pt...
C-index TRAIN: 0.9091997358699921
C-index TEST : 0.5000865078629468
Loading Cox model...
C-index TRAIN: 0.9070383512460894
C-index TEST : 0.7078907529273643
Evaluating method: mean
Loading Random Survival Forest...
C-index TRAIN: 0.8270191843555366
C-index TEST : 0.6972657336175735
Loading deepsurv_simple.pt...
C-index TRAIN: 0.6149508992422799
C-index TEST : 0.6007260481354466
Loading deepsurv_vanilla.pt...
C-index TRAIN: 0.7225238647853535
C-index TEST : 0.7031142830660858
Loading Cox model...
C-index TRAIN: 0.726289519634915
C-index TEST : 0.7111718725862761
Evaluating method: median
Loading Random Survival Forest...
C-index TRAIN: 0.8027526114795479
C-index TEST : 0.6946813112120369
Loading deepsurv_simple.pt...
C-index TRAIN: 0.5801469957069584
C-index TEST : 0.5883461550344486
Loading deepsurv_vanilla.pt...
C-index TRAIN: 0.6848018226011009
C-index TEST : 0.6672011616770167
Loading Cox model...
C-index TRAIN: 0.7188810222143444
C-index TEST : 0.7114066796428461
Evaluating method: constant
Loading Random Survival Forest...
C-index TRAIN: 0.8358863795051762
C-index TEST : 0.6831742206568419
Loading deepsurv_simple.pt...
C-index TRAIN: 0.5703484895947715
C-index TEST : 0.5537553681218526
Loading deepsurv_vanilla.pt...
C-index TRAIN: 0.7514476427660224
C-index TEST : 0.5849476318472518
Loading Cox model...
C-index TRAIN: 0.6113045265150038
C-index TEST : 0.582401829023388
Evaluating method: knn
Loading Random Survival Forest...
C-index TRAIN: 0.883581206042587
C-index TEST : 0.679809682701517
Loading deepsurv_simple.pt...
C-index TRAIN: 0.5916809452197782
C-index TEST : 0.582837457904656
Loading deepsurv_vanilla.pt...
C-index TRAIN: 0.7060842057464255
C-index TEST : 0.6712052399048414
Loading Cox model...
C-index TRAIN: 0.7086010213671069
C-index TEST : 0.6863811907189421
Evaluating method: imputer_bayesian
Loading Random Survival Forest...
C-index TRAIN: 0.9059880368578042
C-index TEST : 0.7141162294930021
Loading deepsurv_simple.pt...
C-index TRAIN: 0.6327940740938925
C-index TEST : 0.6281413167732567
Loading deepsurv_vanilla.pt...
C-index TRAIN: 0.724632947357195
C-index TEST : 0.7064046714245992
Loading Cox model...
C-index TRAIN: 0.7245361467563995
C-index TEST : 0.7173664534865758
[fold=2, target=90%] actual NaN%: 90.0%
X_train shape: (5161, 76), X_test shape: (1291, 76)
Generating TabPFN Embeddings...
Successfully generated embeddings with shape: (5161, 192)
Loading SimpleImputer (mean)...
Loading SimpleImputer (median)...
Loading SimpleImputer (constant, fill=-1)...
Loading KNNImputer...
Loading IterativeImputer (BayesianRidge, MICE-like)...
Loading epochs value...
Loading epochs value...
Evaluating method: embeddings
Loading Random Survival Forest...
C-index TRAIN: 0.968729318393712
C-index TEST : 0.6191244168443167
Loading deepsurv_simple.pt...
C-index TRAIN: 0.9032760407550967
C-index TEST : 0.6058361911823771
Loading deepsurv_vanilla.pt...
C-index TRAIN: 0.9035180422570853
C-index TEST : 0.5000865078629468
Loading Cox model...
C-index TRAIN: 0.9010748025249165
C-index TEST : 0.6189822967837613
Evaluating method: mean
Loading Random Survival Forest...
C-index TRAIN: 0.7470637460754881
C-index TEST : 0.6205811474650107
Loading deepsurv_simple.pt...
C-index TRAIN: 0.6253202687823822
C-index TEST : 0.5923903976272129
Loading deepsurv_vanilla.pt...
C-index TRAIN: 0.6047958473471248
C-index TEST : 0.5945685420335527
Loading Cox model...
C-index TRAIN: 0.6598209504741371
C-index TEST : 0.6345475329811228
Evaluating method: median
Loading Random Survival Forest...
C-index TRAIN: 0.7063207262163154
C-index TEST : 0.6260975685111378
Loading deepsurv_simple.pt...
C-index TRAIN: 0.645079296599642
C-index TEST : 0.6247891370840671
Loading deepsurv_vanilla.pt...
C-index TRAIN: 0.6573176051865799
C-index TEST : 0.6204297587048537
Loading Cox model...
C-index TRAIN: 0.6528519575088096
C-index TEST : 0.6278879723174838
Evaluating method: constant
Loading Random Survival Forest...
C-index TRAIN: 0.7722580997577569
C-index TEST : 0.608882503784719
Loading deepsurv_simple.pt...
C-index TRAIN: 0.5673019647363401
C-index TEST : 0.5157289832236537
Loading deepsurv_vanilla.pt...
C-index TRAIN: 0.6646354333303978
C-index TEST : 0.5503568449346556
Loading Cox model...
C-index TRAIN: 0.5859115550932908
C-index TEST : 0.5237186022801001
Evaluating method: knn
Loading Random Survival Forest...
C-index TRAIN: 0.8708767310307053
C-index TEST : 0.5906942256001483
Loading deepsurv_simple.pt...
C-index TRAIN: 0.5471643741088678
C-index TEST : 0.5332282880711836
Loading deepsurv_vanilla.pt...
C-index TRAIN: 0.6222452239772672
C-index TEST : 0.5661970525535267
Loading Cox model...
C-index TRAIN: 0.621695634385803
C-index TEST : 0.5748663762474124
Evaluating method: imputer_bayesian
Loading Random Survival Forest...
C-index TRAIN: 0.8936421514035715
C-index TEST : 0.6089535638149968
Loading deepsurv_simple.pt...
C-index TRAIN: 0.6429939961331783
C-index TEST : 0.6220904007167795
Loading deepsurv_vanilla.pt...
C-index TRAIN: 0.6449148656366785
C-index TEST : 0.6181542929526987
Loading Cox model...
C-index TRAIN: 0.6535941264145243
C-index TEST : 0.6378162943738993
Loading NaN ordering from tmp/masks/OrmoniTirodei_tabpfn_seed123_fold3_train.npy
Loading NaN ordering from tmp/masks/OrmoniTirodei_tabpfn_seed123_fold3_test.npy
[fold=3, target=10%] actual NaN%: 10.0%
X_train shape: (5162, 76), X_test shape: (1290, 76)
Generating TabPFN Embeddings...
Successfully generated embeddings with shape: (5162, 192)
Loading SimpleImputer (mean)...
Loading SimpleImputer (median)...
Loading SimpleImputer (constant, fill=-1)...
Loading KNNImputer...
Loading IterativeImputer (BayesianRidge, MICE-like)...
Loading epochs value...
Loading epochs value...
Evaluating method: embeddings
Loading Random Survival Forest...
C-index TRAIN: 0.9613701153811013
C-index TEST : 0.7750804079500784
Loading deepsurv_simple.pt...
C-index TRAIN: 0.9185612884404942
C-index TEST : 0.7702559309453776
Loading deepsurv_vanilla.pt...
C-index TRAIN: 0.9185093796826823
C-index TEST : 0.45096901888555957
Loading Cox model...
C-index TRAIN: 0.9184898420690409
C-index TEST : 0.7659757539104379
Evaluating method: mean
Loading Random Survival Forest...
C-index TRAIN: 0.9057819652119381
C-index TEST : 0.7724826126398548
Loading deepsurv_simple.pt...
C-index TRAIN: 0.7567787378663279
C-index TEST : 0.7567652637655662
Loading deepsurv_vanilla.pt...
C-index TRAIN: 0.7947439605309558
C-index TEST : 0.7651867938532589
Loading Cox model...
C-index TRAIN: 0.7951509941484847
C-index TEST : 0.7741622453748247
Evaluating method: median
Loading Random Survival Forest...
C-index TRAIN: 0.899178060255916
C-index TEST : 0.7717678753058251
Loading deepsurv_simple.pt...
C-index TRAIN: 0.7664161446580238
C-index TEST : 0.7574483877175138
Loading deepsurv_vanilla.pt...
C-index TRAIN: 0.789266533083022
C-index TEST : 0.7582510927234242
Loading Cox model...
C-index TRAIN: 0.7946236701253989
C-index TEST : 0.7731066333122577
Evaluating method: constant
Loading Random Survival Forest...
C-index TRAIN: 0.9113000002490088
C-index TEST : 0.7722434505319296
Loading deepsurv_simple.pt...
C-index TRAIN: 0.7120350167669118
C-index TEST : 0.7011985595293729
Loading deepsurv_vanilla.pt...
C-index TRAIN: 0.7878815652846487
C-index TEST : 0.7439178601863815
Loading Cox model...
C-index TRAIN: 0.7393900701802575
C-index TEST : 0.7235918300024741
Evaluating method: knn
Loading Random Survival Forest...
C-index TRAIN: 0.9077263408597201
C-index TEST : 0.7747120433240784
Loading deepsurv_simple.pt...
C-index TRAIN: 0.7706218075395651
C-index TEST : 0.7660032438079006
Loading deepsurv_vanilla.pt...
C-index TRAIN: 0.7911264372835898
C-index TEST : 0.763751821205707
Loading Cox model...
C-index TRAIN: 0.7942915306934952
C-index TEST : 0.7754707644940484
Evaluating method: imputer_bayesian
Loading Random Survival Forest...
C-index TRAIN: 0.9077230845907799
C-index TEST : 0.7795475162877642
Loading deepsurv_simple.pt...
C-index TRAIN: 0.7504137855869492
C-index TEST : 0.7518734365120818
Loading deepsurv_vanilla.pt...
C-index TRAIN: 0.7974675421816121
C-index TEST : 0.7620584435220057
Loading Cox model...
C-index TRAIN: 0.7978757250705317
C-index TEST : 0.7773318305522721
[fold=3, target=30%] actual NaN%: 30.0%
X_train shape: (5162, 76), X_test shape: (1290, 76)
Generating TabPFN Embeddings...
Successfully generated embeddings with shape: (5162, 192)
Loading SimpleImputer (mean)...
Loading SimpleImputer (median)...
Loading SimpleImputer (constant, fill=-1)...
Loading KNNImputer...
Loading IterativeImputer (BayesianRidge, MICE-like)...
Loading epochs value...
Loading epochs value...
Evaluating method: embeddings
Loading Random Survival Forest...
C-index TRAIN: 0.9621569831932467
C-index TEST : 0.7665008109519752
Loading deepsurv_simple.pt...
C-index TRAIN: 0.9161355596252533
C-index TEST : 0.710575363553894
Loading deepsurv_vanilla.pt...
C-index TRAIN: 0.9174574132697556
C-index TEST : 0.4854949556038156
Loading Cox model...
C-index TRAIN: 0.9169444551390532
C-index TEST : 0.7395442175000687
Evaluating method: mean
Loading Random Survival Forest...
C-index TRAIN: 0.8943386699750359
C-index TEST : 0.7650878302223932
Loading deepsurv_simple.pt...
C-index TRAIN: 0.7596203113797597
C-index TEST : 0.7437556697913517
Loading deepsurv_vanilla.pt...
C-index TRAIN: 0.7868072838522198
C-index TEST : 0.7649146438683784
Loading Cox model...
C-index TRAIN: 0.7809297184151012
C-index TEST : 0.769266294636721
Evaluating method: median
Loading Random Survival Forest...
C-index TRAIN: 0.8798017276996816
C-index TEST : 0.7645572752013635
Loading deepsurv_simple.pt...
C-index TRAIN: 0.760093619647484
C-index TEST : 0.7433983011243368
Loading deepsurv_vanilla.pt...
C-index TRAIN: 0.78648903144962
C-index TEST : 0.7577837644665585
Loading Cox model...
C-index TRAIN: 0.7804165687391669
C-index TEST : 0.7662314099568409
Evaluating method: constant
Loading Random Survival Forest...
C-index TRAIN: 0.908066908281822
C-index TEST : 0.7610275723671551
Loading deepsurv_simple.pt...
C-index TRAIN: 0.642942927757375
C-index TEST : 0.6302581301371746
Loading deepsurv_vanilla.pt...
C-index TRAIN: 0.80079985457886
C-index TEST : 0.7027544877257608
Loading Cox model...
C-index TRAIN: 0.6877829961083756
C-index TEST : 0.6746020837342277
Evaluating method: knn
Loading Random Survival Forest...
C-index TRAIN: 0.9040593989425554
C-index TEST : 0.7645325342936471
Loading deepsurv_simple.pt...
C-index TRAIN: 0.7456407657288804
C-index TEST : 0.7360749924402782
Loading deepsurv_vanilla.pt...
C-index TRAIN: 0.780983351079999
C-index TEST : 0.7590373037908569
Loading Cox model...
C-index TRAIN: 0.7776583174015587
C-index TEST : 0.7673200098963631
Evaluating method: imputer_bayesian
Loading Random Survival Forest...
C-index TRAIN: 0.9099245139396085
C-index TEST : 0.771418753608049
Loading deepsurv_simple.pt...
C-index TRAIN: 0.7337100836497181
C-index TEST : 0.7223396651730489
Loading deepsurv_vanilla.pt...
C-index TRAIN: 0.7885455568306083
C-index TEST : 0.7609670945927371
Loading Cox model...
C-index TRAIN: 0.7800842377620315
C-index TEST : 0.7664925639827364
[fold=3, target=50%] actual NaN%: 50.0%
X_train shape: (5162, 76), X_test shape: (1290, 76)
Generating TabPFN Embeddings...
Successfully generated embeddings with shape: (5162, 192)
Loading SimpleImputer (mean)...
Loading SimpleImputer (median)...
Loading SimpleImputer (constant, fill=-1)...
Loading KNNImputer...
Loading IterativeImputer (BayesianRidge, MICE-like)...
Loading epochs value...
Loading epochs value...
Evaluating method: embeddings
Loading Random Survival Forest...
C-index TRAIN: 0.9601959431103
C-index TEST : 0.7392968084229046
Loading deepsurv_simple.pt...
C-index TRAIN: 0.9122568644543575
C-index TEST : 0.7394672457871733
Loading deepsurv_vanilla.pt...
C-index TRAIN: 0.9157436580810348
C-index TEST : 0.5407166616268522
Loading Cox model...
C-index TRAIN: 0.9141996119676694
C-index TEST : 0.7300327129779806
Evaluating method: mean
Loading Random Survival Forest...
C-index TRAIN: 0.8706439501683587
C-index TEST : 0.7361382192044423
Loading deepsurv_simple.pt...
C-index TRAIN: 0.6630515377346979
C-index TEST : 0.6563707837369767
Loading deepsurv_vanilla.pt...
C-index TRAIN: 0.7817876495082363
C-index TEST : 0.7393765291255464
Loading Cox model...
C-index TRAIN: 0.7639511490702682
C-index TEST : 0.739997800808203
Evaluating method: median
Loading Random Survival Forest...
C-index TRAIN: 0.8468015489879803
C-index TEST : 0.7390878852021882
Loading deepsurv_simple.pt...
C-index TRAIN: 0.7339557404094739
C-index TEST : 0.7210325205486984
Loading deepsurv_vanilla.pt...
C-index TRAIN: 0.776949408498747
C-index TEST : 0.7296148665365478
Loading Cox model...
C-index TRAIN: 0.7611040207451147
C-index TEST : 0.7364708469637409
Evaluating method: constant
Loading Random Survival Forest...
C-index TRAIN: 0.8814451857883399
C-index TEST : 0.7284190559969211
Loading deepsurv_simple.pt...
C-index TRAIN: 0.6255819383572966
C-index TEST : 0.5871319789977183
Loading deepsurv_vanilla.pt...
C-index TRAIN: 0.8433318986595473
C-index TEST : 0.6392418286279792
Loading Cox model...
C-index TRAIN: 0.6482509334478007
C-index TEST : 0.6246309481265635
Evaluating method: knn
Loading Random Survival Forest...
C-index TRAIN: 0.8911804721934745
C-index TEST : 0.7268466338620557
Loading deepsurv_simple.pt...
C-index TRAIN: 0.6751633258305066
C-index TEST : 0.664500920911565
Loading deepsurv_vanilla.pt...
C-index TRAIN: 0.7650994627347794
C-index TEST : 0.7182367979767436
Loading Cox model...
C-index TRAIN: 0.7529392136953308
C-index TEST : 0.7241223850235039
Evaluating method: imputer_bayesian
Loading Random Survival Forest...
C-index TRAIN: 0.9067121088574538
C-index TEST : 0.7495312972482613
Loading deepsurv_simple.pt...
C-index TRAIN: 0.49917166264517454
C-index TEST : 0.5006721279929626
Loading deepsurv_vanilla.pt...
C-index TRAIN: 0.7815480264232816
C-index TEST : 0.7209610468152954
Loading Cox model...
C-index TRAIN: 0.7670779334338179
C-index TEST : 0.7404321411881134
[fold=3, target=70%] actual NaN%: 70.0%
X_train shape: (5162, 76), X_test shape: (1290, 76)
Generating TabPFN Embeddings...
Successfully generated embeddings with shape: (5162, 192)
Loading SimpleImputer (mean)...
Loading SimpleImputer (median)...
Loading SimpleImputer (constant, fill=-1)...
Loading KNNImputer...
Loading IterativeImputer (BayesianRidge, MICE-like)...
Loading epochs value...
Loading epochs value...
Evaluating method: embeddings
Loading Random Survival Forest...
C-index TRAIN: 0.9601800448560623
C-index TEST : 0.7133683371361025
Loading deepsurv_simple.pt...
C-index TRAIN: 0.9127691521767487
C-index TEST : 0.5402259669571432
Loading deepsurv_vanilla.pt...
C-index TRAIN: 0.9133426386006931
C-index TEST : 0.500738103746873
Loading Cox model...
C-index TRAIN: 0.9106324651162613
C-index TEST : 0.6778156527476152
Evaluating method: mean
Loading Random Survival Forest...
C-index TRAIN: 0.8301486065371706
C-index TEST : 0.7054539956565962
Loading deepsurv_simple.pt...
C-index TRAIN: 0.629711557781822
C-index TEST : 0.613045330840916
Loading deepsurv_vanilla.pt...
C-index TRAIN: 0.7320377980036773
C-index TEST : 0.6999037853588806
Loading Cox model...
C-index TRAIN: 0.7312961348662315
C-index TEST : 0.7089039777881628
Evaluating method: median
Loading Random Survival Forest...
C-index TRAIN: 0.8030018585633839
C-index TEST : 0.7033730104186712
Loading deepsurv_simple.pt...
C-index TRAIN: 0.7155915328579564
C-index TEST : 0.6829342716551667
Loading deepsurv_vanilla.pt...
C-index TRAIN: 0.7301572069180774
C-index TEST : 0.7078731066333123
Loading Cox model...
C-index TRAIN: 0.725561845262483
C-index TEST : 0.7034857189982682
Evaluating method: constant
Loading Random Survival Forest...
C-index TRAIN: 0.84096688968278
C-index TEST : 0.6863952497457184
Loading deepsurv_simple.pt...
C-index TRAIN: 0.5880906943687043
C-index TEST : 0.5567625147758198
Loading deepsurv_vanilla.pt...
C-index TRAIN: 0.7732612050608548
C-index TEST : 0.5815790197102565
Loading Cox model...
C-index TRAIN: 0.6286181218262152
C-index TEST : 0.5893916485691508
Evaluating method: knn
Loading Random Survival Forest...
C-index TRAIN: 0.8807655833059902
C-index TEST : 0.6898782197542404
Loading deepsurv_simple.pt...
C-index TRAIN: 0.6691320453448858
C-index TEST : 0.6464716716606647
Loading deepsurv_vanilla.pt...
C-index TRAIN: 0.7098765893226175
C-index TEST : 0.6714737334029744
Loading Cox model...
C-index TRAIN: 0.7198689294287988
C-index TEST : 0.6930340599829563
Evaluating method: imputer_bayesian
Loading Random Survival Forest...
C-index TRAIN: 0.9033736670127889
C-index TEST : 0.7081947384336257
Loading deepsurv_simple.pt...
C-index TRAIN: 0.6653938486014995
C-index TEST : 0.6462545014707095
Loading deepsurv_vanilla.pt...
C-index TRAIN: 0.7307942863589723
C-index TEST : 0.7029771558952085
Loading Cox model...
C-index TRAIN: 0.7261914544393385
C-index TEST : 0.705770129477417
[fold=3, target=90%] actual NaN%: 90.0%
X_train shape: (5162, 76), X_test shape: (1290, 76)
Generating TabPFN Embeddings...
Successfully generated embeddings with shape: (5162, 192)
Loading SimpleImputer (mean)...
Loading SimpleImputer (median)...
Loading SimpleImputer (constant, fill=-1)...
Loading KNNImputer...
Loading IterativeImputer (BayesianRidge, MICE-like)...
Loading epochs value...
Loading epochs value...
Evaluating method: embeddings
Loading Random Survival Forest...
C-index TRAIN: 0.9647127712208653
C-index TEST : 0.6141517992137889
Loading deepsurv_simple.pt...
C-index TRAIN: 0.8988390251956683
C-index TEST : 0.5912334716991505
Loading deepsurv_vanilla.pt...
C-index TRAIN: 0.9018466684250519
C-index TEST : 0.5143016191549605
Loading Cox model...
C-index TRAIN: 0.9011438889696571
C-index TEST : 0.5819583802952415
Evaluating method: mean
Loading Random Survival Forest...
C-index TRAIN: 0.7422099033098825
C-index TEST : 0.6350180058828381
Loading deepsurv_simple.pt...
C-index TRAIN: 0.6101903212577473
C-index TEST : 0.5974365670616049
Loading deepsurv_vanilla.pt...
C-index TRAIN: 0.6429771185812475
C-index TEST : 0.6217596283365863
Loading Cox model...
C-index TRAIN: 0.6618376198283027
C-index TEST : 0.6309728674712043
Evaluating method: median
Loading Random Survival Forest...
C-index TRAIN: 0.6926870329049807
C-index TEST : 0.6245003711136158
Loading deepsurv_simple.pt...
C-index TRAIN: 0.6288195316374302
C-index TEST : 0.6068243670451109
Loading deepsurv_vanilla.pt...
C-index TRAIN: 0.6483715111712053
C-index TEST : 0.6045949363608873
Loading Cox model...
C-index TRAIN: 0.6514816310995903
C-index TEST : 0.6170176210242736
Evaluating method: constant
Loading Random Survival Forest...
C-index TRAIN: 0.7629258074445586
C-index TEST : 0.6001896802924925
Loading deepsurv_simple.pt...
C-index TRAIN: 0.5564044201743866
C-index TEST : 0.5039612942243725
Loading deepsurv_vanilla.pt...
C-index TRAIN: 0.6182213339631341
C-index TEST : 0.5261483904665035
Loading Cox model...
C-index TRAIN: 0.5833321361756347
C-index TEST : 0.5189955191467136
Evaluating method: knn
Loading Random Survival Forest...
C-index TRAIN: 0.9004832494652536
C-index TEST : 0.6096077191632076
Loading deepsurv_simple.pt...
C-index TRAIN: 0.6039813825696521
C-index TEST : 0.5838002034252412
Loading deepsurv_vanilla.pt...
C-index TRAIN: 0.5948718744367373
C-index TEST : 0.563875525744289
Loading Cox model...
C-index TRAIN: 0.6347065785635219
C-index TEST : 0.6014267256783132
Evaluating method: imputer_bayesian
Loading Random Survival Forest...
C-index TRAIN: 0.8880488991991302
C-index TEST : 0.6413063199274267
Loading deepsurv_simple.pt...
C-index TRAIN: 0.5934071280493283
C-index TEST : 0.562821288176595
Loading deepsurv_vanilla.pt...
C-index TRAIN: 0.6073097682896486
C-index TEST : 0.5630700717486323
Loading Cox model...
C-index TRAIN: 0.65834000389603
C-index TEST : 0.6281084201555929
Loading NaN ordering from tmp/masks/OrmoniTirodei_tabpfn_seed123_fold4_train.npy
Loading NaN ordering from tmp/masks/OrmoniTirodei_tabpfn_seed123_fold4_test.npy
[fold=4, target=10%] actual NaN%: 10.0%
X_train shape: (5162, 76), X_test shape: (1290, 76)
Generating TabPFN Embeddings...
Successfully generated embeddings with shape: (5162, 192)
Loading SimpleImputer (mean)...
Loading SimpleImputer (median)...
Loading SimpleImputer (constant, fill=-1)...
Loading KNNImputer...
Loading IterativeImputer (BayesianRidge, MICE-like)...
Loading epochs value...
Loading epochs value...
Evaluating method: embeddings
Loading Random Survival Forest...
C-index TRAIN: 0.959693512812086
C-index TEST : 0.7981125439624853
Loading deepsurv_simple.pt...
C-index TRAIN: 0.9207008540637768
C-index TEST : 0.794563305978898
Loading deepsurv_vanilla.pt...
C-index TRAIN: 0.9210808855278974
C-index TEST : 0.6728663540445486
Loading Cox model...
C-index TRAIN: 0.9193619913573429
C-index TEST : 0.7893083235638921
Evaluating method: mean
Loading Random Survival Forest...
C-index TRAIN: 0.9003681354816875
C-index TEST : 0.8001758499413834
Loading deepsurv_simple.pt...
C-index TRAIN: 0.7098162371878198
C-index TEST : 0.7081184056271981
Loading deepsurv_vanilla.pt...
C-index TRAIN: 0.7966026052954439
C-index TEST : 0.7914888628370457
Loading Cox model...
C-index TRAIN: 0.7898192601225964
C-index TEST : 0.7934407971864009
Evaluating method: median
Loading Random Survival Forest...
C-index TRAIN: 0.8945980193189249
C-index TEST : 0.8005861664712779
Loading deepsurv_simple.pt...
C-index TRAIN: 0.7209148876337874
C-index TEST : 0.7202652403282532
Loading deepsurv_vanilla.pt...
C-index TRAIN: 0.7990165297687549
C-index TEST : 0.7886869871043376
Loading Cox model...
C-index TRAIN: 0.7889302613088065
C-index TEST : 0.7916940211019929
Evaluating method: constant
Loading Random Survival Forest...
C-index TRAIN: 0.9075428057728643
C-index TEST : 0.7992057444314186
Loading deepsurv_simple.pt...
C-index TRAIN: 0.7093193164026399
C-index TEST : 0.7151113716295427
Loading deepsurv_vanilla.pt...
C-index TRAIN: 0.784589639427502
C-index TEST : 0.7559583821805392
Loading Cox model...
C-index TRAIN: 0.7437315513452812
C-index TEST : 0.7512778429073858
Evaluating method: knn
Loading Random Survival Forest...
C-index TRAIN: 0.903684893495194
C-index TEST : 0.7980187573270809
Loading deepsurv_simple.pt...
C-index TRAIN: 0.7232018526110364
C-index TEST : 0.736679366940211
Loading deepsurv_vanilla.pt...
C-index TRAIN: 0.7981605648935253
C-index TEST : 0.7894402110199297
Loading Cox model...
C-index TRAIN: 0.789383325070143
C-index TEST : 0.7905392731535756
Evaluating method: imputer_bayesian
Loading Random Survival Forest...
C-index TRAIN: 0.902374641379422
C-index TEST : 0.7987661195779602
Loading deepsurv_simple.pt...
C-index TRAIN: 0.7510137936927953
C-index TEST : 0.7509407971864009
Loading deepsurv_vanilla.pt...
C-index TRAIN: 0.8006940138738777
C-index TEST : 0.7937690504103165
Loading Cox model...
C-index TRAIN: 0.7928167841771387
C-index TEST : 0.7953282532239155
[fold=4, target=30%] actual NaN%: 30.0%
X_train shape: (5162, 76), X_test shape: (1290, 76)
Generating TabPFN Embeddings...
Successfully generated embeddings with shape: (5162, 192)
Loading SimpleImputer (mean)...
Loading SimpleImputer (median)...
Loading SimpleImputer (constant, fill=-1)...
Loading KNNImputer...
Loading IterativeImputer (BayesianRidge, MICE-like)...
Loading epochs value...
Loading epochs value...
Evaluating method: embeddings
Loading Random Survival Forest...
C-index TRAIN: 0.9598700702728811
C-index TEST : 0.7833792497069167
Loading deepsurv_simple.pt...
C-index TRAIN: 0.9178710407742326
C-index TEST : 0.7780363423212192
Loading deepsurv_vanilla.pt...
C-index TRAIN: 0.9185373663725422
C-index TEST : 0.43857561547479484
Loading Cox model...
C-index TRAIN: 0.9176703901844593
C-index TEST : 0.772883939038687
Evaluating method: mean
Loading Random Survival Forest...
C-index TRAIN: 0.891867778413987
C-index TEST : 0.7813716295427902
Loading deepsurv_simple.pt...
C-index TRAIN: 0.7010235627036857
C-index TEST : 0.6890020515826495
Loading deepsurv_vanilla.pt...
C-index TRAIN: 0.7910150698757209
C-index TEST : 0.7728604923798359
Loading Cox model...
C-index TRAIN: 0.7731084164452169
C-index TEST : 0.7791910902696366
Evaluating method: median
Loading Random Survival Forest...
C-index TRAIN: 0.8758929045358703
C-index TEST : 0.782763774912075
Loading deepsurv_simple.pt...
C-index TRAIN: 0.7229763559820039
C-index TEST : 0.7251040445486518
Loading deepsurv_vanilla.pt...
C-index TRAIN: 0.7895973398173967
C-index TEST : 0.7685433763188746
Loading Cox model...
C-index TRAIN: 0.7698287392630289
C-index TEST : 0.7740650644783118
Evaluating method: constant
Loading Random Survival Forest...
C-index TRAIN: 0.9036483773465861
C-index TEST : 0.7773856975381008
Loading deepsurv_simple.pt...
C-index TRAIN: 0.6429738036161528
C-index TEST : 0.6459144196951935
Loading deepsurv_vanilla.pt...
C-index TRAIN: 0.8465039928714455
C-index TEST : 0.6986811254396249
Loading Cox model...
C-index TRAIN: 0.6774018496746863
C-index TEST : 0.6747538100820633
Evaluating method: knn
Loading Random Survival Forest...
C-index TRAIN: 0.9022780806359382
C-index TEST : 0.7783939038686987
Loading deepsurv_simple.pt...
C-index TRAIN: 0.7022793229379011
C-index TEST : 0.7126186987104338
Loading deepsurv_vanilla.pt...
C-index TRAIN: 0.7871025716027088
C-index TEST : 0.7637280187573271
Loading Cox model...
C-index TRAIN: 0.7711414383372127
C-index TEST : 0.7754953106682297
Evaluating method: imputer_bayesian
Loading Random Survival Forest...
C-index TRAIN: 0.9069423598241051
C-index TEST : 0.7772801875732708
Loading deepsurv_simple.pt...
C-index TRAIN: 0.7039848529509753
C-index TEST : 0.6921746776084408
Loading deepsurv_vanilla.pt...
C-index TRAIN: 0.792665449210743
C-index TEST : 0.7686781946072685
Loading Cox model...
C-index TRAIN: 0.7762977443937359
C-index TEST : 0.7747626025791324
[fold=4, target=50%] actual NaN%: 50.0%
X_train shape: (5162, 76), X_test shape: (1290, 76)
Generating TabPFN Embeddings...
Successfully generated embeddings with shape: (5162, 192)
Loading SimpleImputer (mean)...
Loading SimpleImputer (median)...
Loading SimpleImputer (constant, fill=-1)...
Loading KNNImputer...
Loading IterativeImputer (BayesianRidge, MICE-like)...
Loading epochs value...
Loading epochs value...
Evaluating method: embeddings
Loading Random Survival Forest...
C-index TRAIN: 0.9609260269413886
C-index TEST : 0.7642614302461899
Loading deepsurv_simple.pt...
C-index TRAIN: 0.9187227705291341
C-index TEST : 0.7049384525205158
Loading deepsurv_vanilla.pt...
C-index TRAIN: 0.9161730398639641
C-index TEST : 0.5000732708089097
Loading Cox model...
C-index TRAIN: 0.915679883630187
C-index TEST : 0.7290152403282533
Evaluating method: mean
Loading Random Survival Forest...
C-index TRAIN: 0.8755130612993198
C-index TEST : 0.7715533411488863
Loading deepsurv_simple.pt...
C-index TRAIN: 0.6430995396330089
C-index TEST : 0.6561430246189918
Loading deepsurv_vanilla.pt...
C-index TRAIN: 0.7502818707862906
C-index TEST : 0.7505920281359906
Loading Cox model...
C-index TRAIN: 0.7552565372376249
C-index TEST : 0.7539771395076201
Evaluating method: median
Loading Random Survival Forest...
C-index TRAIN: 0.8480939511564514
C-index TEST : 0.7665445486518171
Loading deepsurv_simple.pt...
C-index TRAIN: 0.7133723265567643
C-index TEST : 0.7165841148886284
Loading deepsurv_vanilla.pt...
C-index TRAIN: 0.747209620386401
C-index TEST : 0.7413188745603752
Loading Cox model...
C-index TRAIN: 0.747827947954324
C-index TEST : 0.7479249706916764
Evaluating method: constant
Loading Random Survival Forest...
C-index TRAIN: 0.886561454984059
C-index TEST : 0.7501348182883939
Loading deepsurv_simple.pt...
C-index TRAIN: 0.6173715600940988
C-index TEST : 0.5726641266119578
Loading deepsurv_vanilla.pt...
C-index TRAIN: 0.7159529265434379
C-index TEST : 0.6421453692848769
Loading Cox model...
C-index TRAIN: 0.6433695520823804
C-index TEST : 0.6084202813599062
Evaluating method: knn
Loading Random Survival Forest...
C-index TRAIN: 0.9003351956569123
C-index TEST : 0.7646072684642439
Loading deepsurv_simple.pt...
C-index TRAIN: 0.6830552647439597
C-index TEST : 0.6746585580304807
Loading deepsurv_vanilla.pt...
C-index TRAIN: 0.750256271836751
C-index TEST : 0.746031652989449
Loading Cox model...
C-index TRAIN: 0.7519996355914242
C-index TEST : 0.7510521688159437
Evaluating method: imputer_bayesian
Loading Random Survival Forest...
C-index TRAIN: 0.9089765351746507
C-index TEST : 0.7692526377491208
Loading deepsurv_simple.pt...
C-index TRAIN: 0.6980262268767136
C-index TEST : 0.7157488276670575
Loading deepsurv_vanilla.pt...
C-index TRAIN: 0.7592770781358995
C-index TEST : 0.7560082063305978
Loading Cox model...
C-index TRAIN: 0.7581066791047445
C-index TEST : 0.7539859320046893
[fold=4, target=70%] actual NaN%: 70.0%
X_train shape: (5162, 76), X_test shape: (1290, 76)
Generating TabPFN Embeddings...
Successfully generated embeddings with shape: (5162, 192)
Loading SimpleImputer (mean)...
Loading SimpleImputer (median)...
Loading SimpleImputer (constant, fill=-1)...
Loading KNNImputer...
Loading IterativeImputer (BayesianRidge, MICE-like)...
Loading epochs value...
Loading epochs value...
Evaluating method: embeddings
Loading Random Survival Forest...
C-index TRAIN: 0.9626970601488729
C-index TEST : 0.7206242672919109
Loading deepsurv_simple.pt...
C-index TRAIN: 0.9122351308689827
C-index TEST : 0.5617907385697538
Loading deepsurv_vanilla.pt...
C-index TRAIN: 0.9137897023708015
C-index TEST : 0.5614199882766706
Loading Cox model...
C-index TRAIN: 0.9111300468046676
C-index TEST : 0.6536811254396249
Evaluating method: mean
Loading Random Survival Forest...
C-index TRAIN: 0.8323537970583043
C-index TEST : 0.7229484173505275
Loading deepsurv_simple.pt...
C-index TRAIN: 0.6944248687771495
C-index TEST : 0.702341735052755
Loading deepsurv_vanilla.pt...
C-index TRAIN: 0.7386659709775674
C-index TEST : 0.7123622508792498
Loading Cox model...
C-index TRAIN: 0.7266834038622039
C-index TEST : 0.7233763188745603
Evaluating method: median
Loading Random Survival Forest...
C-index TRAIN: 0.8039871493273312
C-index TEST : 0.7215562719812427
Loading deepsurv_simple.pt...
C-index TRAIN: 0.6896711814931641
C-index TEST : 0.6965152403282532
Loading deepsurv_vanilla.pt...
C-index TRAIN: 0.7278372388671862
C-index TEST : 0.7170691676436108
Loading Cox model...
C-index TRAIN: 0.716103508599553
C-index TEST : 0.7170193434935521
Evaluating method: constant
Loading Random Survival Forest...
C-index TRAIN: 0.8412934772747208
C-index TEST : 0.6956389214536929
Loading deepsurv_simple.pt...
C-index TRAIN: 0.5522613848504664
C-index TEST : 0.5188921453692849
Loading deepsurv_vanilla.pt...
C-index TRAIN: 0.8183716884653016
C-index TEST : 0.5930246189917937
Loading Cox model...
C-index TRAIN: 0.6238219306953616
C-index TEST : 0.5563599062133646
Evaluating method: knn
Loading Random Survival Forest...
C-index TRAIN: 0.8847397885602059
C-index TEST : 0.7288188745603752
Loading deepsurv_simple.pt...
C-index TRAIN: 0.6179526186031331
C-index TEST : 0.635587631887456
Loading deepsurv_vanilla.pt...
C-index TRAIN: 0.7024676446218301
C-index TEST : 0.6879337631887456
Loading Cox model...
C-index TRAIN: 0.7093047287659537
C-index TEST : 0.7132620164126612
Evaluating method: imputer_bayesian
Loading Random Survival Forest...
C-index TRAIN: 0.9013696943824234
C-index TEST : 0.7309964830011724
Loading deepsurv_simple.pt...
C-index TRAIN: 0.5747961777756696
C-index TEST : 0.5803253223915592
Loading deepsurv_vanilla.pt...
C-index TRAIN: 0.7320587126965896
C-index TEST : 0.7198593200468933
Loading Cox model...
C-index TRAIN: 0.7278449561975622
C-index TEST : 0.7195252051582649
[fold=4, target=90%] actual NaN%: 90.0%
X_train shape: (5162, 76), X_test shape: (1290, 76)
Generating TabPFN Embeddings...
Successfully generated embeddings with shape: (5162, 192)
Loading SimpleImputer (mean)...
Loading SimpleImputer (median)...
Loading SimpleImputer (constant, fill=-1)...
Loading KNNImputer...
Loading IterativeImputer (BayesianRidge, MICE-like)...
Loading epochs value...
Loading epochs value...
Evaluating method: embeddings
Loading Random Survival Forest...
C-index TRAIN: 0.9689693674687796
C-index TEST : 0.62426143024619
Loading deepsurv_simple.pt...
C-index TRAIN: 0.8899305402620655
C-index TEST : 0.4463569753810082
Loading deepsurv_vanilla.pt...
C-index TRAIN: 0.9008607270327542
C-index TEST : 0.49931418522860493
Loading Cox model...
C-index TRAIN: 0.8996683053758924
C-index TEST : 0.5734378663540446
Evaluating method: mean
Loading Random Survival Forest...
C-index TRAIN: 0.7454138352534427
C-index TEST : 0.637658264947245
Loading deepsurv_simple.pt...
C-index TRAIN: 0.639130949544094
C-index TEST : 0.6223769050410316
Loading deepsurv_vanilla.pt...
C-index TRAIN: 0.6286212631651068
C-index TEST : 0.6182415005861664
Fitting Cox model...
    Cox fit failed: Convergence halted due to matrix inversion problems. Suspicion is high collinearity. Please see the following tips in the lifelines documentation: https://lifelines.readthedocs.io/en/latest/Examples.html#problems-with-convergence-in-the-cox-proportional-hazard-modelMatrix is singular./scratch.hpc/luca.cotugno/Foundation_model_clinical_data/.venv/lib/python3.12/site-packages/pycox/models/cox.py:251: RuntimeWarning: overflow encountered in exp
  expg = np.exp(self.predict(input, batch_size, True, eval_, num_workers=num_workers)).reshape(1, -1)

Evaluating method: median
Loading Random Survival Forest...
C-index TRAIN: 0.6919420530131658
C-index TEST : 0.6333323563892146
Loading deepsurv_simple.pt...
C-index TRAIN: 0.6322957476756719
C-index TEST : 0.610383939038687
Loading deepsurv_vanilla.pt...
C-index TRAIN: 0.640431978508929
C-index TEST : 0.6277916178194607
Fitting Cox model...
    Cox fit failed: Convergence halted due to matrix inversion problems. Suspicion is high collinearity. Please see the following tips in the lifelines documentation: https://lifelines.readthedocs.io/en/latest/Examples.html#problems-with-convergence-in-the-cox-proportional-hazard-modelMatrix is singular.
Evaluating method: constant
Loading Random Survival Forest...
C-index TRAIN: 0.765368686988468
C-index TEST : 0.6166881594372802
Loading deepsurv_simple.pt...
C-index TRAIN: 0.5427798915733905
C-index TEST : 0.5101113716295428
Loading deepsurv_vanilla.pt...
C-index TRAIN: 0.6267681627370397
C-index TEST : 0.5557033997655334
Loading Cox model...
C-index TRAIN: 0.586653008874177
C-index TEST : 0.5157092614302462
Evaluating method: knn
Loading Random Survival Forest...
C-index TRAIN: 0.8967089915180892
C-index TEST : 0.6260433763188745
Loading deepsurv_simple.pt...
C-index TRAIN: 0.5628269748177863
C-index TEST : 0.5480055685814771
Loading deepsurv_vanilla.pt...
C-index TRAIN: 0.5865399782183056
C-index TEST : 0.5697860492379836
Fitting Cox model...
    Cox fit failed: Convergence halted due to matrix inversion problems. Suspicion is high collinearity. Please see the following tips in the lifelines documentation: https://lifelines.readthedocs.io/en/latest/Examples.html#problems-with-convergence-in-the-cox-proportional-hazard-modelMatrix is singular.
Evaluating method: imputer_bayesian
Loading Random Survival Forest...
C-index TRAIN: 0.9001614616096695
C-index TEST : 0.6293053927315357
Loading deepsurv_simple.pt...
C-index TRAIN: 0.5590362597826574
C-index TEST : 0.5409906213364596
Loading deepsurv_vanilla.pt...
C-index TRAIN: 0.6240167462304606
C-index TEST : 0.59978898007034
Fitting Cox model...
    Cox fit failed: Convergence halted due to matrix inversion problems. Suspicion is high collinearity. Please see the following tips in the lifelines documentation: https://lifelines.readthedocs.io/en/latest/Examples.html#problems-with-convergence-in-the-cox-proportional-hazard-modelMatrix is singular.
Loading NaN ordering from tmp/masks/OrmoniTirodei_tabpfn_seed123_fold5_train.npy
Loading NaN ordering from tmp/masks/OrmoniTirodei_tabpfn_seed123_fold5_test.npy
[fold=5, target=10%] actual NaN%: 10.0%
X_train shape: (5162, 76), X_test shape: (1290, 76)
Generating TabPFN Embeddings...
Successfully generated embeddings with shape: (5162, 192)
Loading SimpleImputer (mean)...
Loading SimpleImputer (median)...
Loading SimpleImputer (constant, fill=-1)...
Loading KNNImputer...
Loading IterativeImputer (BayesianRidge, MICE-like)...
Loading epochs value...
Loading epochs value...
Evaluating method: embeddings
Loading Random Survival Forest...
C-index TRAIN: 0.9603786460889772
C-index TEST : 0.7840952410711496
Loading deepsurv_simple.pt...
C-index TRAIN: 0.916862195110427
C-index TEST : 0.790857107146205
Loading deepsurv_vanilla.pt...
C-index TRAIN: 0.9188556495166774
C-index TEST : 0.5775099209449114
Loading Cox model...
C-index TRAIN: 0.9165044906226949
C-index TEST : 0.7903977752085742
Evaluating method: mean
Loading Random Survival Forest...
C-index TRAIN: 0.9012513264527332
C-index TEST : 0.7963909633471862
Loading deepsurv_simple.pt...
C-index TRAIN: 0.7523622300378012
C-index TEST : 0.7469471612036371
Loading deepsurv_vanilla.pt...
C-index TRAIN: 0.799184830290946
C-index TEST : 0.7862856607193076
Loading Cox model...
C-index TRAIN: 0.793987229366121
C-index TEST : 0.7956816548448583
Evaluating method: median
Loading Random Survival Forest...
C-index TRAIN: 0.8927481321266435
C-index TEST : 0.798343905258882
Loading deepsurv_simple.pt...
C-index TRAIN: 0.7429452726030603
C-index TEST : 0.7369512233228135
Loading deepsurv_vanilla.pt...
C-index TRAIN: 0.7897383189241701
C-index TEST : 0.7840046245664469
Loading Cox model...
C-index TRAIN: 0.7930978320384264
C-index TEST : 0.794234915476674
Evaluating method: constant
Loading Random Survival Forest...
C-index TRAIN: 0.9083559434810233
C-index TEST : 0.8003187201199887
Loading deepsurv_simple.pt...
C-index TRAIN: 0.7038107710833953
C-index TEST : 0.7064728306721245
Loading deepsurv_vanilla.pt...
C-index TRAIN: 0.7984786858709785
C-index TEST : 0.7652470080929913
Loading Cox model...
C-index TRAIN: 0.7373359548319567
C-index TEST : 0.738574508639815
Evaluating method: knn
Loading Random Survival Forest...
C-index TRAIN: 0.9049111964561963
C-index TEST : 0.7981314251788895
Loading deepsurv_simple.pt...
C-index TRAIN: 0.7466886162515497
C-index TEST : 0.7325891322688498
Loading deepsurv_vanilla.pt...
C-index TRAIN: 0.7997281964708344
C-index TEST : 0.788285473236884
Loading Cox model...
C-index TRAIN: 0.7948208540697247
C-index TEST : 0.796109739711902
Evaluating method: imputer_bayesian
Loading Random Survival Forest...
C-index TRAIN: 0.9050666556974329
C-index TEST : 0.8036527825516357
Loading deepsurv_simple.pt...
C-index TRAIN: 0.7142921332991656
C-index TEST : 0.7087101209261631
Loading deepsurv_vanilla.pt...
C-index TRAIN: 0.8041619347949467
C-index TEST : 0.7957097772083868
Loading Cox model...
C-index TRAIN: 0.7965290528122281
C-index TEST : 0.7985438865106397
[fold=5, target=30%] actual NaN%: 30.0%
X_train shape: (5162, 76), X_test shape: (1290, 76)
Generating TabPFN Embeddings...
Successfully generated embeddings with shape: (5162, 192)
Loading SimpleImputer (mean)...
Loading SimpleImputer (median)...
Loading SimpleImputer (constant, fill=-1)...
Loading KNNImputer...
Loading IterativeImputer (BayesianRidge, MICE-like)...
Loading epochs value...
Loading epochs value...
Evaluating method: embeddings
Loading Random Survival Forest...
C-index TRAIN: 0.9589020612338943
C-index TEST : 0.7716589069774709
Loading deepsurv_simple.pt...
C-index TRAIN: 0.9178046783411183
C-index TEST : 0.744698934474893
Loading deepsurv_vanilla.pt...
C-index TRAIN: 0.9191057925150915
C-index TEST : 0.49022591632034496
Loading Cox model...
C-index TRAIN: 0.9143801280472744
C-index TEST : 0.759888135487298
Evaluating method: mean
Loading Random Survival Forest...
C-index TRAIN: 0.882666072252786
C-index TEST : 0.7777458363278442
Loading deepsurv_simple.pt...
C-index TRAIN: 0.6507362634898877
C-index TEST : 0.6640158735118583
Loading deepsurv_vanilla.pt...
C-index TRAIN: 0.7750660423838591
C-index TEST : 0.7556197856450958
Loading Cox model...
C-index TRAIN: 0.7721979212931541
C-index TEST : 0.7736212230103428
Evaluating method: median
Loading Random Survival Forest...
C-index TRAIN: 0.868098299898479
C-index TEST : 0.774730494016186
Loading deepsurv_simple.pt...
C-index TRAIN: 0.7292805164730282
C-index TEST : 0.727705215136081
Loading deepsurv_vanilla.pt...
C-index TRAIN: 0.786355459130062
C-index TEST : 0.7581445489485361
Loading Cox model...
C-index TRAIN: 0.771586831212584
C-index TEST : 0.7702777864575197
Evaluating method: constant
Loading Random Survival Forest...
C-index TRAIN: 0.8975475424562153
C-index TEST : 0.7733837452738805
Loading deepsurv_simple.pt...
C-index TRAIN: 0.5800056439672087
C-index TEST : 0.5858591382057932
Loading deepsurv_vanilla.pt...
C-index TRAIN: 0.8205600127332051
C-index TEST : 0.6833734337405868
Loading Cox model...
C-index TRAIN: 0.6842626516306637
C-index TEST : 0.6712839421304253
Evaluating method: knn
Loading Random Survival Forest...
C-index TRAIN: 0.8925420884123942
C-index TEST : 0.7789051026466268
Loading deepsurv_simple.pt...
C-index TRAIN: 0.7135910843847214
C-index TEST : 0.7034543636534075
Loading deepsurv_vanilla.pt...
C-index TRAIN: 0.7864093788430534
C-index TEST : 0.7582601631097085
Loading Cox model...
C-index TRAIN: 0.7704617435930503
C-index TEST : 0.7675436677811455
Evaluating method: imputer_bayesian
Loading Random Survival Forest...
C-index TRAIN: 0.9062712332031293
C-index TEST : 0.7856200981158017
Loading deepsurv_simple.pt...
C-index TRAIN: 0.729502402577177
C-index TEST : 0.738885416992157
Loading deepsurv_vanilla.pt...
C-index TRAIN: 0.7930566974120206
C-index TEST : 0.7741867949879698
Loading Cox model...
C-index TRAIN: 0.7778746850282745
C-index TEST : 0.7805361997312752
[fold=5, target=50%] actual NaN%: 50.0%
X_train shape: (5162, 76), X_test shape: (1290, 76)
Generating TabPFN Embeddings...
Successfully generated embeddings with shape: (5162, 192)
Loading SimpleImputer (mean)...
Loading SimpleImputer (median)...
Loading SimpleImputer (constant, fill=-1)...
Loading KNNImputer...
Loading IterativeImputer (BayesianRidge, MICE-like)...
Loading epochs value...
Loading epochs value...
Evaluating method: embeddings
Loading Random Survival Forest...
C-index TRAIN: 0.9575709299001114
C-index TEST : 0.7444458332031372
Loading deepsurv_simple.pt...
C-index TRAIN: 0.9098230784894995
C-index TEST : 0.7422866606255664
Loading deepsurv_vanilla.pt...
C-index TRAIN: 0.910980499407717
C-index TEST : 0.500043745898822
Loading Cox model...
C-index TRAIN: 0.9100044784861272
C-index TEST : 0.7429272255726026
Evaluating method: mean
Loading Random Survival Forest...
C-index TRAIN: 0.8595020894352012
C-index TEST : 0.7539293191263319
Loading deepsurv_simple.pt...
C-index TRAIN: 0.6834215226371075
C-index TEST : 0.704048057994563
Loading deepsurv_vanilla.pt...
C-index TRAIN: 0.7519411559904708
C-index TEST : 0.740655563540918
Loading Cox model...
C-index TRAIN: 0.7470150065417026
C-index TEST : 0.7522857232134488
Evaluating method: median
Loading Random Survival Forest...
C-index TRAIN: 0.8350618214523747
C-index TEST : 0.7510452145111396
Loading deepsurv_simple.pt...
C-index TRAIN: 0.7188075850027599
C-index TEST : 0.7264709558478892
Loading deepsurv_vanilla.pt...
C-index TRAIN: 0.7531616685316217
C-index TEST : 0.7398556385338875
Loading Cox model...
C-index TRAIN: 0.7454200206673705
C-index TEST : 0.7449832828172359
Evaluating method: constant
Loading Random Survival Forest...
C-index TRAIN: 0.8784831254459725
C-index TEST : 0.7485079523794644
Loading deepsurv_simple.pt...
C-index TRAIN: 0.6211839064294719
C-index TEST : 0.6198403274692997
Loading deepsurv_vanilla.pt...
C-index TRAIN: 0.7808671364537468
C-index TEST : 0.6801643595912883
Loading Cox model...
C-index TRAIN: 0.6465166290433068
C-index TEST : 0.6322313533106271
Evaluating method: knn
Loading Random Survival Forest...
C-index TRAIN: 0.8855508695433852
C-index TEST : 0.7574258663250321
Loading deepsurv_simple.pt...
C-index TRAIN: 0.6833431444976045
C-index TEST : 0.6765115770396525
Loading deepsurv_vanilla.pt...
C-index TRAIN: 0.7378580125342025
C-index TEST : 0.7314720494953598
Loading Cox model...
C-index TRAIN: 0.7365771877367673
C-index TEST : 0.7459925631972003
Evaluating method: imputer_bayesian
Loading Random Survival Forest...
C-index TRAIN: 0.9031689041494647
C-index TEST : 0.7588507327438053
Loading deepsurv_simple.pt...
C-index TRAIN: 0.6499529453226317
C-index TEST : 0.6502796612817549
Loading deepsurv_vanilla.pt...
C-index TRAIN: 0.7538260298062985
C-index TEST : 0.743086585632597
Loading Cox model...
C-index TRAIN: 0.7516537694789596
C-index TEST : 0.753841827328688
[fold=5, target=70%] actual NaN%: 70.0%
X_train shape: (5162, 76), X_test shape: (1290, 76)
Generating TabPFN Embeddings...
Successfully generated embeddings with shape: (5162, 192)
Loading SimpleImputer (mean)...
Loading SimpleImputer (median)...
Loading SimpleImputer (constant, fill=-1)...
Loading KNNImputer...
Loading IterativeImputer (BayesianRidge, MICE-like)...
Loading epochs value...
Loading epochs value...
Evaluating method: embeddings
Loading Random Survival Forest...
C-index TRAIN: 0.958576690044846
C-index TEST : 0.7158453894947349
Loading deepsurv_simple.pt...
C-index TRAIN: 0.9083623360243162
C-index TEST : 0.7183295316064119
Loading deepsurv_vanilla.pt...
C-index TRAIN: 0.9087356049652829
C-index TEST : 0.500043745898822
Loading Cox model...
C-index TRAIN: 0.9076422021255485
C-index TEST : 0.7125988188607318
Evaluating method: mean
Loading Random Survival Forest...
C-index TRAIN: 0.8155908757469317
C-index TEST : 0.6949598475142955
Loading deepsurv_simple.pt...
C-index TRAIN: 0.6801647534433111
C-index TEST : 0.6840827422429148
Loading deepsurv_vanilla.pt...
C-index TRAIN: 0.7198918159325526
C-index TEST : 0.7010624003999625
Loading Cox model...
C-index TRAIN: 0.7200998052034562
C-index TEST : 0.7111427053713715
Evaluating method: median
Loading Random Survival Forest...
C-index TRAIN: 0.7879435892333265
C-index TEST : 0.6922382276661563
Loading deepsurv_simple.pt...
C-index TRAIN: 0.6856661391428767
C-index TEST : 0.6751163953379371
Loading deepsurv_vanilla.pt...
C-index TRAIN: 0.7185936664163384
C-index TEST : 0.6998875105458863
Loading Cox model...
C-index TRAIN: 0.7161658896483971
C-index TEST : 0.6983720276224104
Evaluating method: constant
Loading Random Survival Forest...
C-index TRAIN: 0.8323510125140057
C-index TEST : 0.6876136612192607
Loading deepsurv_simple.pt...
C-index TRAIN: 0.569839554574995
C-index TEST : 0.5390525888197981
Loading deepsurv_vanilla.pt...
C-index TRAIN: 0.7204301792524727
C-index TEST : 0.5717838952598194
Loading Cox model...
C-index TRAIN: 0.6102783202175022
C-index TEST : 0.5866356279098834
Evaluating method: knn
Loading Random Survival Forest...
C-index TRAIN: 0.8674933244245367
C-index TEST : 0.6830234665500109
Loading deepsurv_simple.pt...
C-index TRAIN: 0.574664442432183
C-index TEST : 0.5991250820235603
Loading deepsurv_vanilla.pt...
C-index TRAIN: 0.6892301209969477
C-index TEST : 0.6590538387026216
Loading Cox model...
C-index TRAIN: 0.698386651776673
C-index TEST : 0.6904915164203356
Evaluating method: imputer_bayesian
Loading Random Survival Forest...
C-index TRAIN: 0.8964517308320515
C-index TEST : 0.7072930662750367
Loading deepsurv_simple.pt...
C-index TRAIN: 0.6780133383658399
C-index TEST : 0.6625847576789676
Loading deepsurv_vanilla.pt...
C-index TRAIN: 0.7130991364878404
C-index TEST : 0.6916570321532356
Loading Cox model...
C-index TRAIN: 0.7217664987373338
C-index TEST : 0.7057463362809736
[fold=5, target=90%] actual NaN%: 90.0%
X_train shape: (5162, 76), X_test shape: (1290, 76)
Generating TabPFN Embeddings...
Successfully generated embeddings with shape: (5162, 192)
Loading SimpleImputer (mean)...
Loading SimpleImputer (median)...
Loading SimpleImputer (constant, fill=-1)...
Loading KNNImputer...
Loading IterativeImputer (BayesianRidge, MICE-like)...
Loading epochs value...
Loading epochs value...
Evaluating method: embeddings
Loading Random Survival Forest...
C-index TRAIN: 0.9632795637061409
C-index TEST : 0.6257475861637971
Loading deepsurv_simple.pt...
C-index TRAIN: 0.9041968992273917
C-index TEST : 0.6385213886198169
Loading deepsurv_vanilla.pt...
C-index TRAIN: 0.9052171120787013
C-index TEST : 0.500043745898822
Loading Cox model...
C-index TRAIN: 0.9035102103739675
C-index TEST : 0.62943161578602
Evaluating method: mean
Loading Random Survival Forest...
C-index TRAIN: 0.7412249372928561
C-index TEST : 0.6246695622285411
Loading deepsurv_simple.pt...
C-index TRAIN: 0.6372649512786291
C-index TEST : 0.6155672905665094
Loading deepsurv_vanilla.pt...
C-index TRAIN: 0.6673149076147791
C-index TEST : 0.6336405961941068
Loading Cox model...
C-index TRAIN: 0.6662431838349071
C-index TEST : 0.6260850545261382
Evaluating method: median
Loading Random Survival Forest...
C-index TRAIN: 0.6985667547355312
C-index TEST : 0.622452582570384
Loading deepsurv_simple.pt...
C-index TRAIN: 0.6377554168466306
C-index TEST : 0.617243695903509
Loading deepsurv_vanilla.pt...
C-index TRAIN: 0.6499232987450418
C-index TEST : 0.6032184482704747
Loading Cox model...
C-index TRAIN: 0.6583738703959097
C-index TEST : 0.6234165546979971
Evaluating method: constant
Loading Random Survival Forest...
C-index TRAIN: 0.7696599889603557
C-index TEST : 0.6383057838327657
Loading deepsurv_simple.pt...
C-index TRAIN: 0.5448251620880307
C-index TEST : 0.5232478205168265
Loading deepsurv_vanilla.pt...
C-index TRAIN: 0.6752799239120586
C-index TEST : 0.53868387338687
Loading Cox model...
C-index TRAIN: 0.5735294417382678
C-index TEST : 0.5560259975627285
Evaluating method: knn
Loading Random Survival Forest...
C-index TRAIN: 0.8804786180544323
C-index TEST : 0.6036246601881073
Loading deepsurv_simple.pt...
C-index TRAIN: 0.5206247534470169
C-index TEST : 0.5173577477111521
Loading deepsurv_vanilla.pt...
C-index TRAIN: 0.6158901394185898
C-index TEST : 0.5685716964034622
Loading Cox model...
C-index TRAIN: 0.6151810303408634
C-index TEST : 0.6003249695341062
Evaluating method: imputer_bayesian
Loading Random Survival Forest...
C-index TRAIN: 0.8794865694518329
C-index TEST : 0.6096147236196606
Loading deepsurv_simple.pt...
C-index TRAIN: 0.6315490911193121
C-index TEST : 0.6118488891666406
Loading deepsurv_vanilla.pt...
C-index TRAIN: 0.6718699189703448
C-index TEST : 0.633768709183514
Loading Cox model...
C-index TRAIN: 0.6614812023095425
C-index TEST : 0.6214854857357123
  WARNING: 1 NaN fold(s) excluded from train mean for Cox/mean
  WARNING: 1 NaN fold(s) excluded from test mean for Cox/mean
  WARNING: 1 NaN fold(s) excluded from train mean for Cox/median
  WARNING: 1 NaN fold(s) excluded from test mean for Cox/median
  WARNING: 1 NaN fold(s) excluded from train mean for Cox/knn
  WARNING: 1 NaN fold(s) excluded from test mean for Cox/knn
  WARNING: 1 NaN fold(s) excluded from train mean for Cox/imputer_bayesian
  WARNING: 1 NaN fold(s) excluded from test mean for Cox/imputer_bayesian
|                      | constant      | embeddings    | imputer_bayesian   | knn           | mean          | median        |
|:---------------------|:--------------|:--------------|:-------------------|:--------------|:--------------|:--------------|
| (0.1, 'Cox')         | 0.733 ± 0.016 | 0.774 ± 0.015 | 0.791 ± 0.008      | 0.788 ± 0.008 | 0.789 ± 0.009 | 0.787 ± 0.008 |
| (0.1, 'Cox Simple')  | 0.689 ± 0.023 | 0.773 ± 0.027 | 0.746 ± 0.023      | 0.750 ± 0.015 | 0.733 ± 0.017 | 0.749 ± 0.020 |
| (0.1, 'Cox Vanilla') | 0.758 ± 0.008 | 0.491 ± 0.120 | 0.785 ± 0.013      | 0.783 ± 0.011 | 0.782 ± 0.010 | 0.779 ± 0.011 |
| (0.1, 'RSF')         | 0.790 ± 0.010 | 0.785 ± 0.007 | 0.795 ± 0.008      | 0.790 ± 0.009 | 0.789 ± 0.010 | 0.790 ± 0.010 |
| (0.3, 'Cox')         | 0.668 ± 0.010 | 0.741 ± 0.030 | 0.773 ± 0.005      | 0.768 ± 0.005 | 0.772 ± 0.005 | 0.768 ± 0.005 |
| (0.3, 'Cox Simple')  | 0.619 ± 0.020 | 0.679 ± 0.137 | 0.714 ± 0.028      | 0.709 ± 0.024 | 0.708 ± 0.031 | 0.733 ± 0.008 |
| (0.3, 'Cox Vanilla') | 0.699 ± 0.010 | 0.477 ± 0.021 | 0.768 ± 0.005      | 0.758 ± 0.004 | 0.766 ± 0.006 | 0.763 ± 0.004 |
| (0.3, 'RSF')         | 0.767 ± 0.008 | 0.772 ± 0.006 | 0.777 ± 0.005      | 0.770 ± 0.007 | 0.772 ± 0.007 | 0.771 ± 0.007 |
| (0.5, 'Cox')         | 0.614 ± 0.013 | 0.732 ± 0.007 | 0.750 ± 0.007      | 0.738 ± 0.011 | 0.747 ± 0.008 | 0.742 ± 0.007 |
| (0.5, 'Cox Simple')  | 0.583 ± 0.020 | 0.722 ± 0.020 | 0.637 ± 0.075      | 0.665 ± 0.010 | 0.687 ± 0.028 | 0.724 ± 0.008 |
| (0.5, 'Cox Vanilla') | 0.652 ± 0.017 | 0.503 ± 0.094 | 0.740 ± 0.012      | 0.727 ± 0.011 | 0.743 ± 0.008 | 0.738 ± 0.007 |
| (0.5, 'RSF')         | 0.736 ± 0.011 | 0.747 ± 0.012 | 0.756 ± 0.008      | 0.743 ± 0.015 | 0.747 ± 0.014 | 0.746 ± 0.012 |
| (0.7, 'Cox')         | 0.578 ± 0.012 | 0.677 ± 0.030 | 0.708 ± 0.011      | 0.691 ± 0.013 | 0.710 ± 0.008 | 0.705 ± 0.009 |
| (0.7, 'Cox Simple')  | 0.544 ± 0.014 | 0.620 ± 0.078 | 0.629 ± 0.028      | 0.614 ± 0.024 | 0.654 ± 0.040 | 0.663 ± 0.038 |
| (0.7, 'Cox Vanilla') | 0.579 ± 0.010 | 0.495 ± 0.047 | 0.702 ± 0.012      | 0.669 ± 0.012 | 0.703 ± 0.005 | 0.698 ± 0.017 |
| (0.7, 'RSF')         | 0.686 ± 0.006 | 0.707 ± 0.013 | 0.709 ± 0.015      | 0.694 ± 0.018 | 0.703 ± 0.011 | 0.701 ± 0.011 |
| (0.9, 'Cox')         | 0.529 ± 0.014 | 0.591 ± 0.029 | 0.626 ± 0.008      | 0.591 ± 0.011 | 0.629 ± 0.004 | 0.621 ± 0.005 |
| (0.9, 'Cox Simple')  | 0.514 ± 0.007 | 0.568 ± 0.066 | 0.572 ± 0.039      | 0.541 ± 0.024 | 0.605 ± 0.011 | 0.614 ± 0.006 |
| (0.9, 'Cox Vanilla') | 0.540 ± 0.012 | 0.486 ± 0.035 | 0.606 ± 0.024      | 0.565 ± 0.005 | 0.617 ± 0.013 | 0.615 ± 0.010 |
| (0.9, 'RSF')         | 0.612 ± 0.015 | 0.615 ± 0.011 | 0.616 ± 0.017      | 0.603 ± 0.014 | 0.624 ± 0.013 | 0.623 ± 0.008 |
|                      | constant      | embeddings    | imputer_bayesian   | knn           | mean          | median        |
|:---------------------|:--------------|:--------------|:-------------------|:--------------|:--------------|:--------------|
| (0.1, 'Cox')         | 0.740 ± 0.003 | 0.918 ± 0.001 | 0.796 ± 0.002      | 0.793 ± 0.002 | 0.794 ± 0.002 | 0.793 ± 0.002 |
| (0.1, 'Cox Simple')  | 0.695 ± 0.030 | 0.917 ± 0.003 | 0.749 ± 0.019      | 0.750 ± 0.016 | 0.736 ± 0.019 | 0.754 ± 0.019 |
| (0.1, 'Cox Vanilla') | 0.791 ± 0.006 | 0.920 ± 0.002 | 0.801 ± 0.004      | 0.799 ± 0.007 | 0.799 ± 0.005 | 0.795 ± 0.006 |
| (0.1, 'RSF')         | 0.908 ± 0.002 | 0.961 ± 0.001 | 0.904 ± 0.002      | 0.905 ± 0.002 | 0.902 ± 0.002 | 0.895 ± 0.003 |
| (0.3, 'Cox')         | 0.684 ± 0.006 | 0.917 ± 0.001 | 0.780 ± 0.002      | 0.774 ± 0.003 | 0.777 ± 0.004 | 0.776 ± 0.004 |
| (0.3, 'Cox Simple')  | 0.622 ± 0.026 | 0.918 ± 0.001 | 0.715 ± 0.032      | 0.715 ± 0.018 | 0.712 ± 0.036 | 0.740 ± 0.014 |
| (0.3, 'Cox Vanilla') | 0.809 ± 0.028 | 0.918 ± 0.001 | 0.791 ± 0.004      | 0.781 ± 0.009 | 0.784 ± 0.006 | 0.785 ± 0.004 |
| (0.3, 'RSF')         | 0.903 ± 0.003 | 0.961 ± 0.001 | 0.909 ± 0.002      | 0.900 ± 0.004 | 0.890 ± 0.004 | 0.875 ± 0.004 |
| (0.5, 'Cox')         | 0.644 ± 0.007 | 0.913 ± 0.002 | 0.760 ± 0.005      | 0.749 ± 0.006 | 0.757 ± 0.006 | 0.753 ± 0.006 |
| (0.5, 'Cox Simple')  | 0.611 ± 0.014 | 0.913 ± 0.003 | 0.632 ± 0.069      | 0.683 ± 0.005 | 0.685 ± 0.032 | 0.728 ± 0.010 |
| (0.5, 'Cox Vanilla') | 0.777 ± 0.042 | 0.914 ± 0.002 | 0.765 ± 0.010      | 0.752 ± 0.009 | 0.763 ± 0.011 | 0.760 ± 0.010 |
| (0.5, 'RSF')         | 0.882 ± 0.003 | 0.960 ± 0.001 | 0.908 ± 0.003      | 0.892 ± 0.005 | 0.869 ± 0.005 | 0.844 ± 0.005 |
| (0.7, 'Cox')         | 0.614 ± 0.012 | 0.909 ± 0.002 | 0.725 ± 0.002      | 0.710 ± 0.007 | 0.727 ± 0.004 | 0.720 ± 0.004 |
| (0.7, 'Cox Simple')  | 0.568 ± 0.012 | 0.910 ± 0.002 | 0.643 ± 0.037      | 0.622 ± 0.037 | 0.665 ± 0.036 | 0.675 ± 0.049 |
| (0.7, 'Cox Vanilla') | 0.753 ± 0.041 | 0.911 ± 0.002 | 0.726 ± 0.007      | 0.701 ± 0.007 | 0.729 ± 0.007 | 0.717 ± 0.017 |
| (0.7, 'RSF')         | 0.838 ± 0.004 | 0.960 ± 0.001 | 0.903 ± 0.004      | 0.880 ± 0.006 | 0.826 ± 0.006 | 0.799 ± 0.006 |
| (0.9, 'Cox')         | 0.582 ± 0.005 | 0.901 ± 0.001 | 0.656 ± 0.004      | 0.623 ± 0.007 | 0.660 ± 0.005 | 0.653 ± 0.003 |
| (0.9, 'Cox Simple')  | 0.556 ± 0.010 | 0.900 ± 0.005 | 0.595 ± 0.038      | 0.552 ± 0.030 | 0.627 ± 0.010 | 0.637 ± 0.006 |
| (0.9, 'Cox Vanilla') | 0.643 ± 0.022 | 0.903 ± 0.001 | 0.638 ± 0.022      | 0.604 ± 0.013 | 0.637 ± 0.020 | 0.648 ± 0.006 |
| (0.9, 'RSF')         | 0.767 ± 0.004 | 0.966 ± 0.003 | 0.885 ± 0.013      | 0.888 ± 0.011 | 0.742 ± 0.004 | 0.696 ± 0.005 |

=== NaN Ratio: 0.1 ===

-- Cox --
            constant | Train: 0.740 ± 0.003 | Test: 0.733 ± 0.016
          embeddings | Train: 0.918 ± 0.001 | Test: 0.774 ± 0.015
    imputer_bayesian | Train: 0.796 ± 0.002 | Test: 0.791 ± 0.008
                 knn | Train: 0.793 ± 0.002 | Test: 0.788 ± 0.008
                mean | Train: 0.794 ± 0.002 | Test: 0.789 ± 0.009
              median | Train: 0.793 ± 0.002 | Test: 0.787 ± 0.008

-- Cox Simple --
            constant | Train: 0.695 ± 0.030 | Test: 0.689 ± 0.023
          embeddings | Train: 0.917 ± 0.003 | Test: 0.773 ± 0.027
    imputer_bayesian | Train: 0.749 ± 0.019 | Test: 0.746 ± 0.023
                 knn | Train: 0.750 ± 0.016 | Test: 0.750 ± 0.015
                mean | Train: 0.736 ± 0.019 | Test: 0.733 ± 0.017
              median | Train: 0.754 ± 0.019 | Test: 0.749 ± 0.020

-- Cox Vanilla --
            constant | Train: 0.791 ± 0.006 | Test: 0.758 ± 0.008
          embeddings | Train: 0.920 ± 0.002 | Test: 0.491 ± 0.120
    imputer_bayesian | Train: 0.801 ± 0.004 | Test: 0.785 ± 0.013
                 knn | Train: 0.799 ± 0.007 | Test: 0.783 ± 0.011
                mean | Train: 0.799 ± 0.005 | Test: 0.782 ± 0.010
              median | Train: 0.795 ± 0.006 | Test: 0.779 ± 0.011

-- RSF --
            constant | Train: 0.908 ± 0.002 | Test: 0.790 ± 0.010
          embeddings | Train: 0.961 ± 0.001 | Test: 0.785 ± 0.007
    imputer_bayesian | Train: 0.904 ± 0.002 | Test: 0.795 ± 0.008
                 knn | Train: 0.905 ± 0.002 | Test: 0.790 ± 0.009
                mean | Train: 0.902 ± 0.002 | Test: 0.789 ± 0.010
              median | Train: 0.895 ± 0.003 | Test: 0.790 ± 0.010

=== NaN Ratio: 0.3 ===

-- Cox --
            constant | Train: 0.684 ± 0.006 | Test: 0.668 ± 0.010
          embeddings | Train: 0.917 ± 0.001 | Test: 0.741 ± 0.030
    imputer_bayesian | Train: 0.780 ± 0.002 | Test: 0.773 ± 0.005
                 knn | Train: 0.774 ± 0.003 | Test: 0.768 ± 0.005
                mean | Train: 0.777 ± 0.004 | Test: 0.772 ± 0.005
              median | Train: 0.776 ± 0.004 | Test: 0.768 ± 0.005

-- Cox Simple --
            constant | Train: 0.622 ± 0.026 | Test: 0.619 ± 0.020
          embeddings | Train: 0.918 ± 0.001 | Test: 0.679 ± 0.137
    imputer_bayesian | Train: 0.715 ± 0.032 | Test: 0.714 ± 0.028
                 knn | Train: 0.715 ± 0.018 | Test: 0.709 ± 0.024
                mean | Train: 0.712 ± 0.036 | Test: 0.708 ± 0.031
              median | Train: 0.740 ± 0.014 | Test: 0.733 ± 0.008

-- Cox Vanilla --
            constant | Train: 0.809 ± 0.028 | Test: 0.699 ± 0.010
          embeddings | Train: 0.918 ± 0.001 | Test: 0.477 ± 0.021
    imputer_bayesian | Train: 0.791 ± 0.004 | Test: 0.768 ± 0.005
                 knn | Train: 0.781 ± 0.009 | Test: 0.758 ± 0.004
                mean | Train: 0.784 ± 0.006 | Test: 0.766 ± 0.006
              median | Train: 0.785 ± 0.004 | Test: 0.763 ± 0.004

-- RSF --
            constant | Train: 0.903 ± 0.003 | Test: 0.767 ± 0.008
          embeddings | Train: 0.961 ± 0.001 | Test: 0.772 ± 0.006
    imputer_bayesian | Train: 0.909 ± 0.002 | Test: 0.777 ± 0.005
                 knn | Train: 0.900 ± 0.004 | Test: 0.770 ± 0.007
                mean | Train: 0.890 ± 0.004 | Test: 0.772 ± 0.007
              median | Train: 0.875 ± 0.004 | Test: 0.771 ± 0.007

=== NaN Ratio: 0.5 ===

-- Cox --
            constant | Train: 0.644 ± 0.007 | Test: 0.614 ± 0.013
          embeddings | Train: 0.913 ± 0.002 | Test: 0.732 ± 0.007
    imputer_bayesian | Train: 0.760 ± 0.005 | Test: 0.750 ± 0.007
                 knn | Train: 0.749 ± 0.006 | Test: 0.738 ± 0.011
                mean | Train: 0.757 ± 0.006 | Test: 0.747 ± 0.008
              median | Train: 0.753 ± 0.006 | Test: 0.742 ± 0.007

-- Cox Simple --
            constant | Train: 0.611 ± 0.014 | Test: 0.583 ± 0.020
          embeddings | Train: 0.913 ± 0.003 | Test: 0.722 ± 0.020
    imputer_bayesian | Train: 0.632 ± 0.069 | Test: 0.637 ± 0.075
                 knn | Train: 0.683 ± 0.005 | Test: 0.665 ± 0.010
                mean | Train: 0.685 ± 0.032 | Test: 0.687 ± 0.028
              median | Train: 0.728 ± 0.010 | Test: 0.724 ± 0.008

-- Cox Vanilla --
            constant | Train: 0.777 ± 0.042 | Test: 0.652 ± 0.017
          embeddings | Train: 0.914 ± 0.002 | Test: 0.503 ± 0.094
    imputer_bayesian | Train: 0.765 ± 0.010 | Test: 0.740 ± 0.012
                 knn | Train: 0.752 ± 0.009 | Test: 0.727 ± 0.011
                mean | Train: 0.763 ± 0.011 | Test: 0.743 ± 0.008
              median | Train: 0.760 ± 0.010 | Test: 0.738 ± 0.007

-- RSF --
            constant | Train: 0.882 ± 0.003 | Test: 0.736 ± 0.011
          embeddings | Train: 0.960 ± 0.001 | Test: 0.747 ± 0.012
    imputer_bayesian | Train: 0.908 ± 0.003 | Test: 0.756 ± 0.008
                 knn | Train: 0.892 ± 0.005 | Test: 0.743 ± 0.015
                mean | Train: 0.869 ± 0.005 | Test: 0.747 ± 0.014
              median | Train: 0.844 ± 0.005 | Test: 0.746 ± 0.012

=== NaN Ratio: 0.7 ===

-- Cox --
            constant | Train: 0.614 ± 0.012 | Test: 0.578 ± 0.012
          embeddings | Train: 0.909 ± 0.002 | Test: 0.677 ± 0.030
    imputer_bayesian | Train: 0.725 ± 0.002 | Test: 0.708 ± 0.011
                 knn | Train: 0.710 ± 0.007 | Test: 0.691 ± 0.013
                mean | Train: 0.727 ± 0.004 | Test: 0.710 ± 0.008
              median | Train: 0.720 ± 0.004 | Test: 0.705 ± 0.009

-- Cox Simple --
            constant | Train: 0.568 ± 0.012 | Test: 0.544 ± 0.014
          embeddings | Train: 0.910 ± 0.002 | Test: 0.620 ± 0.078
    imputer_bayesian | Train: 0.643 ± 0.037 | Test: 0.629 ± 0.028
                 knn | Train: 0.622 ± 0.037 | Test: 0.614 ± 0.024
                mean | Train: 0.665 ± 0.036 | Test: 0.654 ± 0.040
              median | Train: 0.675 ± 0.049 | Test: 0.663 ± 0.038

-- Cox Vanilla --
            constant | Train: 0.753 ± 0.041 | Test: 0.579 ± 0.010
          embeddings | Train: 0.911 ± 0.002 | Test: 0.495 ± 0.047
    imputer_bayesian | Train: 0.726 ± 0.007 | Test: 0.702 ± 0.012
                 knn | Train: 0.701 ± 0.007 | Test: 0.669 ± 0.012
                mean | Train: 0.729 ± 0.007 | Test: 0.703 ± 0.005
              median | Train: 0.717 ± 0.017 | Test: 0.698 ± 0.017

-- RSF --
            constant | Train: 0.838 ± 0.004 | Test: 0.686 ± 0.006
          embeddings | Train: 0.960 ± 0.001 | Test: 0.707 ± 0.013
    imputer_bayesian | Train: 0.903 ± 0.004 | Test: 0.709 ± 0.015
                 knn | Train: 0.880 ± 0.006 | Test: 0.694 ± 0.018
                mean | Train: 0.826 ± 0.006 | Test: 0.703 ± 0.011
              median | Train: 0.799 ± 0.006 | Test: 0.701 ± 0.011

=== NaN Ratio: 0.9 ===

-- Cox --
            constant | Train: 0.582 ± 0.005 | Test: 0.529 ± 0.014
          embeddings | Train: 0.901 ± 0.001 | Test: 0.591 ± 0.029
    imputer_bayesian | Train: 0.656 ± 0.004 | Test: 0.626 ± 0.008
                 knn | Train: 0.623 ± 0.007 | Test: 0.591 ± 0.011
                mean | Train: 0.660 ± 0.005 | Test: 0.629 ± 0.004
              median | Train: 0.653 ± 0.003 | Test: 0.621 ± 0.005

-- Cox Simple --
            constant | Train: 0.556 ± 0.010 | Test: 0.514 ± 0.007
          embeddings | Train: 0.900 ± 0.005 | Test: 0.568 ± 0.066
    imputer_bayesian | Train: 0.595 ± 0.038 | Test: 0.572 ± 0.039
                 knn | Train: 0.552 ± 0.030 | Test: 0.541 ± 0.024
                mean | Train: 0.627 ± 0.010 | Test: 0.605 ± 0.011
              median | Train: 0.637 ± 0.006 | Test: 0.614 ± 0.006

-- Cox Vanilla --
            constant | Train: 0.643 ± 0.022 | Test: 0.540 ± 0.012
          embeddings | Train: 0.903 ± 0.001 | Test: 0.486 ± 0.035
    imputer_bayesian | Train: 0.638 ± 0.022 | Test: 0.606 ± 0.024
                 knn | Train: 0.604 ± 0.013 | Test: 0.565 ± 0.005
                mean | Train: 0.637 ± 0.020 | Test: 0.617 ± 0.013
              median | Train: 0.648 ± 0.006 | Test: 0.615 ± 0.010

-- RSF --
            constant | Train: 0.767 ± 0.004 | Test: 0.612 ± 0.015
          embeddings | Train: 0.966 ± 0.003 | Test: 0.615 ± 0.011
    imputer_bayesian | Train: 0.885 ± 0.013 | Test: 0.616 ± 0.017
                 knn | Train: 0.888 ± 0.011 | Test: 0.603 ± 0.014
                mean | Train: 0.742 ± 0.004 | Test: 0.624 ± 0.013
              median | Train: 0.696 ± 0.005 | Test: 0.623 ± 0.008
Result saved in 'results_nan/results_cv_OrmoniTirodei_tabpfn_nan_seed123.txt'

============================================================
Dataset: HURRAH
============================================================
Loading existing folds from tmp/splits/HURRAH_seed123.pkl
Loading NaN ordering from tmp/masks/HURRAH_tabpfn_seed123_fold0_eval.npy
Loading NaN ordering from tmp/masks/HURRAH_tabpfn_seed123_fold1_train.npy
Loading NaN ordering from tmp/masks/HURRAH_tabpfn_seed123_fold1_test.npy
[fold=1, target=10%] actual NaN%: 10.0%
X_train shape: (13566, 61), X_test shape: (3392, 61)
Generating TabPFN Embeddings...
Successfully generated embeddings with shape: (13566, 192)
Loading SimpleImputer (mean)...
Loading SimpleImputer (median)...
Loading SimpleImputer (constant, fill=-1)...
Loading KNNImputer...
Loading IterativeImputer (BayesianRidge, MICE-like)...
Traceback (most recent call last):
  File "/scratch.hpc/luca.cotugno/Foundation_model_clinical_data/test_nan.py", line 664, in <module>
    results_by_pct = main(dataset_name, feature_event, feature_time,
                     ^^^^^^^^^^^^^^^^^^^^^^^^^^^^^^^^^^^^^^^^^^^^^^^
  File "/scratch.hpc/luca.cotugno/Foundation_model_clinical_data/test_nan.py", line 186, in main
    sets.append(load_or_fit_imputer(path_dir, "imputer_mice.pkl",
                ^^^^^^^^^^^^^^^^^^^^^^^^^^^^^^^^^^^^^^^^^^^^^^^^^
  File "/scratch.hpc/luca.cotugno/Foundation_model_clinical_data/test_nan.py", line 395, in load_or_fit_imputer
    imputer     = joblib.load(path)
                  ^^^^^^^^^^^^^^^^^
  File "/scratch.hpc/luca.cotugno/Foundation_model_clinical_data/.venv/lib/python3.12/site-packages/joblib/numpy_pickle.py", line 749, in load
    obj = _unpickle(
          ^^^^^^^^^^
  File "/scratch.hpc/luca.cotugno/Foundation_model_clinical_data/.venv/lib/python3.12/site-packages/joblib/numpy_pickle.py", line 626, in _unpickle
    obj = unpickler.load()
          ^^^^^^^^^^^^^^^^
  File "/home/students/luca.cotugno/.local/share/uv/python/cpython-3.12.12-linux-x86_64-gnu/lib/python3.12/pickle.py", line 1256, in load
    dispatch[key[0]](self)
    ~~~~~~~~^^^^^^^^
KeyError: 0
