ENV CHECKPOINT PATH: 
DEFAULT PATH: /scratch.hpc/luca.cotugno/Foundation_model_clinical_data/src/models_diff/tabdpt1_1.pth
ENV CHECKPOINT PATH: 
DEFAULT PATH: /scratch.hpc/luca.cotugno/Foundation_model_clinical_data/src/models_diff/tabdpt1_1.pth
ENV CHECKPOINT PATH: 
DEFAULT PATH: /scratch.hpc/luca.cotugno/Foundation_model_clinical_data/src/models_diff/tabdpt1_1.pth
ENV CHECKPOINT PATH: 
DEFAULT PATH: /scratch.hpc/luca.cotugno/Foundation_model_clinical_data/src/models_diff/tabdpt1_1.pth
ENV CHECKPOINT PATH: 
DEFAULT PATH: /scratch.hpc/luca.cotugno/Foundation_model_clinical_data/src/models_diff/tabdpt1_1.pth
ENV CHECKPOINT PATH: 
DEFAULT PATH: /scratch.hpc/luca.cotugno/Foundation_model_clinical_data/src/models_diff/tabdpt1_1.pth
ENV CHECKPOINT PATH: 
DEFAULT PATH: /scratch.hpc/luca.cotugno/Foundation_model_clinical_data/src/models_diff/tabdpt1_1.pth
ENV CHECKPOINT PATH: 
DEFAULT PATH: /scratch.hpc/luca.cotugno/Foundation_model_clinical_data/src/models_diff/tabdpt1_1.pth
ENV CHECKPOINT PATH: 
DEFAULT PATH: /scratch.hpc/luca.cotugno/Foundation_model_clinical_data/src/models_diff/tabdpt1_1.pth
ENV CHECKPOINT PATH: 
DEFAULT PATH: /scratch.hpc/luca.cotugno/Foundation_model_clinical_data/src/models_diff/tabdpt1_1.pth
ENV CHECKPOINT PATH: 
DEFAULT PATH: /scratch.hpc/luca.cotugno/Foundation_model_clinical_data/src/models_diff/tabdpt1_1.pth
ENV CHECKPOINT PATH: 
DEFAULT PATH: /scratch.hpc/luca.cotugno/Foundation_model_clinical_data/src/models_diff/tabdpt1_1.pth
ENV CHECKPOINT PATH: 
DEFAULT PATH: /scratch.hpc/luca.cotugno/Foundation_model_clinical_data/src/models_diff/tabdpt1_1.pth
ENV CHECKPOINT PATH: 
DEFAULT PATH: /scratch.hpc/luca.cotugno/Foundation_model_clinical_data/src/models_diff/tabdpt1_1.pth
ENV CHECKPOINT PATH: 
DEFAULT PATH: /scratch.hpc/luca.cotugno/Foundation_model_clinical_data/src/models_diff/tabdpt1_1.pth
ENV CHECKPOINT PATH: 
DEFAULT PATH: /scratch.hpc/luca.cotugno/Foundation_model_clinical_data/src/models_diff/tabdpt1_1.pth
ENV CHECKPOINT PATH: 
DEFAULT PATH: /scratch.hpc/luca.cotugno/Foundation_model_clinical_data/src/models_diff/tabdpt1_1.pth
ENV CHECKPOINT PATH: 
DEFAULT PATH: /scratch.hpc/luca.cotugno/Foundation_model_clinical_data/src/models_diff/tabdpt1_1.pth
ENV CHECKPOINT PATH: 
DEFAULT PATH: /scratch.hpc/luca.cotugno/Foundation_model_clinical_data/src/models_diff/tabdpt1_1.pth
ENV CHECKPOINT PATH: 
DEFAULT PATH: /scratch.hpc/luca.cotugno/Foundation_model_clinical_data/src/models_diff/tabdpt1_1.pth
ENV CHECKPOINT PATH: 
DEFAULT PATH: /scratch.hpc/luca.cotugno/Foundation_model_clinical_data/src/models_diff/tabdpt1_1.pth
ENV CHECKPOINT PATH: 
DEFAULT PATH: /scratch.hpc/luca.cotugno/Foundation_model_clinical_data/src/models_diff/tabdpt1_1.pth
/scratch.hpc/luca.cotugno/Foundation_model_clinical_data/.venv/lib/python3.12/site-packages/pycox/models/cox.py:251: RuntimeWarning: overflow encountered in exp
  expg = np.exp(self.predict(input, batch_size, True, eval_, num_workers=num_workers)).reshape(1, -1)
/scratch.hpc/luca.cotugno/Foundation_model_clinical_data/.venv/lib/python3.12/site-packages/pycox/models/cox.py:252: RuntimeWarning: invalid value encountered in dot
  return pd.DataFrame(bch.values.reshape(-1, 1).dot(expg),
ENV CHECKPOINT PATH: 
DEFAULT PATH: /scratch.hpc/luca.cotugno/Foundation_model_clinical_data/src/models_diff/tabdpt1_1.pth
ENV CHECKPOINT PATH: 
DEFAULT PATH: /scratch.hpc/luca.cotugno/Foundation_model_clinical_data/src/models_diff/tabdpt1_1.pth
ENV CHECKPOINT PATH: 
DEFAULT PATH: /scratch.hpc/luca.cotugno/Foundation_model_clinical_data/src/models_diff/tabdpt1_1.pth
ENV CHECKPOINT PATH: 
DEFAULT PATH: /scratch.hpc/luca.cotugno/Foundation_model_clinical_data/src/models_diff/tabdpt1_1.pth
/scratch.hpc/luca.cotugno/Foundation_model_clinical_data/.venv/lib/python3.12/site-packages/pycox/models/cox.py:251: RuntimeWarning: overflow encountered in exp
  expg = np.exp(self.predict(input, batch_size, True, eval_, num_workers=num_workers)).reshape(1, -1)
/scratch.hpc/luca.cotugno/Foundation_model_clinical_data/.venv/lib/python3.12/site-packages/pycox/models/cox.py:252: RuntimeWarning: invalid value encountered in dot
  return pd.DataFrame(bch.values.reshape(-1, 1).dot(expg),
ENV CHECKPOINT PATH: 
DEFAULT PATH: /scratch.hpc/luca.cotugno/Foundation_model_clinical_data/src/models_diff/tabdpt1_1.pth
ENV CHECKPOINT PATH: 
DEFAULT PATH: /scratch.hpc/luca.cotugno/Foundation_model_clinical_data/src/models_diff/tabdpt1_1.pth
ENV CHECKPOINT PATH: 
DEFAULT PATH: /scratch.hpc/luca.cotugno/Foundation_model_clinical_data/src/models_diff/tabdpt1_1.pth
ENV CHECKPOINT PATH: 
DEFAULT PATH: /scratch.hpc/luca.cotugno/Foundation_model_clinical_data/src/models_diff/tabdpt1_1.pth
/scratch.hpc/luca.cotugno/Foundation_model_clinical_data/.venv/lib/python3.12/site-packages/pycox/models/cox.py:251: RuntimeWarning: overflow encountered in exp
  expg = np.exp(self.predict(input, batch_size, True, eval_, num_workers=num_workers)).reshape(1, -1)
ENV CHECKPOINT PATH: 
DEFAULT PATH: /scratch.hpc/luca.cotugno/Foundation_model_clinical_data/src/models_diff/tabdpt1_1.pth
ENV CHECKPOINT PATH: 
DEFAULT PATH: /scratch.hpc/luca.cotugno/Foundation_model_clinical_data/src/models_diff/tabdpt1_1.pth
ENV CHECKPOINT PATH: 
DEFAULT PATH: /scratch.hpc/luca.cotugno/Foundation_model_clinical_data/src/models_diff/tabdpt1_1.pth
ENV CHECKPOINT PATH: 
DEFAULT PATH: /scratch.hpc/luca.cotugno/Foundation_model_clinical_data/src/models_diff/tabdpt1_1.pth
ENV CHECKPOINT PATH: 
DEFAULT PATH: /scratch.hpc/luca.cotugno/Foundation_model_clinical_data/src/models_diff/tabdpt1_1.pth
ENV CHECKPOINT PATH: 
DEFAULT PATH: /scratch.hpc/luca.cotugno/Foundation_model_clinical_data/src/models_diff/tabdpt1_1.pth
ENV CHECKPOINT PATH: 
DEFAULT PATH: /scratch.hpc/luca.cotugno/Foundation_model_clinical_data/src/models_diff/tabdpt1_1.pth
ENV CHECKPOINT PATH: 
DEFAULT PATH: /scratch.hpc/luca.cotugno/Foundation_model_clinical_data/src/models_diff/tabdpt1_1.pth
ENV CHECKPOINT PATH: 
DEFAULT PATH: /scratch.hpc/luca.cotugno/Foundation_model_clinical_data/src/models_diff/tabdpt1_1.pth
ENV CHECKPOINT PATH: 
DEFAULT PATH: /scratch.hpc/luca.cotugno/Foundation_model_clinical_data/src/models_diff/tabdpt1_1.pth
STARTED  model=tabdpt  seed=77  tuning=True  shap=False


Preprocess: Replace NaN with -1
Loading existing folds from tmp/splits/OrmoniTirodei_seed77.pkl
X_train shape: (5161, 76), X_test shape: (1291, 76)
Generating TABDPT Embeddings...
<class 'dict'>
Loaded TabDPTModel from checkpoint.
<class 'dict'>
Loaded TabDPTModel from checkpoint.
Successfully generated embeddings with shape: (5161, 768)
  [ckpt] Loading TABDPT DeepSurv Tuned from checkpoints/tabdpt/OrmoniTirodei/-1/seed77/fold1
C-index train: 0.8086
C-index test:  0.7672
  [ckpt] Loading TABDPT RSF Tuned from checkpoints/tabdpt/OrmoniTirodei/-1/seed77/fold1
C-index train: 0.8874
C-index test:  0.7694
  [ckpt] Loading DeepSurv Simple from checkpoints/tabdpt/OrmoniTirodei/-1/seed77/fold1/tabdpt_deepsurv_simple.pt
C-index TRAIN: 0.7802
C-index TEST:  0.7445
  [ckpt] Loading DeepSurv Vanilla from checkpoints/tabdpt/OrmoniTirodei/-1/seed77/fold1/tabdpt_deepsurv_vanilla.pt
C-index TRAIN: 0.8245
C-index TEST:  0.7713
  [ckpt] Loading TABDPT RSF from checkpoints/tabdpt/OrmoniTirodei/-1/seed77/fold1/tabdpt_rsf.pkl
C-index train: 0.9215
C-index test:  0.7666
  [ckpt] Loading TABDPT Cox (embedding) from checkpoints/tabdpt/OrmoniTirodei/-1/seed77/fold1/tabdpt_tab_cox.pkl
C-index train: 0.8166
C-index test:  0.7690
  [ckpt] Loading DeepSurv Vanilla baseline from checkpoints/tabdpt/OrmoniTirodei/-1/seed77/fold1/deepsurv_vanilla_baseline.pt
C-index TRAIN: 0.8119
C-index TEST:  0.7792
  [ckpt] Loading DeepSurv Simple baseline from checkpoints/tabdpt/OrmoniTirodei/-1/seed77/fold1/deepsurv_simple_baseline.pt
C-index TRAIN: 0.7792
C-index TEST:  0.7588
  [ckpt] Loading RSF baseline from checkpoints/tabdpt/OrmoniTirodei/-1/seed77/fold1/rsf_baseline.pkl
C-index train: 0.9033
C-index test:  0.7947
  [ckpt] Loading Cox baseline from checkpoints/tabdpt/OrmoniTirodei/-1/seed77/fold1/tabdpt_cox.pkl
C-index train: 0.8025
C-index test:  0.7858
  [ckpt] Loading DeepSurv Tuned baseline from checkpoints/tabdpt/OrmoniTirodei/-1/seed77/fold1
C-index train: 0.8028
C-index test:  0.7807
  [ckpt] Loading RSF Tuned baseline from checkpoints/tabdpt/OrmoniTirodei/-1/seed77/fold1
C-index train: 0.9145
C-index test:  0.7956
X_train shape: (5161, 76), X_test shape: (1291, 76)
Generating TABDPT Embeddings...
<class 'dict'>
Loaded TabDPTModel from checkpoint.
<class 'dict'>
Loaded TabDPTModel from checkpoint.
Successfully generated embeddings with shape: (5161, 768)
  [ckpt] Loading TABDPT DeepSurv Tuned from checkpoints/tabdpt/OrmoniTirodei/-1/seed77/fold2
C-index train: 0.8135
C-index test:  0.7809
  [ckpt] Loading TABDPT RSF Tuned from checkpoints/tabdpt/OrmoniTirodei/-1/seed77/fold2
C-index train: 0.8899
C-index test:  0.7729
  [ckpt] Loading DeepSurv Simple from checkpoints/tabdpt/OrmoniTirodei/-1/seed77/fold2/tabdpt_deepsurv_simple.pt
C-index TRAIN: 0.7919
C-index TEST:  0.7680
  [ckpt] Loading DeepSurv Vanilla from checkpoints/tabdpt/OrmoniTirodei/-1/seed77/fold2/tabdpt_deepsurv_vanilla.pt
C-index TRAIN: 0.7867
C-index TEST:  0.7868
  [ckpt] Loading TABDPT RSF from checkpoints/tabdpt/OrmoniTirodei/-1/seed77/fold2/tabdpt_rsf.pkl
C-index train: 0.9190
C-index test:  0.7751
  [ckpt] Loading TABDPT Cox (embedding) from checkpoints/tabdpt/OrmoniTirodei/-1/seed77/fold2/tabdpt_tab_cox.pkl
C-index train: 0.8128
C-index test:  0.7893
  [ckpt] Loading DeepSurv Vanilla baseline from checkpoints/tabdpt/OrmoniTirodei/-1/seed77/fold2/deepsurv_vanilla_baseline.pt
C-index TRAIN: 0.8018
C-index TEST:  0.8038
  [ckpt] Loading DeepSurv Simple baseline from checkpoints/tabdpt/OrmoniTirodei/-1/seed77/fold2/deepsurv_simple_baseline.pt
C-index TRAIN: 0.7823
C-index TEST:  0.8020
  [ckpt] Loading RSF baseline from checkpoints/tabdpt/OrmoniTirodei/-1/seed77/fold2/rsf_baseline.pkl
C-index train: 0.8983
C-index test:  0.8117
  [ckpt] Loading Cox baseline from checkpoints/tabdpt/OrmoniTirodei/-1/seed77/fold2/tabdpt_cox.pkl
C-index train: 0.7980
C-index test:  0.8055
  [ckpt] Loading DeepSurv Tuned baseline from checkpoints/tabdpt/OrmoniTirodei/-1/seed77/fold2
C-index train: 0.8024
C-index test:  0.8089
  [ckpt] Loading RSF Tuned baseline from checkpoints/tabdpt/OrmoniTirodei/-1/seed77/fold2
C-index train: 0.8893
C-index test:  0.8134
X_train shape: (5162, 76), X_test shape: (1290, 76)
Generating TABDPT Embeddings...
<class 'dict'>
Loaded TabDPTModel from checkpoint.
<class 'dict'>
Loaded TabDPTModel from checkpoint.
Successfully generated embeddings with shape: (5162, 768)
  [ckpt] Loading TABDPT DeepSurv Tuned from checkpoints/tabdpt/OrmoniTirodei/-1/seed77/fold3
C-index train: 0.7924
C-index test:  0.7863
  [ckpt] Loading TABDPT RSF Tuned from checkpoints/tabdpt/OrmoniTirodei/-1/seed77/fold3
C-index train: 0.9127
C-index test:  0.7699
  [ckpt] Loading DeepSurv Simple from checkpoints/tabdpt/OrmoniTirodei/-1/seed77/fold3/tabdpt_deepsurv_simple.pt
C-index TRAIN: 0.7940
C-index TEST:  0.7529
  [ckpt] Loading DeepSurv Vanilla from checkpoints/tabdpt/OrmoniTirodei/-1/seed77/fold3/tabdpt_deepsurv_vanilla.pt
C-index TRAIN: 0.8190
C-index TEST:  0.7794
  [ckpt] Loading TABDPT RSF from checkpoints/tabdpt/OrmoniTirodei/-1/seed77/fold3/tabdpt_rsf.pkl
C-index train: 0.9198
C-index test:  0.7664
  [ckpt] Loading TABDPT Cox (embedding) from checkpoints/tabdpt/OrmoniTirodei/-1/seed77/fold3/tabdpt_tab_cox.pkl
C-index train: 0.8116
C-index test:  0.7805
  [ckpt] Loading DeepSurv Vanilla baseline from checkpoints/tabdpt/OrmoniTirodei/-1/seed77/fold3/deepsurv_vanilla_baseline.pt
C-index TRAIN: 0.8029
C-index TEST:  0.7966
  [ckpt] Loading DeepSurv Simple baseline from checkpoints/tabdpt/OrmoniTirodei/-1/seed77/fold3/deepsurv_simple_baseline.pt
C-index TRAIN: 0.7897
C-index TEST:  0.7855
  [ckpt] Loading RSF baseline from checkpoints/tabdpt/OrmoniTirodei/-1/seed77/fold3/rsf_baseline.pkl
C-index train: 0.8992
C-index test:  0.8027
  [ckpt] Loading Cox baseline from checkpoints/tabdpt/OrmoniTirodei/-1/seed77/fold3/tabdpt_cox.pkl
C-index train: 0.7982
C-index test:  0.8060
  [ckpt] Loading DeepSurv Tuned baseline from checkpoints/tabdpt/OrmoniTirodei/-1/seed77/fold3
C-index train: 0.7961
C-index test:  0.7959
  [ckpt] Loading RSF Tuned baseline from checkpoints/tabdpt/OrmoniTirodei/-1/seed77/fold3
C-index train: 0.8798
C-index test:  0.7957
X_train shape: (5162, 76), X_test shape: (1290, 76)
Generating TABDPT Embeddings...
<class 'dict'>
Loaded TabDPTModel from checkpoint.
<class 'dict'>
Loaded TabDPTModel from checkpoint.
Successfully generated embeddings with shape: (5162, 768)
  [ckpt] Loading TABDPT DeepSurv Tuned from checkpoints/tabdpt/OrmoniTirodei/-1/seed77/fold4
C-index train: 0.8363
C-index test:  0.7760
  [ckpt] Loading TABDPT RSF Tuned from checkpoints/tabdpt/OrmoniTirodei/-1/seed77/fold4
C-index train: 0.8920
C-index test:  0.7657
  [ckpt] Loading DeepSurv Simple from checkpoints/tabdpt/OrmoniTirodei/-1/seed77/fold4/tabdpt_deepsurv_simple.pt
C-index TRAIN: 0.7948
C-index TEST:  0.7534
  [ckpt] Loading DeepSurv Vanilla from checkpoints/tabdpt/OrmoniTirodei/-1/seed77/fold4/tabdpt_deepsurv_vanilla.pt
C-index TRAIN: 0.8051
C-index TEST:  0.7709
  [ckpt] Loading TABDPT RSF from checkpoints/tabdpt/OrmoniTirodei/-1/seed77/fold4/tabdpt_rsf.pkl
C-index train: 0.9226
C-index test:  0.7688
  [ckpt] Loading TABDPT Cox (embedding) from checkpoints/tabdpt/OrmoniTirodei/-1/seed77/fold4/tabdpt_tab_cox.pkl
C-index train: 0.8177
C-index test:  0.7742
  [ckpt] Loading DeepSurv Vanilla baseline from checkpoints/tabdpt/OrmoniTirodei/-1/seed77/fold4/deepsurv_vanilla_baseline.pt
C-index TRAIN: 0.8126
C-index TEST:  0.7771
  [ckpt] Loading DeepSurv Simple baseline from checkpoints/tabdpt/OrmoniTirodei/-1/seed77/fold4/deepsurv_simple_baseline.pt
C-index TRAIN: 0.7900
C-index TEST:  0.7590
  [ckpt] Loading RSF baseline from checkpoints/tabdpt/OrmoniTirodei/-1/seed77/fold4/rsf_baseline.pkl
C-index train: 0.9039
C-index test:  0.7808
  [ckpt] Loading Cox baseline from checkpoints/tabdpt/OrmoniTirodei/-1/seed77/fold4/tabdpt_cox.pkl
C-index train: 0.8041
C-index test:  0.7792
  [ckpt] Loading DeepSurv Tuned baseline from checkpoints/tabdpt/OrmoniTirodei/-1/seed77/fold4
C-index train: 0.8028
C-index test:  0.7792
  [ckpt] Loading RSF Tuned baseline from checkpoints/tabdpt/OrmoniTirodei/-1/seed77/fold4
C-index train: 0.9045
C-index test:  0.7845
X_train shape: (5162, 76), X_test shape: (1290, 76)
Generating TABDPT Embeddings...
<class 'dict'>
Loaded TabDPTModel from checkpoint.
<class 'dict'>
Loaded TabDPTModel from checkpoint.
Successfully generated embeddings with shape: (5162, 768)
  [ckpt] Loading TABDPT DeepSurv Tuned from checkpoints/tabdpt/OrmoniTirodei/-1/seed77/fold5
C-index train: 0.8089
C-index test:  0.7650
  [ckpt] Loading TABDPT RSF Tuned from checkpoints/tabdpt/OrmoniTirodei/-1/seed77/fold5
C-index train: 0.9102
C-index test:  0.7605
  [ckpt] Loading DeepSurv Simple from checkpoints/tabdpt/OrmoniTirodei/-1/seed77/fold5/tabdpt_deepsurv_simple.pt
C-index TRAIN: 0.7928
C-index TEST:  0.7457
  [ckpt] Loading DeepSurv Vanilla from checkpoints/tabdpt/OrmoniTirodei/-1/seed77/fold5/tabdpt_deepsurv_vanilla.pt
C-index TRAIN: 0.8107
C-index TEST:  0.7718
  [ckpt] Loading TABDPT RSF from checkpoints/tabdpt/OrmoniTirodei/-1/seed77/fold5/tabdpt_rsf.pkl
C-index train: 0.9237
C-index test:  0.7580
  [ckpt] Loading TABDPT Cox (embedding) from checkpoints/tabdpt/OrmoniTirodei/-1/seed77/fold5/tabdpt_tab_cox.pkl
C-index train: 0.8151
C-index test:  0.7678
  [ckpt] Loading DeepSurv Vanilla baseline from checkpoints/tabdpt/OrmoniTirodei/-1/seed77/fold5/deepsurv_vanilla_baseline.pt
C-index TRAIN: 0.8080
C-index TEST:  0.7917
  [ckpt] Loading DeepSurv Simple baseline from checkpoints/tabdpt/OrmoniTirodei/-1/seed77/fold5/deepsurv_simple_baseline.pt
C-index TRAIN: 0.7944
C-index TEST:  0.7820
  [ckpt] Loading RSF baseline from checkpoints/tabdpt/OrmoniTirodei/-1/seed77/fold5/rsf_baseline.pkl
C-index train: 0.9036
C-index test:  0.7899
  [ckpt] Loading Cox baseline from checkpoints/tabdpt/OrmoniTirodei/-1/seed77/fold5/tabdpt_cox.pkl
C-index train: 0.8009
C-index test:  0.7926
  [ckpt] Loading DeepSurv Tuned baseline from checkpoints/tabdpt/OrmoniTirodei/-1/seed77/fold5
C-index train: 0.8096
C-index test:  0.7928
  [ckpt] Loading RSF Tuned baseline from checkpoints/tabdpt/OrmoniTirodei/-1/seed77/fold5
C-index train: 0.9117
C-index test:  0.7850


Preprocess: Keep NaN
Loading existing folds from tmp/splits/OrmoniTirodei_seed77.pkl
X_train shape: (5161, 76), X_test shape: (1291, 76)
Generating TABDPT Embeddings...
<class 'dict'>
Loaded TabDPTModel from checkpoint.
<class 'dict'>
Loaded TabDPTModel from checkpoint.
Successfully generated embeddings with shape: (5161, 768)
  [ckpt] Loading TABDPT DeepSurv Tuned from checkpoints/tabdpt/OrmoniTirodei/NaN/seed77/fold1
C-index train: 0.8394
C-index test:  0.7615
  [ckpt] Loading TABDPT RSF Tuned from checkpoints/tabdpt/OrmoniTirodei/NaN/seed77/fold1
C-index train: 0.9027
C-index test:  0.7683
  [ckpt] Loading DeepSurv Simple from checkpoints/tabdpt/OrmoniTirodei/NaN/seed77/fold1/tabdpt_deepsurv_simple.pt
C-index TRAIN: 0.8193
C-index TEST:  0.7586
  [ckpt] Loading DeepSurv Vanilla from checkpoints/tabdpt/OrmoniTirodei/NaN/seed77/fold1/tabdpt_deepsurv_vanilla.pt
C-index TRAIN: 0.8298
C-index TEST:  0.7662
  [ckpt] Loading TABDPT RSF from checkpoints/tabdpt/OrmoniTirodei/NaN/seed77/fold1/tabdpt_rsf.pkl
C-index train: 0.9210
C-index test:  0.7723
  [ckpt] Loading TABDPT Cox (embedding) from checkpoints/tabdpt/OrmoniTirodei/NaN/seed77/fold1/tabdpt_tab_cox.pkl
C-index train: 0.8208
C-index test:  0.7644
X_train shape: (5161, 76), X_test shape: (1291, 76)
Generating TABDPT Embeddings...
<class 'dict'>
Loaded TabDPTModel from checkpoint.
<class 'dict'>
Loaded TabDPTModel from checkpoint.
Successfully generated embeddings with shape: (5161, 768)
  [ckpt] Loading TABDPT DeepSurv Tuned from checkpoints/tabdpt/OrmoniTirodei/NaN/seed77/fold2
C-index train: 0.8075
C-index test:  0.7903
  [ckpt] Loading TABDPT RSF Tuned from checkpoints/tabdpt/OrmoniTirodei/NaN/seed77/fold2
C-index train: 0.8882
C-index test:  0.7752
  [ckpt] Loading DeepSurv Simple from checkpoints/tabdpt/OrmoniTirodei/NaN/seed77/fold2/tabdpt_deepsurv_simple.pt
C-index TRAIN: 0.7696
C-index TEST:  0.7810
  [ckpt] Loading DeepSurv Vanilla from checkpoints/tabdpt/OrmoniTirodei/NaN/seed77/fold2/tabdpt_deepsurv_vanilla.pt
C-index TRAIN: 0.8127
C-index TEST:  0.7929
  [ckpt] Loading TABDPT RSF from checkpoints/tabdpt/OrmoniTirodei/NaN/seed77/fold2/tabdpt_rsf.pkl
C-index train: 0.9200
C-index test:  0.7796
  [ckpt] Loading TABDPT Cox (embedding) from checkpoints/tabdpt/OrmoniTirodei/NaN/seed77/fold2/tabdpt_tab_cox.pkl
C-index train: 0.8153
C-index test:  0.7950
X_train shape: (5162, 76), X_test shape: (1290, 76)
Generating TABDPT Embeddings...
<class 'dict'>
Loaded TabDPTModel from checkpoint.
<class 'dict'>
Loaded TabDPTModel from checkpoint.
Successfully generated embeddings with shape: (5162, 768)
  [ckpt] Loading TABDPT DeepSurv Tuned from checkpoints/tabdpt/OrmoniTirodei/NaN/seed77/fold3
C-index train: 0.8081
C-index test:  0.7813
  [ckpt] Loading TABDPT RSF Tuned from checkpoints/tabdpt/OrmoniTirodei/NaN/seed77/fold3
C-index train: 0.9071
C-index test:  0.7618
  [ckpt] Loading DeepSurv Simple from checkpoints/tabdpt/OrmoniTirodei/NaN/seed77/fold3/tabdpt_deepsurv_simple.pt
C-index TRAIN: 0.7992
C-index TEST:  0.7548
  [ckpt] Loading DeepSurv Vanilla from checkpoints/tabdpt/OrmoniTirodei/NaN/seed77/fold3/tabdpt_deepsurv_vanilla.pt
C-index TRAIN: 0.8171
C-index TEST:  0.7790
  [ckpt] Loading TABDPT RSF from checkpoints/tabdpt/OrmoniTirodei/NaN/seed77/fold3/tabdpt_rsf.pkl
C-index train: 0.9173
C-index test:  0.7658
  [ckpt] Loading TABDPT Cox (embedding) from checkpoints/tabdpt/OrmoniTirodei/NaN/seed77/fold3/tabdpt_tab_cox.pkl
C-index train: 0.8136
C-index test:  0.7755
X_train shape: (5162, 76), X_test shape: (1290, 76)
Generating TABDPT Embeddings...
<class 'dict'>
Loaded TabDPTModel from checkpoint.
<class 'dict'>
Loaded TabDPTModel from checkpoint.
Successfully generated embeddings with shape: (5162, 768)
  [ckpt] Loading TABDPT DeepSurv Tuned from checkpoints/tabdpt/OrmoniTirodei/NaN/seed77/fold4
C-index train: 0.8074
C-index test:  0.7785
  [ckpt] Loading TABDPT RSF Tuned from checkpoints/tabdpt/OrmoniTirodei/NaN/seed77/fold4
C-index train: 0.9058
C-index test:  0.7627
  [ckpt] Loading DeepSurv Simple from checkpoints/tabdpt/OrmoniTirodei/NaN/seed77/fold4/tabdpt_deepsurv_simple.pt
C-index TRAIN: 0.8171
C-index TEST:  0.7608
  [ckpt] Loading DeepSurv Vanilla from checkpoints/tabdpt/OrmoniTirodei/NaN/seed77/fold4/tabdpt_deepsurv_vanilla.pt
C-index TRAIN: 0.8147
C-index TEST:  0.7664
  [ckpt] Loading TABDPT RSF from checkpoints/tabdpt/OrmoniTirodei/NaN/seed77/fold4/tabdpt_rsf.pkl
C-index train: 0.9243
C-index test:  0.7666
  [ckpt] Loading TABDPT Cox (embedding) from checkpoints/tabdpt/OrmoniTirodei/NaN/seed77/fold4/tabdpt_tab_cox.pkl
C-index train: 0.8191
C-index test:  0.7697
X_train shape: (5162, 76), X_test shape: (1290, 76)
Generating TABDPT Embeddings...
<class 'dict'>
Loaded TabDPTModel from checkpoint.
<class 'dict'>
Loaded TabDPTModel from checkpoint.
Successfully generated embeddings with shape: (5162, 768)
  [ckpt] Loading TABDPT DeepSurv Tuned from checkpoints/tabdpt/OrmoniTirodei/NaN/seed77/fold5
C-index train: 0.8108
C-index test:  0.7702
  [ckpt] Loading TABDPT RSF Tuned from checkpoints/tabdpt/OrmoniTirodei/NaN/seed77/fold5
C-index train: 0.9038
C-index test:  0.7511
  [ckpt] Loading DeepSurv Simple from checkpoints/tabdpt/OrmoniTirodei/NaN/seed77/fold5/tabdpt_deepsurv_simple.pt
C-index TRAIN: 0.8121
C-index TEST:  0.7529
  [ckpt] Loading DeepSurv Vanilla from checkpoints/tabdpt/OrmoniTirodei/NaN/seed77/fold5/tabdpt_deepsurv_vanilla.pt
C-index TRAIN: 0.8172
C-index TEST:  0.7765
  [ckpt] Loading TABDPT RSF from checkpoints/tabdpt/OrmoniTirodei/NaN/seed77/fold5/tabdpt_rsf.pkl
C-index train: 0.9246
C-index test:  0.7614
  [ckpt] Loading TABDPT Cox (embedding) from checkpoints/tabdpt/OrmoniTirodei/NaN/seed77/fold5/tabdpt_tab_cox.pkl
C-index train: 0.8202
C-index test:  0.7704

  Preprocess: -1 | Seed: 77
  TABDPT Train Tuned DeepSurv → mean: 0.811938 | std: 0.014146 | min: 0.792376 | max: 0.836334 | folds: [0.808570, 0.813476, 0.792376, 0.836334, 0.808932]
  TABDPT Test Tuned DeepSurv → mean: 0.775066 | std: 0.008061 | min: 0.764976 | max: 0.786293 | folds: [0.767160, 0.780864, 0.786293, 0.776036, 0.764976]
  TABDPT Train Tuned RSF → mean: 0.898453 | std: 0.010750 | min: 0.887389 | max: 0.912728 | folds: [0.887389, 0.889929, 0.912728, 0.892029, 0.910189]
  TABDPT Test Tuned RSF → mean: 0.767660 | std: 0.004252 | min: 0.760505 | max: 0.772902 | folds: [0.769367, 0.772902, 0.769862, 0.765663, 0.760505]
  TABDPT Train Vanilla → mean: 0.809176 | std: 0.013077 | min: 0.786683 | max: 0.824486 | folds: [0.824486, 0.786683, 0.818962, 0.805086, 0.810664]
  TABDPT Test Vanilla → mean: 0.776059 | std: 0.006216 | min: 0.770899 | max: 0.786796 | folds: [0.771344, 0.786796, 0.779414, 0.770899, 0.771842]
  TABDPT Train Simple → mean: 0.790737 | std: 0.005353 | min: 0.780212 | max: 0.794760 | folds: [0.780212, 0.791905, 0.794003, 0.794760, 0.792805]
  TABDPT Test Simple → mean: 0.752874 | std: 0.008368 | min: 0.744468 | max: 0.767957 | folds: [0.744468, 0.767957, 0.752860, 0.753398, 0.745685]
  TABDPT Train RSF → mean: 0.921316 | std: 0.001714 | min: 0.919025 | max: 0.923660 | folds: [0.921476, 0.919025, 0.919813, 0.922605, 0.923660]
  TABDPT Test RSF → mean: 0.766985 | std: 0.005491 | min: 0.757995 | max: 0.775124 | folds: [0.766595, 0.775124, 0.766421, 0.768788, 0.757995]
  TABDPT Train Cox → mean: 0.814762 | std: 0.002264 | min: 0.811645 | max: 0.817681 | folds: [0.816589, 0.812779, 0.811645, 0.817681, 0.815115]
  TABDPT Test Cox → mean: 0.776169 | std: 0.007982 | min: 0.767779 | max: 0.789342 | folds: [0.768974, 0.789342, 0.780535, 0.774215, 0.767779]
  Train Tuned DeepSurv → mean: 0.802745 | std: 0.004278 | min: 0.796133 | max: 0.809646 | folds: [0.802825, 0.802357, 0.796133, 0.802765, 0.809646]
  Test Tuned DeepSurv → mean: 0.791512 | std: 0.010878 | min: 0.779231 | max: 0.808930 | folds: [0.780717, 0.808930, 0.795914, 0.779231, 0.792765]
  Train Tuned RSF → mean: 0.899952 | std: 0.013313 | min: 0.879844 | max: 0.914454 | folds: [0.914454, 0.889289, 0.879844, 0.904519, 0.911654]
  Test Tuned RSF → mean: 0.794848 | std: 0.010507 | min: 0.784470 | max: 0.813430 | folds: [0.795638, 0.813430, 0.795730, 0.784470, 0.784972]
  Train DeepSurv Vanilla → mean: 0.807447 | std: 0.004431 | min: 0.801849 | max: 0.812572 | folds: [0.811916, 0.801849, 0.802938, 0.812572, 0.807960]
  Test DeepSurv Vanilla → mean: 0.789663 | std: 0.010191 | min: 0.777059 | max: 0.803755 | folds: [0.779187, 0.803755, 0.796582, 0.777059, 0.791731]
  Train DeepSurv Simple → mean: 0.787120 | std: 0.005568 | min: 0.779169 | max: 0.794429 | folds: [0.779169, 0.782290, 0.789699, 0.790013, 0.794429]
  Test DeepSurv Simple → mean: 0.777448 | std: 0.016581 | min: 0.758826 | max: 0.801952 | folds: [0.758826, 0.801952, 0.785534, 0.758966, 0.781962]
  Train RSF  → mean: 0.901656 | std: 0.002406 | min: 0.898297 | max: 0.903889 | folds: [0.903301, 0.898297, 0.899178, 0.903889, 0.903616]
  Test RSF   → mean: 0.795985 | std: 0.010599 | min: 0.780828 | max: 0.811748 | folds: [0.794708, 0.811748, 0.802711, 0.780828, 0.789931]
  Train Cox  → mean: 0.800737 | std: 0.002377 | min: 0.797973 | max: 0.804055 | folds: [0.802544, 0.797973, 0.798224, 0.804055, 0.800889]
  Test Cox   → mean: 0.793828 | std: 0.010610 | min: 0.779231 | max: 0.806035 | folds: [0.785842, 0.805468, 0.806035, 0.779231, 0.792564]

  Preprocess: NaN | Seed: 77
  TABDPT Train Tuned DeepSurv → mean: 0.814609 | std: 0.012441 | min: 0.807355 | max: 0.839367 | folds: [0.839367, 0.807471, 0.808081, 0.807355, 0.810770]
  TABDPT Test Tuned DeepSurv → mean: 0.776368 | std: 0.009813 | min: 0.761539 | max: 0.790323 | folds: [0.761539, 0.790323, 0.781279, 0.778506, 0.770191]
  TABDPT Train Tuned RSF → mean: 0.901518 | std: 0.006837 | min: 0.888186 | max: 0.907072 | folds: [0.902679, 0.888186, 0.907072, 0.905812, 0.903840]
  TABDPT Test Tuned RSF → mean: 0.763836 | std: 0.007942 | min: 0.751149 | max: 0.775182 | folds: [0.768336, 0.775182, 0.761773, 0.762740, 0.751149]
  TABDPT Train Vanilla → mean: 0.818294 | std: 0.005983 | min: 0.812676 | max: 0.829779 | folds: [0.829779, 0.812676, 0.817112, 0.814699, 0.817202]
  TABDPT Test Vanilla → mean: 0.776174 | std: 0.009819 | min: 0.766159 | max: 0.792857 | folds: [0.766159, 0.792857, 0.778972, 0.766402, 0.776477]
  TABDPT Train Simple → mean: 0.803459 | std: 0.018323 | min: 0.769576 | max: 0.819314 | folds: [0.819314, 0.769576, 0.799203, 0.817137, 0.812065]
  TABDPT Test Simple → mean: 0.761643 | std: 0.010081 | min: 0.752875 | max: 0.781015 | folds: [0.758641, 0.781015, 0.754839, 0.760843, 0.752875]
  TABDPT Train RSF → mean: 0.921442 | std: 0.002778 | min: 0.917258 | max: 0.924643 | folds: [0.920998, 0.919965, 0.917258, 0.924350, 0.924643]
  TABDPT Test RSF → mean: 0.769113 | std: 0.006275 | min: 0.761401 | max: 0.779589 | folds: [0.772259, 0.779589, 0.765763, 0.766554, 0.761401]
  TABDPT Train Cox → mean: 0.817801 | std: 0.002831 | min: 0.813648 | max: 0.820798 | folds: [0.820798, 0.815273, 0.813648, 0.819066, 0.820223]
  TABDPT Test Cox → mean: 0.775021 | std: 0.010611 | min: 0.764422 | max: 0.795042 | folds: [0.764422, 0.795042, 0.775525, 0.769676, 0.770441]
Result saved in 'results/OrmoniTirodei/tabdpt/results_cv_OrmoniTirodei_tabdpt_seed77.txt'


Preprocess: Replace NaN with -1
Loading existing folds from tmp/splits/HURRAH_seed77.pkl
X_train shape: (13566, 61), X_test shape: (3392, 61)
Generating TABDPT Embeddings...
<class 'dict'>
Loaded TabDPTModel from checkpoint.
<class 'dict'>
Loaded TabDPTModel from checkpoint.
Successfully generated embeddings with shape: (13566, 768)
  [ckpt] Loading TABDPT DeepSurv Tuned from checkpoints/tabdpt/HURRAH/-1/seed77/fold1
C-index train: 0.8743
C-index test:  0.8161
  [ckpt] Loading TABDPT RSF Tuned from checkpoints/tabdpt/HURRAH/-1/seed77/fold1
C-index train: 0.8534
C-index test:  0.8257
  [ckpt] Loading DeepSurv Simple from checkpoints/tabdpt/HURRAH/-1/seed77/fold1/tabdpt_deepsurv_simple.pt
C-index TRAIN: 0.8204
C-index TEST:  0.8201
  [ckpt] Loading DeepSurv Vanilla from checkpoints/tabdpt/HURRAH/-1/seed77/fold1/tabdpt_deepsurv_vanilla.pt
C-index TRAIN: 0.8413
C-index TEST:  0.8219
  [ckpt] Loading TABDPT RSF from checkpoints/tabdpt/HURRAH/-1/seed77/fold1/tabdpt_rsf.pkl
C-index train: 0.9502
C-index test:  0.8115
  [ckpt] Loading TABDPT Cox (embedding) from checkpoints/tabdpt/HURRAH/-1/seed77/fold1/tabdpt_tab_cox.pkl
C-index train: 0.8435
C-index test:  0.8079
  [ckpt] Loading DeepSurv Vanilla baseline from checkpoints/tabdpt/HURRAH/-1/seed77/fold1/deepsurv_vanilla_baseline.pt
C-index TRAIN: 0.8520
C-index TEST:  0.8500
  [ckpt] Loading DeepSurv Simple baseline from checkpoints/tabdpt/HURRAH/-1/seed77/fold1/deepsurv_simple_baseline.pt
C-index TRAIN: 0.8336
C-index TEST:  0.8362
  [ckpt] Loading RSF baseline from checkpoints/tabdpt/HURRAH/-1/seed77/fold1/rsf_baseline.pkl
C-index train: 0.9194
C-index test:  0.8531
  [ckpt] Loading Cox baseline from checkpoints/tabdpt/HURRAH/-1/seed77/fold1/tabdpt_cox.pkl
C-index train: 0.8281
C-index test:  0.8244
  [ckpt] Loading DeepSurv Tuned baseline from checkpoints/tabdpt/HURRAH/-1/seed77/fold1
C-index train: 0.7623
C-index test:  0.7595
  [ckpt] Loading RSF Tuned baseline from checkpoints/tabdpt/HURRAH/-1/seed77/fold1
C-index train: 0.9279
C-index test:  0.8569
X_train shape: (13566, 61), X_test shape: (3392, 61)
Generating TABDPT Embeddings...
<class 'dict'>
Loaded TabDPTModel from checkpoint.
<class 'dict'>
Loaded TabDPTModel from checkpoint.
Successfully generated embeddings with shape: (13566, 768)
  [ckpt] Loading TABDPT DeepSurv Tuned from checkpoints/tabdpt/HURRAH/-1/seed77/fold2
C-index train: 0.8553
C-index test:  0.8301
  [ckpt] Loading TABDPT RSF Tuned from checkpoints/tabdpt/HURRAH/-1/seed77/fold2
C-index train: 0.8276
C-index test:  0.8185
  [ckpt] Loading DeepSurv Simple from checkpoints/tabdpt/HURRAH/-1/seed77/fold2/tabdpt_deepsurv_simple.pt
C-index TRAIN: 0.8090
C-index TEST:  0.7982
  [ckpt] Loading DeepSurv Vanilla from checkpoints/tabdpt/HURRAH/-1/seed77/fold2/tabdpt_deepsurv_vanilla.pt
C-index TRAIN: 0.8556
C-index TEST:  0.8301
  [ckpt] Loading TABDPT RSF from checkpoints/tabdpt/HURRAH/-1/seed77/fold2/tabdpt_rsf.pkl
C-index train: 0.9504
C-index test:  0.8063
  [ckpt] Loading TABDPT Cox (embedding) from checkpoints/tabdpt/HURRAH/-1/seed77/fold2/tabdpt_tab_cox.pkl
C-index train: 0.8401
C-index test:  0.8148
  [ckpt] Loading DeepSurv Vanilla baseline from checkpoints/tabdpt/HURRAH/-1/seed77/fold2/deepsurv_vanilla_baseline.pt
C-index TRAIN: 0.8614
C-index TEST:  0.8479
  [ckpt] Loading DeepSurv Simple baseline from checkpoints/tabdpt/HURRAH/-1/seed77/fold2/deepsurv_simple_baseline.pt
C-index TRAIN: 0.8363
C-index TEST:  0.8403
  [ckpt] Loading RSF baseline from checkpoints/tabdpt/HURRAH/-1/seed77/fold2/rsf_baseline.pkl
C-index train: 0.9203
C-index test:  0.8454
  [ckpt] Loading Cox baseline from checkpoints/tabdpt/HURRAH/-1/seed77/fold2/tabdpt_cox.pkl
C-index train: 0.8272
C-index test:  0.8290
  [ckpt] Loading DeepSurv Tuned baseline from checkpoints/tabdpt/HURRAH/-1/seed77/fold2
C-index train: 0.8499
C-index test:  0.8417
  [ckpt] Loading RSF Tuned baseline from checkpoints/tabdpt/HURRAH/-1/seed77/fold2
C-index train: 0.9257
C-index test:  0.8458
X_train shape: (13566, 61), X_test shape: (3392, 61)
Generating TABDPT Embeddings...
<class 'dict'>
Loaded TabDPTModel from checkpoint.
<class 'dict'>
Loaded TabDPTModel from checkpoint.
Successfully generated embeddings with shape: (13566, 768)
  [ckpt] Loading TABDPT DeepSurv Tuned from checkpoints/tabdpt/HURRAH/-1/seed77/fold3
C-index train: 0.8452
C-index test:  0.8147
  [ckpt] Loading TABDPT RSF Tuned from checkpoints/tabdpt/HURRAH/-1/seed77/fold3
C-index train: 0.8074
C-index test:  0.8155
  [ckpt] Loading DeepSurv Simple from checkpoints/tabdpt/HURRAH/-1/seed77/fold3/tabdpt_deepsurv_simple.pt
C-index TRAIN: 0.8072
C-index TEST:  0.8130
  [ckpt] Loading DeepSurv Vanilla from checkpoints/tabdpt/HURRAH/-1/seed77/fold3/tabdpt_deepsurv_vanilla.pt
C-index TRAIN: 0.8476
C-index TEST:  0.8263
  [ckpt] Loading TABDPT RSF from checkpoints/tabdpt/HURRAH/-1/seed77/fold3/tabdpt_rsf.pkl
C-index train: 0.9535
C-index test:  0.8032
  [ckpt] Loading TABDPT Cox (embedding) from checkpoints/tabdpt/HURRAH/-1/seed77/fold3/tabdpt_tab_cox.pkl
C-index train: 0.8437
C-index test:  0.8056
  [ckpt] Loading DeepSurv Vanilla baseline from checkpoints/tabdpt/HURRAH/-1/seed77/fold3/deepsurv_vanilla_baseline.pt
C-index TRAIN: 0.8441
C-index TEST:  0.8310
  [ckpt] Loading DeepSurv Simple baseline from checkpoints/tabdpt/HURRAH/-1/seed77/fold3/deepsurv_simple_baseline.pt
C-index TRAIN: 0.8332
C-index TEST:  0.8276
  [ckpt] RSF baseline saved → checkpoints/tabdpt/HURRAH/-1/seed77/fold3/rsf_baseline.pkl
C-index train: 0.9211
C-index test:  0.8500
  [ckpt] Loading Cox baseline from checkpoints/tabdpt/HURRAH/-1/seed77/fold3/tabdpt_cox.pkl
C-index train: 0.8301
C-index test:  0.8166
  [ckpt] Loading DeepSurv Tuned baseline from checkpoints/tabdpt/HURRAH/-1/seed77/fold3
C-index train: 0.5000
C-index test:  0.5006
  [ckpt] Loading RSF Tuned baseline from checkpoints/tabdpt/HURRAH/-1/seed77/fold3
C-index train: 0.9316
C-index test:  0.8553
X_train shape: (13567, 61), X_test shape: (3391, 61)
Generating TABDPT Embeddings...
<class 'dict'>
Loaded TabDPTModel from checkpoint.
<class 'dict'>
Loaded TabDPTModel from checkpoint.
Successfully generated embeddings with shape: (13567, 768)
  [ckpt] Loading TABDPT DeepSurv Tuned from checkpoints/tabdpt/HURRAH/-1/seed77/fold4
C-index train: 0.8289
C-index test:  0.8021
  [ckpt] Loading TABDPT RSF Tuned from checkpoints/tabdpt/HURRAH/-1/seed77/fold4
C-index train: 0.8572
C-index test:  0.8113
  [ckpt] Loading DeepSurv Simple from checkpoints/tabdpt/HURRAH/-1/seed77/fold4/tabdpt_deepsurv_simple.pt
C-index TRAIN: 0.8339
C-index TEST:  0.7857
  [ckpt] Loading DeepSurv Vanilla from checkpoints/tabdpt/HURRAH/-1/seed77/fold4/tabdpt_deepsurv_vanilla.pt
C-index TRAIN: 0.8430
C-index TEST:  0.8041
  [ckpt] Loading TABDPT RSF from checkpoints/tabdpt/HURRAH/-1/seed77/fold4/tabdpt_rsf.pkl
C-index train: 0.9534
C-index test:  0.8070
  [ckpt] Loading TABDPT Cox (embedding) from checkpoints/tabdpt/HURRAH/-1/seed77/fold4/tabdpt_tab_cox.pkl
C-index train: 0.8416
C-index test:  0.7941
  [ckpt] Loading DeepSurv Vanilla baseline from checkpoints/tabdpt/HURRAH/-1/seed77/fold4/deepsurv_vanilla_baseline.pt
C-index TRAIN: 0.8628
C-index TEST:  0.8453
  [ckpt] Loading DeepSurv Simple baseline from checkpoints/tabdpt/HURRAH/-1/seed77/fold4/deepsurv_simple_baseline.pt
C-index TRAIN: 0.8422
C-index TEST:  0.8300
  [ckpt] Loading RSF baseline from checkpoints/tabdpt/HURRAH/-1/seed77/fold4/rsf_baseline.pkl
C-index train: 0.9201
C-index test:  0.8475
  [ckpt] Loading Cox baseline from checkpoints/tabdpt/HURRAH/-1/seed77/fold4/tabdpt_cox.pkl
C-index train: 0.8288
C-index test:  0.8247
  [ckpt] Loading DeepSurv Tuned baseline from checkpoints/tabdpt/HURRAH/-1/seed77/fold4
C-index train: 0.8510
C-index test:  0.8380
  [ckpt] Loading RSF Tuned baseline from checkpoints/tabdpt/HURRAH/-1/seed77/fold4
C-index train: 0.9309
C-index test:  0.8467
X_train shape: (13567, 61), X_test shape: (3391, 61)
Generating TABDPT Embeddings...
<class 'dict'>
Loaded TabDPTModel from checkpoint.
<class 'dict'>
Loaded TabDPTModel from checkpoint.
Successfully generated embeddings with shape: (13567, 768)
  [ckpt] Loading TABDPT DeepSurv Tuned from checkpoints/tabdpt/HURRAH/-1/seed77/fold5
C-index train: 0.8480
C-index test:  0.8223
  [ckpt] Loading TABDPT RSF Tuned from checkpoints/tabdpt/HURRAH/-1/seed77/fold5
C-index train: 0.8296
C-index test:  0.8231
  [ckpt] Loading DeepSurv Simple from checkpoints/tabdpt/HURRAH/-1/seed77/fold5/tabdpt_deepsurv_simple.pt
C-index TRAIN: 0.8246
C-index TEST:  0.8263
  [ckpt] Loading DeepSurv Vanilla from checkpoints/tabdpt/HURRAH/-1/seed77/fold5/tabdpt_deepsurv_vanilla.pt
C-index TRAIN: 0.8358
C-index TEST:  0.8109
  [ckpt] Loading TABDPT RSF from checkpoints/tabdpt/HURRAH/-1/seed77/fold5/tabdpt_rsf.pkl
C-index train: 0.9521
C-index test:  0.8185
  [ckpt] Loading TABDPT Cox (embedding) from checkpoints/tabdpt/HURRAH/-1/seed77/fold5/tabdpt_tab_cox.pkl
C-index train: 0.8405
C-index test:  0.8100
  [ckpt] Loading DeepSurv Vanilla baseline from checkpoints/tabdpt/HURRAH/-1/seed77/fold5/deepsurv_vanilla_baseline.pt
C-index TRAIN: 0.8539
C-index TEST:  0.8535
  [ckpt] Loading DeepSurv Simple baseline from checkpoints/tabdpt/HURRAH/-1/seed77/fold5/deepsurv_simple_baseline.pt
C-index TRAIN: 0.8354
C-index TEST:  0.8412
  [ckpt] Loading RSF baseline from checkpoints/tabdpt/HURRAH/-1/seed77/fold5/rsf_baseline.pkl
C-index train: 0.9170
C-index test:  0.8554
  [ckpt] Loading Cox baseline from checkpoints/tabdpt/HURRAH/-1/seed77/fold5/tabdpt_cox.pkl
C-index train: 0.8271
C-index test:  0.8344
  [ckpt] Loading DeepSurv Tuned baseline from checkpoints/tabdpt/HURRAH/-1/seed77/fold5
C-index train: 0.8407
C-index test:  0.8449
  [ckpt] Loading RSF Tuned baseline from checkpoints/tabdpt/HURRAH/-1/seed77/fold5
C-index train: 0.9288
C-index test:  0.8608


Preprocess: Keep NaN
Loading existing folds from tmp/splits/HURRAH_seed77.pkl
X_train shape: (13566, 61), X_test shape: (3392, 61)
Generating TABDPT Embeddings...
<class 'dict'>
Loaded TabDPTModel from checkpoint.
<class 'dict'>
Loaded TabDPTModel from checkpoint.
Successfully generated embeddings with shape: (13566, 768)
  [ckpt] Loading TABDPT DeepSurv Tuned from checkpoints/tabdpt/HURRAH/NaN/seed77/fold1
C-index train: 0.8355
C-index test:  0.8244
  [ckpt] Loading TABDPT RSF Tuned from checkpoints/tabdpt/HURRAH/NaN/seed77/fold1
C-index train: 0.8442
C-index test:  0.8193
  [ckpt] Loading DeepSurv Simple from checkpoints/tabdpt/HURRAH/NaN/seed77/fold1/tabdpt_deepsurv_simple.pt
C-index TRAIN: 0.8114
C-index TEST:  0.8061
  [ckpt] Loading DeepSurv Vanilla from checkpoints/tabdpt/HURRAH/NaN/seed77/fold1/tabdpt_deepsurv_vanilla.pt
C-index TRAIN: 0.8393
C-index TEST:  0.8283
  [ckpt] Loading TABDPT RSF from checkpoints/tabdpt/HURRAH/NaN/seed77/fold1/tabdpt_rsf.pkl
C-index train: 0.9473
C-index test:  0.8102
  [ckpt] Loading TABDPT Cox (embedding) from checkpoints/tabdpt/HURRAH/NaN/seed77/fold1/tabdpt_tab_cox.pkl
C-index train: 0.8325
C-index test:  0.8167
X_train shape: (13566, 61), X_test shape: (3392, 61)
Generating TABDPT Embeddings...
<class 'dict'>
Loaded TabDPTModel from checkpoint.
<class 'dict'>
Loaded TabDPTModel from checkpoint.
Successfully generated embeddings with shape: (13566, 768)
  [ckpt] Loading TABDPT DeepSurv Tuned from checkpoints/tabdpt/HURRAH/NaN/seed77/fold2
C-index train: 0.8309
C-index test:  0.8130
  [ckpt] Loading TABDPT RSF Tuned from checkpoints/tabdpt/HURRAH/NaN/seed77/fold2
C-index train: 0.8716
C-index test:  0.8098
  [surv] Saved → survival_predictions/tabdpt/HURRAH/NaN/seed77/fold2/tabdpt_rsf_tuned.pkl
  [ckpt] Loading DeepSurv Simple from checkpoints/tabdpt/HURRAH/NaN/seed77/fold2/tabdpt_deepsurv_simple.pt
C-index TRAIN: 0.8247
C-index TEST:  0.7887
  [surv] Saved → survival_predictions/tabdpt/HURRAH/NaN/seed77/fold2/tabdpt_deepsurv_simple.pkl
  [ckpt] Loading DeepSurv Vanilla from checkpoints/tabdpt/HURRAH/NaN/seed77/fold2/tabdpt_deepsurv_vanilla.pt
C-index TRAIN: 0.8288
C-index TEST:  0.8193
  [surv] Saved → survival_predictions/tabdpt/HURRAH/NaN/seed77/fold2/tabdpt_deepsurv_vanilla.pkl
  [ckpt] Loading TABDPT RSF from checkpoints/tabdpt/HURRAH/NaN/seed77/fold2/tabdpt_rsf.pkl
C-index train: 0.9498
C-index test:  0.7981
  [surv] Saved → survival_predictions/tabdpt/HURRAH/NaN/seed77/fold2/tabdpt_rsf.pkl
  [ckpt] Loading TABDPT Cox (embedding) from checkpoints/tabdpt/HURRAH/NaN/seed77/fold2/tabdpt_tab_cox.pkl
C-index train: 0.8302
C-index test:  0.8101
  [surv] Saved → survival_predictions/tabdpt/HURRAH/NaN/seed77/fold2/tabdpt_cox.pkl
X_train shape: (13566, 61), X_test shape: (3392, 61)
Generating TABDPT Embeddings...
<class 'dict'>
Loaded TabDPTModel from checkpoint.
<class 'dict'>
Loaded TabDPTModel from checkpoint.
Successfully generated embeddings with shape: (13566, 768)
  [ckpt] Loading TABDPT DeepSurv Tuned from checkpoints/tabdpt/HURRAH/NaN/seed77/fold3
C-index train: 0.8280
C-index test:  0.7987
  [surv] Saved → survival_predictions/tabdpt/HURRAH/NaN/seed77/fold3/tabdpt_deepsurv_tuned.pkl
  [ckpt] Loading TABDPT RSF Tuned from checkpoints/tabdpt/HURRAH/NaN/seed77/fold3
C-index train: 0.8528
C-index test:  0.8061
  [surv] Saved → survival_predictions/tabdpt/HURRAH/NaN/seed77/fold3/tabdpt_rsf_tuned.pkl
  [ckpt] Loading DeepSurv Simple from checkpoints/tabdpt/HURRAH/NaN/seed77/fold3/tabdpt_deepsurv_simple.pt
C-index TRAIN: 0.8338
C-index TEST:  0.7857
  [surv] Saved → survival_predictions/tabdpt/HURRAH/NaN/seed77/fold3/tabdpt_deepsurv_simple.pkl
  [ckpt] Loading DeepSurv Vanilla from checkpoints/tabdpt/HURRAH/NaN/seed77/fold3/tabdpt_deepsurv_vanilla.pt
C-index TRAIN: 0.8370
C-index TEST:  0.8001
  [surv] Saved → survival_predictions/tabdpt/HURRAH/NaN/seed77/fold3/tabdpt_deepsurv_vanilla.pkl
  [ckpt] Loading TABDPT RSF from checkpoints/tabdpt/HURRAH/NaN/seed77/fold3/tabdpt_rsf.pkl
C-index train: 0.9528
C-index test:  0.8021
  [surv] Saved → survival_predictions/tabdpt/HURRAH/NaN/seed77/fold3/tabdpt_rsf.pkl
  [ckpt] Loading TABDPT Cox (embedding) from checkpoints/tabdpt/HURRAH/NaN/seed77/fold3/tabdpt_tab_cox.pkl
C-index train: 0.8342
C-index test:  0.7891
  [surv] Saved → survival_predictions/tabdpt/HURRAH/NaN/seed77/fold3/tabdpt_cox.pkl
X_train shape: (13567, 61), X_test shape: (3391, 61)
Generating TABDPT Embeddings...
<class 'dict'>
Loaded TabDPTModel from checkpoint.
<class 'dict'>
Loaded TabDPTModel from checkpoint.
Successfully generated embeddings with shape: (13567, 768)
  [ckpt] Loading TABDPT DeepSurv Tuned from checkpoints/tabdpt/HURRAH/NaN/seed77/fold4
C-index train: 0.8466
C-index test:  0.8032
  [surv] Saved → survival_predictions/tabdpt/HURRAH/NaN/seed77/fold4/tabdpt_deepsurv_tuned.pkl
  [ckpt] Loading TABDPT RSF Tuned from checkpoints/tabdpt/HURRAH/NaN/seed77/fold4
C-index train: 0.8217
C-index test:  0.8060
  [surv] Saved → survival_predictions/tabdpt/HURRAH/NaN/seed77/fold4/tabdpt_rsf_tuned.pkl
  [ckpt] Loading DeepSurv Simple from checkpoints/tabdpt/HURRAH/NaN/seed77/fold4/tabdpt_deepsurv_simple.pt
C-index TRAIN: 0.8275
C-index TEST:  0.7665
  [surv] Saved → survival_predictions/tabdpt/HURRAH/NaN/seed77/fold4/tabdpt_deepsurv_simple.pkl
  [ckpt] Loading DeepSurv Vanilla from checkpoints/tabdpt/HURRAH/NaN/seed77/fold4/tabdpt_deepsurv_vanilla.pt
C-index TRAIN: 0.8301
C-index TEST:  0.7902
  [surv] Saved → survival_predictions/tabdpt/HURRAH/NaN/seed77/fold4/tabdpt_deepsurv_vanilla.pkl
  [ckpt] Loading TABDPT RSF from checkpoints/tabdpt/HURRAH/NaN/seed77/fold4/tabdpt_rsf.pkl
C-index train: 0.9513
C-index test:  0.7981
  [surv] Saved → survival_predictions/tabdpt/HURRAH/NaN/seed77/fold4/tabdpt_rsf.pkl
  [ckpt] Loading TABDPT Cox (embedding) from checkpoints/tabdpt/HURRAH/NaN/seed77/fold4/tabdpt_tab_cox.pkl
C-index train: 0.8297
C-index test:  0.7745
  [surv] Saved → survival_predictions/tabdpt/HURRAH/NaN/seed77/fold4/tabdpt_cox.pkl
X_train shape: (13567, 61), X_test shape: (3391, 61)
Generating TABDPT Embeddings...
<class 'dict'>
Loaded TabDPTModel from checkpoint.
<class 'dict'>
Loaded TabDPTModel from checkpoint.
Successfully generated embeddings with shape: (13567, 768)
  [ckpt] Loading TABDPT DeepSurv Tuned from checkpoints/tabdpt/HURRAH/NaN/seed77/fold5
C-index train: 0.8256
C-index test:  0.8085
  [surv] Saved → survival_predictions/tabdpt/HURRAH/NaN/seed77/fold5/tabdpt_deepsurv_tuned.pkl
  [ckpt] Loading TABDPT RSF Tuned from checkpoints/tabdpt/HURRAH/NaN/seed77/fold5
C-index train: 0.8244
C-index test:  0.8173
  [surv] Saved → survival_predictions/tabdpt/HURRAH/NaN/seed77/fold5/tabdpt_rsf_tuned.pkl
  [ckpt] Loading DeepSurv Simple from checkpoints/tabdpt/HURRAH/NaN/seed77/fold5/tabdpt_deepsurv_simple.pt
C-index TRAIN: 0.8158
C-index TEST:  0.7971
  [surv] Saved → survival_predictions/tabdpt/HURRAH/NaN/seed77/fold5/tabdpt_deepsurv_simple.pkl
  [ckpt] Loading DeepSurv Vanilla from checkpoints/tabdpt/HURRAH/NaN/seed77/fold5/tabdpt_deepsurv_vanilla.pt
C-index TRAIN: 0.8499
C-index TEST:  0.8092
  [surv] Saved → survival_predictions/tabdpt/HURRAH/NaN/seed77/fold5/tabdpt_deepsurv_vanilla.pkl
  [ckpt] Loading TABDPT RSF from checkpoints/tabdpt/HURRAH/NaN/seed77/fold5/tabdpt_rsf.pkl
C-index train: 0.9506
C-index test:  0.8105
  [surv] Saved → survival_predictions/tabdpt/HURRAH/NaN/seed77/fold5/tabdpt_rsf.pkl
  [ckpt] Loading TABDPT Cox (embedding) from checkpoints/tabdpt/HURRAH/NaN/seed77/fold5/tabdpt_tab_cox.pkl
C-index train: 0.8295
C-index test:  0.7978
  [surv] Saved → survival_predictions/tabdpt/HURRAH/NaN/seed77/fold5/tabdpt_cox.pkl

  Preprocess: -1 | Seed: 77
  TABDPT Train Tuned DeepSurv → mean: 0.850348 | std: 0.014781 | min: 0.828900 | max: 0.874334 | folds: [0.874334, 0.855333, 0.845204, 0.828900, 0.847969]
  TABDPT Test Tuned DeepSurv → mean: 0.817041 | std: 0.009238 | min: 0.802100 | max: 0.830060 | folds: [0.816074, 0.830060, 0.814689, 0.802100, 0.822283]
  TABDPT Train Tuned RSF → mean: 0.835069 | std: 0.018310 | min: 0.807416 | max: 0.857193 | folds: [0.853443, 0.827648, 0.807416, 0.857193, 0.829644]
  TABDPT Test Tuned RSF → mean: 0.818808 | std: 0.005162 | min: 0.811284 | max: 0.825713 | folds: [0.825713, 0.818473, 0.815516, 0.811284, 0.823052]
  TABDPT Train Vanilla → mean: 0.844660 | std: 0.006642 | min: 0.835806 | max: 0.855584 | folds: [0.841310, 0.855584, 0.847629, 0.842972, 0.835806]
  TABDPT Test Vanilla → mean: 0.818674 | std: 0.009700 | min: 0.804140 | max: 0.830129 | folds: [0.821902, 0.830129, 0.826266, 0.804140, 0.810933]
  TABDPT Train Simple → mean: 0.819010 | std: 0.009932 | min: 0.807173 | max: 0.833855 | folds: [0.820394, 0.809031, 0.807173, 0.833855, 0.824598]
  TABDPT Test Simple → mean: 0.808659 | std: 0.014822 | min: 0.785692 | max: 0.826267 | folds: [0.820140, 0.798166, 0.813031, 0.785692, 0.826267]
  TABDPT Train RSF → mean: 0.951902 | std: 0.001391 | min: 0.950242 | max: 0.953453 | folds: [0.950242, 0.950375, 0.953453, 0.953366, 0.952073]
  TABDPT Test RSF → mean: 0.809281 | std: 0.005298 | min: 0.803219 | max: 0.818471 | folds: [0.811464, 0.806259, 0.803219, 0.806989, 0.818471]
  TABDPT Train Cox → mean: 0.841883 | std: 0.001473 | min: 0.840123 | max: 0.843693 | folds: [0.843484, 0.840123, 0.843693, 0.841578, 0.840535]
  TABDPT Test Cox → mean: 0.806486 | std: 0.006871 | min: 0.794133 | max: 0.814753 | folds: [0.807912, 0.814753, 0.805633, 0.794133, 0.809998]
  Train Tuned DeepSurv → mean: 0.760805 | std: 0.134519 | min: 0.500026 | max: 0.851027 | folds: [0.762326, 0.849898, 0.500026, 0.851027, 0.840746]
  Test Tuned DeepSurv → mean: 0.756943 | std: 0.132046 | min: 0.500639 | max: 0.844863 | folds: [0.759526, 0.841687, 0.500639, 0.838001, 0.844863]
  Train Tuned RSF → mean: 0.928978 | std: 0.002145 | min: 0.925669 | max: 0.931637 | folds: [0.927860, 0.925669, 0.931637, 0.930905, 0.928820]
  Test Tuned RSF → mean: 0.853122 | std: 0.005881 | min: 0.845823 | max: 0.860815 | folds: [0.856939, 0.845823, 0.855320, 0.846711, 0.860815]
  Train DeepSurv Vanilla → mean: 0.854841 | std: 0.006777 | min: 0.844130 | max: 0.862801 | folds: [0.851976, 0.861362, 0.844130, 0.862801, 0.853935]
  Test DeepSurv Vanilla → mean: 0.845522 | std: 0.007762 | min: 0.830957 | max: 0.853491 | folds: [0.849980, 0.847900, 0.830957, 0.845281, 0.853491]
  Train DeepSurv Simple → mean: 0.836140 | std: 0.003239 | min: 0.833202 | max: 0.842197 | folds: [0.833569, 0.836297, 0.833202, 0.842197, 0.835434]
  Test DeepSurv Simple → mean: 0.835039 | std: 0.005429 | min: 0.827553 | max: 0.841155 | folds: [0.836170, 0.840288, 0.827553, 0.830028, 0.841155]
  Train RSF  → mean: 0.919567 | std: 0.001366 | min: 0.917050 | max: 0.921053 | folds: [0.919384, 0.920254, 0.921053, 0.920095, 0.917050]
  Test RSF   → mean: 0.850277 | std: 0.003646 | min: 0.845352 | max: 0.855423 | folds: [0.853096, 0.845352, 0.850018, 0.847498, 0.855423]
  Train Cox  → mean: 0.828262 | std: 0.001085 | min: 0.827136 | max: 0.830059 | folds: [0.828071, 0.827235, 0.830059, 0.828810, 0.827136]
  Test Cox   → mean: 0.825806 | std: 0.005888 | min: 0.816560 | max: 0.834430 | folds: [0.824384, 0.828993, 0.816560, 0.824664, 0.834430]

  Preprocess: NaN | Seed: 77
  TABDPT Train Tuned DeepSurv → mean: 0.833325 | std: 0.007420 | min: 0.825639 | max: 0.846635 | folds: [0.835491, 0.830854, 0.828009, 0.846635, 0.825639]
  TABDPT Test Tuned DeepSurv → mean: 0.809564 | std: 0.008860 | min: 0.798706 | max: 0.824418 | folds: [0.824418, 0.813028, 0.798706, 0.803177, 0.808491]
  TABDPT Train Tuned RSF → mean: 0.842936 | std: 0.018516 | min: 0.821700 | max: 0.871572 | folds: [0.844239, 0.871572, 0.852791, 0.821700, 0.824378]
  TABDPT Test Tuned RSF → mean: 0.811705 | std: 0.005596 | min: 0.806002 | max: 0.819271 | folds: [0.819271, 0.809838, 0.806079, 0.806002, 0.817333]
  TABDPT Train Vanilla → mean: 0.837024 | std: 0.007558 | min: 0.828819 | max: 0.849886 | folds: [0.839274, 0.828819, 0.837032, 0.830109, 0.849886]
  TABDPT Test Vanilla → mean: 0.809431 | std: 0.013488 | min: 0.790219 | max: 0.828283 | folds: [0.828283, 0.819346, 0.800119, 0.790219, 0.809189]
  TABDPT Train Simple → mean: 0.822640 | std: 0.008061 | min: 0.811425 | max: 0.833811 | folds: [0.811425, 0.824691, 0.833811, 0.827473, 0.815801]
  TABDPT Test Simple → mean: 0.788834 | std: 0.013243 | min: 0.766490 | max: 0.806131 | folds: [0.806131, 0.788686, 0.785735, 0.766490, 0.797131]
  TABDPT Train RSF → mean: 0.950340 | std: 0.001803 | min: 0.947330 | max: 0.952780 | folds: [0.947330, 0.949761, 0.952780, 0.951266, 0.950564]
  TABDPT Test RSF → mean: 0.803790 | std: 0.005528 | min: 0.798093 | max: 0.810461 | folds: [0.810167, 0.798094, 0.802136, 0.798093, 0.810461]
  TABDPT Train Cox → mean: 0.831250 | std: 0.001826 | min: 0.829545 | max: 0.834203 | folds: [0.832545, 0.830238, 0.834203, 0.829719, 0.829545]
  TABDPT Test Cox → mean: 0.797627 | std: 0.015012 | min: 0.774474 | max: 0.816709 | folds: [0.816709, 0.810053, 0.789134, 0.774474, 0.797767]
Result saved in 'results/HURRAH/tabdpt/results_cv_HURRAH_tabdpt_seed77.txt'
