/scratch.hpc/luca.cotugno/Foundation_model_clinical_data/.venv/lib/python3.12/site-packages/lifelines/utils/__init__.py:1100: ConvergenceWarning: Column(s) ['SindromeX', 'MIO', 'Endocardite', 'EmboliaPolmonare'] have very low variance. This may harm convergence. 1) Are you using formula's? Did you mean to add '-1' to the end. 2) Try dropping this redundant column before fitting if convergence fails.

  warnings.warn(dedent(warning_text), ConvergenceWarning)
/scratch.hpc/luca.cotugno/Foundation_model_clinical_data/.venv/lib/python3.12/site-packages/lifelines/utils/__init__.py:797: RuntimeWarning: invalid value encountered in divide
  return (X - mean) / std
/scratch.hpc/luca.cotugno/Foundation_model_clinical_data/.venv/lib/python3.12/site-packages/lifelines/utils/__init__.py:1120: ConvergenceWarning: Column Amiodarone have very low variance when conditioned on death event present or not. This may harm convergence. This could be a form of 'complete separation'. For example, try the following code:

>>> events = df['__e__'].astype(bool)
>>> print(df.loc[events, 'Amiodarone'].var())
>>> print(df.loc[~events, 'Amiodarone'].var())

A very low variance means that the column Amiodarone completely determines whether a subject dies or not. See https://stats.stackexchange.com/questions/11109/how-to-deal-with-perfect-separation-in-logistic-regression.

  warnings.warn(dedent(warning_text), ConvergenceWarning)
/scratch.hpc/luca.cotugno/Foundation_model_clinical_data/.venv/lib/python3.12/site-packages/lifelines/utils/__init__.py:1163: ConvergenceWarning: Column MIN has high sample correlation with the duration column. This may harm convergence. This could be a form of 'complete separation'.     See https://stats.stackexchange.com/questions/11109/how-to-deal-with-perfect-separation-in-logistic-regression

  warnings.warn(dedent(warning_text), ConvergenceWarning)
/scratch.hpc/luca.cotugno/Foundation_model_clinical_data/.venv/lib/python3.12/site-packages/lifelines/utils/__init__.py:1163: ConvergenceWarning: Column Ictus has high sample correlation with the duration column. This may harm convergence. This could be a form of 'complete separation'.     See https://stats.stackexchange.com/questions/11109/how-to-deal-with-perfect-separation-in-logistic-regression

  warnings.warn(dedent(warning_text), ConvergenceWarning)
/scratch.hpc/luca.cotugno/Foundation_model_clinical_data/.venv/lib/python3.12/site-packages/lifelines/utils/__init__.py:1163: ConvergenceWarning: Column Ictus_event has high sample correlation with the duration column. This may harm convergence. This could be a form of 'complete separation'.     See https://stats.stackexchange.com/questions/11109/how-to-deal-with-perfect-separation-in-logistic-regression

  warnings.warn(dedent(warning_text), ConvergenceWarning)
/scratch.hpc/luca.cotugno/Foundation_model_clinical_data/.venv/lib/python3.12/site-packages/lifelines/utils/__init__.py:1100: ConvergenceWarning: Column(s) ['SindromeX', 'MIN', 'Miocardite', 'Endocardite'] have very low variance. This may harm convergence. 1) Are you using formula's? Did you mean to add '-1' to the end. 2) Try dropping this redundant column before fitting if convergence fails.

  warnings.warn(dedent(warning_text), ConvergenceWarning)
/scratch.hpc/luca.cotugno/Foundation_model_clinical_data/.venv/lib/python3.12/site-packages/lifelines/utils/__init__.py:797: RuntimeWarning: invalid value encountered in divide
  return (X - mean) / std
/scratch.hpc/luca.cotugno/Foundation_model_clinical_data/.venv/lib/python3.12/site-packages/lifelines/utils/__init__.py:1120: ConvergenceWarning: Column EPA have very low variance when conditioned on death event present or not. This may harm convergence. This could be a form of 'complete separation'. For example, try the following code:

>>> events = df['__e__'].astype(bool)
>>> print(df.loc[events, 'EPA'].var())
>>> print(df.loc[~events, 'EPA'].var())

A very low variance means that the column EPA completely determines whether a subject dies or not. See https://stats.stackexchange.com/questions/11109/how-to-deal-with-perfect-separation-in-logistic-regression.

  warnings.warn(dedent(warning_text), ConvergenceWarning)
/scratch.hpc/luca.cotugno/Foundation_model_clinical_data/.venv/lib/python3.12/site-packages/lifelines/utils/__init__.py:1163: ConvergenceWarning: Column Subclinical primary hyperthyroidism
(SCT) has high sample correlation with the duration column. This may harm convergence. This could be a form of 'complete separation'.     See https://stats.stackexchange.com/questions/11109/how-to-deal-with-perfect-separation-in-logistic-regression

  warnings.warn(dedent(warning_text), ConvergenceWarning)
/scratch.hpc/luca.cotugno/Foundation_model_clinical_data/.venv/lib/python3.12/site-packages/lifelines/utils/__init__.py:1163: ConvergenceWarning: Column Normal has high sample correlation with the duration column. This may harm convergence. This could be a form of 'complete separation'.     See https://stats.stackexchange.com/questions/11109/how-to-deal-with-perfect-separation-in-logistic-regression

  warnings.warn(dedent(warning_text), ConvergenceWarning)
/scratch.hpc/luca.cotugno/Foundation_model_clinical_data/.venv/lib/python3.12/site-packages/lifelines/utils/__init__.py:1163: ConvergenceWarning: Column EmboliaPolmonare has high sample correlation with the duration column. This may harm convergence. This could be a form of 'complete separation'.     See https://stats.stackexchange.com/questions/11109/how-to-deal-with-perfect-separation-in-logistic-regression

  warnings.warn(dedent(warning_text), ConvergenceWarning)
/scratch.hpc/luca.cotugno/Foundation_model_clinical_data/.venv/lib/python3.12/site-packages/lifelines/utils/__init__.py:1100: ConvergenceWarning: Column(s) ['SindromeX', 'MIO', 'Endocardite'] have very low variance. This may harm convergence. 1) Are you using formula's? Did you mean to add '-1' to the end. 2) Try dropping this redundant column before fitting if convergence fails.

  warnings.warn(dedent(warning_text), ConvergenceWarning)
/scratch.hpc/luca.cotugno/Foundation_model_clinical_data/.venv/lib/python3.12/site-packages/lifelines/utils/__init__.py:797: RuntimeWarning: invalid value encountered in divide
  return (X - mean) / std
/scratch.hpc/luca.cotugno/Foundation_model_clinical_data/.venv/lib/python3.12/site-packages/lifelines/utils/__init__.py:1120: ConvergenceWarning: Column EmboliaPolmonare have very low variance when conditioned on death event present or not. This may harm convergence. This could be a form of 'complete separation'. For example, try the following code:

>>> events = df['__e__'].astype(bool)
>>> print(df.loc[events, 'EmboliaPolmonare'].var())
>>> print(df.loc[~events, 'EmboliaPolmonare'].var())

A very low variance means that the column EmboliaPolmonare completely determines whether a subject dies or not. See https://stats.stackexchange.com/questions/11109/how-to-deal-with-perfect-separation-in-logistic-regression.

  warnings.warn(dedent(warning_text), ConvergenceWarning)
/scratch.hpc/luca.cotugno/Foundation_model_clinical_data/.venv/lib/python3.12/site-packages/lifelines/utils/__init__.py:1163: ConvergenceWarning: Column Ipotiroidismo has high sample correlation with the duration column. This may harm convergence. This could be a form of 'complete separation'.     See https://stats.stackexchange.com/questions/11109/how-to-deal-with-perfect-separation-in-logistic-regression

  warnings.warn(dedent(warning_text), ConvergenceWarning)
/scratch.hpc/luca.cotugno/Foundation_model_clinical_data/.venv/lib/python3.12/site-packages/lifelines/utils/__init__.py:1163: ConvergenceWarning: Column Miocardite has high sample correlation with the duration column. This may harm convergence. This could be a form of 'complete separation'.     See https://stats.stackexchange.com/questions/11109/how-to-deal-with-perfect-separation-in-logistic-regression

  warnings.warn(dedent(warning_text), ConvergenceWarning)
/scratch.hpc/luca.cotugno/Foundation_model_clinical_data/.venv/lib/python3.12/site-packages/lifelines/utils/__init__.py:1163: ConvergenceWarning: Column Ictus has high sample correlation with the duration column. This may harm convergence. This could be a form of 'complete separation'.     See https://stats.stackexchange.com/questions/11109/how-to-deal-with-perfect-separation-in-logistic-regression

  warnings.warn(dedent(warning_text), ConvergenceWarning)
/scratch.hpc/luca.cotugno/Foundation_model_clinical_data/.venv/lib/python3.12/site-packages/lifelines/utils/__init__.py:1163: ConvergenceWarning: Column Ictus_event has high sample correlation with the duration column. This may harm convergence. This could be a form of 'complete separation'.     See https://stats.stackexchange.com/questions/11109/how-to-deal-with-perfect-separation-in-logistic-regression

  warnings.warn(dedent(warning_text), ConvergenceWarning)
/scratch.hpc/luca.cotugno/Foundation_model_clinical_data/.venv/lib/python3.12/site-packages/pycox/models/cox.py:251: RuntimeWarning: overflow encountered in exp
  expg = np.exp(self.predict(input, batch_size, True, eval_, num_workers=num_workers)).reshape(1, -1)
/scratch.hpc/luca.cotugno/Foundation_model_clinical_data/.venv/lib/python3.12/site-packages/pycox/models/cox.py:252: RuntimeWarning: invalid value encountered in dot
  return pd.DataFrame(bch.values.reshape(-1, 1).dot(expg),
/scratch.hpc/luca.cotugno/Foundation_model_clinical_data/.venv/lib/python3.12/site-packages/lifelines/utils/__init__.py:1100: ConvergenceWarning: Column(s) ['Ipertiroidismo', 'SindromeX', 'MIN', 'EmboliaPolmonare'] have very low variance. This may harm convergence. 1) Are you using formula's? Did you mean to add '-1' to the end. 2) Try dropping this redundant column before fitting if convergence fails.

  warnings.warn(dedent(warning_text), ConvergenceWarning)
/scratch.hpc/luca.cotugno/Foundation_model_clinical_data/.venv/lib/python3.12/site-packages/lifelines/utils/__init__.py:797: RuntimeWarning: invalid value encountered in divide
  return (X - mean) / std
/scratch.hpc/luca.cotugno/Foundation_model_clinical_data/.venv/lib/python3.12/site-packages/lifelines/utils/__init__.py:1120: ConvergenceWarning: Column Endocardite have very low variance when conditioned on death event present or not. This may harm convergence. This could be a form of 'complete separation'. For example, try the following code:

>>> events = df['__e__'].astype(bool)
>>> print(df.loc[events, 'Endocardite'].var())
>>> print(df.loc[~events, 'Endocardite'].var())

A very low variance means that the column Endocardite completely determines whether a subject dies or not. See https://stats.stackexchange.com/questions/11109/how-to-deal-with-perfect-separation-in-logistic-regression.

  warnings.warn(dedent(warning_text), ConvergenceWarning)
/scratch.hpc/luca.cotugno/Foundation_model_clinical_data/.venv/lib/python3.12/site-packages/lifelines/utils/__init__.py:1163: ConvergenceWarning: Column Ipotiroidismo has high sample correlation with the duration column. This may harm convergence. This could be a form of 'complete separation'.     See https://stats.stackexchange.com/questions/11109/how-to-deal-with-perfect-separation-in-logistic-regression

  warnings.warn(dedent(warning_text), ConvergenceWarning)
/scratch.hpc/luca.cotugno/Foundation_model_clinical_data/.venv/lib/python3.12/site-packages/lifelines/utils/__init__.py:1163: ConvergenceWarning: Column Miocardite has high sample correlation with the duration column. This may harm convergence. This could be a form of 'complete separation'.     See https://stats.stackexchange.com/questions/11109/how-to-deal-with-perfect-separation-in-logistic-regression

  warnings.warn(dedent(warning_text), ConvergenceWarning)
/scratch.hpc/luca.cotugno/Foundation_model_clinical_data/.venv/lib/python3.12/site-packages/lifelines/utils/__init__.py:1163: ConvergenceWarning: Column Ictus has high sample correlation with the duration column. This may harm convergence. This could be a form of 'complete separation'.     See https://stats.stackexchange.com/questions/11109/how-to-deal-with-perfect-separation-in-logistic-regression

  warnings.warn(dedent(warning_text), ConvergenceWarning)
/scratch.hpc/luca.cotugno/Foundation_model_clinical_data/.venv/lib/python3.12/site-packages/lifelines/utils/__init__.py:1163: ConvergenceWarning: Column Ictus_event has high sample correlation with the duration column. This may harm convergence. This could be a form of 'complete separation'.     See https://stats.stackexchange.com/questions/11109/how-to-deal-with-perfect-separation-in-logistic-regression

  warnings.warn(dedent(warning_text), ConvergenceWarning)
/scratch.hpc/luca.cotugno/Foundation_model_clinical_data/.venv/lib/python3.12/site-packages/pycox/models/cox.py:251: RuntimeWarning: overflow encountered in exp
  expg = np.exp(self.predict(input, batch_size, True, eval_, num_workers=num_workers)).reshape(1, -1)
/scratch.hpc/luca.cotugno/Foundation_model_clinical_data/.venv/lib/python3.12/site-packages/pycox/models/cox.py:252: RuntimeWarning: invalid value encountered in dot
  return pd.DataFrame(bch.values.reshape(-1, 1).dot(expg),
/scratch.hpc/luca.cotugno/Foundation_model_clinical_data/.venv/lib/python3.12/site-packages/lifelines/utils/__init__.py:1100: ConvergenceWarning: Column(s) ['Ipotiroidismo', 'SindromeX', 'MIN', 'MIO', 'EmboliaPolmonare'] have very low variance. This may harm convergence. 1) Are you using formula's? Did you mean to add '-1' to the end. 2) Try dropping this redundant column before fitting if convergence fails.

  warnings.warn(dedent(warning_text), ConvergenceWarning)
/scratch.hpc/luca.cotugno/Foundation_model_clinical_data/.venv/lib/python3.12/site-packages/lifelines/utils/__init__.py:797: RuntimeWarning: invalid value encountered in divide
  return (X - mean) / std
/scratch.hpc/luca.cotugno/Foundation_model_clinical_data/.venv/lib/python3.12/site-packages/lifelines/utils/__init__.py:1120: ConvergenceWarning: Column Subclinical primary hypothyroidism (SCH) have very low variance when conditioned on death event present or not. This may harm convergence. This could be a form of 'complete separation'. For example, try the following code:

>>> events = df['__e__'].astype(bool)
>>> print(df.loc[events, 'Subclinical primary hypothyroidism (SCH)'].var())
>>> print(df.loc[~events, 'Subclinical primary hypothyroidism (SCH)'].var())

A very low variance means that the column Subclinical primary hypothyroidism (SCH) completely determines whether a subject dies or not. See https://stats.stackexchange.com/questions/11109/how-to-deal-with-perfect-separation-in-logistic-regression.

  warnings.warn(dedent(warning_text), ConvergenceWarning)
/scratch.hpc/luca.cotugno/Foundation_model_clinical_data/.venv/lib/python3.12/site-packages/lifelines/utils/__init__.py:1163: ConvergenceWarning: Column Normal has high sample correlation with the duration column. This may harm convergence. This could be a form of 'complete separation'.     See https://stats.stackexchange.com/questions/11109/how-to-deal-with-perfect-separation-in-logistic-regression

  warnings.warn(dedent(warning_text), ConvergenceWarning)
/scratch.hpc/luca.cotugno/Foundation_model_clinical_data/.venv/lib/python3.12/site-packages/lifelines/utils/__init__.py:1163: ConvergenceWarning: Column Endocardite has high sample correlation with the duration column. This may harm convergence. This could be a form of 'complete separation'.     See https://stats.stackexchange.com/questions/11109/how-to-deal-with-perfect-separation-in-logistic-regression

  warnings.warn(dedent(warning_text), ConvergenceWarning)
/scratch.hpc/luca.cotugno/Foundation_model_clinical_data/.venv/lib/python3.12/site-packages/lifelines/utils/__init__.py:1163: ConvergenceWarning: Column Non Fatal AMI (Follow-Up) has high sample correlation with the duration column. This may harm convergence. This could be a form of 'complete separation'.     See https://stats.stackexchange.com/questions/11109/how-to-deal-with-perfect-separation-in-logistic-regression

  warnings.warn(dedent(warning_text), ConvergenceWarning)
/scratch.hpc/luca.cotugno/Foundation_model_clinical_data/.venv/lib/python3.12/site-packages/lifelines/utils/__init__.py:1163: ConvergenceWarning: Column Ictus has high sample correlation with the duration column. This may harm convergence. This could be a form of 'complete separation'.     See https://stats.stackexchange.com/questions/11109/how-to-deal-with-perfect-separation-in-logistic-regression

  warnings.warn(dedent(warning_text), ConvergenceWarning)
/scratch.hpc/luca.cotugno/Foundation_model_clinical_data/.venv/lib/python3.12/site-packages/lifelines/utils/__init__.py:1163: ConvergenceWarning: Column Non Fatal AMI (Follow-Up)_event has high sample correlation with the duration column. This may harm convergence. This could be a form of 'complete separation'.     See https://stats.stackexchange.com/questions/11109/how-to-deal-with-perfect-separation-in-logistic-regression

  warnings.warn(dedent(warning_text), ConvergenceWarning)
/scratch.hpc/luca.cotugno/Foundation_model_clinical_data/.venv/lib/python3.12/site-packages/lifelines/utils/__init__.py:1163: ConvergenceWarning: Column Ictus_event has high sample correlation with the duration column. This may harm convergence. This could be a form of 'complete separation'.     See https://stats.stackexchange.com/questions/11109/how-to-deal-with-perfect-separation-in-logistic-regression

  warnings.warn(dedent(warning_text), ConvergenceWarning)
/scratch.hpc/luca.cotugno/Foundation_model_clinical_data/test_sample_size.py:471: RuntimeWarning: Mean of empty slice
  "train_mean":    np.nanmean(tr_vals),
/scratch.hpc/luca.cotugno/Foundation_model_clinical_data/.venv/lib/python3.12/site-packages/numpy/lib/_nanfunctions_impl.py:1997: RuntimeWarning: Degrees of freedom <= 0 for slice.
  var = nanvar(a, axis=axis, dtype=dtype, out=out, ddof=ddof,
/scratch.hpc/luca.cotugno/Foundation_model_clinical_data/test_sample_size.py:473: RuntimeWarning: Mean of empty slice
  "test_mean":     np.nanmean(te_vals),
/scratch.hpc/luca.cotugno/Foundation_model_clinical_data/.venv/lib/python3.12/site-packages/torchtuples/tupletree.py:146: UserWarning: The given NumPy array is not writable, and PyTorch does not support non-writable tensors. This means writing to this tensor will result in undefined behavior. You may want to copy the array to protect its data or make it writable before converting it to a tensor. This type of warning will be suppressed for the rest of this program. (Triggered internally at /pytorch/torch/csrc/utils/tensor_numpy.cpp:213.)
  return torch.from_numpy(data)
/scratch.hpc/luca.cotugno/Foundation_model_clinical_data/.venv/lib/python3.12/site-packages/lifelines/utils/__init__.py:990: ConvergenceWarning: Your dataset has more variables than samples. Even with a penalizer (which you must use), convergence is not guaranteed.

  warnings.warn(warning_text, ConvergenceWarning)
/scratch.hpc/luca.cotugno/Foundation_model_clinical_data/.venv/lib/python3.12/site-packages/lifelines/fitters/coxph_fitter.py:1614: ConvergenceWarning: Newton-Raphson failed to converge sufficiently. Please see the following tips in the lifelines documentation: https://lifelines.readthedocs.io/en/latest/Examples.html#problems-with-convergence-in-the-cox-proportional-hazard-model
  warnings.warn(
/scratch.hpc/luca.cotugno/Foundation_model_clinical_data/.venv/lib/python3.12/site-packages/pycox/models/cox.py:251: RuntimeWarning: overflow encountered in exp
  expg = np.exp(self.predict(input, batch_size, True, eval_, num_workers=num_workers)).reshape(1, -1)
/scratch.hpc/luca.cotugno/Foundation_model_clinical_data/.venv/lib/python3.12/site-packages/pycox/models/cox.py:252: RuntimeWarning: invalid value encountered in dot
  return pd.DataFrame(bch.values.reshape(-1, 1).dot(expg),
/scratch.hpc/luca.cotugno/Foundation_model_clinical_data/test_sample_size.py:471: RuntimeWarning: Mean of empty slice
  "train_mean":    np.nanmean(tr_vals),
/scratch.hpc/luca.cotugno/Foundation_model_clinical_data/.venv/lib/python3.12/site-packages/numpy/lib/_nanfunctions_impl.py:1997: RuntimeWarning: Degrees of freedom <= 0 for slice.
  var = nanvar(a, axis=axis, dtype=dtype, out=out, ddof=ddof,
/scratch.hpc/luca.cotugno/Foundation_model_clinical_data/test_sample_size.py:473: RuntimeWarning: Mean of empty slice
  "test_mean":     np.nanmean(te_vals),
Model:        tabpfn
Seed:         42
Sample sizes: [100]

######################################################################
Dataset: OrmoniTirodei
######################################################################

============================================================
Preprocess: -1
============================================================
Loading existing folds from tmp/splits/OrmoniTirodei_seed42.pkl

--- Sample size: 100 ---
  Fold 1: train=100, test=1291
  Embedding shape: (100, 192)
  [tabpfn+DS-simple]  train=0.8841  test=0.7328
  [tabpfn+DS-vanilla] train=0.9025  test=0.7324
  [tabpfn+RSF]        train=0.9479  test=0.6829
  [tabpfn+Cox]        train=0.9602  test=0.6653
  [DS-simple]         train=0.7101  test=0.6319
  [DS-vanilla]        train=0.8504  test=0.6366
  [RSF]               train=0.9331  test=0.7477
    Cox fit failed: Convergence halted due to matrix inversion problems. Suspicion is high collinearity. Please see the following tips in the lifelines documentation: https://lifelines.readthedocs.io/en/latest/Examples.html#problems-with-convergence-in-the-cox-proportional-hazard-modelMatrix is singular.
  [Cox]               train=nan  test=nan
  Fold 2: train=100, test=1291
  Embedding shape: (100, 192)
  [tabpfn+DS-simple]  train=0.8864  test=0.6742
  [tabpfn+DS-vanilla] train=0.8971  test=0.6830
  [tabpfn+RSF]        train=0.9179  test=0.6366
  [tabpfn+Cox]        train=0.9440  test=0.6841
  [DS-simple]         train=0.6464  test=0.6360
  [DS-vanilla]        train=0.8325  test=0.5650
  [RSF]               train=0.9397  test=0.7646
    Cox fit failed: Convergence halted due to matrix inversion problems. Suspicion is high collinearity. Please see the following tips in the lifelines documentation: https://lifelines.readthedocs.io/en/latest/Examples.html#problems-with-convergence-in-the-cox-proportional-hazard-modelMatrix is singular.
  [Cox]               train=nan  test=nan
  Fold 3: train=100, test=1290
  Embedding shape: (100, 192)
  [tabpfn+DS-simple]  train=0.9196  test=0.6259
  [tabpfn+DS-vanilla] train=0.9176  test=0.6334
  [tabpfn+RSF]        train=0.9176  test=0.6107
  [tabpfn+Cox]        train=0.9502  test=0.6086
  [DS-simple]         train=0.8429  test=0.6181
  [DS-vanilla]        train=0.8046  test=0.5882
  [RSF]               train=0.9005  test=0.6600
    Cox fit failed: Convergence halted due to matrix inversion problems. Suspicion is high collinearity. Please see the following tips in the lifelines documentation: https://lifelines.readthedocs.io/en/latest/Examples.html#problems-with-convergence-in-the-cox-proportional-hazard-modelMatrix is singular.
  [Cox]               train=nan  test=nan
  Fold 4: train=100, test=1290
  Embedding shape: (100, 192)
  [tabpfn+DS-simple]  train=0.9349  test=0.7053
  [tabpfn+DS-vanilla] train=0.9391  test=0.7009
  [tabpfn+RSF]        train=0.9521  test=0.7044
  [tabpfn+Cox]        train=0.9723  test=0.7022
  [DS-simple]         train=0.4946  test=0.4901
  [DS-vanilla]        train=0.8601  test=0.6515
  [RSF]               train=0.9379  test=0.7502
    Cox fit failed: Convergence halted due to matrix inversion problems. Suspicion is high collinearity. Please see the following tips in the lifelines documentation: https://lifelines.readthedocs.io/en/latest/Examples.html#problems-with-convergence-in-the-cox-proportional-hazard-modelMatrix is singular.
  [Cox]               train=nan  test=nan
  Fold 5: train=100, test=1290
  Embedding shape: (100, 192)
  [tabpfn+DS-simple]  train=0.9266  test=0.7262
  [tabpfn+DS-vanilla] train=0.9298  test=0.7367
  [tabpfn+RSF]        train=0.9317  test=0.7103
  [tabpfn+Cox]        train=0.8861  test=0.3245
  [DS-simple]         train=0.6048  test=0.5190
  [DS-vanilla]        train=0.7840  test=0.6123
  [RSF]               train=0.9433  test=0.6855
    Cox fit failed: Convergence halted due to matrix inversion problems. Suspicion is high collinearity. Please see the following tips in the lifelines documentation: https://lifelines.readthedocs.io/en/latest/Examples.html#problems-with-convergence-in-the-cox-proportional-hazard-modelMatrix is singular.
  [Cox]               train=nan  test=nan

============================================================
Preprocess: NaN
============================================================
Loading existing folds from tmp/splits/OrmoniTirodei_seed42.pkl

--- Sample size: 100 ---
  Fold 1: train=100, test=1291
  Embedding shape: (100, 192)
  [tabpfn+DS-simple]  train=0.8959  test=0.7450
  [tabpfn+DS-vanilla] train=0.9142  test=0.7531
  [tabpfn+RSF]        train=0.9329  test=0.7384
  [tabpfn+Cox]        train=0.9571  test=0.6550
  Fold 2: train=100, test=1291
  Embedding shape: (100, 192)
  [tabpfn+DS-simple]  train=0.9115  test=0.6973
  [tabpfn+DS-vanilla] train=0.9333  test=0.6943
  [tabpfn+RSF]        train=0.9331  test=0.6380
  [tabpfn+Cox]        train=0.9541  test=0.7307
  Fold 3: train=100, test=1290
  Embedding shape: (100, 192)
  [tabpfn+DS-simple]  train=0.9129  test=0.6420
  [tabpfn+DS-vanilla] train=0.9269  test=0.6452
  [tabpfn+RSF]        train=0.9178  test=0.6264
  [tabpfn+Cox]        train=0.9487  test=0.6255
  Fold 4: train=100, test=1290
  Embedding shape: (100, 192)
  [tabpfn+DS-simple]  train=0.9373  test=0.7156
  [tabpfn+DS-vanilla] train=0.9415  test=0.7068
  [tabpfn+RSF]        train=0.9710  test=0.7041
  [tabpfn+Cox]        train=0.9801  test=0.6733
  Fold 5: train=100, test=1290
  Embedding shape: (100, 192)
  [tabpfn+DS-simple]  train=0.9276  test=0.7431
  [tabpfn+DS-vanilla] train=0.9320  test=0.7422
  [tabpfn+RSF]        train=0.9298  test=0.7117
  [tabpfn+Cox]        train=0.9660  test=0.5058

Data saved → results/OrmoniTirodei/tabpfn/results_samplesize_OrmoniTirodei_tabpfn_seed42_data.txt

Dataset: OrmoniTirodei | Model: tabpfn | Seed: 42
======================================================================

Preprocess: -1
------------------------------------------------------------

  Sample size (requested):    100  |  actual mean: 100
    TRAIN tabpfn+DS-simple            → mean: 0.9103 | std: 0.0210 | min: 0.8841 | max: 0.9349
    TEST  tabpfn+DS-simple            → mean: 0.6929 | std: 0.0392 | min: 0.6259 | max: 0.7328
    TRAIN tabpfn+DS-vanilla           → mean: 0.9172 | std: 0.0159 | min: 0.8971 | max: 0.9391
    TEST  tabpfn+DS-vanilla           → mean: 0.6973 | std: 0.0377 | min: 0.6334 | max: 0.7367
    TRAIN tabpfn+RSF                  → mean: 0.9334 | std: 0.0145 | min: 0.9176 | max: 0.9521
    TEST  tabpfn+RSF                  → mean: 0.6690 | std: 0.0390 | min: 0.6107 | max: 0.7103
    TRAIN tabpfn+Cox                  → mean: 0.9425 | std: 0.0298 | min: 0.8861 | max: 0.9723
    TEST  tabpfn+Cox                  → mean: 0.5969 | std: 0.1398 | min: 0.3245 | max: 0.7022
    TRAIN DS-simple (base)            → mean: 0.6597 | std: 0.1154 | min: 0.4946 | max: 0.8429
    TEST  DS-simple (base)            → mean: 0.5790 | std: 0.0618 | min: 0.4901 | max: 0.6360
    TRAIN DS-vanilla (base)           → mean: 0.8263 | std: 0.0284 | min: 0.7840 | max: 0.8601
    TEST  DS-vanilla (base)           → mean: 0.6107 | std: 0.0314 | min: 0.5650 | max: 0.6515
    TRAIN RSF (base)                  → mean: 0.9309 | std: 0.0156 | min: 0.9005 | max: 0.9433
    TEST  RSF (base)                  → mean: 0.7216 | std: 0.0411 | min: 0.6600 | max: 0.7646
    TRAIN Cox (base)                  → no valid scores
    TEST  Cox (base)                  → no valid scores

Preprocess: NaN
------------------------------------------------------------

  Sample size (requested):    100  |  actual mean: 100
    TRAIN tabpfn+DS-simple            → mean: 0.9170 | std: 0.0143 | min: 0.8959 | max: 0.9373
    TEST  tabpfn+DS-simple            → mean: 0.7086 | std: 0.0378 | min: 0.6420 | max: 0.7450
    TRAIN tabpfn+DS-vanilla           → mean: 0.9296 | std: 0.0090 | min: 0.9142 | max: 0.9415
    TEST  tabpfn+DS-vanilla           → mean: 0.7083 | std: 0.0383 | min: 0.6452 | max: 0.7531
    TRAIN tabpfn+RSF                  → mean: 0.9369 | std: 0.0179 | min: 0.9178 | max: 0.9710
    TEST  tabpfn+RSF                  → mean: 0.6837 | std: 0.0437 | min: 0.6264 | max: 0.7384
    TRAIN tabpfn+Cox                  → mean: 0.9612 | std: 0.0110 | min: 0.9487 | max: 0.9801
    TEST  tabpfn+Cox                  → mean: 0.6381 | std: 0.0745 | min: 0.5058 | max: 0.7307
Text summary saved → results/OrmoniTirodei/tabpfn/results_samplesize_OrmoniTirodei_tabpfn_seed42.txt

######################################################################
Dataset: HURRAH
######################################################################

============================================================
Preprocess: -1
============================================================
Loading existing folds from tmp/splits/HURRAH_seed42.pkl

--- Sample size: 100 ---
  Fold 1: train=100, test=3392
  Embedding shape: (100, 192)
  [tabpfn+DS-simple]  train=0.9656  test=0.8015
  [tabpfn+DS-vanilla] train=0.9656  test=0.7977
  [tabpfn+RSF]        train=0.9776  test=0.7622
  [tabpfn+Cox]        train=0.9635  test=0.7750
  [DS-simple]         train=0.9708  test=0.7926
  [DS-vanilla]        train=0.8248  test=0.6904
  [RSF]               train=0.9698  test=0.7785
  [Cox]               train=0.9698  test=0.7667
  Fold 2: train=100, test=3392
  Embedding shape: (100, 192)
  [tabpfn+DS-simple]  train=0.9673  test=0.7453
  [tabpfn+DS-vanilla] train=0.9824  test=0.7080
  [tabpfn+RSF]        train=0.9805  test=0.6260
  [tabpfn+Cox]        train=0.9925  test=0.7307
  [DS-simple]         train=0.9196  test=0.6698
  [DS-vanilla]        train=0.8379  test=0.6540
  [RSF]               train=0.9862  test=0.6778
  [Cox]               train=0.9410  test=0.7074
  Fold 3: train=100, test=3392
  Embedding shape: (100, 192)
  [tabpfn+DS-simple]  train=0.9464  test=0.7792
  [tabpfn+DS-vanilla] train=0.9464  test=0.7738
  [tabpfn+RSF]        train=0.9428  test=0.6940
  [tabpfn+Cox]        train=0.9792  test=0.7257
  [DS-simple]         train=0.8657  test=0.7349
  [DS-vanilla]        train=0.7882  test=0.6111
  [RSF]               train=0.9464  test=0.7350
  [Cox]               train=0.9209  test=0.7725
  Fold 4: train=100, test=3391
  Embedding shape: (100, 192)
  [tabpfn+DS-simple]  train=0.9561  test=0.7689
  [tabpfn+DS-vanilla] train=0.9609  test=0.7445
  [tabpfn+RSF]        train=0.9671  test=0.7476
  [tabpfn+Cox]        train=0.9828  test=0.7299
  [DS-simple]         train=0.9132  test=0.7666
  [DS-vanilla]        train=0.4981  test=0.5181
  [RSF]               train=0.9704  test=0.7185
  [Cox]               train=0.9761  test=0.7876
  Fold 5: train=100, test=3391
  Embedding shape: (100, 192)
  [tabpfn+DS-simple]  train=0.9405  test=0.7967
  [tabpfn+DS-vanilla] train=0.9433  test=0.7954
  [tabpfn+RSF]        train=0.9412  test=0.6995
  [tabpfn+Cox]        train=0.9851  test=0.6590
  [DS-simple]         train=0.9171  test=0.7451
  [DS-vanilla]        train=0.6615  test=0.4869
  [RSF]               train=0.9688  test=0.7114
  [Cox]               train=0.9320  test=0.7614

============================================================
Preprocess: NaN
============================================================
Loading existing folds from tmp/splits/HURRAH_seed42.pkl

--- Sample size: 100 ---
  Fold 1: train=100, test=3392
  Embedding shape: (100, 192)
  [tabpfn+DS-simple]  train=0.9656  test=0.7969
  [tabpfn+DS-vanilla] train=0.9656  test=0.7780
  [tabpfn+RSF]        train=0.9656  test=0.7849
  [tabpfn+Cox]        train=0.9896  test=0.7671
  Fold 2: train=100, test=3392
  Embedding shape: (100, 192)
  [tabpfn+DS-simple]  train=0.9648  test=0.7426
  [tabpfn+DS-vanilla] train=0.9812  test=0.7418
  [tabpfn+RSF]        train=0.9768  test=0.6247
  [tabpfn+Cox]        train=0.9925  test=0.6653
  Fold 3: train=100, test=3392
  Embedding shape: (100, 192)
  [tabpfn+DS-simple]  train=0.9504  test=0.7886
  [tabpfn+DS-vanilla] train=0.9520  test=0.7869
  [tabpfn+RSF]        train=0.9432  test=0.7877
  [tabpfn+Cox]        train=0.9736  test=0.7444
  Fold 4: train=100, test=3391
  Embedding shape: (100, 192)
  [tabpfn+DS-simple]  train=0.9475  test=0.7786
  [tabpfn+DS-vanilla] train=0.9485  test=0.6549
  [tabpfn+RSF]        train=0.9618  test=0.7556
  [tabpfn+Cox]        train=0.9857  test=0.7663
  Fold 5: train=100, test=3391
  Embedding shape: (100, 192)
  [tabpfn+DS-simple]  train=0.9426  test=0.7899
  [tabpfn+DS-vanilla] train=0.9646  test=0.6121
  [tabpfn+RSF]        train=0.9409  test=0.7648
  [tabpfn+Cox]        train=0.9858  test=0.6271

Data saved → results/HURRAH/tabpfn/results_samplesize_HURRAH_tabpfn_seed42_data.txt

Dataset: HURRAH | Model: tabpfn | Seed: 42
======================================================================

Preprocess: -1
------------------------------------------------------------

  Sample size (requested):    100  |  actual mean: 100
    TRAIN tabpfn+DS-simple            → mean: 0.9552 | std: 0.0105 | min: 0.9405 | max: 0.9673
    TEST  tabpfn+DS-simple            → mean: 0.7783 | std: 0.0203 | min: 0.7453 | max: 0.8015
    TRAIN tabpfn+DS-vanilla           → mean: 0.9597 | std: 0.0141 | min: 0.9433 | max: 0.9824
    TEST  tabpfn+DS-vanilla           → mean: 0.7639 | std: 0.0339 | min: 0.7080 | max: 0.7977
    TRAIN tabpfn+RSF                  → mean: 0.9619 | std: 0.0168 | min: 0.9412 | max: 0.9805
    TEST  tabpfn+RSF                  → mean: 0.7059 | std: 0.0479 | min: 0.6260 | max: 0.7622
    TRAIN tabpfn+Cox                  → mean: 0.9806 | std: 0.0096 | min: 0.9635 | max: 0.9925
    TEST  tabpfn+Cox                  → mean: 0.7241 | std: 0.0372 | min: 0.6590 | max: 0.7750
    TRAIN DS-simple (base)            → mean: 0.9173 | std: 0.0333 | min: 0.8657 | max: 0.9708
    TEST  DS-simple (base)            → mean: 0.7418 | std: 0.0411 | min: 0.6698 | max: 0.7926
    TRAIN DS-vanilla (base)           → mean: 0.7221 | std: 0.1282 | min: 0.4981 | max: 0.8379
    TEST  DS-vanilla (base)           → mean: 0.5921 | std: 0.0780 | min: 0.4869 | max: 0.6904
    TRAIN RSF (base)                  → mean: 0.9683 | std: 0.0127 | min: 0.9464 | max: 0.9862
    TEST  RSF (base)                  → mean: 0.7242 | std: 0.0329 | min: 0.6778 | max: 0.7785
    TRAIN Cox (base)                  → mean: 0.9479 | std: 0.0215 | min: 0.9209 | max: 0.9761
    TEST  Cox (base)                  → mean: 0.7591 | std: 0.0273 | min: 0.7074 | max: 0.7876

Preprocess: NaN
------------------------------------------------------------

  Sample size (requested):    100  |  actual mean: 100
    TRAIN tabpfn+DS-simple            → mean: 0.9542 | std: 0.0093 | min: 0.9426 | max: 0.9656
    TEST  tabpfn+DS-simple            → mean: 0.7793 | std: 0.0193 | min: 0.7426 | max: 0.7969
    TRAIN tabpfn+DS-vanilla           → mean: 0.9624 | std: 0.0116 | min: 0.9485 | max: 0.9812
    TEST  tabpfn+DS-vanilla           → mean: 0.7147 | std: 0.0694 | min: 0.6121 | max: 0.7869
    TRAIN tabpfn+RSF                  → mean: 0.9577 | std: 0.0137 | min: 0.9409 | max: 0.9768
    TEST  tabpfn+RSF                  → mean: 0.7436 | std: 0.0606 | min: 0.6247 | max: 0.7877
    TRAIN tabpfn+Cox                  → mean: 0.9854 | std: 0.0064 | min: 0.9736 | max: 0.9925
    TEST  tabpfn+Cox                  → mean: 0.7140 | std: 0.0573 | min: 0.6271 | max: 0.7671
Text summary saved → results/HURRAH/tabpfn/results_samplesize_HURRAH_tabpfn_seed42.txt
