/scratch.hpc/luca.cotugno/Foundation_model_clinical_data/.venv/lib/python3.12/site-packages/torchtuples/tupletree.py:146: UserWarning: The given NumPy array is not writable, and PyTorch does not support non-writable tensors. This means writing to this tensor will result in undefined behavior. You may want to copy the array to protect its data or make it writable before converting it to a tensor. This type of warning will be suppressed for the rest of this program. (Triggered internally at /pytorch/torch/csrc/utils/tensor_numpy.cpp:213.)
  return torch.from_numpy(data)
/scratch.hpc/luca.cotugno/Foundation_model_clinical_data/.venv/lib/python3.12/site-packages/sklearn/impute/_iterative.py:867: ConvergenceWarning: [IterativeImputer] Early stopping criterion not reached.
  warnings.warn(
STARTED

============================================================
Dataset: OrmoniTirodei
============================================================
Loading existing folds from tmp/splits/OrmoniTirodei_seed456.pkl
Generating NaN ordering → tmp/masks/OrmoniTirodei_tabpfn_seed456_fold0_eval.npy
Generating NaN ordering → tmp/masks/OrmoniTirodei_tabpfn_seed456_fold1_train.npy
Generating NaN ordering → tmp/masks/OrmoniTirodei_tabpfn_seed456_fold1_test.npy
[fold=1, target=10%] actual NaN%: 10.0%
X_train shape: (5161, 76), X_test shape: (1291, 76)
Generating TabPFN Embeddings...
Successfully generated embeddings with shape: (5161, 192)
Fitting SimpleImputer (mean)...
Fitting SimpleImputer (median)...
Fitting SimpleImputer (constant, fill=-1)...
Fitting KNNImputer...
Fitting IterativeImputer (BayesianRidge, MICE-like)...
Fitting DeepSurv Simple pilot model...
0:	[0s / 0s],		train_loss: 124.7899,	val_loss: 30.6507
1:	[0s / 0s],		train_loss: 16.4723,	val_loss: 20.4442
2:	[0s / 0s],		train_loss: 12.3177,	val_loss: 13.7179
3:	[0s / 0s],		train_loss: 9.4084,	val_loss: 11.1596
4:	[0s / 0s],		train_loss: 7.7842,	val_loss: 9.5870
5:	[0s / 0s],		train_loss: 7.1525,	val_loss: 9.7535
6:	[0s / 0s],		train_loss: 7.2768,	val_loss: 9.0844
7:	[0s / 1s],		train_loss: 6.1795,	val_loss: 7.8254
8:	[0s / 1s],		train_loss: 6.6902,	val_loss: 8.7390
9:	[0s / 1s],		train_loss: 6.6338,	val_loss: 8.9617
10:	[0s / 1s],		train_loss: 6.1948,	val_loss: 8.2776
11:	[0s / 1s],		train_loss: 5.2710,	val_loss: 7.8859
12:	[0s / 1s],		train_loss: 5.3138,	val_loss: 7.5396
13:	[0s / 1s],		train_loss: 4.8638,	val_loss: 6.9839
14:	[0s / 1s],		train_loss: 4.5831,	val_loss: 6.6026
15:	[0s / 1s],		train_loss: 4.4859,	val_loss: 6.5322
16:	[0s / 1s],		train_loss: 4.5840,	val_loss: 6.4325
17:	[0s / 1s],		train_loss: 4.5974,	val_loss: 6.7195
18:	[0s / 1s],		train_loss: 5.2496,	val_loss: 7.0269
19:	[0s / 1s],		train_loss: 4.7588,	val_loss: 6.6929
20:	[0s / 1s],		train_loss: 4.9892,	val_loss: 6.6419
21:	[0s / 1s],		train_loss: 4.7558,	val_loss: 7.1061
22:	[0s / 2s],		train_loss: 5.8393,	val_loss: 7.7616
23:	[0s / 2s],		train_loss: 6.8113,	val_loss: 10.2666
24:	[0s / 2s],		train_loss: 8.0793,	val_loss: 9.5075
25:	[0s / 2s],		train_loss: 7.0658,	val_loss: 8.0027
26:	[0s / 2s],		train_loss: 5.4992,	val_loss: 6.6259
27:	[0s / 2s],		train_loss: 4.5612,	val_loss: 6.5349
28:	[0s / 2s],		train_loss: 4.7306,	val_loss: 6.5972
29:	[0s / 2s],		train_loss: 5.0857,	val_loss: 7.4853
30:	[0s / 2s],		train_loss: 5.7000,	val_loss: 7.0841
31:	[0s / 2s],		train_loss: 4.9023,	val_loss: 7.9451
32:	[0s / 2s],		train_loss: 5.7746,	val_loss: 7.9827
33:	[0s / 2s],		train_loss: 5.8360,	val_loss: 10.3005
34:	[0s / 2s],		train_loss: 6.6854,	val_loss: 11.7103
35:	[0s / 2s],		train_loss: 9.6882,	val_loss: 13.0032
36:	[0s / 2s],		train_loss: 8.4136,	val_loss: 11.9065
Saved fixed_epochs=17 → nan/tabpfn/OrmoniTirodei/nan_percentage0.1/seed456/fold1/fixed_epochs_deepsurv_simple.json
Fitting DeepSurv Vanilla pilot model...
0:	[0s / 0s],		train_loss: 4.8628,	val_loss: 6.6792
1:	[0s / 0s],		train_loss: 4.6362,	val_loss: 6.4395
2:	[0s / 0s],		train_loss: 4.5132,	val_loss: 6.3661
3:	[0s / 0s],		train_loss: 4.5062,	val_loss: 6.4072
4:	[0s / 0s],		train_loss: 4.4896,	val_loss: 6.3625
5:	[0s / 0s],		train_loss: 4.4799,	val_loss: 6.3561
6:	[0s / 0s],		train_loss: 4.4625,	val_loss: 6.3409
7:	[0s / 0s],		train_loss: 4.4233,	val_loss: 6.3492
8:	[0s / 0s],		train_loss: 4.4298,	val_loss: 6.3586
9:	[0s / 0s],		train_loss: 4.4141,	val_loss: 6.3352
10:	[0s / 1s],		train_loss: 4.4268,	val_loss: 6.3376
11:	[0s / 1s],		train_loss: 4.4318,	val_loss: 6.3034
12:	[0s / 1s],		train_loss: 4.3912,	val_loss: 6.3047
13:	[0s / 1s],		train_loss: 4.4105,	val_loss: 6.3103
14:	[0s / 1s],		train_loss: 4.4286,	val_loss: 6.3032
15:	[0s / 1s],		train_loss: 4.4082,	val_loss: 6.3080
16:	[0s / 1s],		train_loss: 4.4025,	val_loss: 6.2976
17:	[0s / 1s],		train_loss: 4.3745,	val_loss: 6.3698
18:	[0s / 1s],		train_loss: 4.3616,	val_loss: 6.2946
19:	[0s / 1s],		train_loss: 4.3775,	val_loss: 6.3239
20:	[0s / 1s],		train_loss: 4.3476,	val_loss: 6.3120
21:	[0s / 2s],		train_loss: 4.3632,	val_loss: 6.3144
22:	[0s / 2s],		train_loss: 4.3688,	val_loss: 6.2899
23:	[0s / 2s],		train_loss: 4.3646,	val_loss: 6.3542
24:	[0s / 2s],		train_loss: 4.4015,	val_loss: 6.3128
25:	[0s / 2s],		train_loss: 4.3744,	val_loss: 6.3027
26:	[0s / 2s],		train_loss: 4.3372,	val_loss: 6.3298
27:	[0s / 2s],		train_loss: 4.3527,	val_loss: 6.3030
28:	[0s / 2s],		train_loss: 4.3683,	val_loss: 6.3039
29:	[0s / 2s],		train_loss: 4.3709,	val_loss: 6.3005
30:	[0s / 2s],		train_loss: 4.3296,	val_loss: 6.2923
31:	[0s / 2s],		train_loss: 4.3467,	val_loss: 6.2937
32:	[0s / 3s],		train_loss: 4.3341,	val_loss: 6.3108
33:	[0s / 3s],		train_loss: 4.3238,	val_loss: 6.2871
34:	[0s / 3s],		train_loss: 4.3342,	val_loss: 6.2989
35:	[0s / 3s],		train_loss: 4.3323,	val_loss: 6.3027
36:	[0s / 3s],		train_loss: 4.3274,	val_loss: 6.3159
37:	[0s / 3s],		train_loss: 4.3243,	val_loss: 6.2995
38:	[0s / 3s],		train_loss: 4.3524,	val_loss: 6.3143
39:	[0s / 3s],		train_loss: 4.3442,	val_loss: 6.3067
40:	[0s / 3s],		train_loss: 4.3497,	val_loss: 6.3031
41:	[0s / 3s],		train_loss: 4.3542,	val_loss: 6.3375
42:	[0s / 3s],		train_loss: 4.3148,	val_loss: 6.3174
43:	[0s / 4s],		train_loss: 4.3313,	val_loss: 6.2979
44:	[0s / 4s],		train_loss: 4.3414,	val_loss: 6.3116
45:	[0s / 4s],		train_loss: 4.3543,	val_loss: 6.3036
46:	[0s / 4s],		train_loss: 4.3066,	val_loss: 6.2986
47:	[0s / 4s],		train_loss: 4.3270,	val_loss: 6.2975
48:	[0s / 4s],		train_loss: 4.3135,	val_loss: 6.2903
49:	[0s / 4s],		train_loss: 4.3133,	val_loss: 6.3304
50:	[0s / 4s],		train_loss: 4.3325,	val_loss: 6.3069
51:	[0s / 4s],		train_loss: 4.3077,	val_loss: 6.3028
52:	[0s / 4s],		train_loss: 4.3181,	val_loss: 6.3079
53:	[0s / 4s],		train_loss: 4.3005,	val_loss: 6.2825
54:	[0s / 5s],		train_loss: 4.3046,	val_loss: 6.2872
55:	[0s / 5s],		train_loss: 4.2835,	val_loss: 6.3038
56:	[0s / 5s],		train_loss: 4.2979,	val_loss: 6.2927
57:	[0s / 5s],		train_loss: 4.2714,	val_loss: 6.3555
58:	[0s / 5s],		train_loss: 4.2826,	val_loss: 6.3206
59:	[0s / 5s],		train_loss: 4.3090,	val_loss: 6.3270
60:	[0s / 5s],		train_loss: 4.3261,	val_loss: 6.3260
61:	[0s / 5s],		train_loss: 4.3313,	val_loss: 6.2949
62:	[0s / 5s],		train_loss: 4.3070,	val_loss: 6.2848
63:	[0s / 5s],		train_loss: 4.2617,	val_loss: 6.2970
64:	[0s / 5s],		train_loss: 4.2844,	val_loss: 6.3043
65:	[0s / 5s],		train_loss: 4.2665,	val_loss: 6.3071
66:	[0s / 6s],		train_loss: 4.2850,	val_loss: 6.3011
67:	[0s / 6s],		train_loss: 4.2670,	val_loss: 6.3026
68:	[0s / 6s],		train_loss: 4.2799,	val_loss: 6.3004
69:	[0s / 6s],		train_loss: 4.2918,	val_loss: 6.2942
70:	[0s / 6s],		train_loss: 4.3132,	val_loss: 6.3104
71:	[0s / 6s],		train_loss: 4.2991,	val_loss: 6.3172
72:	[0s / 6s],		train_loss: 4.2863,	val_loss: 6.3389
73:	[0s / 6s],		train_loss: 4.2624,	val_loss: 6.3083
Saved fixed_epochs=54 → nan/tabpfn/OrmoniTirodei/nan_percentage0.1/seed456/fold1/fixed_epochs_deepsurv_vanilla.json
Evaluating method: embeddings
Fitting Random Survival Forest model...
C-index TRAIN: 0.9269865896936035
C-index TEST : 0.7684011364359936
Fitting deepsurv_simple.pt...
0:	[0s / 0s],		train_loss: 3.5063
1:	[0s / 0s],		train_loss: 3.2623
2:	[0s / 0s],		train_loss: 3.2065
3:	[0s / 0s],		train_loss: 3.2347
4:	[0s / 0s],		train_loss: 3.2257
5:	[0s / 0s],		train_loss: 3.2367
6:	[0s / 0s],		train_loss: 3.2431
7:	[0s / 0s],		train_loss: 3.2131
8:	[0s / 0s],		train_loss: 3.2276
9:	[0s / 0s],		train_loss: 3.2281
10:	[0s / 0s],		train_loss: 3.2236
11:	[0s / 0s],		train_loss: 3.2296
12:	[0s / 0s],		train_loss: 3.2238
13:	[0s / 0s],		train_loss: 3.2135
14:	[0s / 0s],		train_loss: 3.2080
15:	[0s / 0s],		train_loss: 3.2001
16:	[0s / 1s],		train_loss: 3.2210
C-index TRAIN: 0.9193817416449707
C-index TEST : 0.7884282435271965
Fitting deepsurv_vanilla.pt...
0:	[0s / 0s],		train_loss: 3.4700
1:	[0s / 0s],		train_loss: 3.2787
2:	[0s / 0s],		train_loss: 3.2661
3:	[0s / 0s],		train_loss: 3.2679
4:	[0s / 0s],		train_loss: 3.2635
5:	[0s / 0s],		train_loss: 3.2658
6:	[0s / 0s],		train_loss: 3.2319
7:	[0s / 0s],		train_loss: 3.2487
8:	[0s / 0s],		train_loss: 3.2475
9:	[0s / 0s],		train_loss: 3.2469
10:	[0s / 0s],		train_loss: 3.2614
11:	[0s / 1s],		train_loss: 3.2324
12:	[0s / 1s],		train_loss: 3.2436
13:	[0s / 1s],		train_loss: 3.2332
14:	[0s / 1s],		train_loss: 3.2336
15:	[0s / 1s],		train_loss: 3.2265
16:	[0s / 1s],		train_loss: 3.2116
17:	[0s / 1s],		train_loss: 3.2357
18:	[0s / 1s],		train_loss: 3.2187
19:	[0s / 1s],		train_loss: 3.2312
20:	[0s / 1s],		train_loss: 3.2173
21:	[0s / 1s],		train_loss: 3.2283
22:	[0s / 1s],		train_loss: 3.2226
23:	[0s / 2s],		train_loss: 3.2153
24:	[0s / 2s],		train_loss: 3.2268
25:	[0s / 2s],		train_loss: 3.2274
26:	[0s / 2s],		train_loss: 3.2132
27:	[0s / 2s],		train_loss: 3.2308
28:	[0s / 2s],		train_loss: 3.2057
29:	[0s / 2s],		train_loss: 3.2121
30:	[0s / 2s],		train_loss: 3.2135
31:	[0s / 2s],		train_loss: 3.2325
32:	[0s / 2s],		train_loss: 3.2004
33:	[0s / 2s],		train_loss: 3.2263
34:	[0s / 2s],		train_loss: 3.2185
35:	[0s / 3s],		train_loss: 3.2174
36:	[0s / 3s],		train_loss: 3.2195
37:	[0s / 3s],		train_loss: 3.2112
38:	[0s / 3s],		train_loss: 3.2310
39:	[0s / 3s],		train_loss: 3.2130
40:	[0s / 3s],		train_loss: 3.2213
41:	[0s / 3s],		train_loss: 3.2148
42:	[0s / 3s],		train_loss: 3.2240
43:	[0s / 3s],		train_loss: 3.2081
44:	[0s / 3s],		train_loss: 3.2175
45:	[0s / 3s],		train_loss: 3.1988
46:	[0s / 3s],		train_loss: 3.2056
47:	[0s / 4s],		train_loss: 3.2052
48:	[0s / 4s],		train_loss: 3.2046
49:	[0s / 4s],		train_loss: 3.2056
50:	[0s / 4s],		train_loss: 3.2176
51:	[0s / 4s],		train_loss: 3.2096
52:	[0s / 4s],		train_loss: 3.2147
53:	[0s / 4s],		train_loss: 3.2020
C-index TRAIN: 0.9219161932380279
C-index TEST : 0.5000727707146387
Fitting Cox model...
C-index TRAIN: 0.9195523476809152
C-index TEST : 0.7887678401955106
Evaluating method: mean
Fitting Random Survival Forest model...
C-index TRAIN: 0.7946550099563742
C-index TEST : 0.7685891274488104
Fitting deepsurv_simple.pt...
0:	[0s / 0s],		train_loss: 138.3287
1:	[0s / 0s],		train_loss: 27.5554
2:	[0s / 0s],		train_loss: 15.5049
3:	[0s / 0s],		train_loss: 10.4396
4:	[0s / 0s],		train_loss: 8.0933
5:	[0s / 0s],		train_loss: 7.0734
6:	[0s / 0s],		train_loss: 6.8721
7:	[0s / 0s],		train_loss: 5.4494
8:	[0s / 0s],		train_loss: 4.9015
9:	[0s / 0s],		train_loss: 4.8215
10:	[0s / 0s],		train_loss: 6.3113
11:	[0s / 0s],		train_loss: 6.3782
12:	[0s / 0s],		train_loss: 5.1710
13:	[0s / 0s],		train_loss: 4.4994
14:	[0s / 0s],		train_loss: 4.4370
15:	[0s / 0s],		train_loss: 6.5120
16:	[0s / 1s],		train_loss: 6.7867
C-index TRAIN: 0.7482362621076154
C-index TEST : 0.7313032325357866
Fitting deepsurv_vanilla.pt...
0:	[0s / 0s],		train_loss: 4.7587
1:	[0s / 0s],		train_loss: 4.5466
2:	[0s / 0s],		train_loss: 4.5194
3:	[0s / 0s],		train_loss: 4.4945
4:	[0s / 0s],		train_loss: 4.4832
5:	[0s / 0s],		train_loss: 4.4426
6:	[0s / 0s],		train_loss: 4.4358
7:	[0s / 0s],		train_loss: 4.4455
8:	[0s / 0s],		train_loss: 4.4256
9:	[0s / 0s],		train_loss: 4.4282
10:	[0s / 0s],		train_loss: 4.4169
11:	[0s / 1s],		train_loss: 4.4068
12:	[0s / 1s],		train_loss: 4.3864
13:	[0s / 1s],		train_loss: 4.4043
14:	[0s / 1s],		train_loss: 4.4331
15:	[0s / 1s],		train_loss: 4.4432
16:	[0s / 1s],		train_loss: 4.3975
17:	[0s / 1s],		train_loss: 4.3854
18:	[0s / 1s],		train_loss: 4.3948
19:	[0s / 1s],		train_loss: 4.3820
20:	[0s / 1s],		train_loss: 4.3703
21:	[0s / 1s],		train_loss: 4.3750
22:	[0s / 1s],		train_loss: 4.3329
23:	[0s / 2s],		train_loss: 4.3751
24:	[0s / 2s],		train_loss: 4.3583
25:	[0s / 2s],		train_loss: 4.3863
26:	[0s / 2s],		train_loss: 4.3627
27:	[0s / 2s],		train_loss: 4.3409
28:	[0s / 2s],		train_loss: 4.3680
29:	[0s / 2s],		train_loss: 4.3519
30:	[0s / 2s],		train_loss: 4.3486
31:	[0s / 2s],		train_loss: 4.3467
32:	[0s / 2s],		train_loss: 4.3403
33:	[0s / 2s],		train_loss: 4.3633
34:	[0s / 2s],		train_loss: 4.3585
35:	[0s / 2s],		train_loss: 4.3658
36:	[0s / 3s],		train_loss: 4.3375
37:	[0s / 3s],		train_loss: 4.3419
38:	[0s / 3s],		train_loss: 4.3463
39:	[0s / 3s],		train_loss: 4.3544
40:	[0s / 3s],		train_loss: 4.3249
41:	[0s / 3s],		train_loss: 4.3187
42:	[0s / 3s],		train_loss: 4.3747
43:	[0s / 3s],		train_loss: 4.3294
44:	[0s / 3s],		train_loss: 4.3396
45:	[0s / 3s],		train_loss: 4.3053
46:	[0s / 3s],		train_loss: 4.3437
47:	[0s / 4s],		train_loss: 4.3391
48:	[0s / 4s],		train_loss: 4.3486
49:	[0s / 4s],		train_loss: 4.3327
50:	[0s / 4s],		train_loss: 4.3565
51:	[0s / 4s],		train_loss: 4.3228
52:	[0s / 4s],		train_loss: 4.3450
53:	[0s / 4s],		train_loss: 4.3089
C-index TRAIN: 0.8076732397899568
C-index TEST : 0.7737376555095011
Fitting Cox model...
C-index TRAIN: 0.795697218710965
C-index TEST : 0.7751809413498361
Evaluating method: median
Fitting Random Survival Forest model...
C-index TRAIN: 0.7945039097527669
C-index TEST : 0.7689833021531035
Fitting deepsurv_simple.pt...
0:	[0s / 0s],		train_loss: 76.1938
1:	[0s / 0s],		train_loss: 16.6216
2:	[0s / 0s],		train_loss: 10.0886
3:	[0s / 0s],		train_loss: 7.0656
4:	[0s / 0s],		train_loss: 6.6518
5:	[0s / 0s],		train_loss: 8.1180
6:	[0s / 0s],		train_loss: 9.3234
7:	[0s / 0s],		train_loss: 8.8552
8:	[0s / 0s],		train_loss: 7.1431
9:	[0s / 0s],		train_loss: 8.7530
10:	[0s / 0s],		train_loss: 8.3721
11:	[0s / 0s],		train_loss: 7.8949
12:	[0s / 0s],		train_loss: 5.9798
13:	[0s / 0s],		train_loss: 7.0880
14:	[0s / 0s],		train_loss: 6.0517
15:	[0s / 0s],		train_loss: 7.8321
16:	[0s / 1s],		train_loss: 8.7355
C-index TRAIN: 0.7532476744194728
C-index TEST : 0.7334969663708335
Fitting deepsurv_vanilla.pt...
0:	[0s / 0s],		train_loss: 4.9349
1:	[0s / 0s],		train_loss: 4.6650
2:	[0s / 0s],		train_loss: 4.6017
3:	[0s / 0s],		train_loss: 4.4850
4:	[0s / 0s],		train_loss: 4.5009
5:	[0s / 0s],		train_loss: 4.4488
6:	[0s / 0s],		train_loss: 4.4742
7:	[0s / 0s],		train_loss: 4.4381
8:	[0s / 0s],		train_loss: 4.4551
9:	[0s / 0s],		train_loss: 4.4573
10:	[0s / 0s],		train_loss: 4.3999
11:	[0s / 0s],		train_loss: 4.4028
12:	[0s / 1s],		train_loss: 4.4154
13:	[0s / 1s],		train_loss: 4.4385
14:	[0s / 1s],		train_loss: 4.3868
15:	[0s / 1s],		train_loss: 4.4266
16:	[0s / 1s],		train_loss: 4.4190
17:	[0s / 1s],		train_loss: 4.3583
18:	[0s / 1s],		train_loss: 4.3801
19:	[0s / 1s],		train_loss: 4.3929
20:	[0s / 1s],		train_loss: 4.3874
21:	[0s / 1s],		train_loss: 4.3596
22:	[0s / 1s],		train_loss: 4.3610
23:	[0s / 1s],		train_loss: 4.3751
24:	[0s / 2s],		train_loss: 4.3709
25:	[0s / 2s],		train_loss: 4.3667
26:	[0s / 2s],		train_loss: 4.3683
27:	[0s / 2s],		train_loss: 4.3586
28:	[0s / 2s],		train_loss: 4.3446
29:	[0s / 2s],		train_loss: 4.3530
30:	[0s / 2s],		train_loss: 4.3544
31:	[0s / 2s],		train_loss: 4.3735
32:	[0s / 2s],		train_loss: 4.3401
33:	[0s / 2s],		train_loss: 4.3881
34:	[0s / 2s],		train_loss: 4.3602
35:	[0s / 2s],		train_loss: 4.3766
36:	[0s / 3s],		train_loss: 4.3529
37:	[0s / 3s],		train_loss: 4.3517
38:	[0s / 3s],		train_loss: 4.3806
39:	[0s / 3s],		train_loss: 4.3428
40:	[0s / 3s],		train_loss: 4.3665
41:	[0s / 3s],		train_loss: 4.3396
42:	[0s / 3s],		train_loss: 4.3740
43:	[0s / 3s],		train_loss: 4.3599
44:	[0s / 3s],		train_loss: 4.3516
45:	[0s / 3s],		train_loss: 4.3509
46:	[0s / 3s],		train_loss: 4.3347
47:	[0s / 3s],		train_loss: 4.3128
48:	[0s / 4s],		train_loss: 4.3312
49:	[0s / 4s],		train_loss: 4.3084
50:	[0s / 4s],		train_loss: 4.3386
51:	[0s / 4s],		train_loss: 4.3109
52:	[0s / 4s],		train_loss: 4.3287
53:	[0s / 4s],		train_loss: 4.3083
C-index TRAIN: 0.8113851343531866
C-index TEST : 0.768898402986025
Fitting Cox model...
C-index TRAIN: 0.7945574807946881
C-index TEST : 0.7742743395299618
Evaluating method: constant
Fitting Random Survival Forest model...
C-index TRAIN: 0.7937027706868218
C-index TEST : 0.7644745499586116
Fitting deepsurv_simple.pt...
0:	[0s / 0s],		train_loss: 29.2492
1:	[0s / 0s],		train_loss: 9.6181
2:	[0s / 0s],		train_loss: 6.9801
3:	[0s / 0s],		train_loss: 6.0892
4:	[0s / 0s],		train_loss: 5.6462
5:	[0s / 0s],		train_loss: 5.1724
6:	[0s / 0s],		train_loss: 4.8485
7:	[0s / 0s],		train_loss: 5.2942
8:	[0s / 0s],		train_loss: 5.9430
9:	[0s / 0s],		train_loss: 5.5098
10:	[0s / 0s],		train_loss: 5.6051
11:	[0s / 0s],		train_loss: 5.9976
12:	[0s / 0s],		train_loss: 8.2000
13:	[0s / 0s],		train_loss: 7.6826
14:	[0s / 0s],		train_loss: 6.5370
15:	[0s / 0s],		train_loss: 6.9136
16:	[0s / 1s],		train_loss: 8.8938
C-index TRAIN: 0.7008334496839121
C-index TEST : 0.6833458155323027
Fitting deepsurv_vanilla.pt...
0:	[0s / 0s],		train_loss: 4.8724
1:	[0s / 0s],		train_loss: 4.6990
2:	[0s / 0s],		train_loss: 4.7036
3:	[0s / 0s],		train_loss: 4.6553
4:	[0s / 0s],		train_loss: 4.5822
5:	[0s / 0s],		train_loss: 4.5481
6:	[0s / 0s],		train_loss: 4.5174
7:	[0s / 0s],		train_loss: 4.5250
8:	[0s / 0s],		train_loss: 4.5133
9:	[0s / 0s],		train_loss: 4.5202
10:	[0s / 0s],		train_loss: 4.5135
11:	[0s / 0s],		train_loss: 4.4963
12:	[0s / 1s],		train_loss: 4.4946
13:	[0s / 1s],		train_loss: 4.5119
14:	[0s / 1s],		train_loss: 4.4821
15:	[0s / 1s],		train_loss: 4.4443
16:	[0s / 1s],		train_loss: 4.4653
17:	[0s / 1s],		train_loss: 4.4542
18:	[0s / 1s],		train_loss: 4.4604
19:	[0s / 1s],		train_loss: 4.4355
20:	[0s / 1s],		train_loss: 4.4598
21:	[0s / 1s],		train_loss: 4.4427
22:	[0s / 1s],		train_loss: 4.4303
23:	[0s / 1s],		train_loss: 4.4312
24:	[0s / 2s],		train_loss: 4.4455
25:	[0s / 2s],		train_loss: 4.4193
26:	[0s / 2s],		train_loss: 4.4161
27:	[0s / 2s],		train_loss: 4.4300
28:	[0s / 2s],		train_loss: 4.4068
29:	[0s / 2s],		train_loss: 4.4330
30:	[0s / 2s],		train_loss: 4.4015
31:	[0s / 2s],		train_loss: 4.4051
32:	[0s / 2s],		train_loss: 4.3944
33:	[0s / 2s],		train_loss: 4.4069
34:	[0s / 2s],		train_loss: 4.3965
35:	[0s / 2s],		train_loss: 4.3849
36:	[0s / 3s],		train_loss: 4.3892
37:	[0s / 3s],		train_loss: 4.3933
38:	[0s / 3s],		train_loss: 4.3643
39:	[0s / 3s],		train_loss: 4.4304
40:	[0s / 3s],		train_loss: 4.3764
41:	[0s / 3s],		train_loss: 4.3689
42:	[0s / 3s],		train_loss: 4.3606
43:	[0s / 3s],		train_loss: 4.4007
44:	[0s / 3s],		train_loss: 4.3816
45:	[0s / 3s],		train_loss: 4.3781
46:	[0s / 3s],		train_loss: 4.3894
47:	[0s / 3s],		train_loss: 4.3531
48:	[0s / 4s],		train_loss: 4.3777
49:	[0s / 4s],		train_loss: 4.3619
50:	[0s / 4s],		train_loss: 4.3488
51:	[0s / 4s],		train_loss: 4.3330
52:	[0s / 4s],		train_loss: 4.3415
53:	[0s / 4s],		train_loss: 4.3527
C-index TRAIN: 0.811339776293302
C-index TEST : 0.7437894743225502
Fitting Cox model...
C-index TRAIN: 0.7437409610532926
C-index TEST : 0.7123252365806254
Evaluating method: knn
Fitting Random Survival Forest model...
C-index TRAIN: 0.795299355728891
C-index TEST : 0.7691349078086009
Fitting deepsurv_simple.pt...
0:	[0s / 0s],		train_loss: 74.1114
1:	[0s / 0s],		train_loss: 17.6362
2:	[0s / 0s],		train_loss: 11.5914
3:	[0s / 0s],		train_loss: 9.4328
4:	[0s / 0s],		train_loss: 7.9538
5:	[0s / 0s],		train_loss: 7.8251
6:	[0s / 0s],		train_loss: 7.7437
7:	[0s / 0s],		train_loss: 6.8616
8:	[0s / 0s],		train_loss: 5.6283
9:	[0s / 0s],		train_loss: 4.6932
10:	[0s / 0s],		train_loss: 4.4520
11:	[0s / 0s],		train_loss: 4.4631
12:	[0s / 0s],		train_loss: 4.4379
13:	[0s / 0s],		train_loss: 4.4813
14:	[0s / 0s],		train_loss: 4.5606
15:	[0s / 0s],		train_loss: 4.4829
16:	[0s / 1s],		train_loss: 4.4754
C-index TRAIN: 0.775188095954509
C-index TEST : 0.7627977914088108
Fitting deepsurv_vanilla.pt...
0:	[0s / 0s],		train_loss: 4.7817
1:	[0s / 0s],		train_loss: 4.5664
2:	[0s / 0s],		train_loss: 4.5257
3:	[0s / 0s],		train_loss: 4.5083
4:	[0s / 0s],		train_loss: 4.4771
5:	[0s / 0s],		train_loss: 4.4775
6:	[0s / 0s],		train_loss: 4.4505
7:	[0s / 0s],		train_loss: 4.4384
8:	[0s / 0s],		train_loss: 4.4470
9:	[0s / 0s],		train_loss: 4.4458
10:	[0s / 0s],		train_loss: 4.4293
11:	[0s / 0s],		train_loss: 4.4205
12:	[0s / 1s],		train_loss: 4.4068
13:	[0s / 1s],		train_loss: 4.4160
14:	[0s / 1s],		train_loss: 4.4205
15:	[0s / 1s],		train_loss: 4.3962
16:	[0s / 1s],		train_loss: 4.4188
17:	[0s / 1s],		train_loss: 4.4232
18:	[0s / 1s],		train_loss: 4.4097
19:	[0s / 1s],		train_loss: 4.3848
20:	[0s / 1s],		train_loss: 4.3678
21:	[0s / 1s],		train_loss: 4.3880
22:	[0s / 1s],		train_loss: 4.4011
23:	[0s / 1s],		train_loss: 4.4010
24:	[0s / 2s],		train_loss: 4.3940
25:	[0s / 2s],		train_loss: 4.3871
26:	[0s / 2s],		train_loss: 4.3813
27:	[0s / 2s],		train_loss: 4.3915
28:	[0s / 2s],		train_loss: 4.3667
29:	[0s / 2s],		train_loss: 4.3671
30:	[0s / 2s],		train_loss: 4.3580
31:	[0s / 2s],		train_loss: 4.3681
32:	[0s / 2s],		train_loss: 4.3739
33:	[0s / 2s],		train_loss: 4.3758
34:	[0s / 2s],		train_loss: 4.3699
35:	[0s / 3s],		train_loss: 4.3666
36:	[0s / 3s],		train_loss: 4.3501
37:	[0s / 3s],		train_loss: 4.3660
38:	[0s / 3s],		train_loss: 4.3610
39:	[0s / 3s],		train_loss: 4.3847
40:	[0s / 3s],		train_loss: 4.3588
41:	[0s / 3s],		train_loss: 4.3396
42:	[0s / 3s],		train_loss: 4.3641
43:	[0s / 3s],		train_loss: 4.3545
44:	[0s / 3s],		train_loss: 4.3472
45:	[0s / 3s],		train_loss: 4.3516
46:	[0s / 3s],		train_loss: 4.3580
47:	[0s / 3s],		train_loss: 4.3587
48:	[0s / 4s],		train_loss: 4.3234
49:	[0s / 4s],		train_loss: 4.3647
50:	[0s / 4s],		train_loss: 4.3330
51:	[0s / 4s],		train_loss: 4.3722
52:	[0s / 4s],		train_loss: 4.3359
53:	[0s / 4s],		train_loss: 4.3318
C-index TRAIN: 0.8028627655499748
C-index TEST : 0.7725642277359515
Fitting Cox model...
C-index TRAIN: 0.7953054221360771
C-index TEST : 0.7771245258533125
Evaluating method: imputer_bayesian
Fitting Random Survival Forest model...
C-index TRAIN: 0.8002154787832542
C-index TEST : 0.7731661021882761
Fitting deepsurv_simple.pt...
0:	[0s / 0s],		train_loss: 21.9783
1:	[0s / 0s],		train_loss: 8.5960
2:	[0s / 0s],		train_loss: 7.0407
3:	[0s / 0s],		train_loss: 6.3060
4:	[0s / 0s],		train_loss: 6.8196
5:	[0s / 0s],		train_loss: 6.1881
6:	[0s / 0s],		train_loss: 5.5675
7:	[0s / 0s],		train_loss: 5.3867
8:	[0s / 0s],		train_loss: 6.5505
9:	[0s / 0s],		train_loss: 7.2405
10:	[0s / 0s],		train_loss: 6.5701
11:	[0s / 0s],		train_loss: 11.7106
12:	[0s / 0s],		train_loss: 9.7470
13:	[0s / 0s],		train_loss: 7.7646
14:	[0s / 0s],		train_loss: 6.4092
15:	[0s / 1s],		train_loss: 6.2498
16:	[0s / 1s],		train_loss: 5.8661
C-index TRAIN: 0.7569517293180313
C-index TEST : 0.7310076015075666
Fitting deepsurv_vanilla.pt...
0:	[0s / 0s],		train_loss: 4.7133
1:	[0s / 0s],		train_loss: 4.5348
2:	[0s / 0s],		train_loss: 4.4764
3:	[0s / 0s],		train_loss: 4.4532
4:	[0s / 0s],		train_loss: 4.4891
5:	[0s / 0s],		train_loss: 4.4577
6:	[0s / 0s],		train_loss: 4.4486
7:	[0s / 0s],		train_loss: 4.4192
8:	[0s / 0s],		train_loss: 4.4254
9:	[0s / 0s],		train_loss: 4.4207
10:	[0s / 0s],		train_loss: 4.4158
11:	[0s / 0s],		train_loss: 4.3959
12:	[0s / 1s],		train_loss: 4.4188
13:	[0s / 1s],		train_loss: 4.4063
14:	[0s / 1s],		train_loss: 4.3837
15:	[0s / 1s],		train_loss: 4.3784
16:	[0s / 1s],		train_loss: 4.3846
17:	[0s / 1s],		train_loss: 4.3713
18:	[0s / 1s],		train_loss: 4.3773
19:	[0s / 1s],		train_loss: 4.4002
20:	[0s / 1s],		train_loss: 4.3656
21:	[0s / 1s],		train_loss: 4.3536
22:	[0s / 1s],		train_loss: 4.3704
23:	[0s / 2s],		train_loss: 4.3684
24:	[0s / 2s],		train_loss: 4.3766
25:	[0s / 2s],		train_loss: 4.3466
26:	[0s / 2s],		train_loss: 4.3802
27:	[0s / 2s],		train_loss: 4.3830
28:	[0s / 2s],		train_loss: 4.3741
29:	[0s / 2s],		train_loss: 4.3719
30:	[0s / 2s],		train_loss: 4.3573
31:	[0s / 2s],		train_loss: 4.3308
32:	[0s / 2s],		train_loss: 4.3334
33:	[0s / 2s],		train_loss: 4.3261
34:	[0s / 2s],		train_loss: 4.3664
35:	[0s / 3s],		train_loss: 4.3476
36:	[0s / 3s],		train_loss: 4.3297
37:	[0s / 3s],		train_loss: 4.3512
38:	[0s / 3s],		train_loss: 4.3674
39:	[0s / 3s],		train_loss: 4.3654
40:	[0s / 3s],		train_loss: 4.3234
41:	[0s / 3s],		train_loss: 4.3528
42:	[0s / 3s],		train_loss: 4.3710
43:	[0s / 3s],		train_loss: 4.3410
44:	[0s / 3s],		train_loss: 4.3186
45:	[0s / 3s],		train_loss: 4.3287
46:	[0s / 3s],		train_loss: 4.3626
47:	[0s / 3s],		train_loss: 4.3388
48:	[0s / 4s],		train_loss: 4.3156
49:	[0s / 4s],		train_loss: 4.3042
50:	[0s / 4s],		train_loss: 4.3361
51:	[0s / 4s],		train_loss: 4.3113
52:	[0s / 4s],		train_loss: 4.3007
53:	[0s / 4s],		train_loss: 4.3114
C-index TRAIN: 0.8060366164604585
C-index TEST : 0.7821335767109456
Fitting Cox model...
C-index TRAIN: 0.7978152347830242
C-index TEST : 0.776748543827679
[fold=1, target=30%] actual NaN%: 30.0%
X_train shape: (5161, 76), X_test shape: (1291, 76)
Generating TabPFN Embeddings...
Successfully generated embeddings with shape: (5161, 192)
Fitting SimpleImputer (mean)...
Fitting SimpleImputer (median)...
Fitting SimpleImputer (constant, fill=-1)...
Fitting KNNImputer...
Fitting IterativeImputer (BayesianRidge, MICE-like)...
Fitting DeepSurv Simple pilot model...
0:	[0s / 0s],		train_loss: 104.5493,	val_loss: 24.8743
1:	[0s / 0s],		train_loss: 17.4982,	val_loss: 16.8959
2:	[0s / 0s],		train_loss: 12.5285,	val_loss: 13.9217
3:	[0s / 0s],		train_loss: 9.5010,	val_loss: 11.1456
4:	[0s / 0s],		train_loss: 8.0246,	val_loss: 9.3155
5:	[0s / 0s],		train_loss: 6.5594,	val_loss: 7.9406
6:	[0s / 0s],		train_loss: 6.1108,	val_loss: 9.1266
7:	[0s / 0s],		train_loss: 5.8984,	val_loss: 8.5096
8:	[0s / 0s],		train_loss: 5.6950,	val_loss: 8.0573
9:	[0s / 0s],		train_loss: 5.5117,	val_loss: 7.6513
10:	[0s / 0s],		train_loss: 5.0940,	val_loss: 7.1089
11:	[0s / 0s],		train_loss: 5.5277,	val_loss: 8.3457
12:	[0s / 0s],		train_loss: 5.4972,	val_loss: 7.1633
13:	[0s / 0s],		train_loss: 4.6830,	val_loss: 6.5180
14:	[0s / 1s],		train_loss: 4.6085,	val_loss: 6.4770
15:	[0s / 1s],		train_loss: 4.6244,	val_loss: 6.8637
16:	[0s / 1s],		train_loss: 4.6469,	val_loss: 6.7245
17:	[0s / 1s],		train_loss: 4.6570,	val_loss: 6.5757
18:	[0s / 1s],		train_loss: 4.5540,	val_loss: 6.5738
19:	[0s / 1s],		train_loss: 5.1372,	val_loss: 7.7577
20:	[0s / 1s],		train_loss: 6.1509,	val_loss: 7.3756
21:	[0s / 1s],		train_loss: 4.9658,	val_loss: 9.9335
22:	[0s / 1s],		train_loss: 5.8288,	val_loss: 8.0091
23:	[0s / 1s],		train_loss: 5.9581,	val_loss: 7.7177
24:	[0s / 1s],		train_loss: 5.1175,	val_loss: 6.8125
25:	[0s / 1s],		train_loss: 5.8718,	val_loss: 7.8839
26:	[0s / 1s],		train_loss: 5.7182,	val_loss: 6.9744
27:	[0s / 1s],		train_loss: 5.2094,	val_loss: 8.6406
28:	[0s / 1s],		train_loss: 7.6128,	val_loss: 9.2096
29:	[0s / 2s],		train_loss: 6.9129,	val_loss: 7.9344
30:	[0s / 2s],		train_loss: 5.7749,	val_loss: 7.7688
31:	[0s / 2s],		train_loss: 5.1559,	val_loss: 7.0534
32:	[0s / 2s],		train_loss: 4.7114,	val_loss: 6.5253
33:	[0s / 2s],		train_loss: 4.5215,	val_loss: 6.5511
34:	[0s / 2s],		train_loss: 4.6688,	val_loss: 6.6980
Saved fixed_epochs=15 → nan/tabpfn/OrmoniTirodei/nan_percentage0.3/seed456/fold1/fixed_epochs_deepsurv_simple.json
Fitting DeepSurv Vanilla pilot model...
0:	[0s / 0s],		train_loss: 4.8361,	val_loss: 6.5883
1:	[0s / 0s],		train_loss: 4.6186,	val_loss: 6.4957
2:	[0s / 0s],		train_loss: 4.5859,	val_loss: 6.5022
3:	[0s / 0s],		train_loss: 4.5493,	val_loss: 6.4499
4:	[0s / 0s],		train_loss: 4.5470,	val_loss: 6.4461
5:	[0s / 0s],		train_loss: 4.5182,	val_loss: 6.4387
6:	[0s / 0s],		train_loss: 4.5228,	val_loss: 6.4121
7:	[0s / 0s],		train_loss: 4.4896,	val_loss: 6.4521
8:	[0s / 0s],		train_loss: 4.4945,	val_loss: 6.4076
9:	[0s / 0s],		train_loss: 4.4815,	val_loss: 6.3956
10:	[0s / 1s],		train_loss: 4.4532,	val_loss: 6.4290
11:	[0s / 1s],		train_loss: 4.4855,	val_loss: 6.4051
12:	[0s / 1s],		train_loss: 4.4555,	val_loss: 6.4249
13:	[0s / 1s],		train_loss: 4.5037,	val_loss: 6.4711
14:	[0s / 1s],		train_loss: 4.4717,	val_loss: 6.4273
15:	[0s / 1s],		train_loss: 4.4354,	val_loss: 6.4026
16:	[0s / 1s],		train_loss: 4.4527,	val_loss: 6.3956
17:	[0s / 1s],		train_loss: 4.4887,	val_loss: 6.4446
18:	[0s / 1s],		train_loss: 4.4660,	val_loss: 6.4124
19:	[0s / 1s],		train_loss: 4.4431,	val_loss: 6.4752
20:	[0s / 1s],		train_loss: 4.4891,	val_loss: 6.3652
21:	[0s / 2s],		train_loss: 4.4344,	val_loss: 6.3995
22:	[0s / 2s],		train_loss: 4.4576,	val_loss: 6.4230
23:	[0s / 2s],		train_loss: 4.4285,	val_loss: 6.4179
24:	[0s / 2s],		train_loss: 4.4224,	val_loss: 6.3975
25:	[0s / 2s],		train_loss: 4.4558,	val_loss: 6.3855
26:	[0s / 2s],		train_loss: 4.4341,	val_loss: 6.4235
27:	[0s / 2s],		train_loss: 4.4620,	val_loss: 6.3867
28:	[0s / 2s],		train_loss: 4.4334,	val_loss: 6.3881
29:	[0s / 2s],		train_loss: 4.4243,	val_loss: 6.3805
30:	[0s / 2s],		train_loss: 4.4436,	val_loss: 6.3905
31:	[0s / 2s],		train_loss: 4.4124,	val_loss: 6.4026
32:	[0s / 3s],		train_loss: 4.4121,	val_loss: 6.3671
33:	[0s / 3s],		train_loss: 4.4108,	val_loss: 6.4063
34:	[0s / 3s],		train_loss: 4.4430,	val_loss: 6.3875
35:	[0s / 3s],		train_loss: 4.4352,	val_loss: 6.4584
36:	[0s / 3s],		train_loss: 4.4227,	val_loss: 6.3966
37:	[0s / 3s],		train_loss: 4.4039,	val_loss: 6.4111
38:	[0s / 3s],		train_loss: 4.4195,	val_loss: 6.3960
39:	[0s / 3s],		train_loss: 4.4281,	val_loss: 6.3914
40:	[0s / 3s],		train_loss: 4.4293,	val_loss: 6.4030
Saved fixed_epochs=21 → nan/tabpfn/OrmoniTirodei/nan_percentage0.3/seed456/fold1/fixed_epochs_deepsurv_vanilla.json
Evaluating method: embeddings
Fitting Random Survival Forest model...
C-index TRAIN: 0.9242837719687936
C-index TEST : 0.7344642104529068
Fitting deepsurv_simple.pt...
0:	[0s / 0s],		train_loss: 3.5173
1:	[0s / 0s],		train_loss: 3.2761
2:	[0s / 0s],		train_loss: 3.2656
3:	[0s / 0s],		train_loss: 3.2333
4:	[0s / 0s],		train_loss: 3.2329
5:	[0s / 0s],		train_loss: 3.2313
6:	[0s / 0s],		train_loss: 3.2325
7:	[0s / 0s],		train_loss: 3.2241
8:	[0s / 0s],		train_loss: 3.2165
9:	[0s / 0s],		train_loss: 3.2232
10:	[0s / 0s],		train_loss: 3.2259
11:	[0s / 0s],		train_loss: 3.2200
12:	[0s / 0s],		train_loss: 3.2069
13:	[0s / 0s],		train_loss: 3.2316
14:	[0s / 0s],		train_loss: 3.2144
C-index TRAIN: 0.9179517494771691
C-index TEST : 0.7661755654132921
Fitting deepsurv_vanilla.pt...
0:	[0s / 0s],		train_loss: 3.4427
1:	[0s / 0s],		train_loss: 3.2827
2:	[0s / 0s],		train_loss: 3.2690
3:	[0s / 0s],		train_loss: 3.2590
4:	[0s / 0s],		train_loss: 3.2611
5:	[0s / 0s],		train_loss: 3.2457
6:	[0s / 0s],		train_loss: 3.2575
7:	[0s / 0s],		train_loss: 3.2606
8:	[0s / 0s],		train_loss: 3.2379
9:	[0s / 0s],		train_loss: 3.2481
10:	[0s / 0s],		train_loss: 3.2274
11:	[0s / 0s],		train_loss: 3.2369
12:	[0s / 1s],		train_loss: 3.2340
13:	[0s / 1s],		train_loss: 3.2257
14:	[0s / 1s],		train_loss: 3.2375
15:	[0s / 1s],		train_loss: 3.2323
16:	[0s / 1s],		train_loss: 3.2278
17:	[0s / 1s],		train_loss: 3.2199
18:	[0s / 1s],		train_loss: 3.2136
19:	[0s / 1s],		train_loss: 3.2181
20:	[0s / 1s],		train_loss: 3.2354
C-index TRAIN: 0.9178569268663815
C-index TEST : 0.5000727707146387
Fitting Cox model...
C-index TRAIN: 0.9168370238243676
C-index TEST : 0.7676127870274073
Evaluating method: mean
Fitting Random Survival Forest model...
C-index TRAIN: 0.7812939814521
C-index TEST : 0.7433437536953879
Fitting deepsurv_simple.pt...
0:	[0s / 0s],		train_loss: 111.4763
1:	[0s / 0s],		train_loss: 14.7782
2:	[0s / 0s],		train_loss: 9.0605
3:	[0s / 0s],		train_loss: 7.8527
4:	[0s / 0s],		train_loss: 6.0876
5:	[0s / 0s],		train_loss: 5.7827
6:	[0s / 0s],		train_loss: 5.6355
7:	[0s / 0s],		train_loss: 5.1409
8:	[0s / 0s],		train_loss: 5.5743
9:	[0s / 0s],		train_loss: 5.1776
10:	[0s / 0s],		train_loss: 4.9183
11:	[0s / 0s],		train_loss: 4.8234
12:	[0s / 0s],		train_loss: 4.6746
13:	[0s / 0s],		train_loss: 4.7784
14:	[0s / 0s],		train_loss: 4.8122
C-index TRAIN: 0.7473072618440534
C-index TEST : 0.7301358689884567
Fitting deepsurv_vanilla.pt...
0:	[0s / 0s],		train_loss: 4.8002
1:	[0s / 0s],		train_loss: 4.6455
2:	[0s / 0s],		train_loss: 4.6211
3:	[0s / 0s],		train_loss: 4.5632
4:	[0s / 0s],		train_loss: 4.5582
5:	[0s / 0s],		train_loss: 4.5244
6:	[0s / 0s],		train_loss: 4.4944
7:	[0s / 0s],		train_loss: 4.5052
8:	[0s / 0s],		train_loss: 4.4977
9:	[0s / 0s],		train_loss: 4.4796
10:	[0s / 0s],		train_loss: 4.4714
11:	[0s / 1s],		train_loss: 4.4609
12:	[0s / 1s],		train_loss: 4.4634
13:	[0s / 1s],		train_loss: 4.4472
14:	[0s / 1s],		train_loss: 4.4860
15:	[0s / 1s],		train_loss: 4.4824
16:	[0s / 1s],		train_loss: 4.4826
17:	[0s / 1s],		train_loss: 4.4432
18:	[0s / 1s],		train_loss: 4.4385
19:	[0s / 1s],		train_loss: 4.4386
20:	[0s / 1s],		train_loss: 4.4792
C-index TRAIN: 0.789317038279216
C-index TEST : 0.7497202875656074
Fitting Cox model...
C-index TRAIN: 0.7808531869730159
C-index TEST : 0.7621640797688317
Evaluating method: median
Fitting Random Survival Forest model...
C-index TRAIN: 0.7784339971164966
C-index TEST : 0.742638787397325
Fitting deepsurv_simple.pt...
0:	[0s / 0s],		train_loss: 103.7886
1:	[0s / 0s],		train_loss: 13.5991
2:	[0s / 0s],		train_loss: 8.3493
3:	[0s / 0s],		train_loss: 6.4273
4:	[0s / 0s],		train_loss: 7.2598
5:	[0s / 0s],		train_loss: 6.9959
6:	[0s / 0s],		train_loss: 6.2811
7:	[0s / 0s],		train_loss: 5.5860
8:	[0s / 0s],		train_loss: 7.0969
9:	[0s / 0s],		train_loss: 7.4692
10:	[0s / 0s],		train_loss: 6.7627
11:	[0s / 0s],		train_loss: 6.4950
12:	[0s / 0s],		train_loss: 5.6487
13:	[0s / 0s],		train_loss: 4.8295
14:	[0s / 0s],		train_loss: 6.2991
C-index TRAIN: 0.753972470084213
C-index TEST : 0.7449204525125606
Fitting deepsurv_vanilla.pt...
0:	[0s / 0s],		train_loss: 4.8059
1:	[0s / 0s],		train_loss: 4.6509
2:	[0s / 0s],		train_loss: 4.5786
3:	[0s / 0s],		train_loss: 4.5485
4:	[0s / 0s],		train_loss: 4.5538
5:	[0s / 0s],		train_loss: 4.5587
6:	[0s / 0s],		train_loss: 4.4870
7:	[0s / 0s],		train_loss: 4.4925
8:	[0s / 0s],		train_loss: 4.4901
9:	[0s / 0s],		train_loss: 4.4957
10:	[0s / 0s],		train_loss: 4.4774
11:	[0s / 1s],		train_loss: 4.4839
12:	[0s / 1s],		train_loss: 4.4528
13:	[0s / 1s],		train_loss: 4.4599
14:	[0s / 1s],		train_loss: 4.4615
15:	[0s / 1s],		train_loss: 4.4933
16:	[0s / 1s],		train_loss: 4.4640
17:	[0s / 1s],		train_loss: 4.4773
18:	[0s / 1s],		train_loss: 4.4786
19:	[0s / 1s],		train_loss: 4.4521
20:	[0s / 1s],		train_loss: 4.4623
C-index TRAIN: 0.7744025428885655
C-index TEST : 0.7481769419926441
Fitting Cox model...
C-index TRAIN: 0.7765180390684089
C-index TEST : 0.7613726982471354
Evaluating method: constant
Fitting Random Survival Forest model...
C-index TRAIN: 0.7797375280268012
C-index TEST : 0.7408816778501105
Fitting deepsurv_simple.pt...
0:	[0s / 0s],		train_loss: 20.7891
1:	[0s / 0s],		train_loss: 9.1696
2:	[0s / 0s],		train_loss: 8.5443
3:	[0s / 0s],		train_loss: 7.5710
4:	[0s / 0s],		train_loss: 6.5720
5:	[0s / 0s],		train_loss: 6.4704
6:	[0s / 0s],		train_loss: 5.7941
7:	[0s / 0s],		train_loss: 5.7202
8:	[0s / 0s],		train_loss: 6.4864
9:	[0s / 0s],		train_loss: 5.9438
10:	[0s / 0s],		train_loss: 5.2145
11:	[0s / 0s],		train_loss: 5.1465
12:	[0s / 0s],		train_loss: 5.0542
13:	[0s / 0s],		train_loss: 4.9090
14:	[0s / 0s],		train_loss: 4.9068
C-index TRAIN: 0.6662199302195181
C-index TEST : 0.6283933135841699
Fitting deepsurv_vanilla.pt...
0:	[0s / 0s],		train_loss: 4.9316
1:	[0s / 0s],		train_loss: 4.8427
2:	[0s / 0s],		train_loss: 4.7914
3:	[0s / 0s],		train_loss: 4.7910
4:	[0s / 0s],		train_loss: 4.7128
5:	[0s / 0s],		train_loss: 4.7118
6:	[0s / 0s],		train_loss: 4.6614
7:	[0s / 0s],		train_loss: 4.6617
8:	[0s / 0s],		train_loss: 4.6320
9:	[0s / 0s],		train_loss: 4.5901
10:	[0s / 0s],		train_loss: 4.5750
11:	[0s / 1s],		train_loss: 4.5868
12:	[0s / 1s],		train_loss: 4.5774
13:	[0s / 1s],		train_loss: 4.5743
14:	[0s / 1s],		train_loss: 4.5552
15:	[0s / 1s],		train_loss: 4.5255
16:	[0s / 1s],		train_loss: 4.5298
17:	[0s / 1s],		train_loss: 4.4975
18:	[0s / 1s],		train_loss: 4.5188
19:	[0s / 1s],		train_loss: 4.5170
20:	[0s / 1s],		train_loss: 4.4830
C-index TRAIN: 0.7841176606739274
C-index TEST : 0.69936598514871
Fitting Cox model...
C-index TRAIN: 0.6985480941028549
C-index TEST : 0.6561886944630583
Evaluating method: knn
Fitting Random Survival Forest model...
C-index TRAIN: 0.786425415296903
C-index TEST : 0.7409059347549901
Fitting deepsurv_simple.pt...
0:	[0s / 0s],		train_loss: 24.7463
1:	[0s / 0s],		train_loss: 11.8873
2:	[0s / 0s],		train_loss: 6.8365
3:	[0s / 0s],		train_loss: 6.8721
4:	[0s / 0s],		train_loss: 6.6027
5:	[0s / 0s],		train_loss: 5.7433
6:	[0s / 0s],		train_loss: 6.0183
7:	[0s / 0s],		train_loss: 7.0979
8:	[0s / 0s],		train_loss: 6.0286
9:	[0s / 1s],		train_loss: 6.5113
10:	[0s / 1s],		train_loss: 7.9222
11:	[0s / 1s],		train_loss: 6.9924
12:	[0s / 1s],		train_loss: 5.9825
13:	[0s / 1s],		train_loss: 4.8059
14:	[0s / 1s],		train_loss: 4.5646
C-index TRAIN: 0.7692133381814815
C-index TEST : 0.7439562405435972
Fitting deepsurv_vanilla.pt...
0:	[0s / 0s],		train_loss: 4.8141
1:	[0s / 0s],		train_loss: 4.6499
2:	[0s / 0s],		train_loss: 4.5733
3:	[0s / 0s],		train_loss: 4.5823
4:	[0s / 0s],		train_loss: 4.5434
5:	[0s / 0s],		train_loss: 4.5573
6:	[0s / 0s],		train_loss: 4.5429
7:	[0s / 0s],		train_loss: 4.5056
8:	[0s / 0s],		train_loss: 4.5283
9:	[0s / 0s],		train_loss: 4.4765
10:	[0s / 0s],		train_loss: 4.4629
11:	[0s / 0s],		train_loss: 4.4958
12:	[0s / 1s],		train_loss: 4.4758
13:	[0s / 1s],		train_loss: 4.4735
14:	[0s / 1s],		train_loss: 4.4592
15:	[0s / 1s],		train_loss: 4.4772
16:	[0s / 1s],		train_loss: 4.4748
17:	[0s / 1s],		train_loss: 4.4753
18:	[0s / 1s],		train_loss: 4.4624
19:	[0s / 1s],		train_loss: 4.4524
20:	[0s / 1s],		train_loss: 4.4629
C-index TRAIN: 0.7820394029012733
C-index TEST : 0.7513909818891884
Fitting Cox model...
C-index TRAIN: 0.7815882488653019
C-index TEST : 0.7557784495592823
Evaluating method: imputer_bayesian
Fitting Random Survival Forest model...
C-index TRAIN: 0.7901322700757013
C-index TEST : 0.7507466578533245
Fitting deepsurv_simple.pt...
0:	[0s / 0s],		train_loss: 74.6322
1:	[0s / 0s],		train_loss: 25.0151
2:	[0s / 0s],		train_loss: 12.1743
3:	[0s / 0s],		train_loss: 7.5711
4:	[0s / 0s],		train_loss: 7.7775
5:	[0s / 0s],		train_loss: 8.1798
6:	[0s / 0s],		train_loss: 9.9562
7:	[0s / 0s],		train_loss: 8.5103
8:	[0s / 0s],		train_loss: 11.0403
9:	[0s / 0s],		train_loss: 8.3042
10:	[0s / 1s],		train_loss: 6.1417
11:	[0s / 1s],		train_loss: 6.2586
12:	[0s / 1s],		train_loss: 7.9024
13:	[0s / 1s],		train_loss: 13.4942
14:	[0s / 1s],		train_loss: 6.7528
C-index TRAIN: 0.6209438134966174
C-index TEST : 0.6424865753192057
Fitting deepsurv_vanilla.pt...
0:	[0s / 0s],		train_loss: 4.8087
1:	[0s / 0s],		train_loss: 4.5741
2:	[0s / 0s],		train_loss: 4.4947
3:	[0s / 0s],		train_loss: 4.4997
4:	[0s / 0s],		train_loss: 4.4994
5:	[0s / 0s],		train_loss: 4.4775
6:	[0s / 0s],		train_loss: 4.4986
7:	[0s / 0s],		train_loss: 4.4882
8:	[0s / 0s],		train_loss: 4.4719
9:	[0s / 0s],		train_loss: 4.4721
10:	[0s / 0s],		train_loss: 4.4605
11:	[0s / 1s],		train_loss: 4.4493
12:	[0s / 1s],		train_loss: 4.4823
13:	[0s / 1s],		train_loss: 4.4672
14:	[0s / 1s],		train_loss: 4.4516
15:	[0s / 1s],		train_loss: 4.4171
16:	[0s / 1s],		train_loss: 4.4350
17:	[0s / 1s],		train_loss: 4.4344
18:	[0s / 1s],		train_loss: 4.4689
19:	[0s / 1s],		train_loss: 4.4405
20:	[0s / 2s],		train_loss: 4.4175
C-index TRAIN: 0.7889007894169007
C-index TEST : 0.7600597932705282
Fitting Cox model...
C-index TRAIN: 0.7839388416559462
C-index TEST : 0.7665394189864859
[fold=1, target=50%] actual NaN%: 50.0%
X_train shape: (5161, 76), X_test shape: (1291, 76)
Generating TabPFN Embeddings...
Successfully generated embeddings with shape: (5161, 192)
Fitting SimpleImputer (mean)...
Fitting SimpleImputer (median)...
Fitting SimpleImputer (constant, fill=-1)...
Fitting KNNImputer...
Fitting IterativeImputer (BayesianRidge, MICE-like)...
Fitting DeepSurv Simple pilot model...
0:	[0s / 0s],		train_loss: 60.2083,	val_loss: 20.2236
1:	[0s / 0s],		train_loss: 12.6757,	val_loss: 13.3978
2:	[0s / 0s],		train_loss: 9.2781,	val_loss: 10.4314
3:	[0s / 0s],		train_loss: 7.1294,	val_loss: 8.8180
4:	[0s / 0s],		train_loss: 6.0003,	val_loss: 8.1192
5:	[0s / 0s],		train_loss: 5.6413,	val_loss: 7.8144
6:	[0s / 0s],		train_loss: 5.6552,	val_loss: 7.5230
7:	[0s / 0s],		train_loss: 5.1723,	val_loss: 7.2093
8:	[0s / 0s],		train_loss: 5.1302,	val_loss: 7.1273
9:	[0s / 0s],		train_loss: 4.9678,	val_loss: 7.0456
10:	[0s / 0s],		train_loss: 5.3092,	val_loss: 6.8983
11:	[0s / 0s],		train_loss: 4.7917,	val_loss: 6.5897
12:	[0s / 0s],		train_loss: 4.6983,	val_loss: 6.6152
13:	[0s / 0s],		train_loss: 4.7018,	val_loss: 6.6105
14:	[0s / 1s],		train_loss: 4.6115,	val_loss: 6.5480
15:	[0s / 1s],		train_loss: 4.6276,	val_loss: 6.7504
16:	[0s / 1s],		train_loss: 5.0094,	val_loss: 6.6047
17:	[0s / 1s],		train_loss: 4.6878,	val_loss: 6.5311
18:	[0s / 1s],		train_loss: 4.5718,	val_loss: 6.4830
19:	[0s / 1s],		train_loss: 5.0765,	val_loss: 6.9380
20:	[0s / 1s],		train_loss: 5.0549,	val_loss: 7.5644
21:	[0s / 1s],		train_loss: 8.1448,	val_loss: 9.6680
22:	[0s / 1s],		train_loss: 8.1741,	val_loss: 8.1958
23:	[0s / 1s],		train_loss: 6.1680,	val_loss: 6.8374
24:	[0s / 1s],		train_loss: 4.9899,	val_loss: 7.5736
25:	[0s / 1s],		train_loss: 7.4853,	val_loss: 8.3183
26:	[0s / 1s],		train_loss: 6.5397,	val_loss: 7.2902
27:	[0s / 1s],		train_loss: 5.0262,	val_loss: 6.8995
28:	[0s / 1s],		train_loss: 4.8955,	val_loss: 6.9420
29:	[0s / 2s],		train_loss: 4.8769,	val_loss: 6.8450
30:	[0s / 2s],		train_loss: 4.7450,	val_loss: 6.7118
31:	[0s / 2s],		train_loss: 4.7982,	val_loss: 6.9334
32:	[0s / 2s],		train_loss: 5.6514,	val_loss: 7.5224
33:	[0s / 2s],		train_loss: 5.6782,	val_loss: 6.7824
34:	[0s / 2s],		train_loss: 5.2243,	val_loss: 7.1552
35:	[0s / 2s],		train_loss: 5.3882,	val_loss: 6.7084
36:	[0s / 2s],		train_loss: 4.9003,	val_loss: 7.2963
37:	[0s / 2s],		train_loss: 5.0013,	val_loss: 6.6319
38:	[0s / 2s],		train_loss: 4.9691,	val_loss: 7.1726
Saved fixed_epochs=19 → nan/tabpfn/OrmoniTirodei/nan_percentage0.5/seed456/fold1/fixed_epochs_deepsurv_simple.json
Fitting DeepSurv Vanilla pilot model...
0:	[0s / 0s],		train_loss: 4.9009,	val_loss: 6.7685
1:	[0s / 0s],		train_loss: 4.7216,	val_loss: 6.6463
2:	[0s / 0s],		train_loss: 4.6764,	val_loss: 6.6335
3:	[0s / 0s],		train_loss: 4.6723,	val_loss: 6.6002
4:	[0s / 0s],		train_loss: 4.6448,	val_loss: 6.5546
5:	[0s / 0s],		train_loss: 4.6004,	val_loss: 6.5282
6:	[0s / 0s],		train_loss: 4.5956,	val_loss: 6.5181
7:	[0s / 0s],		train_loss: 4.5981,	val_loss: 6.5350
8:	[0s / 0s],		train_loss: 4.5741,	val_loss: 6.5131
9:	[0s / 0s],		train_loss: 4.5845,	val_loss: 6.5066
10:	[0s / 1s],		train_loss: 4.5522,	val_loss: 6.4934
11:	[0s / 1s],		train_loss: 4.5736,	val_loss: 6.4907
12:	[0s / 1s],		train_loss: 4.5580,	val_loss: 6.4913
13:	[0s / 1s],		train_loss: 4.5615,	val_loss: 6.5146
14:	[0s / 1s],		train_loss: 4.5518,	val_loss: 6.4871
15:	[0s / 1s],		train_loss: 4.5544,	val_loss: 6.4981
16:	[0s / 1s],		train_loss: 4.5290,	val_loss: 6.4978
17:	[0s / 1s],		train_loss: 4.5332,	val_loss: 6.4819
18:	[0s / 1s],		train_loss: 4.5480,	val_loss: 6.5210
19:	[0s / 1s],		train_loss: 4.5285,	val_loss: 15.3085
20:	[0s / 1s],		train_loss: 4.5379,	val_loss: 6.5239
21:	[0s / 2s],		train_loss: 4.5360,	val_loss: 6.5712
22:	[0s / 2s],		train_loss: 4.4923,	val_loss: 6.6721
23:	[0s / 2s],		train_loss: 4.5018,	val_loss: 6.6751
24:	[0s / 2s],		train_loss: 4.5046,	val_loss: 6.6369
25:	[0s / 2s],		train_loss: 4.5219,	val_loss: 6.6505
26:	[0s / 2s],		train_loss: 4.5135,	val_loss: 6.6453
27:	[0s / 2s],		train_loss: 4.5150,	val_loss: 6.6012
28:	[0s / 2s],		train_loss: 4.5005,	val_loss: 6.6659
29:	[0s / 2s],		train_loss: 4.4995,	val_loss: 6.6190
30:	[0s / 2s],		train_loss: 4.4846,	val_loss: 6.7527
31:	[0s / 2s],		train_loss: 4.5044,	val_loss: 6.6779
32:	[0s / 3s],		train_loss: 4.4780,	val_loss: 6.6792
33:	[0s / 3s],		train_loss: 4.4820,	val_loss: 6.7430
34:	[0s / 3s],		train_loss: 4.5090,	val_loss: 6.6868
35:	[0s / 3s],		train_loss: 4.4978,	val_loss: 6.7583
36:	[0s / 3s],		train_loss: 4.4914,	val_loss: 6.6698
37:	[0s / 3s],		train_loss: 4.5004,	val_loss: 6.6337
Saved fixed_epochs=18 → nan/tabpfn/OrmoniTirodei/nan_percentage0.5/seed456/fold1/fixed_epochs_deepsurv_vanilla.json
Evaluating method: embeddings
Fitting Random Survival Forest model...
C-index TRAIN: 0.9212027837529296
C-index TEST : 0.6990930949688147
Fitting deepsurv_simple.pt...
0:	[0s / 0s],		train_loss: 3.5308
1:	[0s / 0s],		train_loss: 3.3089
2:	[0s / 0s],		train_loss: 3.2698
3:	[0s / 0s],		train_loss: 3.2726
4:	[0s / 0s],		train_loss: 3.2361
5:	[0s / 0s],		train_loss: 3.2599
6:	[0s / 0s],		train_loss: 3.2541
7:	[0s / 0s],		train_loss: 3.2566
8:	[0s / 0s],		train_loss: 3.2266
9:	[0s / 0s],		train_loss: 3.2463
10:	[0s / 0s],		train_loss: 3.2496
11:	[0s / 0s],		train_loss: 3.2285
12:	[0s / 0s],		train_loss: 3.2274
13:	[0s / 0s],		train_loss: 3.2361
14:	[0s / 0s],		train_loss: 3.2226
15:	[0s / 0s],		train_loss: 3.2549
16:	[0s / 1s],		train_loss: 3.2292
17:	[0s / 1s],		train_loss: 3.2402
18:	[0s / 1s],		train_loss: 3.2318
C-index TRAIN: 0.9146917555846411
C-index TEST : 0.7376130599175872
Fitting deepsurv_vanilla.pt...
0:	[0s / 0s],		train_loss: 3.4891
1:	[0s / 0s],		train_loss: 3.3130
2:	[0s / 0s],		train_loss: 3.2912
3:	[0s / 0s],		train_loss: 3.2765
4:	[0s / 0s],		train_loss: 3.2535
5:	[0s / 0s],		train_loss: 3.2869
6:	[0s / 0s],		train_loss: 3.2612
7:	[0s / 0s],		train_loss: 3.2656
8:	[0s / 0s],		train_loss: 3.2713
9:	[0s / 0s],		train_loss: 3.2623
10:	[0s / 0s],		train_loss: 3.2599
11:	[0s / 0s],		train_loss: 3.2488
12:	[0s / 1s],		train_loss: 3.2509
13:	[0s / 1s],		train_loss: 3.2371
14:	[0s / 1s],		train_loss: 3.2431
15:	[0s / 1s],		train_loss: 3.2507
16:	[0s / 1s],		train_loss: 3.2441
17:	[0s / 1s],		train_loss: 3.2454
C-index TRAIN: 0.9163729903392932
C-index TEST : 0.5014766390845444
Fitting Cox model...
C-index TRAIN: 0.9145157364468998
C-index TEST : 0.7400508788579849
Evaluating method: mean
Fitting Random Survival Forest model...
C-index TRAIN: 0.7631965822048572
C-index TEST : 0.7092779629051282
Fitting deepsurv_simple.pt...
0:	[0s / 0s],		train_loss: 77.9882
1:	[0s / 0s],		train_loss: 11.3717
2:	[0s / 0s],		train_loss: 10.0433
3:	[0s / 0s],		train_loss: 8.9946
4:	[0s / 0s],		train_loss: 6.4517
5:	[0s / 0s],		train_loss: 5.7475
6:	[0s / 0s],		train_loss: 5.4243
7:	[0s / 0s],		train_loss: 5.2706
8:	[0s / 0s],		train_loss: 5.2893
9:	[0s / 0s],		train_loss: 5.1717
10:	[0s / 0s],		train_loss: 5.0205
11:	[0s / 0s],		train_loss: 5.8098
12:	[0s / 0s],		train_loss: 5.6573
13:	[0s / 0s],		train_loss: 4.9770
14:	[0s / 0s],		train_loss: 4.6384
15:	[0s / 0s],		train_loss: 4.6901
16:	[0s / 1s],		train_loss: 5.8659
17:	[0s / 1s],		train_loss: 6.4813
18:	[0s / 1s],		train_loss: 6.2863
C-index TRAIN: 0.6358089376657062
C-index TEST : 0.6322486454034681
Fitting deepsurv_vanilla.pt...
0:	[0s / 0s],		train_loss: 5.0247
1:	[0s / 0s],		train_loss: 4.7276
2:	[0s / 0s],		train_loss: 4.6659
3:	[0s / 0s],		train_loss: 4.6126
4:	[0s / 0s],		train_loss: 4.6069
5:	[0s / 0s],		train_loss: 4.6101
6:	[0s / 0s],		train_loss: 4.5923
7:	[0s / 0s],		train_loss: 4.5926
8:	[0s / 0s],		train_loss: 4.5731
9:	[0s / 0s],		train_loss: 4.5789
10:	[0s / 0s],		train_loss: 4.5595
11:	[0s / 1s],		train_loss: 4.5754
12:	[0s / 1s],		train_loss: 4.5402
13:	[0s / 1s],		train_loss: 4.5527
14:	[0s / 1s],		train_loss: 4.5449
15:	[0s / 1s],		train_loss: 4.5347
16:	[0s / 1s],		train_loss: 4.5281
17:	[0s / 1s],		train_loss: 4.5140
C-index TRAIN: 0.7584843837612919
C-index TEST : 0.7198630697719548
Fitting Cox model...
C-index TRAIN: 0.7600231979410801
C-index TEST : 0.733237720699933
Evaluating method: median
Fitting Random Survival Forest model...
C-index TRAIN: 0.756350128383842
C-index TEST : 0.7094174401081857
Fitting deepsurv_simple.pt...
0:	[0s / 0s],		train_loss: 97.7746
1:	[0s / 0s],		train_loss: 12.5580
2:	[0s / 0s],		train_loss: 8.3505
3:	[0s / 0s],		train_loss: 6.8034
4:	[0s / 0s],		train_loss: 8.2437
5:	[0s / 0s],		train_loss: 6.8107
6:	[0s / 0s],		train_loss: 6.1376
7:	[0s / 0s],		train_loss: 6.0753
8:	[0s / 0s],		train_loss: 6.0430
9:	[0s / 0s],		train_loss: 6.0231
10:	[0s / 0s],		train_loss: 5.5850
11:	[0s / 0s],		train_loss: 5.2666
12:	[0s / 0s],		train_loss: 5.0903
13:	[0s / 0s],		train_loss: 4.9179
14:	[0s / 0s],		train_loss: 4.8698
15:	[0s / 0s],		train_loss: 4.6869
16:	[0s / 1s],		train_loss: 4.6997
17:	[0s / 1s],		train_loss: 4.7910
18:	[0s / 1s],		train_loss: 4.6113
C-index TRAIN: 0.742088191747745
C-index TEST : 0.7094416970130654
Fitting deepsurv_vanilla.pt...
0:	[0s / 0s],		train_loss: 4.8490
1:	[0s / 0s],		train_loss: 4.6997
2:	[0s / 0s],		train_loss: 4.6525
3:	[0s / 0s],		train_loss: 4.6719
4:	[0s / 0s],		train_loss: 4.6368
5:	[0s / 0s],		train_loss: 4.6176
6:	[0s / 0s],		train_loss: 4.5874
7:	[0s / 0s],		train_loss: 4.6122
8:	[0s / 0s],		train_loss: 4.5919
9:	[0s / 0s],		train_loss: 4.5877
10:	[0s / 0s],		train_loss: 4.5776
11:	[0s / 1s],		train_loss: 4.5909
12:	[0s / 1s],		train_loss: 4.5552
13:	[0s / 1s],		train_loss: 4.5416
14:	[0s / 1s],		train_loss: 4.5763
15:	[0s / 1s],		train_loss: 4.5411
16:	[0s / 1s],		train_loss: 4.5593
17:	[0s / 1s],		train_loss: 4.5573
C-index TRAIN: 0.7450604512809639
C-index TEST : 0.7052452524688981
Fitting Cox model...
C-index TRAIN: 0.754313122180054
C-index TEST : 0.7293839049371897
Evaluating method: constant
Fitting Random Survival Forest model...
C-index TRAIN: 0.7594174905158724
C-index TEST : 0.7065642216717253
Fitting deepsurv_simple.pt...
0:	[0s / 0s],		train_loss: 29.5826
1:	[0s / 0s],		train_loss: 9.2288
2:	[0s / 0s],		train_loss: 6.8232
3:	[0s / 0s],		train_loss: 5.7908
4:	[0s / 0s],		train_loss: 6.4916
5:	[0s / 0s],		train_loss: 6.9515
6:	[0s / 0s],		train_loss: 6.3214
7:	[0s / 0s],		train_loss: 5.3260
8:	[0s / 0s],		train_loss: 5.1901
9:	[0s / 0s],		train_loss: 5.2994
10:	[0s / 0s],		train_loss: 5.9895
11:	[0s / 0s],		train_loss: 5.6757
12:	[0s / 0s],		train_loss: 5.5352
13:	[0s / 0s],		train_loss: 5.6318
14:	[0s / 0s],		train_loss: 5.2038
15:	[0s / 0s],		train_loss: 5.5158
16:	[0s / 1s],		train_loss: 6.9978
17:	[0s / 1s],		train_loss: 6.8056
18:	[0s / 1s],		train_loss: 6.3343
C-index TRAIN: 0.6191748491611185
C-index TEST : 0.5857860601631883
Fitting deepsurv_vanilla.pt...
0:	[0s / 0s],		train_loss: 4.9381
1:	[0s / 0s],		train_loss: 4.8497
2:	[0s / 0s],		train_loss: 4.8618
3:	[0s / 0s],		train_loss: 4.8106
4:	[0s / 0s],		train_loss: 4.8015
5:	[0s / 0s],		train_loss: 4.7541
6:	[0s / 0s],		train_loss: 4.7231
7:	[0s / 0s],		train_loss: 4.7317
8:	[0s / 0s],		train_loss: 4.6924
9:	[0s / 0s],		train_loss: 4.7022
10:	[0s / 0s],		train_loss: 4.6747
11:	[0s / 1s],		train_loss: 4.6945
12:	[0s / 1s],		train_loss: 4.6717
13:	[0s / 1s],		train_loss: 4.6369
14:	[0s / 1s],		train_loss: 4.6341
15:	[0s / 1s],		train_loss: 4.6261
16:	[0s / 1s],		train_loss: 4.6074
17:	[0s / 1s],		train_loss: 4.6040
C-index TRAIN: 0.7576114744318669
C-index TEST : 0.6325260837530283
Fitting Cox model...
C-index TRAIN: 0.6567182566377694
C-index TEST : 0.6000218312143917
Evaluating method: knn
Fitting Random Survival Forest model...
C-index TRAIN: 0.7610944321208234
C-index TEST : 0.712517775763107
Fitting deepsurv_simple.pt...
0:	[0s / 0s],		train_loss: 107.0459
1:	[0s / 0s],		train_loss: 13.4570
2:	[0s / 0s],		train_loss: 9.3347
3:	[0s / 0s],		train_loss: 7.8534
4:	[0s / 0s],		train_loss: 7.8637
5:	[0s / 0s],		train_loss: 6.7083
6:	[0s / 0s],		train_loss: 5.8785
7:	[0s / 0s],		train_loss: 6.2914
8:	[0s / 0s],		train_loss: 7.0999
9:	[0s / 0s],		train_loss: 8.2219
10:	[0s / 0s],		train_loss: 5.7225
11:	[0s / 0s],		train_loss: 4.9412
12:	[0s / 0s],		train_loss: 4.8769
13:	[0s / 0s],		train_loss: 4.6228
14:	[0s / 0s],		train_loss: 4.7715
15:	[0s / 0s],		train_loss: 6.1424
16:	[0s / 1s],		train_loss: 6.4624
17:	[0s / 1s],		train_loss: 4.7219
18:	[0s / 1s],		train_loss: 4.6605
C-index TRAIN: 0.731108274728729
C-index TEST : 0.708997492442458
Fitting deepsurv_vanilla.pt...
0:	[0s / 0s],		train_loss: 4.8851
1:	[0s / 0s],		train_loss: 4.7632
2:	[0s / 0s],		train_loss: 4.6945
3:	[0s / 0s],		train_loss: 4.6732
4:	[0s / 0s],		train_loss: 4.6697
5:	[0s / 0s],		train_loss: 4.6769
6:	[0s / 0s],		train_loss: 4.6506
7:	[0s / 0s],		train_loss: 4.6593
8:	[0s / 0s],		train_loss: 4.6435
9:	[0s / 0s],		train_loss: 4.6150
10:	[0s / 0s],		train_loss: 4.6153
11:	[0s / 1s],		train_loss: 4.5862
12:	[0s / 1s],		train_loss: 4.6230
13:	[0s / 1s],		train_loss: 4.5992
14:	[0s / 1s],		train_loss: 4.5992
15:	[0s / 1s],		train_loss: 4.5847
16:	[0s / 1s],		train_loss: 4.5824
17:	[0s / 1s],		train_loss: 4.5680
C-index TRAIN: 0.7521495613894275
C-index TEST : 0.7090748113267618
Fitting Cox model...
C-index TRAIN: 0.7509437462994916
C-index TEST : 0.7254057725369387
Evaluating method: imputer_bayesian
Fitting Random Survival Forest model...
C-index TRAIN: 0.7671319072112223
C-index TEST : 0.7264442712770958
Fitting deepsurv_simple.pt...
0:	[0s / 0s],		train_loss: 104.6824
1:	[0s / 0s],		train_loss: 24.5782
2:	[0s / 0s],		train_loss: 17.1109
3:	[0s / 0s],		train_loss: 11.7735
4:	[0s / 0s],		train_loss: 8.6153
5:	[0s / 0s],		train_loss: 6.2063
6:	[0s / 0s],		train_loss: 6.0741
7:	[0s / 0s],		train_loss: 6.8555
8:	[0s / 0s],		train_loss: 5.1473
9:	[0s / 0s],		train_loss: 6.3836
10:	[0s / 0s],		train_loss: 7.3912
11:	[0s / 0s],		train_loss: 6.4609
12:	[0s / 0s],		train_loss: 5.3172
13:	[0s / 0s],		train_loss: 4.9675
14:	[0s / 0s],		train_loss: 6.0945
15:	[0s / 1s],		train_loss: 7.3904
16:	[0s / 1s],		train_loss: 7.8124
17:	[0s / 1s],		train_loss: 7.7875
18:	[0s / 1s],		train_loss: 5.9999
C-index TRAIN: 0.6635368049857281
C-index TEST : 0.632661012786421
Fitting deepsurv_vanilla.pt...
0:	[0s / 0s],		train_loss: 4.7971
1:	[0s / 0s],		train_loss: 4.6447
2:	[0s / 0s],		train_loss: 4.6305
3:	[0s / 0s],		train_loss: 4.6109
4:	[0s / 0s],		train_loss: 4.5934
5:	[0s / 0s],		train_loss: 4.5773
6:	[0s / 0s],		train_loss: 4.5551
7:	[0s / 0s],		train_loss: 4.5298
8:	[0s / 0s],		train_loss: 4.5386
9:	[0s / 0s],		train_loss: 4.5302
10:	[0s / 0s],		train_loss: 4.5612
11:	[0s / 0s],		train_loss: 4.5649
12:	[0s / 1s],		train_loss: 4.5503
13:	[0s / 1s],		train_loss: 4.5502
14:	[0s / 1s],		train_loss: 4.5166
15:	[0s / 1s],		train_loss: 4.5366
16:	[0s / 1s],		train_loss: 4.4984
17:	[0s / 1s],		train_loss: 4.4737
C-index TRAIN: 0.7638851660851627
C-index TEST : 0.7337744047203937
Fitting Cox model...
C-index TRAIN: 0.762924247186867
C-index TEST : 0.7488531032161624
[fold=1, target=70%] actual NaN%: 70.0%
X_train shape: (5161, 76), X_test shape: (1291, 76)
Generating TabPFN Embeddings...
Successfully generated embeddings with shape: (5161, 192)
Fitting SimpleImputer (mean)...
Fitting SimpleImputer (median)...
Fitting SimpleImputer (constant, fill=-1)...
Fitting KNNImputer...
Fitting IterativeImputer (BayesianRidge, MICE-like)...
Fitting DeepSurv Simple pilot model...
0:	[0s / 0s],		train_loss: 158.9701,	val_loss: 46.7105
1:	[0s / 0s],		train_loss: 16.8407,	val_loss: 11.0504
2:	[0s / 0s],		train_loss: 9.0826,	val_loss: 10.2093
3:	[0s / 0s],		train_loss: 7.3446,	val_loss: 8.7064
4:	[0s / 0s],		train_loss: 6.2399,	val_loss: 7.7690
5:	[0s / 0s],		train_loss: 5.6091,	val_loss: 7.3677
6:	[0s / 0s],		train_loss: 5.3631,	val_loss: 7.1497
7:	[0s / 0s],		train_loss: 5.1442,	val_loss: 6.9500
8:	[0s / 0s],		train_loss: 5.0628,	val_loss: 6.8459
9:	[0s / 0s],		train_loss: 4.9452,	val_loss: 6.8005
10:	[0s / 0s],		train_loss: 4.8920,	val_loss: 6.7448
11:	[0s / 0s],		train_loss: 4.8780,	val_loss: 6.7993
12:	[0s / 0s],		train_loss: 4.8839,	val_loss: 7.1231
13:	[0s / 0s],		train_loss: 5.2298,	val_loss: 7.0553
14:	[0s / 0s],		train_loss: 5.1503,	val_loss: 6.7109
15:	[0s / 1s],		train_loss: 4.7829,	val_loss: 6.7008
16:	[0s / 1s],		train_loss: 4.7522,	val_loss: 6.6451
17:	[0s / 1s],		train_loss: 4.7452,	val_loss: 6.6616
18:	[0s / 1s],		train_loss: 4.7159,	val_loss: 6.6424
19:	[0s / 1s],		train_loss: 4.7330,	val_loss: 6.6376
20:	[0s / 1s],		train_loss: 4.7824,	val_loss: 6.6886
21:	[0s / 1s],		train_loss: 4.6781,	val_loss: 6.6008
22:	[0s / 1s],		train_loss: 4.6749,	val_loss: 6.6224
23:	[0s / 1s],		train_loss: 4.6778,	val_loss: 6.6542
24:	[0s / 1s],		train_loss: 5.2320,	val_loss: 7.4456
25:	[0s / 1s],		train_loss: 5.3766,	val_loss: 6.7945
26:	[0s / 1s],		train_loss: 5.5994,	val_loss: 9.1576
27:	[0s / 1s],		train_loss: 8.0567,	val_loss: 9.3840
28:	[0s / 1s],		train_loss: 7.0978,	val_loss: 7.8590
29:	[0s / 1s],		train_loss: 5.5409,	val_loss: 6.8129
30:	[0s / 2s],		train_loss: 4.7797,	val_loss: 6.6833
31:	[0s / 2s],		train_loss: 4.7655,	val_loss: 6.6484
32:	[0s / 2s],		train_loss: 4.7131,	val_loss: 6.7185
33:	[0s / 2s],		train_loss: 4.7078,	val_loss: 6.6982
34:	[0s / 2s],		train_loss: 4.7302,	val_loss: 6.6978
35:	[0s / 2s],		train_loss: 5.0145,	val_loss: 8.7462
36:	[0s / 2s],		train_loss: 7.7371,	val_loss: 9.7882
37:	[0s / 2s],		train_loss: 7.3533,	val_loss: 8.2357
38:	[0s / 2s],		train_loss: 5.7768,	val_loss: 7.3636
39:	[0s / 2s],		train_loss: 4.9078,	val_loss: 11.0668
40:	[0s / 2s],		train_loss: 5.9726,	val_loss: 8.2352
41:	[0s / 2s],		train_loss: 6.2325,	val_loss: 7.4956
Saved fixed_epochs=22 → nan/tabpfn/OrmoniTirodei/nan_percentage0.7/seed456/fold1/fixed_epochs_deepsurv_simple.json
Fitting DeepSurv Vanilla pilot model...
0:	[0s / 0s],		train_loss: 4.9057,	val_loss: 6.8386
1:	[0s / 0s],		train_loss: 4.8386,	val_loss: 6.6990
2:	[0s / 0s],		train_loss: 4.7657,	val_loss: 6.6619
3:	[0s / 0s],		train_loss: 4.7380,	val_loss: 6.7182
4:	[0s / 0s],		train_loss: 4.7497,	val_loss: 6.6430
5:	[0s / 0s],		train_loss: 4.7261,	val_loss: 6.6438
6:	[0s / 0s],		train_loss: 4.7345,	val_loss: 6.6706
7:	[0s / 0s],		train_loss: 4.6827,	val_loss: 6.6236
8:	[0s / 0s],		train_loss: 4.6969,	val_loss: 6.6395
9:	[0s / 0s],		train_loss: 4.6752,	val_loss: 6.6468
10:	[0s / 1s],		train_loss: 4.6712,	val_loss: 6.6094
11:	[0s / 1s],		train_loss: 4.6684,	val_loss: 6.6172
12:	[0s / 1s],		train_loss: 4.6925,	val_loss: 6.6169
13:	[0s / 1s],		train_loss: 4.6371,	val_loss: 6.6519/scratch.hpc/luca.cotugno/Foundation_model_clinical_data/.venv/lib/python3.12/site-packages/lifelines/utils/__init__.py:1100: ConvergenceWarning: Column(s) [28, 33] have very low variance. This may harm convergence. 1) Are you using formula's? Did you mean to add '-1' to the end. 2) Try dropping this redundant column before fitting if convergence fails.

  warnings.warn(dedent(warning_text), ConvergenceWarning)
/scratch.hpc/luca.cotugno/Foundation_model_clinical_data/.venv/lib/python3.12/site-packages/lifelines/utils/__init__.py:797: RuntimeWarning: invalid value encountered in divide
  return (X - mean) / std

14:	[0s / 1s],		train_loss: 4.7110,	val_loss: 6.6899
15:	[0s / 1s],		train_loss: 4.6675,	val_loss: 6.6206
16:	[0s / 1s],		train_loss: 4.6423,	val_loss: 6.6039
17:	[0s / 1s],		train_loss: 4.6557,	val_loss: 6.5942
18:	[0s / 1s],		train_loss: 4.6229,	val_loss: 6.6042
19:	[0s / 1s],		train_loss: 4.6562,	val_loss: 6.6616
20:	[0s / 1s],		train_loss: 4.6730,	val_loss: 6.6252
21:	[0s / 1s],		train_loss: 4.6206,	val_loss: 6.5999
22:	[0s / 2s],		train_loss: 4.6433,	val_loss: 6.6049
23:	[0s / 2s],		train_loss: 4.6205,	val_loss: 6.6280
24:	[0s / 2s],		train_loss: 4.6518,	val_loss: 6.5988
25:	[0s / 2s],		train_loss: 4.6334,	val_loss: 6.6032
26:	[0s / 2s],		train_loss: 4.6357,	val_loss: 6.6067
27:	[0s / 2s],		train_loss: 4.6241,	val_loss: 6.6092
28:	[0s / 2s],		train_loss: 4.6405,	val_loss: 6.6046
29:	[0s / 2s],		train_loss: 4.6266,	val_loss: 6.5877
30:	[0s / 2s],		train_loss: 4.6194,	val_loss: 6.5795
31:	[0s / 2s],		train_loss: 4.6365,	val_loss: 15.6809
32:	[0s / 2s],		train_loss: 4.6362,	val_loss: 6.6293
33:	[0s / 3s],		train_loss: 4.6015,	val_loss: 6.6265
34:	[0s / 3s],		train_loss: 4.6080,	val_loss: 6.6142
35:	[0s / 3s],		train_loss: 4.6286,	val_loss: 6.6053
36:	[0s / 3s],		train_loss: 4.6384,	val_loss: 6.5958
37:	[0s / 3s],		train_loss: 4.6154,	val_loss: 6.5953
38:	[0s / 3s],		train_loss: 4.6364,	val_loss: 6.5921
39:	[0s / 3s],		train_loss: 4.6176,	val_loss: 6.6241
40:	[0s / 3s],		train_loss: 4.5903,	val_loss: 6.5888
41:	[0s / 3s],		train_loss: 4.6332,	val_loss: 6.6305
42:	[0s / 3s],		train_loss: 4.6139,	val_loss: 6.5859
43:	[0s / 3s],		train_loss: 4.5943,	val_loss: 6.6149
44:	[0s / 3s],		train_loss: 4.6041,	val_loss: 6.6066
45:	[0s / 4s],		train_loss: 4.5945,	val_loss: 6.6019
46:	[0s / 4s],		train_loss: 4.5875,	val_loss: 6.5983
47:	[0s / 4s],		train_loss: 4.5947,	val_loss: 6.5939
48:	[0s / 4s],		train_loss: 4.5912,	val_loss: 6.6172
49:	[0s / 4s],		train_loss: 4.5929,	val_loss: 6.6149
50:	[0s / 4s],		train_loss: 4.6084,	val_loss: 6.5946
Saved fixed_epochs=31 → nan/tabpfn/OrmoniTirodei/nan_percentage0.7/seed456/fold1/fixed_epochs_deepsurv_vanilla.json
Evaluating method: embeddings
Fitting Random Survival Forest model...
C-index TRAIN: 0.9185600701239339
C-index TEST : 0.6960549176326474
Fitting deepsurv_simple.pt...
0:	[0s / 0s],		train_loss: 3.6018
1:	[0s / 0s],		train_loss: 3.3113
2:	[0s / 0s],		train_loss: 3.2807
3:	[0s / 0s],		train_loss: 3.2968
4:	[0s / 0s],		train_loss: 3.2791
5:	[0s / 0s],		train_loss: 3.2789
6:	[0s / 0s],		train_loss: 3.2823
7:	[0s / 0s],		train_loss: 3.2767
8:	[0s / 0s],		train_loss: 3.2763
9:	[0s / 0s],		train_loss: 3.2540
10:	[0s / 0s],		train_loss: 3.2725
11:	[0s / 0s],		train_loss: 3.2728
12:	[0s / 0s],		train_loss: 3.2596
13:	[0s / 0s],		train_loss: 3.2634
14:	[0s / 0s],		train_loss: 3.2594
15:	[0s / 0s],		train_loss: 3.2622
16:	[0s / 0s],		train_loss: 3.2571
17:	[0s / 1s],		train_loss: 3.2603
18:	[0s / 1s],		train_loss: 3.2440
19:	[0s / 1s],		train_loss: 3.2510
20:	[0s / 1s],		train_loss: 3.2517
21:	[0s / 1s],		train_loss: 3.2495
C-index TRAIN: 0.9131870999437784
C-index TEST : 0.7114671485705103
Fitting deepsurv_vanilla.pt...
0:	[0s / 0s],		train_loss: 3.4619
1:	[0s / 0s],		train_loss: 3.3317
2:	[0s / 0s],		train_loss: 3.3107
3:	[0s / 0s],		train_loss: 3.2912
4:	[0s / 0s],		train_loss: 3.3078
5:	[0s / 0s],		train_loss: 3.2790
6:	[0s / 0s],		train_loss: 3.2913
7:	[0s / 0s],		train_loss: 3.2797
8:	[0s / 0s],		train_loss: 3.2672
9:	[0s / 0s],		train_loss: 3.2887
10:	[0s / 0s],		train_loss: 3.2983
11:	[0s / 1s],		train_loss: 3.2680
12:	[0s / 1s],		train_loss: 3.2719
13:	[0s / 1s],		train_loss: 3.2510
14:	[0s / 1s],		train_loss: 3.2685
15:	[0s / 1s],		train_loss: 3.2616
16:	[0s / 1s],		train_loss: 3.2462
17:	[0s / 1s],		train_loss: 3.2623
18:	[0s / 1s],		train_loss: 3.2677
19:	[0s / 1s],		train_loss: 3.2519
20:	[0s / 1s],		train_loss: 3.2439
21:	[0s / 1s],		train_loss: 3.2663
22:	[0s / 1s],		train_loss: 3.2377
23:	[0s / 2s],		train_loss: 3.2645
24:	[0s / 2s],		train_loss: 3.2644
25:	[0s / 2s],		train_loss: 3.2382
26:	[0s / 2s],		train_loss: 3.2628
27:	[0s / 2s],		train_loss: 3.2565
28:	[0s / 2s],		train_loss: 3.2638
29:	[0s / 2s],		train_loss: 3.2686
30:	[0s / 2s],		train_loss: 3.2378
C-index TRAIN: 0.9132289114886926
C-index TEST : 0.5000727707146387
Fitting Cox model...
C-index TRAIN: 0.9112966208058727
C-index TEST : 0.7131317786678715
Evaluating method: mean
Fitting Random Survival Forest model...
C-index TRAIN: 0.7407459291607901
C-index TEST : 0.6732761678941671
Fitting deepsurv_simple.pt...
0:	[0s / 0s],		train_loss: 98.3513
1:	[0s / 0s],		train_loss: 11.0376
2:	[0s / 0s],		train_loss: 8.0411
3:	[0s / 0s],		train_loss: 7.7565
4:	[0s / 0s],		train_loss: 6.8667
5:	[0s / 0s],		train_loss: 5.7753
6:	[0s / 0s],		train_loss: 5.2317
7:	[0s / 0s],		train_loss: 5.0805
8:	[0s / 0s],		train_loss: 4.9547
9:	[0s / 0s],		train_loss: 4.9328
10:	[0s / 0s],		train_loss: 4.8891
11:	[0s / 0s],		train_loss: 4.8325
12:	[0s / 0s],		train_loss: 4.8252
13:	[0s / 0s],		train_loss: 4.8331
14:	[0s / 0s],		train_loss: 4.7494
15:	[0s / 0s],		train_loss: 4.7620
16:	[0s / 1s],		train_loss: 5.8804
17:	[0s / 1s],		train_loss: 6.5016
18:	[0s / 1s],		train_loss: 5.3665
19:	[0s / 1s],		train_loss: 4.7736
20:	[0s / 1s],		train_loss: 4.8175
21:	[0s / 1s],		train_loss: 4.6710
C-index TRAIN: 0.7173789686435812
C-index TEST : 0.6876195789607735
Fitting deepsurv_vanilla.pt...
0:	[0s / 0s],		train_loss: 4.9296
1:	[0s / 0s],		train_loss: 4.8468
2:	[0s / 0s],		train_loss: 4.8412
3:	[0s / 0s],		train_loss: 4.7748
4:	[0s / 0s],		train_loss: 4.7239
5:	[0s / 0s],		train_loss: 4.7571
6:	[0s / 0s],		train_loss: 4.7056
7:	[0s / 0s],		train_loss: 4.7103
8:	[0s / 0s],		train_loss: 4.6980
9:	[0s / 0s],		train_loss: 4.6916
10:	[0s / 0s],		train_loss: 4.6748
11:	[0s / 1s],		train_loss: 4.6666
12:	[0s / 1s],		train_loss: 4.6433
13:	[0s / 1s],		train_loss: 4.6506
14:	[0s / 1s],		train_loss: 4.6507
15:	[0s / 1s],		train_loss: 4.6344
16:	[0s / 1s],		train_loss: 4.6360
17:	[0s / 1s],		train_loss: 4.6596
18:	[0s / 1s],		train_loss: 4.6381
19:	[0s / 1s],		train_loss: 4.6602
20:	[0s / 1s],		train_loss: 4.6219
21:	[0s / 1s],		train_loss: 4.6347
22:	[0s / 1s],		train_loss: 4.6621
23:	[0s / 2s],		train_loss: 4.6341
24:	[0s / 2s],		train_loss: 4.6347
25:	[0s / 2s],		train_loss: 4.6191
26:	[0s / 2s],		train_loss: 4.6122
27:	[0s / 2s],		train_loss: 4.6376
28:	[0s / 2s],		train_loss: 4.6148
29:	[0s / 2s],		train_loss: 4.6032
30:	[0s / 2s],		train_loss: 4.6173
C-index TRAIN: 0.7395364742265425
C-index TEST : 0.7003211007783434
Fitting Cox model...
C-index TRAIN: 0.7321873485731437
C-index TEST : 0.6985109292517048
Evaluating method: median
Fitting Random Survival Forest model...
C-index TRAIN: 0.7236081422010643
C-index TEST : 0.6637977823124713
Fitting deepsurv_simple.pt...
0:	[0s / 0s],		train_loss: 108.0687
1:	[0s / 0s],		train_loss: 14.0596
2:	[0s / 0s],		train_loss: 7.4977
3:	[0s / 0s],		train_loss: 6.3563
4:	[0s / 0s],		train_loss: 6.1304
5:	[0s / 0s],		train_loss: 6.1282
6:	[0s / 0s],		train_loss: 5.8493
7:	[0s / 0s],		train_loss: 5.6541
8:	[0s / 0s],		train_loss: 5.6200
9:	[0s / 0s],		train_loss: 5.2912
10:	[0s / 0s],		train_loss: 5.1332
11:	[0s / 0s],		train_loss: 5.0088
12:	[0s / 0s],		train_loss: 4.9056
13:	[0s / 0s],		train_loss: 4.9121
14:	[0s / 0s],		train_loss: 4.9457
15:	[0s / 0s],		train_loss: 4.9866
16:	[0s / 1s],		train_loss: 4.9578
17:	[0s / 1s],		train_loss: 4.9310
18:	[0s / 1s],		train_loss: 4.8628
19:	[0s / 1s],		train_loss: 4.8361
20:	[0s / 1s],		train_loss: 4.8101
21:	[0s / 1s],		train_loss: 4.7994
C-index TRAIN: 0.7112654301400014
C-index TEST : 0.6737643381048687
Fitting deepsurv_vanilla.pt...
0:	[0s / 0s],		train_loss: 4.9706
1:	[0s / 0s],		train_loss: 4.8155
2:	[0s / 0s],		train_loss: 4.7606
3:	[0s / 0s],		train_loss: 4.7645
4:	[0s / 0s],		train_loss: 4.7398
5:	[0s / 0s],		train_loss: 4.7423
6:	[0s / 0s],		train_loss: 4.7493
7:	[0s / 0s],		train_loss: 4.7146
8:	[0s / 0s],		train_loss: 4.7194
9:	[0s / 0s],		train_loss: 4.6789
10:	[0s / 0s],		train_loss: 4.6640
11:	[0s / 0s],		train_loss: 4.6807
12:	[0s / 1s],		train_loss: 4.6766
13:	[0s / 1s],		train_loss: 4.6451
14:	[0s / 1s],		train_loss: 4.6397
15:	[0s / 1s],		train_loss: 4.6465
16:	[0s / 1s],		train_loss: 4.6754
17:	[0s / 1s],		train_loss: 4.6809
18:	[0s / 1s],		train_loss: 4.6468
19:	[0s / 1s],		train_loss: 4.6228
20:	[0s / 1s],		train_loss: 4.6292
21:	[0s / 1s],		train_loss: 4.6199
22:	[0s / 1s],		train_loss: 4.6232
23:	[0s / 1s],		train_loss: 4.6514
24:	[0s / 2s],		train_loss: 4.6309
25:	[0s / 2s],		train_loss: 4.6496
26:	[0s / 2s],		train_loss: 4.6314
27:	[0s / 2s],		train_loss: 4.6209
28:	[0s / 2s],		train_loss: 4.6275
29:	[0s / 2s],		train_loss: 4.6292
30:	[0s / 2s],		train_loss: 4.6185
C-index TRAIN: 0.7306447078903612
C-index TEST : 0.6767130681042925
Fitting Cox model...
C-index TRAIN: 0.7244607990634214
C-index TEST : 0.6888991306931713
Evaluating method: constant
Fitting Random Survival Forest model...
C-index TRAIN: 0.724767292620337
C-index TEST : 0.662669836235571
Fitting deepsurv_simple.pt...
0:	[0s / 0s],		train_loss: 88.4575
1:	[0s / 0s],		train_loss: 10.9281
2:	[0s / 0s],		train_loss: 7.2422
3:	[0s / 0s],		train_loss: 6.1551
4:	[0s / 0s],		train_loss: 5.6341
5:	[0s / 0s],		train_loss: 5.6041
6:	[0s / 0s],		train_loss: 5.5517
7:	[0s / 0s],		train_loss: 5.6675
8:	[0s / 0s],		train_loss: 5.4864
9:	[0s / 0s],		train_loss: 5.4758
10:	[0s / 0s],		train_loss: 5.6972
11:	[0s / 0s],		train_loss: 6.0018
12:	[0s / 0s],		train_loss: 5.4274
13:	[0s / 0s],		train_loss: 5.3190
14:	[0s / 0s],		train_loss: 5.3733
15:	[0s / 0s],		train_loss: 6.0226
16:	[0s / 1s],		train_loss: 5.9673
17:	[0s / 1s],		train_loss: 5.7163
18:	[0s / 1s],		train_loss: 5.5432
19:	[0s / 1s],		train_loss: 5.1626
20:	[0s / 1s],		train_loss: 5.0705
21:	[0s / 1s],		train_loss: 5.7605
C-index TRAIN: 0.5548337879094452
C-index TEST : 0.527240504179768
Fitting deepsurv_vanilla.pt...
0:	[0s / 0s],		train_loss: 4.9754
1:	[0s / 0s],		train_loss: 4.9007
2:	[0s / 0s],		train_loss: 4.8818
3:	[0s / 0s],		train_loss: 4.8846
4:	[0s / 0s],		train_loss: 4.8516
5:	[0s / 0s],		train_loss: 4.8486
6:	[0s / 0s],		train_loss: 4.8594
7:	[0s / 0s],		train_loss: 4.8375
8:	[0s / 0s],		train_loss: 4.8102
9:	[0s / 0s],		train_loss: 4.7722
10:	[0s / 0s],		train_loss: 4.7702
11:	[0s / 1s],		train_loss: 4.7685
12:	[0s / 1s],		train_loss: 4.7622
13:	[0s / 1s],		train_loss: 4.7466
14:	[0s / 1s],		train_loss: 4.7247
15:	[0s / 1s],		train_loss: 4.7190
16:	[0s / 1s],		train_loss: 4.7202
17:	[0s / 1s],		train_loss: 4.6913
18:	[0s / 1s],		train_loss: 4.6915
19:	[0s / 1s],		train_loss: 4.6848
20:	[0s / 1s],		train_loss: 4.6914
21:	[0s / 1s],		train_loss: 4.6671
22:	[0s / 1s],		train_loss: 4.6291
23:	[0s / 1s],		train_loss: 4.6220
24:	[0s / 2s],		train_loss: 4.5916
25:	[0s / 2s],		train_loss: 4.5726
26:	[0s / 2s],		train_loss: 4.5826
27:	[0s / 2s],		train_loss: 4.5924
28:	[0s / 2s],		train_loss: 4.5907
29:	[0s / 2s],		train_loss: 4.5617
30:	[0s / 2s],		train_loss: 4.5756
C-index TRAIN: 0.7862741284346131
C-index TEST : 0.5923323923675649
Fitting Cox model...
C-index TRAIN: 0.6211336453768751
C-index TEST : 0.5599615528057659
Evaluating method: knn
Fitting Random Survival Forest model...
C-index TRAIN: 0.7326161968965381
C-index TEST : 0.6694845104501779
Fitting deepsurv_simple.pt...
0:	[0s / 0s],		train_loss: 58.9492
1:	[0s / 0s],		train_loss: 13.4000
2:	[0s / 0s],		train_loss: 12.6638
3:	[0s / 0s],		train_loss: 11.5940
4:	[0s / 0s],		train_loss: 8.9099
5:	[0s / 0s],		train_loss: 7.4148
6:	[0s / 0s],		train_loss: 5.5448
7:	[0s / 0s],		train_loss: 5.9186
8:	[0s / 0s],		train_loss: 5.4902
9:	[0s / 0s],		train_loss: 5.6671
10:	[0s / 0s],		train_loss: 7.2683
11:	[0s / 0s],		train_loss: 7.3812
12:	[0s / 0s],		train_loss: 8.1146
13:	[0s / 0s],		train_loss: 8.8096
14:	[0s / 0s],		train_loss: 7.2096
15:	[0s / 0s],		train_loss: 6.7264
16:	[0s / 1s],		train_loss: 8.2280
17:	[0s / 1s],		train_loss: 8.0628
18:	[0s / 1s],		train_loss: 6.8483
19:	[0s / 1s],		train_loss: 7.3177
20:	[0s / 1s],		train_loss: 7.5383
21:	[0s / 1s],		train_loss: 7.0135
C-index TRAIN: 0.638650442791727
C-index TEST : 0.6293954269670076
Fitting deepsurv_vanilla.pt...
0:	[0s / 0s],		train_loss: 4.9908
1:	[0s / 0s],		train_loss: 4.8686
2:	[0s / 0s],		train_loss: 4.8195
3:	[0s / 0s],		train_loss: 4.8013
4:	[0s / 0s],		train_loss: 4.7931
5:	[0s / 0s],		train_loss: 4.7776
6:	[0s / 0s],		train_loss: 4.8033
7:	[0s / 0s],		train_loss: 4.7585
8:	[0s / 0s],		train_loss: 4.7562
9:	[0s / 0s],		train_loss: 4.7571
10:	[0s / 0s],		train_loss: 4.7605
11:	[0s / 0s],		train_loss: 4.7521
12:	[0s / 1s],		train_loss: 4.7250
13:	[0s / 1s],		train_loss: 4.7433
14:	[0s / 1s],		train_loss: 4.7164
15:	[0s / 1s],		train_loss: 4.7200
16:	[0s / 1s],		train_loss: 4.7089
17:	[0s / 1s],		train_loss: 4.7320
18:	[0s / 1s],		train_loss: 4.6891
19:	[0s / 1s],		train_loss: 4.7214
20:	[0s / 1s],		train_loss: 4.7199
21:	[0s / 1s],		train_loss: 4.6936
22:	[0s / 1s],		train_loss: 4.6927
23:	[0s / 1s],		train_loss: 4.7044
24:	[0s / 2s],		train_loss: 4.7191
25:	[0s / 2s],		train_loss: 4.6838
26:	[0s / 2s],		train_loss: 4.6883
27:	[0s / 2s],		train_loss: 4.6586
28:	[0s / 2s],		train_loss: 4.6802
29:	[0s / 2s],		train_loss: 4.6943
30:	[0s / 2s],		train_loss: 4.6997
C-index TRAIN: 0.7080291419001704
C-index TEST : 0.6554973726739902
Fitting Cox model...
C-index TRAIN: 0.7097086033973373
C-index TEST : 0.6700697082803977
Evaluating method: imputer_bayesian
Fitting Random Survival Forest model...
C-index TRAIN: 0.7395647530169643
C-index TEST : 0.6939824683219983
Fitting deepsurv_simple.pt...
0:	[0s / 0s],		train_loss: 26.2366
1:	[0s / 0s],		train_loss: 11.1014
2:	[0s / 0s],		train_loss: 8.5670
3:	[0s / 0s],		train_loss: 9.2289
4:	[0s / 0s],		train_loss: 9.1655
5:	[0s / 0s],		train_loss: 7.2000
6:	[0s / 0s],		train_loss: 6.7051
7:	[0s / 0s],		train_loss: 7.0084
8:	[0s / 0s],		train_loss: 5.9950
9:	[0s / 0s],		train_loss: 5.5707
10:	[0s / 0s],		train_loss: 12.0910
11:	[0s / 0s],		train_loss: 11.5348
12:	[0s / 0s],		train_loss: 10.7564
13:	[0s / 0s],		train_loss: 9.3405
14:	[0s / 0s],		train_loss: 7.3050
15:	[0s / 0s],		train_loss: 6.3632
16:	[0s / 0s],		train_loss: 7.1678
17:	[0s / 1s],		train_loss: 8.4257
18:	[0s / 1s],		train_loss: 9.3511
19:	[0s / 1s],		train_loss: 8.4273
20:	[0s / 1s],		train_loss: 6.9492
21:	[0s / 1s],		train_loss: 7.4518
C-index TRAIN: 0.572554789923119
C-index TEST : 0.5665124331798074
Fitting deepsurv_vanilla.pt...
0:	[0s / 0s],		train_loss: 5.3118
1:	[0s / 0s],		train_loss: 4.8444
2:	[0s / 0s],		train_loss: 4.7939
3:	[0s / 0s],		train_loss: 4.7646
4:	[0s / 0s],		train_loss: 4.7384
5:	[0s / 0s],		train_loss: 4.7411
6:	[0s / 0s],		train_loss: 4.7304
7:	[0s / 0s],		train_loss: 4.6999
8:	[0s / 0s],		train_loss: 4.7295
9:	[0s / 0s],		train_loss: 4.7135
10:	[0s / 0s],		train_loss: 4.6996
11:	[0s / 0s],		train_loss: 4.6844
12:	[0s / 1s],		train_loss: 4.6790
13:	[0s / 1s],		train_loss: 4.6607
14:	[0s / 1s],		train_loss: 4.6734
15:	[0s / 1s],		train_loss: 4.6762
16:	[0s / 1s],		train_loss: 4.6569
17:	[0s / 1s],		train_loss: 4.6750
18:	[0s / 1s],		train_loss: 4.6625
19:	[0s / 1s],		train_loss: 4.6609
20:	[0s / 1s],		train_loss: 4.6553
21:	[0s / 1s],		train_loss: 4.6583
22:	[0s / 1s],		train_loss: 4.6545
23:	[0s / 1s],		train_loss: 4.6446
24:	[0s / 2s],		train_loss: 4.6429
25:	[0s / 2s],		train_loss: 4.6815
26:	[0s / 2s],		train_loss: 4.6379
27:	[0s / 2s],		train_loss: 4.6636
28:	[0s / 2s],		train_loss: 4.6344
29:	[0s / 2s],		train_loss: 4.6484
30:	[0s / 2s],		train_loss: 4.6315
C-index TRAIN: 0.7343951474715588
C-index TEST : 0.6876953817885222
Fitting Cox model...
C-index TRAIN: 0.7263602378180944
C-index TEST : 0.6979530204394745
[fold=1, target=90%] actual NaN%: 90.0%
X_train shape: (5161, 76), X_test shape: (1291, 76)
Generating TabPFN Embeddings...
Successfully generated embeddings with shape: (5161, 192)
Fitting SimpleImputer (mean)...
Fitting SimpleImputer (median)...
Fitting SimpleImputer (constant, fill=-1)...
Fitting KNNImputer...
Fitting IterativeImputer (BayesianRidge, MICE-like)...
Fitting DeepSurv Simple pilot model...
0:	[0s / 0s],		train_loss: 56.5873,	val_loss: 7.5088
1:	[0s / 0s],		train_loss: 5.8928,	val_loss: 7.8914
2:	[0s / 0s],		train_loss: 8.1231,	val_loss: 7.7249
3:	[0s / 0s],		train_loss: 5.5761,	val_loss: 7.3896
4:	[0s / 0s],		train_loss: 5.3331,	val_loss: 12.6180
5:	[0s / 0s],		train_loss: 5.7141,	val_loss: 7.3917
6:	[0s / 0s],		train_loss: 5.6985,	val_loss: 7.1844
7:	[0s / 0s],		train_loss: 5.4373,	val_loss: 7.0438
8:	[0s / 0s],		train_loss: 5.2657,	val_loss: 6.9619
9:	[0s / 0s],		train_loss: 5.1416,	val_loss: 6.8885
10:	[0s / 0s],		train_loss: 5.0355,	val_loss: 6.8599
11:	[0s / 0s],		train_loss: 5.0453,	val_loss: 6.8429
12:	[0s / 0s],		train_loss: 4.9291,	val_loss: 6.8169
13:	[0s / 0s],		train_loss: 4.8628,	val_loss: 6.8072
14:	[0s / 1s],		train_loss: 4.8603,	val_loss: 6.8393
15:	[0s / 1s],		train_loss: 4.8584,	val_loss: 6.8419
16:	[0s / 1s],		train_loss: 4.8460,	val_loss: 6.8049
17:	[0s / 1s],		train_loss: 4.8569,	val_loss: 6.8049
18:	[0s / 1s],		train_loss: 4.8488,	val_loss: 6.8128
19:	[0s / 1s],		train_loss: 4.8424,	val_loss: 6.7983
20:	[0s / 1s],		train_loss: 4.8517,	val_loss: 7.0815
21:	[0s / 1s],		train_loss: 4.8808,	val_loss: 6.8023
22:	[0s / 1s],		train_loss: 4.8866,	val_loss: 6.7806
23:	[0s / 1s],		train_loss: 4.8412,	val_loss: 6.8191
24:	[0s / 1s],		train_loss: 4.8172,	val_loss: 6.7720
25:	[0s / 1s],		train_loss: 4.8328,	val_loss: 6.8138
26:	[0s / 1s],		train_loss: 4.9131,	val_loss: 6.7905
27:	[0s / 1s],		train_loss: 4.8511,	val_loss: 6.7853
28:	[0s / 1s],		train_loss: 4.7973,	val_loss: 7.4526
29:	[0s / 1s],		train_loss: 4.8047,	val_loss: 6.7730
30:	[0s / 2s],		train_loss: 4.8044,	val_loss: 6.7866
31:	[0s / 2s],		train_loss: 4.8289,	val_loss: 6.9923
32:	[0s / 2s],		train_loss: 4.9225,	val_loss: 6.8006
33:	[0s / 2s],		train_loss: 4.8366,	val_loss: 6.7992
34:	[0s / 2s],		train_loss: 4.8032,	val_loss: 6.8103
35:	[0s / 2s],		train_loss: 4.7885,	val_loss: 6.8031
36:	[0s / 2s],		train_loss: 4.8252,	val_loss: 6.8101
37:	[0s / 2s],		train_loss: 4.8276,	val_loss: 6.8169
38:	[0s / 2s],		train_loss: 4.8198,	val_loss: 6.8463
39:	[0s / 2s],		train_loss: 4.8282,	val_loss: 6.9168
40:	[0s / 2s],		train_loss: 4.8267,	val_loss: 6.8677
41:	[0s / 2s],		train_loss: 4.8049,	val_loss: 7.2256
42:	[0s / 2s],		train_loss: 4.8249,	val_loss: 6.8469
43:	[0s / 2s],		train_loss: 4.8091,	val_loss: 6.8636
44:	[0s / 2s],		train_loss: 4.8347,	val_loss: 7.7527
Saved fixed_epochs=25 → nan/tabpfn/OrmoniTirodei/nan_percentage0.9/seed456/fold1/fixed_epochs_deepsurv_simple.json
Fitting DeepSurv Vanilla pilot model...
0:	[0s / 0s],		train_loss: 5.0367,	val_loss: 6.8331
1:	[0s / 0s],		train_loss: 4.9596,	val_loss: 6.8081
2:	[0s / 0s],		train_loss: 4.9075,	val_loss: 6.7957
3:	[0s / 0s],		train_loss: 4.9018,	val_loss: 6.7989
4:	[0s / 0s],		train_loss: 4.8852,	val_loss: 6.7676
5:	[0s / 0s],		train_loss: 4.8803,	val_loss: 6.7662
6:	[0s / 0s],		train_loss: 4.8702,	val_loss: 6.7792
7:	[0s / 0s],		train_loss: 4.8624,	val_loss: 14.9650
8:	[0s / 0s],		train_loss: 4.8542,	val_loss: 6.7655
9:	[0s / 0s],		train_loss: 4.8650,	val_loss: 6.7567
10:	[0s / 1s],		train_loss: 4.8480,	val_loss: 7.3866
11:	[0s / 1s],		train_loss: 4.8393,	val_loss: 6.7567
12:	[0s / 1s],		train_loss: 4.8585,	val_loss: 6.7530
13:	[0s / 1s],		train_loss: 4.8462,	val_loss: 6.7616
14:	[0s / 1s],		train_loss: 4.8515,	val_loss: 6.7606
15:	[0s / 1s],		train_loss: 4.8172,	val_loss: 6.7513
16:	[0s / 1s],		train_loss: 4.8102,	val_loss: 6.7569
17:	[0s / 1s],		train_loss: 4.8224,	val_loss: 6.7402
18:	[0s / 1s],		train_loss: 4.8214,	val_loss: 6.7487
19:	[0s / 1s],		train_loss: 4.7965,	val_loss: 6.7466
20:	[0s / 1s],		train_loss: 4.7874,	val_loss: 6.7817
21:	[0s / 2s],		train_loss: 4.8390,	val_loss: 6.7987
22:	[0s / 2s],		train_loss: 4.7969,	val_loss: 6.8676
23:	[0s / 2s],		train_loss: 4.8159,	val_loss: 6.7660
24:	[0s / 2s],		train_loss: 4.8132,	val_loss: 6.7561
25:	[0s / 2s],		train_loss: 4.8143,	val_loss: 6.7397
26:	[0s / 2s],		train_loss: 4.8021,	val_loss: 6.7370
27:	[0s / 2s],		train_loss: 4.8020,	val_loss: 6.7469
28:	[0s / 2s],		train_loss: 4.7947,	val_loss: 6.8532
29:	[0s / 2s],		train_loss: 4.7840,	val_loss: 6.7635
30:	[0s / 2s],		train_loss: 4.8015,	val_loss: 6.7752
31:	[0s / 2s],		train_loss: 4.7904,	val_loss: 6.7351
32:	[0s / 3s],		train_loss: 4.7958,	val_loss: 6.7266
33:	[0s / 3s],		train_loss: 4.7636,	val_loss: 6.7260
34:	[0s / 3s],		train_loss: 4.8070,	val_loss: 6.7724
35:	[0s / 3s],		train_loss: 4.7905,	val_loss: 6.7576
36:	[0s / 3s],		train_loss: 4.7816,	val_loss: 6.7423
37:	[0s / 3s],		train_loss: 4.7909,	val_loss: 6.7608
38:	[0s / 3s],		train_loss: 4.8140,	val_loss: 6.7886
39:	[0s / 3s],		train_loss: 4.8338,	val_loss: 6.7507
40:	[0s / 3s],		train_loss: 4.8018,	val_loss: 6.7584
41:	[0s / 3s],		train_loss: 4.7781,	val_loss: 6.7595
42:	[0s / 3s],		train_loss: 4.7964,	val_loss: 6.7489
43:	[0s / 4s],		train_loss: 4.8057,	val_loss: 6.7373
44:	[0s / 4s],		train_loss: 4.7904,	val_loss: 6.7324
45:	[0s / 4s],		train_loss: 4.7819,	val_loss: 6.7508
46:	[0s / 4s],		train_loss: 4.7645,	val_loss: 6.7565
47:	[0s / 4s],		train_loss: 4.8003,	val_loss: 6.7784
48:	[0s / 4s],		train_loss: 4.7746,	val_loss: 6.7339
49:	[0s / 4s],		train_loss: 4.7818,	val_loss: 6.7591
50:	[0s / 4s],		train_loss: 4.7800,	val_loss: 6.7763
51:	[0s / 4s],		train_loss: 4.7767,	val_loss: 6.7594
52:	[0s / 4s],		train_loss: 4.7955,	val_loss: 6.7564
53:	[0s / 5s],		train_loss: 4.7816,	val_loss: 6.7434
Saved fixed_epochs=34 → nan/tabpfn/OrmoniTirodei/nan_percentage0.9/seed456/fold1/fixed_epochs_deepsurv_vanilla.json
Evaluating method: embeddings
Fitting Random Survival Forest model...
C-index TRAIN: 0.9143640762672445
C-index TEST : 0.6017440714608417
Fitting deepsurv_simple.pt...
0:	[0s / 0s],		train_loss: 3.5123
1:	[0s / 0s],		train_loss: 3.3013
2:	[0s / 0s],		train_loss: 3.3067
3:	[0s / 0s],		train_loss: 3.2839
4:	[0s / 0s],		train_loss: 3.2991
5:	[0s / 0s],		train_loss: 3.2907
6:	[0s / 0s],		train_loss: 3.2771
7:	[0s / 0s],		train_loss: 3.2810
8:	[0s / 0s],		train_loss: 3.2736
9:	[0s / 0s],		train_loss: 3.2886
10:	[0s / 0s],		train_loss: 3.2858
11:	[0s / 0s],		train_loss: 3.2924
12:	[0s / 0s],		train_loss: 3.2794
13:	[0s / 0s],		train_loss: 3.2855
14:	[0s / 0s],		train_loss: 3.2870
15:	[0s / 0s],		train_loss: 3.2808
16:	[0s / 1s],		train_loss: 3.2925
17:	[0s / 1s],		train_loss: 3.2667
18:	[0s / 1s],		train_loss: 3.2714
19:	[0s / 1s],		train_loss: 3.2753
20:	[0s / 1s],		train_loss: 3.2673
21:	[0s / 1s],		train_loss: 3.2828
22:	[0s / 1s],		train_loss: 3.2853
23:	[0s / 1s],		train_loss: 3.2779
24:	[0s / 1s],		train_loss: 3.2816
C-index TRAIN: 0.9037745558829964
C-index TEST : 0.6388601680397086
Fitting deepsurv_vanilla.pt...
0:	[0s / 0s],		train_loss: 3.4484
1:	[0s / 0s],		train_loss: 3.3515
2:	[0s / 0s],		train_loss: 3.3239
3:	[0s / 0s],		train_loss: 3.3059
4:	[0s / 0s],		train_loss: 3.3126
5:	[0s / 0s],		train_loss: 3.3208
6:	[0s / 0s],		train_loss: 3.3109
7:	[0s / 0s],		train_loss: 3.2940
8:	[0s / 0s],		train_loss: 3.2982
9:	[0s / 0s],		train_loss: 3.2880
10:	[0s / 0s],		train_loss: 3.3032
11:	[0s / 0s],		train_loss: 3.2955
12:	[0s / 1s],		train_loss: 3.2930
13:	[0s / 1s],		train_loss: 3.2725
14:	[0s / 1s],		train_loss: 3.3028
15:	[0s / 1s],		train_loss: 3.2865
16:	[0s / 1s],		train_loss: 3.2924
17:	[0s / 1s],		train_loss: 3.3004
18:	[0s / 1s],		train_loss: 3.2960
19:	[0s / 1s],		train_loss: 3.2836
20:	[0s / 1s],		train_loss: 3.2856
21:	[0s / 1s],		train_loss: 3.2715
22:	[0s / 1s],		train_loss: 3.2615
23:	[0s / 1s],		train_loss: 3.2936
24:	[0s / 2s],		train_loss: 3.2703
25:	[0s / 2s],		train_loss: 3.2808
26:	[0s / 2s],		train_loss: 3.2595
27:	[0s / 2s],		train_loss: 3.2804
28:	[0s / 2s],		train_loss: 3.2964
29:	[0s / 2s],		train_loss: 3.2828
30:	[0s / 2s],		train_loss: 3.2754
31:	[0s / 2s],		train_loss: 3.2824
32:	[0s / 2s],		train_loss: 3.2707
33:	[0s / 2s],		train_loss: 3.2708
C-index TRAIN: 0.9042186168890269
C-index TEST : 0.5000727707146387
Fitting Cox model...
C-index TRAIN: 0.901746042649269
C-index TEST : 0.6353732379632689
Evaluating method: mean
Fitting Random Survival Forest model...
C-index TRAIN: 0.6745990384837939
C-index TEST : 0.6011331006691873
Fitting deepsurv_simple.pt...
0:	[0s / 0s],		train_loss: 28.8565
1:	[0s / 0s],		train_loss: 6.1092
2:	[0s / 0s],		train_loss: 6.1302
3:	[0s / 0s],		train_loss: 5.5074
4:	[0s / 0s],		train_loss: 5.3386
5:	[0s / 0s],		train_loss: 5.0411
6:	[0s / 0s],		train_loss: 5.4111
7:	[0s / 0s],		train_loss: 5.4606
8:	[0s / 0s],		train_loss: 5.5870
9:	[0s / 0s],		train_loss: 5.3122
10:	[0s / 0s],		train_loss: 5.0463
11:	[0s / 0s],		train_loss: 4.9081
12:	[0s / 0s],		train_loss: 4.8579
13:	[0s / 0s],		train_loss: 4.8361
14:	[0s / 0s],		train_loss: 4.8202
15:	[0s / 0s],		train_loss: 4.8066
16:	[0s / 0s],		train_loss: 4.8331
17:	[0s / 1s],		train_loss: 4.9066
18:	[0s / 1s],		train_loss: 4.8378
19:	[0s / 1s],		train_loss: 4.7979
20:	[0s / 1s],		train_loss: 4.8189
21:	[0s / 1s],		train_loss: 4.8464
22:	[0s / 1s],		train_loss: 4.8430
23:	[0s / 1s],		train_loss: 4.8135
24:	[0s / 1s],		train_loss: 4.8382
C-index TRAIN: 0.6518194928408929
C-index TEST : 0.6229203494207148
Fitting deepsurv_vanilla.pt...
0:	[0s / 0s],		train_loss: 5.1183
1:	[0s / 0s],		train_loss: 4.9631
2:	[0s / 0s],		train_loss: 4.9065
3:	[0s / 0s],		train_loss: 4.8984
4:	[0s / 0s],		train_loss: 4.8895
5:	[0s / 0s],		train_loss: 4.8910
6:	[0s / 0s],		train_loss: 4.8388
7:	[0s / 0s],		train_loss: 4.8761
8:	[0s / 0s],		train_loss: 4.8550
9:	[0s / 0s],		train_loss: 4.8742
10:	[0s / 0s],		train_loss: 4.8420
11:	[0s / 1s],		train_loss: 4.8421
12:	[0s / 1s],		train_loss: 4.8212
13:	[0s / 1s],		train_loss: 4.8316
14:	[0s / 1s],		train_loss: 4.8423
15:	[0s / 1s],		train_loss: 4.8416
16:	[0s / 1s],		train_loss: 4.8313
17:	[0s / 1s],		train_loss: 4.8170
18:	[0s / 1s],		train_loss: 4.8105
19:	[0s / 1s],		train_loss: 4.8140
20:	[0s / 1s],		train_loss: 4.7991
21:	[0s / 1s],		train_loss: 4.8006
22:	[0s / 1s],		train_loss: 4.7997
23:	[0s / 2s],		train_loss: 4.8164
24:	[0s / 2s],		train_loss: 4.8017
25:	[0s / 2s],		train_loss: 4.8061
26:	[0s / 2s],		train_loss: 4.7813
27:	[0s / 2s],		train_loss: 4.8042
28:	[0s / 2s],		train_loss: 4.7866
29:	[0s / 2s],		train_loss: 4.8051
30:	[0s / 2s],		train_loss: 4.7788
31:	[0s / 2s],		train_loss: 4.7931
32:	[0s / 2s],		train_loss: 4.8030
33:	[0s / 2s],		train_loss: 4.7973
C-index TRAIN: 0.6603275822548816
C-index TEST : 0.6259403340782225
Fitting Cox model...
Traceback (most recent call last):
  File "/scratch.hpc/luca.cotugno/Foundation_model_clinical_data/.venv/lib/python3.12/site-packages/lifelines/fitters/coxph_fitter.py", line 1530, in _newton_raphson_for_efron_model
    inv_h_dot_g_T = spsolve(-h, g, assume_a="pos", check_finite=False)
                    ^^^^^^^^^^^^^^^^^^^^^^^^^^^^^^^^^^^^^^^^^^^^^^^^^^
  File "/scratch.hpc/luca.cotugno/Foundation_model_clinical_data/.venv/lib/python3.12/site-packages/scipy/_lib/_util.py", line 1233, in wrapper
    return f(*arrays, *other_args, **kwargs)
           ^^^^^^^^^^^^^^^^^^^^^^^^^^^^^^^^^
  File "/scratch.hpc/luca.cotugno/Foundation_model_clinical_data/.venv/lib/python3.12/site-packages/scipy/linalg/_basic.py", line 344, in solve
    _solve_check(n, info, lamch, rcond)
  File "/scratch.hpc/luca.cotugno/Foundation_model_clinical_data/.venv/lib/python3.12/site-packages/scipy/linalg/_basic.py", line 43, in _solve_check
    raise LinAlgError('Matrix is singular.')
numpy.linalg.LinAlgError: Matrix is singular.

During handling of the above exception, another exception occurred:

Traceback (most recent call last):
  File "/scratch.hpc/luca.cotugno/Foundation_model_clinical_data/test_nan_tmp.py", line 617, in <module>
    results_by_pct = main(dataset_name, feature_event, feature_time,
                     ^^^^^^^^^^^^^^^^^^^^^^^^^^^^^^^^^^^^^^^^^^^^^^^
  File "/scratch.hpc/luca.cotugno/Foundation_model_clinical_data/test_nan_tmp.py", line 273, in main
    cph.fit(df_fit, duration_col='__t__', event_col='__e__')
  File "/scratch.hpc/luca.cotugno/Foundation_model_clinical_data/.venv/lib/python3.12/site-packages/lifelines/utils/__init__.py", line 56, in f
    return function(model, *args, **kwargs)
           ^^^^^^^^^^^^^^^^^^^^^^^^^^^^^^^^
  File "/scratch.hpc/luca.cotugno/Foundation_model_clinical_data/.venv/lib/python3.12/site-packages/lifelines/fitters/coxph_fitter.py", line 290, in fit
    self._model = self._fit_model(
                  ^^^^^^^^^^^^^^^^
  File "/scratch.hpc/luca.cotugno/Foundation_model_clinical_data/.venv/lib/python3.12/site-packages/lifelines/fitters/coxph_fitter.py", line 610, in _fit_model
    return self._fit_model_breslow(*args, **kwargs)
           ^^^^^^^^^^^^^^^^^^^^^^^^^^^^^^^^^^^^^^^^
  File "/scratch.hpc/luca.cotugno/Foundation_model_clinical_data/.venv/lib/python3.12/site-packages/lifelines/fitters/coxph_fitter.py", line 623, in _fit_model_breslow
    model.fit(*args, **kwargs)
  File "/scratch.hpc/luca.cotugno/Foundation_model_clinical_data/.venv/lib/python3.12/site-packages/lifelines/utils/__init__.py", line 56, in f
    return function(model, *args, **kwargs)
           ^^^^^^^^^^^^^^^^^^^^^^^^^^^^^^^^
  File "/scratch.hpc/luca.cotugno/Foundation_model_clinical_data/.venv/lib/python3.12/site-packages/lifelines/fitters/coxph_fitter.py", line 1252, in fit
    params_, ll_, variance_matrix_, baseline_hazard_, baseline_cumulative_hazard_, model = self._fit_model(
                                                                                           ^^^^^^^^^^^^^^^^
  File "/scratch.hpc/luca.cotugno/Foundation_model_clinical_data/.venv/lib/python3.12/site-packages/lifelines/fitters/coxph_fitter.py", line 1380, in _fit_model
    beta_, ll_, hessian_ = self._newton_raphson_for_efron_model(
                           ^^^^^^^^^^^^^^^^^^^^^^^^^^^^^^^^^^^^^
  File "/scratch.hpc/luca.cotugno/Foundation_model_clinical_data/.venv/lib/python3.12/site-packages/lifelines/fitters/coxph_fitter.py", line 1539, in _newton_raphson_for_efron_model
    raise exceptions.ConvergenceError(
lifelines.exceptions.ConvergenceError: Convergence halted due to matrix inversion problems. Suspicion is high collinearity. Please see the following tips in the lifelines documentation: https://lifelines.readthedocs.io/en/latest/Examples.html#problems-with-convergence-in-the-cox-proportional-hazard-modelMatrix is singular.
