ENV CHECKPOINT PATH: 
DEFAULT PATH: /scratch.hpc/luca.cotugno/Foundation_model_clinical_data/src/models_diff/tabdpt1_1.pth
ENV CHECKPOINT PATH: 
DEFAULT PATH: /scratch.hpc/luca.cotugno/Foundation_model_clinical_data/src/models_diff/tabdpt1_1.pth
ENV CHECKPOINT PATH: 
DEFAULT PATH: /scratch.hpc/luca.cotugno/Foundation_model_clinical_data/src/models_diff/tabdpt1_1.pth
ENV CHECKPOINT PATH: 
DEFAULT PATH: /scratch.hpc/luca.cotugno/Foundation_model_clinical_data/src/models_diff/tabdpt1_1.pth
ENV CHECKPOINT PATH: 
DEFAULT PATH: /scratch.hpc/luca.cotugno/Foundation_model_clinical_data/src/models_diff/tabdpt1_1.pth
ENV CHECKPOINT PATH: 
DEFAULT PATH: /scratch.hpc/luca.cotugno/Foundation_model_clinical_data/src/models_diff/tabdpt1_1.pth
ENV CHECKPOINT PATH: 
DEFAULT PATH: /scratch.hpc/luca.cotugno/Foundation_model_clinical_data/src/models_diff/tabdpt1_1.pth
ENV CHECKPOINT PATH: 
DEFAULT PATH: /scratch.hpc/luca.cotugno/Foundation_model_clinical_data/src/models_diff/tabdpt1_1.pth
ENV CHECKPOINT PATH: 
DEFAULT PATH: /scratch.hpc/luca.cotugno/Foundation_model_clinical_data/src/models_diff/tabdpt1_1.pth
ENV CHECKPOINT PATH: 
DEFAULT PATH: /scratch.hpc/luca.cotugno/Foundation_model_clinical_data/src/models_diff/tabdpt1_1.pth
ENV CHECKPOINT PATH: 
DEFAULT PATH: /scratch.hpc/luca.cotugno/Foundation_model_clinical_data/src/models_diff/tabdpt1_1.pth
ENV CHECKPOINT PATH: 
DEFAULT PATH: /scratch.hpc/luca.cotugno/Foundation_model_clinical_data/src/models_diff/tabdpt1_1.pth
ENV CHECKPOINT PATH: 
DEFAULT PATH: /scratch.hpc/luca.cotugno/Foundation_model_clinical_data/src/models_diff/tabdpt1_1.pth
ENV CHECKPOINT PATH: 
DEFAULT PATH: /scratch.hpc/luca.cotugno/Foundation_model_clinical_data/src/models_diff/tabdpt1_1.pth
ENV CHECKPOINT PATH: 
DEFAULT PATH: /scratch.hpc/luca.cotugno/Foundation_model_clinical_data/src/models_diff/tabdpt1_1.pth
ENV CHECKPOINT PATH: 
DEFAULT PATH: /scratch.hpc/luca.cotugno/Foundation_model_clinical_data/src/models_diff/tabdpt1_1.pth
ENV CHECKPOINT PATH: 
DEFAULT PATH: /scratch.hpc/luca.cotugno/Foundation_model_clinical_data/src/models_diff/tabdpt1_1.pth
ENV CHECKPOINT PATH: 
DEFAULT PATH: /scratch.hpc/luca.cotugno/Foundation_model_clinical_data/src/models_diff/tabdpt1_1.pth
ENV CHECKPOINT PATH: 
DEFAULT PATH: /scratch.hpc/luca.cotugno/Foundation_model_clinical_data/src/models_diff/tabdpt1_1.pth
ENV CHECKPOINT PATH: 
DEFAULT PATH: /scratch.hpc/luca.cotugno/Foundation_model_clinical_data/src/models_diff/tabdpt1_1.pth
ENV CHECKPOINT PATH: 
DEFAULT PATH: /scratch.hpc/luca.cotugno/Foundation_model_clinical_data/src/models_diff/tabdpt1_1.pth
ENV CHECKPOINT PATH: 
DEFAULT PATH: /scratch.hpc/luca.cotugno/Foundation_model_clinical_data/src/models_diff/tabdpt1_1.pth
STARTED  model=tabdpt  seed=123  tuning=True  shap=False


Preprocess: Replace NaN with -1
Loading existing folds from tmp/splits/OrmoniTirodei_seed123.pkl
X_train shape: (5161, 76), X_test shape: (1291, 76)
Generating TABDPT Embeddings...
<class 'dict'>
Loaded TabDPTModel from checkpoint.
<class 'dict'>
Loaded TabDPTModel from checkpoint.
Successfully generated embeddings with shape: (5161, 768)
  [ckpt] Loading TABDPT DeepSurv Tuned from checkpoints/tabdpt/OrmoniTirodei/-1/seed123/fold1
C-index train: 0.8138
C-index test:  0.7777
  [ckpt] Loading TABDPT RSF Tuned from checkpoints/tabdpt/OrmoniTirodei/-1/seed123/fold1
C-index train: 0.9023
C-index test:  0.7727
  [ckpt] Loading DeepSurv Simple from checkpoints/tabdpt/OrmoniTirodei/-1/seed123/fold1/tabdpt_deepsurv_simple.pt
C-index TRAIN: 0.7881
C-index TEST:  0.7464
  [ckpt] Loading DeepSurv Vanilla from checkpoints/tabdpt/OrmoniTirodei/-1/seed123/fold1/tabdpt_deepsurv_vanilla.pt
C-index TRAIN: 0.8090
C-index TEST:  0.7716
  [ckpt] Loading TABDPT RSF from checkpoints/tabdpt/OrmoniTirodei/-1/seed123/fold1/tabdpt_rsf.pkl
C-index train: 0.9198
C-index test:  0.7730
  [ckpt] Loading TABDPT Cox (embedding) from checkpoints/tabdpt/OrmoniTirodei/-1/seed123/fold1/tabdpt_tab_cox.pkl
C-index train: 0.8098
C-index test:  0.7713
  [ckpt] Loading DeepSurv Vanilla baseline from checkpoints/tabdpt/OrmoniTirodei/-1/seed123/fold1/deepsurv_vanilla_baseline.pt
C-index TRAIN: 0.8093
C-index TEST:  0.7892
  [ckpt] Loading DeepSurv Simple baseline from checkpoints/tabdpt/OrmoniTirodei/-1/seed123/fold1/deepsurv_simple_baseline.pt
C-index TRAIN: 0.7735
C-index TEST:  0.7463
  [ckpt] Loading RSF baseline from checkpoints/tabdpt/OrmoniTirodei/-1/seed123/fold1/rsf_baseline.pkl
C-index train: 0.9008
C-index test:  0.7935
  [ckpt] Loading Cox baseline from checkpoints/tabdpt/OrmoniTirodei/-1/seed123/fold1/tabdpt_cox.pkl
C-index train: 0.8011
C-index test:  0.7873
  [ckpt] Loading DeepSurv Tuned baseline from checkpoints/tabdpt/OrmoniTirodei/-1/seed123/fold1
C-index train: 0.8060
C-index test:  0.7881
  [ckpt] Loading RSF Tuned baseline from checkpoints/tabdpt/OrmoniTirodei/-1/seed123/fold1
C-index train: 0.9130
C-index test:  0.7849
X_train shape: (5161, 76), X_test shape: (1291, 76)
Generating TABDPT Embeddings...
<class 'dict'>
Loaded TabDPTModel from checkpoint.
<class 'dict'>
Loaded TabDPTModel from checkpoint.
Successfully generated embeddings with shape: (5161, 768)
  [ckpt] Loading TABDPT DeepSurv Tuned from checkpoints/tabdpt/OrmoniTirodei/-1/seed123/fold2
C-index train: 0.8063
C-index test:  0.7808
  [ckpt] Loading TABDPT RSF Tuned from checkpoints/tabdpt/OrmoniTirodei/-1/seed123/fold2
C-index train: 0.9084
C-index test:  0.7648
  [ckpt] Loading DeepSurv Simple from checkpoints/tabdpt/OrmoniTirodei/-1/seed123/fold2/tabdpt_deepsurv_simple.pt
C-index TRAIN: 0.7801
C-index TEST:  0.7497
  [ckpt] Loading DeepSurv Vanilla from checkpoints/tabdpt/OrmoniTirodei/-1/seed123/fold2/tabdpt_deepsurv_vanilla.pt
C-index TRAIN: 0.8101
C-index TEST:  0.7801
  [ckpt] Loading TABDPT RSF from checkpoints/tabdpt/OrmoniTirodei/-1/seed123/fold2/tabdpt_rsf.pkl
C-index train: 0.9197
C-index test:  0.7632
  [ckpt] Loading TABDPT Cox (embedding) from checkpoints/tabdpt/OrmoniTirodei/-1/seed123/fold2/tabdpt_tab_cox.pkl
C-index train: 0.8133
C-index test:  0.7755
  [ckpt] Loading DeepSurv Vanilla baseline from checkpoints/tabdpt/OrmoniTirodei/-1/seed123/fold2/deepsurv_vanilla_baseline.pt
C-index TRAIN: 0.8038
C-index TEST:  0.8003
  [ckpt] Loading DeepSurv Simple baseline from checkpoints/tabdpt/OrmoniTirodei/-1/seed123/fold2/deepsurv_simple_baseline.pt
C-index TRAIN: 0.7903
C-index TEST:  0.7965
  [ckpt] Loading RSF baseline from checkpoints/tabdpt/OrmoniTirodei/-1/seed123/fold2/rsf_baseline.pkl
C-index train: 0.9005
C-index test:  0.7951
  [ckpt] Loading Cox baseline from checkpoints/tabdpt/OrmoniTirodei/-1/seed123/fold2/tabdpt_cox.pkl
C-index train: 0.8003
C-index test:  0.7982
  [ckpt] Loading DeepSurv Tuned baseline from checkpoints/tabdpt/OrmoniTirodei/-1/seed123/fold2
C-index train: 0.8054
C-index test:  0.7942
  [ckpt] Loading RSF Tuned baseline from checkpoints/tabdpt/OrmoniTirodei/-1/seed123/fold2
C-index train: 0.8904
C-index test:  0.7950
X_train shape: (5162, 76), X_test shape: (1290, 76)
Generating TABDPT Embeddings...
<class 'dict'>
Loaded TabDPTModel from checkpoint.
<class 'dict'>
Loaded TabDPTModel from checkpoint.
Successfully generated embeddings with shape: (5162, 768)
  [ckpt] Loading TABDPT DeepSurv Tuned from checkpoints/tabdpt/OrmoniTirodei/-1/seed123/fold3
C-index train: 0.8101
C-index test:  0.7686
  [ckpt] Loading TABDPT RSF Tuned from checkpoints/tabdpt/OrmoniTirodei/-1/seed123/fold3
C-index train: 0.9064
C-index test:  0.7642
  [ckpt] Loading DeepSurv Simple from checkpoints/tabdpt/OrmoniTirodei/-1/seed123/fold3/tabdpt_deepsurv_simple.pt
C-index TRAIN: 0.7868
C-index TEST:  0.7537
  [ckpt] Loading DeepSurv Vanilla from checkpoints/tabdpt/OrmoniTirodei/-1/seed123/fold3/tabdpt_deepsurv_vanilla.pt
C-index TRAIN: 0.8115
C-index TEST:  0.7628
  [ckpt] Loading TABDPT RSF from checkpoints/tabdpt/OrmoniTirodei/-1/seed123/fold3/tabdpt_rsf.pkl
C-index train: 0.9243
C-index test:  0.7691
  [ckpt] Loading TABDPT Cox (embedding) from checkpoints/tabdpt/OrmoniTirodei/-1/seed123/fold3/tabdpt_tab_cox.pkl
C-index train: 0.8168
C-index test:  0.7651
  [ckpt] Loading DeepSurv Vanilla baseline from checkpoints/tabdpt/OrmoniTirodei/-1/seed123/fold3/deepsurv_vanilla_baseline.pt
C-index TRAIN: 0.8047
C-index TEST:  0.7761
  [ckpt] Loading DeepSurv Simple baseline from checkpoints/tabdpt/OrmoniTirodei/-1/seed123/fold3/deepsurv_simple_baseline.pt
C-index TRAIN: 0.7951
C-index TEST:  0.7792
  [ckpt] Loading RSF baseline from checkpoints/tabdpt/OrmoniTirodei/-1/seed123/fold3/rsf_baseline.pkl
C-index train: 0.9064
C-index test:  0.7809
  [ckpt] Loading Cox baseline from checkpoints/tabdpt/OrmoniTirodei/-1/seed123/fold3/tabdpt_cox.pkl
C-index train: 0.8032
C-index test:  0.7835
  [ckpt] Loading DeepSurv Tuned baseline from checkpoints/tabdpt/OrmoniTirodei/-1/seed123/fold3
C-index train: 0.8060
C-index test:  0.7776
  [ckpt] Loading RSF Tuned baseline from checkpoints/tabdpt/OrmoniTirodei/-1/seed123/fold3
C-index train: 0.9102
C-index test:  0.7786
X_train shape: (5162, 76), X_test shape: (1290, 76)
Generating TABDPT Embeddings...
<class 'dict'>
Loaded TabDPTModel from checkpoint.
<class 'dict'>
Loaded TabDPTModel from checkpoint.
Successfully generated embeddings with shape: (5162, 768)
  [ckpt] Loading TABDPT DeepSurv Tuned from checkpoints/tabdpt/OrmoniTirodei/-1/seed123/fold4
C-index train: 0.7961
C-index test:  0.7849
  [ckpt] Loading TABDPT RSF Tuned from checkpoints/tabdpt/OrmoniTirodei/-1/seed123/fold4
C-index train: 0.9005
C-index test:  0.7846
  [ckpt] Loading DeepSurv Simple from checkpoints/tabdpt/OrmoniTirodei/-1/seed123/fold4/tabdpt_deepsurv_simple.pt
C-index TRAIN: 0.7982
C-index TEST:  0.7831
  [ckpt] Loading DeepSurv Vanilla from checkpoints/tabdpt/OrmoniTirodei/-1/seed123/fold4/tabdpt_deepsurv_vanilla.pt
C-index TRAIN: 0.7976
C-index TEST:  0.7876
  [ckpt] Loading TABDPT RSF from checkpoints/tabdpt/OrmoniTirodei/-1/seed123/fold4/tabdpt_rsf.pkl
C-index train: 0.9187
C-index test:  0.7865
  [ckpt] Loading TABDPT Cox (embedding) from checkpoints/tabdpt/OrmoniTirodei/-1/seed123/fold4/tabdpt_tab_cox.pkl
C-index train: 0.8083
C-index test:  0.7803
  [ckpt] Loading DeepSurv Vanilla baseline from checkpoints/tabdpt/OrmoniTirodei/-1/seed123/fold4/deepsurv_vanilla_baseline.pt
C-index TRAIN: 0.7855
C-index TEST:  0.7830
  [ckpt] Loading DeepSurv Simple baseline from checkpoints/tabdpt/OrmoniTirodei/-1/seed123/fold4/deepsurv_simple_baseline.pt
C-index TRAIN: 0.7864
C-index TEST:  0.7859
  [ckpt] Loading RSF baseline from checkpoints/tabdpt/OrmoniTirodei/-1/seed123/fold4/rsf_baseline.pkl
C-index train: 0.9020
C-index test:  0.8094
  [ckpt] Loading Cox baseline from checkpoints/tabdpt/OrmoniTirodei/-1/seed123/fold4/tabdpt_cox.pkl
C-index train: 0.7981
C-index test:  0.8023
  [ckpt] Loading DeepSurv Tuned baseline from checkpoints/tabdpt/OrmoniTirodei/-1/seed123/fold4
C-index train: 0.7988
C-index test:  0.7958
  [ckpt] Loading RSF Tuned baseline from checkpoints/tabdpt/OrmoniTirodei/-1/seed123/fold4
C-index train: 0.9057
C-index test:  0.8072
X_train shape: (5162, 76), X_test shape: (1290, 76)
Generating TABDPT Embeddings...
<class 'dict'>
Loaded TabDPTModel from checkpoint.
<class 'dict'>
Loaded TabDPTModel from checkpoint.
Successfully generated embeddings with shape: (5162, 768)
  [ckpt] Loading TABDPT DeepSurv Tuned from checkpoints/tabdpt/OrmoniTirodei/-1/seed123/fold5
C-index train: 0.8054
C-index test:  0.7839
  [ckpt] Loading TABDPT RSF Tuned from checkpoints/tabdpt/OrmoniTirodei/-1/seed123/fold5
C-index train: 0.9140
C-index test:  0.7633
  [ckpt] Loading DeepSurv Simple from checkpoints/tabdpt/OrmoniTirodei/-1/seed123/fold5/tabdpt_deepsurv_simple.pt
C-index TRAIN: 0.8037
C-index TEST:  0.7716
  [ckpt] Loading DeepSurv Vanilla from checkpoints/tabdpt/OrmoniTirodei/-1/seed123/fold5/tabdpt_deepsurv_vanilla.pt
C-index TRAIN: 0.7978
C-index TEST:  0.7862
  [ckpt] Loading TABDPT RSF from checkpoints/tabdpt/OrmoniTirodei/-1/seed123/fold5/tabdpt_rsf.pkl
C-index train: 0.9202
C-index test:  0.7709
  [ckpt] Loading TABDPT Cox (embedding) from checkpoints/tabdpt/OrmoniTirodei/-1/seed123/fold5/tabdpt_tab_cox.pkl
C-index train: 0.8135
C-index test:  0.7748
  [ckpt] Loading DeepSurv Vanilla baseline from checkpoints/tabdpt/OrmoniTirodei/-1/seed123/fold5/deepsurv_vanilla_baseline.pt
C-index TRAIN: 0.8019
C-index TEST:  0.7972
  [ckpt] Loading DeepSurv Simple baseline from checkpoints/tabdpt/OrmoniTirodei/-1/seed123/fold5/deepsurv_simple_baseline.pt
C-index TRAIN: 0.7905
C-index TEST:  0.7899
  [ckpt] Loading RSF baseline from checkpoints/tabdpt/OrmoniTirodei/-1/seed123/fold5/rsf_baseline.pkl
C-index train: 0.9015
C-index test:  0.8042
  [ckpt] Loading Cox baseline from checkpoints/tabdpt/OrmoniTirodei/-1/seed123/fold5/tabdpt_cox.pkl
C-index train: 0.7999
C-index test:  0.8029
  [ckpt] Loading DeepSurv Tuned baseline from checkpoints/tabdpt/OrmoniTirodei/-1/seed123/fold5
C-index train: 0.7795
C-index test:  0.7831
  [ckpt] Loading RSF Tuned baseline from checkpoints/tabdpt/OrmoniTirodei/-1/seed123/fold5
C-index train: 0.9015
C-index test:  0.8042


Preprocess: Keep NaN
Loading existing folds from tmp/splits/OrmoniTirodei_seed123.pkl
X_train shape: (5161, 76), X_test shape: (1291, 76)
Generating TABDPT Embeddings...
<class 'dict'>
Loaded TabDPTModel from checkpoint.
<class 'dict'>
Loaded TabDPTModel from checkpoint.
Successfully generated embeddings with shape: (5161, 768)
  [ckpt] Loading TABDPT DeepSurv Tuned from checkpoints/tabdpt/OrmoniTirodei/NaN/seed123/fold1
C-index train: 0.8091
C-index test:  0.7645
  [ckpt] Loading TABDPT RSF Tuned from checkpoints/tabdpt/OrmoniTirodei/NaN/seed123/fold1
C-index train: 0.9082
C-index test:  0.7620
  [ckpt] Loading DeepSurv Simple from checkpoints/tabdpt/OrmoniTirodei/NaN/seed123/fold1/tabdpt_deepsurv_simple.pt
C-index TRAIN: 0.7919
C-index TEST:  0.7538
  [ckpt] Loading DeepSurv Vanilla from checkpoints/tabdpt/OrmoniTirodei/NaN/seed123/fold1/tabdpt_deepsurv_vanilla.pt
C-index TRAIN: 0.8023
C-index TEST:  0.7642
  [ckpt] Loading TABDPT RSF from checkpoints/tabdpt/OrmoniTirodei/NaN/seed123/fold1/tabdpt_rsf.pkl
C-index train: 0.9222
C-index test:  0.7682
  [ckpt] Loading TABDPT Cox (embedding) from checkpoints/tabdpt/OrmoniTirodei/NaN/seed123/fold1/tabdpt_tab_cox.pkl
C-index train: 0.8129
C-index test:  0.7647
X_train shape: (5161, 76), X_test shape: (1291, 76)
Generating TABDPT Embeddings...
<class 'dict'>
Loaded TabDPTModel from checkpoint.
<class 'dict'>
Loaded TabDPTModel from checkpoint.
Successfully generated embeddings with shape: (5161, 768)
  [ckpt] Loading TABDPT DeepSurv Tuned from checkpoints/tabdpt/OrmoniTirodei/NaN/seed123/fold2
C-index train: 0.8159
C-index test:  0.7808
  [ckpt] Loading TABDPT RSF Tuned from checkpoints/tabdpt/OrmoniTirodei/NaN/seed123/fold2
C-index train: 0.8707
C-index test:  0.7625
  [ckpt] Loading DeepSurv Simple from checkpoints/tabdpt/OrmoniTirodei/NaN/seed123/fold2/tabdpt_deepsurv_simple.pt
C-index TRAIN: 0.7619
C-index TEST:  0.7643
  [ckpt] Loading DeepSurv Vanilla from checkpoints/tabdpt/OrmoniTirodei/NaN/seed123/fold2/tabdpt_deepsurv_vanilla.pt
C-index TRAIN: 0.8118
C-index TEST:  0.7817
  [ckpt] Loading TABDPT RSF from checkpoints/tabdpt/OrmoniTirodei/NaN/seed123/fold2/tabdpt_rsf.pkl
C-index train: 0.9199
C-index test:  0.7644
  [ckpt] Loading TABDPT Cox (embedding) from checkpoints/tabdpt/OrmoniTirodei/NaN/seed123/fold2/tabdpt_tab_cox.pkl
C-index train: 0.8141
C-index test:  0.7807
X_train shape: (5162, 76), X_test shape: (1290, 76)
Generating TABDPT Embeddings...
<class 'dict'>
Loaded TabDPTModel from checkpoint.
<class 'dict'>
Loaded TabDPTModel from checkpoint.
Successfully generated embeddings with shape: (5162, 768)
  [ckpt] Loading TABDPT DeepSurv Tuned from checkpoints/tabdpt/OrmoniTirodei/NaN/seed123/fold3
C-index train: 0.8158
C-index test:  0.7680
  [ckpt] Loading TABDPT RSF Tuned from checkpoints/tabdpt/OrmoniTirodei/NaN/seed123/fold3
C-index train: 0.9017
C-index test:  0.7741
  [ckpt] Loading DeepSurv Simple from checkpoints/tabdpt/OrmoniTirodei/NaN/seed123/fold3/tabdpt_deepsurv_simple.pt
C-index TRAIN: 0.7946
C-index TEST:  0.7510
  [ckpt] Loading DeepSurv Vanilla from checkpoints/tabdpt/OrmoniTirodei/NaN/seed123/fold3/tabdpt_deepsurv_vanilla.pt
C-index TRAIN: 0.8136
C-index TEST:  0.7680
  [ckpt] Loading TABDPT RSF from checkpoints/tabdpt/OrmoniTirodei/NaN/seed123/fold3/tabdpt_rsf.pkl
C-index train: 0.9256
C-index test:  0.7718
  [ckpt] Loading TABDPT Cox (embedding) from checkpoints/tabdpt/OrmoniTirodei/NaN/seed123/fold3/tabdpt_tab_cox.pkl
C-index train: 0.8182
C-index test:  0.7672
X_train shape: (5162, 76), X_test shape: (1290, 76)
Generating TABDPT Embeddings...
<class 'dict'>
Loaded TabDPTModel from checkpoint.
<class 'dict'>
Loaded TabDPTModel from checkpoint.
Successfully generated embeddings with shape: (5162, 768)
  [ckpt] Loading TABDPT DeepSurv Tuned from checkpoints/tabdpt/OrmoniTirodei/NaN/seed123/fold4
C-index train: 0.8150
C-index test:  0.7939
  [ckpt] Loading TABDPT RSF Tuned from checkpoints/tabdpt/OrmoniTirodei/NaN/seed123/fold4
C-index train: 0.9042
C-index test:  0.7869
  [ckpt] Loading DeepSurv Simple from checkpoints/tabdpt/OrmoniTirodei/NaN/seed123/fold4/tabdpt_deepsurv_simple.pt
C-index TRAIN: 0.7734
C-index TEST:  0.7711
  [ckpt] Loading DeepSurv Vanilla from checkpoints/tabdpt/OrmoniTirodei/NaN/seed123/fold4/tabdpt_deepsurv_vanilla.pt
C-index TRAIN: 0.8056
C-index TEST:  0.7928
  [ckpt] Loading TABDPT RSF from checkpoints/tabdpt/OrmoniTirodei/NaN/seed123/fold4/tabdpt_rsf.pkl
C-index train: 0.9213
C-index test:  0.7890
  [ckpt] Loading TABDPT Cox (embedding) from checkpoints/tabdpt/OrmoniTirodei/NaN/seed123/fold4/tabdpt_tab_cox.pkl
C-index train: 0.8115
C-index test:  0.7843
X_train shape: (5162, 76), X_test shape: (1290, 76)
Generating TABDPT Embeddings...
<class 'dict'>
Loaded TabDPTModel from checkpoint.
<class 'dict'>
Loaded TabDPTModel from checkpoint.
Successfully generated embeddings with shape: (5162, 768)
  [ckpt] Loading TABDPT DeepSurv Tuned from checkpoints/tabdpt/OrmoniTirodei/NaN/seed123/fold5
C-index train: 0.8242
C-index test:  0.7769
  [ckpt] Loading TABDPT RSF Tuned from checkpoints/tabdpt/OrmoniTirodei/NaN/seed123/fold5
C-index train: 0.9103
C-index test:  0.7715
  [ckpt] Loading DeepSurv Simple from checkpoints/tabdpt/OrmoniTirodei/NaN/seed123/fold5/tabdpt_deepsurv_simple.pt
C-index TRAIN: 0.8078
C-index TEST:  0.7603
  [ckpt] Loading DeepSurv Vanilla from checkpoints/tabdpt/OrmoniTirodei/NaN/seed123/fold5/tabdpt_deepsurv_vanilla.pt
C-index TRAIN: 0.8121
C-index TEST:  0.7826
  [ckpt] Loading TABDPT RSF from checkpoints/tabdpt/OrmoniTirodei/NaN/seed123/fold5/tabdpt_rsf.pkl
C-index train: 0.9218
C-index test:  0.7697
  [ckpt] Loading TABDPT Cox (embedding) from checkpoints/tabdpt/OrmoniTirodei/NaN/seed123/fold5/tabdpt_tab_cox.pkl
C-index train: 0.8177
C-index test:  0.7711

  Preprocess: -1 | Seed: 123
  TABDPT Train Tuned DeepSurv → mean: 0.806326 | std: 0.005926 | min: 0.796115 | max: 0.813837 | folds: [0.813837, 0.806265, 0.810061, 0.796115, 0.805353]
  TABDPT Test Tuned DeepSurv → mean: 0.779185 | std: 0.005853 | min: 0.768619 | max: 0.784883 | folds: [0.777715, 0.780777, 0.768619, 0.784883, 0.783930]
  TABDPT Train Tuned RSF → mean: 0.906310 | std: 0.004764 | min: 0.900544 | max: 0.914024 | folds: [0.902251, 0.908366, 0.906366, 0.900544, 0.914024]
  TABDPT Test Tuned RSF → mean: 0.769949 | std: 0.008079 | min: 0.763325 | max: 0.784631 | folds: [0.772745, 0.764810, 0.764233, 0.784631, 0.763325]
  TABDPT Train Vanilla → mean: 0.805199 | std: 0.006164 | min: 0.797606 | max: 0.811500 | folds: [0.808972, 0.810097, 0.811500, 0.797606, 0.797823]
  TABDPT Test Vanilla → mean: 0.777678 | std: 0.009341 | min: 0.762817 | max: 0.787649 | folds: [0.771587, 0.780119, 0.762817, 0.787649, 0.786220]
  TABDPT Train Simple → mean: 0.791396 | std: 0.008465 | min: 0.780149 | max: 0.803744 | folds: [0.788053, 0.780149, 0.786788, 0.798246, 0.803744]
  TABDPT Test Simple → mean: 0.760878 | std: 0.014097 | min: 0.746375 | max: 0.783051 | folds: [0.746375, 0.749683, 0.753693, 0.783051, 0.771587]
  TABDPT Train RSF → mean: 0.920550 | std: 0.001970 | min: 0.918660 | max: 0.924349 | folds: [0.919802, 0.919690, 0.924349, 0.918660, 0.920247]
  TABDPT Test RSF → mean: 0.772535 | std: 0.007724 | min: 0.763197 | max: 0.786537 | folds: [0.773005, 0.763197, 0.769071, 0.786537, 0.770865]
  TABDPT Train Cox → mean: 0.812348 | std: 0.002999 | min: 0.808320 | max: 0.816810 | folds: [0.809789, 0.813296, 0.816810, 0.808320, 0.813523]
  TABDPT Test Cox → mean: 0.773402 | std: 0.005061 | min: 0.765052 | max: 0.780296 | folds: [0.771327, 0.775524, 0.765052, 0.780296, 0.774812]
  Train Tuned DeepSurv → mean: 0.799137 | std: 0.010199 | min: 0.779492 | max: 0.806045 | folds: [0.806020, 0.805373, 0.806045, 0.798756, 0.779492]
  Test Tuned DeepSurv → mean: 0.787741 | std: 0.006788 | min: 0.777598 | max: 0.795765 | folds: [0.788082, 0.794173, 0.777598, 0.795765, 0.783086]
  Train Tuned RSF → mean: 0.904188 | std: 0.007925 | min: 0.890409 | max: 0.913032 | folds: [0.913032, 0.890409, 0.910230, 0.905735, 0.901536]
  Test Tuned RSF → mean: 0.793996 | std: 0.010930 | min: 0.778638 | max: 0.807201 | folds: [0.784941, 0.795004, 0.778638, 0.807201, 0.804196]
  Train DeepSurv Vanilla → mean: 0.801036 | std: 0.008155 | min: 0.785461 | max: 0.809271 | folds: [0.809271, 0.803826, 0.804718, 0.785461, 0.801903]
  Test DeepSurv Vanilla → mean: 0.789167 | std: 0.008906 | min: 0.776092 | max: 0.800278 | folds: [0.789227, 0.800278, 0.776092, 0.783036, 0.797203]
  Train DeepSurv Simple → mean: 0.787142 | std: 0.007361 | min: 0.773512 | max: 0.795133 | folds: [0.773512, 0.790251, 0.795133, 0.786358, 0.790459]
  Test DeepSurv Simple → mean: 0.779597 | std: 0.017554 | min: 0.746331 | max: 0.796546 | folds: [0.746331, 0.796546, 0.779248, 0.785944, 0.789917]
  Train RSF  → mean: 0.902241 | std: 0.002124 | min: 0.900510 | max: 0.906361 | folds: [0.900823, 0.900510, 0.906361, 0.901974, 0.901536]
  Test RSF   → mean: 0.796632 | std: 0.009813 | min: 0.780886 | max: 0.809446 | folds: [0.793487, 0.795143, 0.780886, 0.809446, 0.804196]
  Train Cox  → mean: 0.800512 | std: 0.001650 | min: 0.798134 | max: 0.803197 | folds: [0.801067, 0.800277, 0.803197, 0.798134, 0.799887]
  Test Cox   → mean: 0.794854 | std: 0.007954 | min: 0.783536 | max: 0.802912 | folds: [0.787312, 0.798242, 0.783536, 0.802266, 0.802912]

  Preprocess: NaN | Seed: 123
  TABDPT Train Tuned DeepSurv → mean: 0.815997 | std: 0.004836 | min: 0.809074 | max: 0.824240 | folds: [0.809074, 0.815897, 0.815776, 0.814998, 0.824240]
  TABDPT Test Tuned DeepSurv → mean: 0.776820 | std: 0.010363 | min: 0.764510 | max: 0.793883 | folds: [0.764510, 0.780839, 0.767980, 0.793883, 0.776890]
  TABDPT Train Tuned RSF → mean: 0.899032 | std: 0.014482 | min: 0.870699 | max: 0.910345 | folds: [0.908210, 0.870699, 0.901736, 0.904168, 0.910345]
  TABDPT Test Tuned RSF → mean: 0.771416 | std: 0.009127 | min: 0.761956 | max: 0.786948 | folds: [0.761956, 0.762548, 0.774085, 0.786948, 0.771543]
  TABDPT Train Vanilla → mean: 0.809102 | std: 0.004358 | min: 0.802339 | max: 0.813649 | folds: [0.802339, 0.811840, 0.813649, 0.805609, 0.812074]
  TABDPT Test Vanilla → mean: 0.777844 | std: 0.010431 | min: 0.764166 | max: 0.792793 | folds: [0.764166, 0.781651, 0.768021, 0.792793, 0.782589]
  TABDPT Train Simple → mean: 0.785909 | std: 0.016269 | min: 0.761855 | max: 0.807761 | folds: [0.791948, 0.761855, 0.794562, 0.773418, 0.807761]
  TABDPT Test Simple → mean: 0.760085 | std: 0.007218 | min: 0.750988 | max: 0.771087 | folds: [0.753815, 0.764251, 0.750988, 0.771087, 0.760285]
  TABDPT Train RSF → mean: 0.922164 | std: 0.001890 | min: 0.919923 | max: 0.925624 | folds: [0.922152, 0.919923, 0.925624, 0.921290, 0.921832]
  TABDPT Test RSF → mean: 0.772604 | std: 0.008542 | min: 0.764377 | max: 0.788989 | folds: [0.768169, 0.764377, 0.771765, 0.788989, 0.769718]
  TABDPT Train Cox → mean: 0.814867 | std: 0.002646 | min: 0.811477 | max: 0.818183 | folds: [0.812871, 0.814113, 0.818183, 0.811477, 0.817691]
  TABDPT Test Cox → mean: 0.773582 | std: 0.007660 | min: 0.764651 | max: 0.784305 | folds: [0.764651, 0.780724, 0.767152, 0.784305, 0.771078]
Result saved in 'results/OrmoniTirodei/tabdpt/results_cv_OrmoniTirodei_tabdpt_seed123.txt'


Preprocess: Replace NaN with -1
Loading existing folds from tmp/splits/HURRAH_seed123.pkl
X_train shape: (13566, 61), X_test shape: (3392, 61)
Generating TABDPT Embeddings...
<class 'dict'>
Loaded TabDPTModel from checkpoint.
<class 'dict'>
Loaded TabDPTModel from checkpoint.
Successfully generated embeddings with shape: (13566, 768)
Traceback (most recent call last):
  File "/scratch.hpc/luca.cotugno/Foundation_model_clinical_data/test_tabular_model.py", line 1106, in <module>
    results = main(dataset_name, feature_event, feature_time, args.seed, args.model, args.tuning, args.shap)
              ^^^^^^^^^^^^^^^^^^^^^^^^^^^^^^^^^^^^^^^^^^^^^^^^^^^^^^^^^^^^^^^^^^^^^^^^^^^^^^^^^^^^^^^^^^^^^^
  File "/scratch.hpc/luca.cotugno/Foundation_model_clinical_data/test_tabular_model.py", line 464, in main
    deepsurv_params = load_params(ckpt_dir, f"{model}_deepsurv_tuned")
                      ^^^^^^^^^^^^^^^^^^^^^^^^^^^^^^^^^^^^^^^^^^^^^^^^
  File "/scratch.hpc/luca.cotugno/Foundation_model_clinical_data/test_tabular_model.py", line 74, in load_params
    return json.load(f)
           ^^^^^^^^^^^^
  File "/home/students/luca.cotugno/.local/share/uv/python/cpython-3.12.12-linux-x86_64-gnu/lib/python3.12/json/__init__.py", line 293, in load
    return loads(fp.read(),
           ^^^^^^^^^^^^^^^^
  File "/home/students/luca.cotugno/.local/share/uv/python/cpython-3.12.12-linux-x86_64-gnu/lib/python3.12/json/__init__.py", line 346, in loads
    return _default_decoder.decode(s)
           ^^^^^^^^^^^^^^^^^^^^^^^^^^
  File "/home/students/luca.cotugno/.local/share/uv/python/cpython-3.12.12-linux-x86_64-gnu/lib/python3.12/json/decoder.py", line 338, in decode
    obj, end = self.raw_decode(s, idx=_w(s, 0).end())
               ^^^^^^^^^^^^^^^^^^^^^^^^^^^^^^^^^^^^^^
  File "/home/students/luca.cotugno/.local/share/uv/python/cpython-3.12.12-linux-x86_64-gnu/lib/python3.12/json/decoder.py", line 356, in raw_decode
    raise JSONDecodeError("Expecting value", s, err.value) from None
json.decoder.JSONDecodeError: Expecting value: line 1 column 1 (char 0)
