ENV CHECKPOINT PATH: 
DEFAULT PATH: /scratch.hpc/luca.cotugno/Foundation_model_clinical_data/src/models_diff/tabdpt1_1.pth
ENV CHECKPOINT PATH: 
DEFAULT PATH: /scratch.hpc/luca.cotugno/Foundation_model_clinical_data/src/models_diff/tabdpt1_1.pth
/scratch.hpc/luca.cotugno/Foundation_model_clinical_data/.venv/lib/python3.12/site-packages/pycox/models/cox.py:251: RuntimeWarning: overflow encountered in exp
  expg = np.exp(self.predict(input, batch_size, True, eval_, num_workers=num_workers)).reshape(1, -1)
ENV CHECKPOINT PATH: 
DEFAULT PATH: /scratch.hpc/luca.cotugno/Foundation_model_clinical_data/src/models_diff/tabdpt1_1.pth
ENV CHECKPOINT PATH: 
DEFAULT PATH: /scratch.hpc/luca.cotugno/Foundation_model_clinical_data/src/models_diff/tabdpt1_1.pth
ENV CHECKPOINT PATH: 
DEFAULT PATH: /scratch.hpc/luca.cotugno/Foundation_model_clinical_data/src/models_diff/tabdpt1_1.pth
ENV CHECKPOINT PATH: 
DEFAULT PATH: /scratch.hpc/luca.cotugno/Foundation_model_clinical_data/src/models_diff/tabdpt1_1.pth
ENV CHECKPOINT PATH: 
DEFAULT PATH: /scratch.hpc/luca.cotugno/Foundation_model_clinical_data/src/models_diff/tabdpt1_1.pth
ENV CHECKPOINT PATH: 
DEFAULT PATH: /scratch.hpc/luca.cotugno/Foundation_model_clinical_data/src/models_diff/tabdpt1_1.pth
ENV CHECKPOINT PATH: 
DEFAULT PATH: /scratch.hpc/luca.cotugno/Foundation_model_clinical_data/src/models_diff/tabdpt1_1.pth
ENV CHECKPOINT PATH: 
DEFAULT PATH: /scratch.hpc/luca.cotugno/Foundation_model_clinical_data/src/models_diff/tabdpt1_1.pth
ENV CHECKPOINT PATH: 
DEFAULT PATH: /scratch.hpc/luca.cotugno/Foundation_model_clinical_data/src/models_diff/tabdpt1_1.pth
ENV CHECKPOINT PATH: 
DEFAULT PATH: /scratch.hpc/luca.cotugno/Foundation_model_clinical_data/src/models_diff/tabdpt1_1.pth
ENV CHECKPOINT PATH: 
DEFAULT PATH: /scratch.hpc/luca.cotugno/Foundation_model_clinical_data/src/models_diff/tabdpt1_1.pth
ENV CHECKPOINT PATH: 
DEFAULT PATH: /scratch.hpc/luca.cotugno/Foundation_model_clinical_data/src/models_diff/tabdpt1_1.pth
ENV CHECKPOINT PATH: 
DEFAULT PATH: /scratch.hpc/luca.cotugno/Foundation_model_clinical_data/src/models_diff/tabdpt1_1.pth
ENV CHECKPOINT PATH: 
DEFAULT PATH: /scratch.hpc/luca.cotugno/Foundation_model_clinical_data/src/models_diff/tabdpt1_1.pth
ENV CHECKPOINT PATH: 
DEFAULT PATH: /scratch.hpc/luca.cotugno/Foundation_model_clinical_data/src/models_diff/tabdpt1_1.pth
ENV CHECKPOINT PATH: 
DEFAULT PATH: /scratch.hpc/luca.cotugno/Foundation_model_clinical_data/src/models_diff/tabdpt1_1.pth
ENV CHECKPOINT PATH: 
DEFAULT PATH: /scratch.hpc/luca.cotugno/Foundation_model_clinical_data/src/models_diff/tabdpt1_1.pth
ENV CHECKPOINT PATH: 
DEFAULT PATH: /scratch.hpc/luca.cotugno/Foundation_model_clinical_data/src/models_diff/tabdpt1_1.pth
ENV CHECKPOINT PATH: 
DEFAULT PATH: /scratch.hpc/luca.cotugno/Foundation_model_clinical_data/src/models_diff/tabdpt1_1.pth
ENV CHECKPOINT PATH: 
DEFAULT PATH: /scratch.hpc/luca.cotugno/Foundation_model_clinical_data/src/models_diff/tabdpt1_1.pth
STARTED  model=tabdpt  seed=789  tuning=True  shap=False


Preprocess: Replace NaN with -1
Loading existing folds from tmp/splits/OrmoniTirodei_seed789.pkl
X_train shape: (5161, 76), X_test shape: (1291, 76)
Generating TABDPT Embeddings...
<class 'dict'>
Loaded TabDPTModel from checkpoint.
<class 'dict'>
Loaded TabDPTModel from checkpoint.
Successfully generated embeddings with shape: (5161, 768)
  [ckpt] Loading TABDPT DeepSurv Tuned from checkpoints/tabdpt/OrmoniTirodei/-1/seed789/fold1
C-index train: 0.8038
C-index test:  0.7732
  [ckpt] Loading TABDPT RSF Tuned from checkpoints/tabdpt/OrmoniTirodei/-1/seed789/fold1
C-index train: 0.9279
C-index test:  0.7674
  [ckpt] Loading DeepSurv Simple from checkpoints/tabdpt/OrmoniTirodei/-1/seed789/fold1/tabdpt_deepsurv_simple.pt
C-index TRAIN: 0.8006
C-index TEST:  0.7279
  [ckpt] Loading DeepSurv Vanilla from checkpoints/tabdpt/OrmoniTirodei/-1/seed789/fold1/tabdpt_deepsurv_vanilla.pt
C-index TRAIN: 0.8127
C-index TEST:  0.7693
  [ckpt] Loading TABDPT RSF from checkpoints/tabdpt/OrmoniTirodei/-1/seed789/fold1/tabdpt_rsf.pkl
C-index train: 0.9201
C-index test:  0.7637
  [ckpt] Loading TABDPT Cox (embedding) from checkpoints/tabdpt/OrmoniTirodei/-1/seed789/fold1/tabdpt_tab_cox.pkl
C-index train: 0.8133
C-index test:  0.7690
  [ckpt] Loading DeepSurv Vanilla baseline from checkpoints/tabdpt/OrmoniTirodei/-1/seed789/fold1/deepsurv_vanilla_baseline.pt
C-index TRAIN: 0.8095
C-index TEST:  0.7926
  [ckpt] Loading DeepSurv Simple baseline from checkpoints/tabdpt/OrmoniTirodei/-1/seed789/fold1/deepsurv_simple_baseline.pt
C-index TRAIN: 0.7893
C-index TEST:  0.7821
  [ckpt] Loading RSF baseline from checkpoints/tabdpt/OrmoniTirodei/-1/seed789/fold1/rsf_baseline.pkl
C-index train: 0.9013
C-index test:  0.7951
  [ckpt] Loading Cox baseline from checkpoints/tabdpt/OrmoniTirodei/-1/seed789/fold1/tabdpt_cox.pkl
C-index train: 0.8016
C-index test:  0.7899
  [ckpt] Loading DeepSurv Tuned baseline from checkpoints/tabdpt/OrmoniTirodei/-1/seed789/fold1
C-index train: 0.7778
C-index test:  0.7735
  [ckpt] Loading RSF Tuned baseline from checkpoints/tabdpt/OrmoniTirodei/-1/seed789/fold1
C-index train: 0.9050
C-index test:  0.7948
X_train shape: (5161, 76), X_test shape: (1291, 76)
Generating TABDPT Embeddings...
<class 'dict'>
Loaded TabDPTModel from checkpoint.
<class 'dict'>
Loaded TabDPTModel from checkpoint.
Successfully generated embeddings with shape: (5161, 768)
  [ckpt] Loading TABDPT DeepSurv Tuned from checkpoints/tabdpt/OrmoniTirodei/-1/seed789/fold2
C-index train: 0.8111
C-index test:  0.7715
  [ckpt] Loading TABDPT RSF Tuned from checkpoints/tabdpt/OrmoniTirodei/-1/seed789/fold2
C-index train: 0.8904
C-index test:  0.7656
  [ckpt] Loading DeepSurv Simple from checkpoints/tabdpt/OrmoniTirodei/-1/seed789/fold2/tabdpt_deepsurv_simple.pt
C-index TRAIN: 0.8068
C-index TEST:  0.7551
  [ckpt] Loading DeepSurv Vanilla from checkpoints/tabdpt/OrmoniTirodei/-1/seed789/fold2/tabdpt_deepsurv_vanilla.pt
C-index TRAIN: 0.8126
C-index TEST:  0.7758
  [ckpt] Loading TABDPT RSF from checkpoints/tabdpt/OrmoniTirodei/-1/seed789/fold2/tabdpt_rsf.pkl
C-index train: 0.9178
C-index test:  0.7676
  [ckpt] Loading TABDPT Cox (embedding) from checkpoints/tabdpt/OrmoniTirodei/-1/seed789/fold2/tabdpt_tab_cox.pkl
C-index train: 0.8120
C-index test:  0.7697
  [ckpt] Loading DeepSurv Vanilla baseline from checkpoints/tabdpt/OrmoniTirodei/-1/seed789/fold2/deepsurv_vanilla_baseline.pt
C-index TRAIN: 0.8046
C-index TEST:  0.7956
  [ckpt] Loading DeepSurv Simple baseline from checkpoints/tabdpt/OrmoniTirodei/-1/seed789/fold2/deepsurv_simple_baseline.pt
C-index TRAIN: 0.7912
C-index TEST:  0.7917
  [ckpt] Loading RSF baseline from checkpoints/tabdpt/OrmoniTirodei/-1/seed789/fold2/rsf_baseline.pkl
C-index train: 0.9019
C-index test:  0.7898
  [ckpt] Loading Cox baseline from checkpoints/tabdpt/OrmoniTirodei/-1/seed789/fold2/tabdpt_cox.pkl
C-index train: 0.7995
C-index test:  0.7954
  [ckpt] Loading DeepSurv Tuned baseline from checkpoints/tabdpt/OrmoniTirodei/-1/seed789/fold2
C-index train: 0.7735
C-index test:  0.7795
  [ckpt] Loading RSF Tuned baseline from checkpoints/tabdpt/OrmoniTirodei/-1/seed789/fold2
C-index train: 0.9084
C-index test:  0.7877
X_train shape: (5162, 76), X_test shape: (1290, 76)
Generating TABDPT Embeddings...
<class 'dict'>
Loaded TabDPTModel from checkpoint.
<class 'dict'>
Loaded TabDPTModel from checkpoint.
Successfully generated embeddings with shape: (5162, 768)
  [ckpt] Loading TABDPT DeepSurv Tuned from checkpoints/tabdpt/OrmoniTirodei/-1/seed789/fold3
C-index train: 0.8033
C-index test:  0.7732
  [ckpt] Loading TABDPT RSF Tuned from checkpoints/tabdpt/OrmoniTirodei/-1/seed789/fold3
C-index train: 0.8870
C-index test:  0.7687
  [ckpt] Loading DeepSurv Simple from checkpoints/tabdpt/OrmoniTirodei/-1/seed789/fold3/tabdpt_deepsurv_simple.pt
C-index TRAIN: 0.7894
C-index TEST:  0.7483
  [ckpt] Loading DeepSurv Vanilla from checkpoints/tabdpt/OrmoniTirodei/-1/seed789/fold3/tabdpt_deepsurv_vanilla.pt
C-index TRAIN: 0.8082
C-index TEST:  0.7731
  [ckpt] Loading TABDPT RSF from checkpoints/tabdpt/OrmoniTirodei/-1/seed789/fold3/tabdpt_rsf.pkl
C-index train: 0.9212
C-index test:  0.7650
  [ckpt] Loading TABDPT Cox (embedding) from checkpoints/tabdpt/OrmoniTirodei/-1/seed789/fold3/tabdpt_tab_cox.pkl
C-index train: 0.8117
C-index test:  0.7733
  [ckpt] Loading DeepSurv Vanilla baseline from checkpoints/tabdpt/OrmoniTirodei/-1/seed789/fold3/deepsurv_vanilla_baseline.pt
C-index TRAIN: 0.8085
C-index TEST:  0.7849
  [ckpt] Loading DeepSurv Simple baseline from checkpoints/tabdpt/OrmoniTirodei/-1/seed789/fold3/deepsurv_simple_baseline.pt
C-index TRAIN: 0.7870
C-index TEST:  0.7773
  [ckpt] Loading RSF baseline from checkpoints/tabdpt/OrmoniTirodei/-1/seed789/fold3/rsf_baseline.pkl
C-index train: 0.8992
C-index test:  0.7972
  [ckpt] Loading Cox baseline from checkpoints/tabdpt/OrmoniTirodei/-1/seed789/fold3/tabdpt_cox.pkl
C-index train: 0.8004
C-index test:  0.7942
  [ckpt] Loading DeepSurv Tuned baseline from checkpoints/tabdpt/OrmoniTirodei/-1/seed789/fold3
C-index train: 0.8033
C-index test:  0.7884
  [ckpt] Loading RSF Tuned baseline from checkpoints/tabdpt/OrmoniTirodei/-1/seed789/fold3
C-index train: 0.9037
C-index test:  0.7960
X_train shape: (5162, 76), X_test shape: (1290, 76)
Generating TABDPT Embeddings...
<class 'dict'>
Loaded TabDPTModel from checkpoint.
<class 'dict'>
Loaded TabDPTModel from checkpoint.
Successfully generated embeddings with shape: (5162, 768)
  [ckpt] Loading TABDPT DeepSurv Tuned from checkpoints/tabdpt/OrmoniTirodei/-1/seed789/fold4
C-index train: 0.8100
C-index test:  0.7780
  [ckpt] Loading TABDPT RSF Tuned from checkpoints/tabdpt/OrmoniTirodei/-1/seed789/fold4
C-index train: 0.8999
C-index test:  0.7775
  [ckpt] Loading DeepSurv Simple from checkpoints/tabdpt/OrmoniTirodei/-1/seed789/fold4/tabdpt_deepsurv_simple.pt
C-index TRAIN: 0.7701
C-index TEST:  0.7547
  [ckpt] Loading DeepSurv Vanilla from checkpoints/tabdpt/OrmoniTirodei/-1/seed789/fold4/tabdpt_deepsurv_vanilla.pt
C-index TRAIN: 0.8145
C-index TEST:  0.7877
  [ckpt] Loading TABDPT RSF from checkpoints/tabdpt/OrmoniTirodei/-1/seed789/fold4/tabdpt_rsf.pkl
C-index train: 0.9240
C-index test:  0.7795
  [ckpt] Loading TABDPT Cox (embedding) from checkpoints/tabdpt/OrmoniTirodei/-1/seed789/fold4/tabdpt_tab_cox.pkl
C-index train: 0.8109
C-index test:  0.7869
  [ckpt] Loading DeepSurv Vanilla baseline from checkpoints/tabdpt/OrmoniTirodei/-1/seed789/fold4/deepsurv_vanilla_baseline.pt
C-index TRAIN: 0.8065
C-index TEST:  0.8018
  [ckpt] Loading DeepSurv Simple baseline from checkpoints/tabdpt/OrmoniTirodei/-1/seed789/fold4/deepsurv_simple_baseline.pt
C-index TRAIN: 0.7839
C-index TEST:  0.7870
  [ckpt] Loading RSF baseline from checkpoints/tabdpt/OrmoniTirodei/-1/seed789/fold4/rsf_baseline.pkl
C-index train: 0.9026
C-index test:  0.8099
  [ckpt] Loading Cox baseline from checkpoints/tabdpt/OrmoniTirodei/-1/seed789/fold4/tabdpt_cox.pkl
C-index train: 0.7983
C-index test:  0.8027
  [ckpt] Loading DeepSurv Tuned baseline from checkpoints/tabdpt/OrmoniTirodei/-1/seed789/fold4
C-index train: 0.7106
C-index test:  0.7089
  [ckpt] Loading RSF Tuned baseline from checkpoints/tabdpt/OrmoniTirodei/-1/seed789/fold4
C-index train: 0.9103
C-index test:  0.8104
X_train shape: (5162, 76), X_test shape: (1290, 76)
Generating TABDPT Embeddings...
<class 'dict'>
Loaded TabDPTModel from checkpoint.
<class 'dict'>
Loaded TabDPTModel from checkpoint.
Successfully generated embeddings with shape: (5162, 768)
  [ckpt] Loading TABDPT DeepSurv Tuned from checkpoints/tabdpt/OrmoniTirodei/-1/seed789/fold5
C-index train: 0.7544
C-index test:  0.7526
  [ckpt] Loading TABDPT RSF Tuned from checkpoints/tabdpt/OrmoniTirodei/-1/seed789/fold5
C-index train: 0.8839
C-index test:  0.7691
  [ckpt] Loading DeepSurv Simple from checkpoints/tabdpt/OrmoniTirodei/-1/seed789/fold5/tabdpt_deepsurv_simple.pt
C-index TRAIN: 0.8023
C-index TEST:  0.7610
  [ckpt] Loading DeepSurv Vanilla from checkpoints/tabdpt/OrmoniTirodei/-1/seed789/fold5/tabdpt_deepsurv_vanilla.pt
C-index TRAIN: 0.7949
C-index TEST:  0.7782
  [ckpt] Loading TABDPT RSF from checkpoints/tabdpt/OrmoniTirodei/-1/seed789/fold5/tabdpt_rsf.pkl
C-index train: 0.9218
C-index test:  0.7670
  [ckpt] Loading TABDPT Cox (embedding) from checkpoints/tabdpt/OrmoniTirodei/-1/seed789/fold5/tabdpt_tab_cox.pkl
C-index train: 0.8144
C-index test:  0.7640
  [ckpt] Loading DeepSurv Vanilla baseline from checkpoints/tabdpt/OrmoniTirodei/-1/seed789/fold5/deepsurv_vanilla_baseline.pt
C-index TRAIN: 0.8063
C-index TEST:  0.7816
  [ckpt] Loading DeepSurv Simple baseline from checkpoints/tabdpt/OrmoniTirodei/-1/seed789/fold5/deepsurv_simple_baseline.pt
C-index TRAIN: 0.7956
C-index TEST:  0.7686
  [ckpt] Loading RSF baseline from checkpoints/tabdpt/OrmoniTirodei/-1/seed789/fold5/rsf_baseline.pkl
C-index train: 0.9048
C-index test:  0.7958
  [ckpt] Loading Cox baseline from checkpoints/tabdpt/OrmoniTirodei/-1/seed789/fold5/tabdpt_cox.pkl
C-index train: 0.8033
C-index test:  0.7838
  [ckpt] Loading DeepSurv Tuned baseline from checkpoints/tabdpt/OrmoniTirodei/-1/seed789/fold5
C-index train: 0.8067
C-index test:  0.7821
  [ckpt] Loading RSF Tuned baseline from checkpoints/tabdpt/OrmoniTirodei/-1/seed789/fold5
C-index train: 0.9048
C-index test:  0.7958


Preprocess: Keep NaN
Loading existing folds from tmp/splits/OrmoniTirodei_seed789.pkl
X_train shape: (5161, 76), X_test shape: (1291, 76)
Generating TABDPT Embeddings...
<class 'dict'>
Loaded TabDPTModel from checkpoint.
<class 'dict'>
Loaded TabDPTModel from checkpoint.
Successfully generated embeddings with shape: (5161, 768)
  [ckpt] Loading TABDPT DeepSurv Tuned from checkpoints/tabdpt/OrmoniTirodei/NaN/seed789/fold1
C-index train: 0.8198
C-index test:  0.7773
  [ckpt] Loading TABDPT RSF Tuned from checkpoints/tabdpt/OrmoniTirodei/NaN/seed789/fold1
C-index train: 0.8800
C-index test:  0.7631
  [ckpt] Loading DeepSurv Simple from checkpoints/tabdpt/OrmoniTirodei/NaN/seed789/fold1/tabdpt_deepsurv_simple.pt
C-index TRAIN: 0.8078
C-index TEST:  0.7561
  [ckpt] Loading DeepSurv Vanilla from checkpoints/tabdpt/OrmoniTirodei/NaN/seed789/fold1/tabdpt_deepsurv_vanilla.pt
C-index TRAIN: 0.8168
C-index TEST:  0.7788
  [ckpt] Loading TABDPT RSF from checkpoints/tabdpt/OrmoniTirodei/NaN/seed789/fold1/tabdpt_rsf.pkl
C-index train: 0.9198
C-index test:  0.7680
  [ckpt] Loading TABDPT Cox (embedding) from checkpoints/tabdpt/OrmoniTirodei/NaN/seed789/fold1/tabdpt_tab_cox.pkl
C-index train: 0.8161
C-index test:  0.7733
X_train shape: (5161, 76), X_test shape: (1291, 76)
Generating TABDPT Embeddings...
<class 'dict'>
Loaded TabDPTModel from checkpoint.
<class 'dict'>
Loaded TabDPTModel from checkpoint.
Successfully generated embeddings with shape: (5161, 768)
  [ckpt] Loading TABDPT DeepSurv Tuned from checkpoints/tabdpt/OrmoniTirodei/NaN/seed789/fold2
C-index train: 0.8315
C-index test:  0.7693
  [ckpt] Loading TABDPT RSF Tuned from checkpoints/tabdpt/OrmoniTirodei/NaN/seed789/fold2
C-index train: 0.9096
C-index test:  0.7677
  [ckpt] Loading DeepSurv Simple from checkpoints/tabdpt/OrmoniTirodei/NaN/seed789/fold2/tabdpt_deepsurv_simple.pt
C-index TRAIN: 0.8084
C-index TEST:  0.7651
  [ckpt] Loading DeepSurv Vanilla from checkpoints/tabdpt/OrmoniTirodei/NaN/seed789/fold2/tabdpt_deepsurv_vanilla.pt
C-index TRAIN: 0.8200
C-index TEST:  0.7736
  [ckpt] Loading TABDPT RSF from checkpoints/tabdpt/OrmoniTirodei/NaN/seed789/fold2/tabdpt_rsf.pkl
C-index train: 0.9201
C-index test:  0.7632
  [ckpt] Loading TABDPT Cox (embedding) from checkpoints/tabdpt/OrmoniTirodei/NaN/seed789/fold2/tabdpt_tab_cox.pkl
C-index train: 0.8170
C-index test:  0.7647
X_train shape: (5162, 76), X_test shape: (1290, 76)
Generating TABDPT Embeddings...
<class 'dict'>
Loaded TabDPTModel from checkpoint.
<class 'dict'>
Loaded TabDPTModel from checkpoint.
Successfully generated embeddings with shape: (5162, 768)
  [ckpt] Loading TABDPT DeepSurv Tuned from checkpoints/tabdpt/OrmoniTirodei/NaN/seed789/fold3
C-index train: 0.8180
C-index test:  0.7677
  [ckpt] Loading TABDPT RSF Tuned from checkpoints/tabdpt/OrmoniTirodei/NaN/seed789/fold3
C-index train: 0.9078
C-index test:  0.7697
  [ckpt] Loading DeepSurv Simple from checkpoints/tabdpt/OrmoniTirodei/NaN/seed789/fold3/tabdpt_deepsurv_simple.pt
C-index TRAIN: 0.8008
C-index TEST:  0.7620
  [ckpt] Loading DeepSurv Vanilla from checkpoints/tabdpt/OrmoniTirodei/NaN/seed789/fold3/tabdpt_deepsurv_vanilla.pt
C-index TRAIN: 0.8077
C-index TEST:  0.7774
  [ckpt] Loading TABDPT RSF from checkpoints/tabdpt/OrmoniTirodei/NaN/seed789/fold3/tabdpt_rsf.pkl
C-index train: 0.9226
C-index test:  0.7687
  [ckpt] Loading TABDPT Cox (embedding) from checkpoints/tabdpt/OrmoniTirodei/NaN/seed789/fold3/tabdpt_tab_cox.pkl
C-index train: 0.8138
C-index test:  0.7757
X_train shape: (5162, 76), X_test shape: (1290, 76)
Generating TABDPT Embeddings...
<class 'dict'>
Loaded TabDPTModel from checkpoint.
<class 'dict'>
Loaded TabDPTModel from checkpoint.
Successfully generated embeddings with shape: (5162, 768)
  [ckpt] Loading TABDPT DeepSurv Tuned from checkpoints/tabdpt/OrmoniTirodei/NaN/seed789/fold4
C-index train: 0.8068
C-index test:  0.7916
  [ckpt] Loading TABDPT RSF Tuned from checkpoints/tabdpt/OrmoniTirodei/NaN/seed789/fold4
C-index train: 0.8981
C-index test:  0.7746
  [ckpt] Loading DeepSurv Simple from checkpoints/tabdpt/OrmoniTirodei/NaN/seed789/fold4/tabdpt_deepsurv_simple.pt
C-index TRAIN: 0.8088
C-index TEST:  0.7728
  [ckpt] Loading DeepSurv Vanilla from checkpoints/tabdpt/OrmoniTirodei/NaN/seed789/fold4/tabdpt_deepsurv_vanilla.pt
C-index TRAIN: 0.8052
C-index TEST:  0.7877
  [ckpt] Loading TABDPT RSF from checkpoints/tabdpt/OrmoniTirodei/NaN/seed789/fold4/tabdpt_rsf.pkl
C-index train: 0.9250
C-index test:  0.7752
  [ckpt] Loading TABDPT Cox (embedding) from checkpoints/tabdpt/OrmoniTirodei/NaN/seed789/fold4/tabdpt_tab_cox.pkl
C-index train: 0.8142
C-index test:  0.7836
X_train shape: (5162, 76), X_test shape: (1290, 76)
Generating TABDPT Embeddings...
<class 'dict'>
Loaded TabDPTModel from checkpoint.
<class 'dict'>
Loaded TabDPTModel from checkpoint.
Successfully generated embeddings with shape: (5162, 768)
  [ckpt] Loading TABDPT DeepSurv Tuned from checkpoints/tabdpt/OrmoniTirodei/NaN/seed789/fold5
C-index train: 0.8083
C-index test:  0.7751
  [ckpt] Loading TABDPT RSF Tuned from checkpoints/tabdpt/OrmoniTirodei/NaN/seed789/fold5
C-index train: 0.9169
C-index test:  0.7704
  [ckpt] Loading DeepSurv Simple from checkpoints/tabdpt/OrmoniTirodei/NaN/seed789/fold5/tabdpt_deepsurv_simple.pt
C-index TRAIN: 0.8031
C-index TEST:  0.7636
  [ckpt] Loading DeepSurv Vanilla from checkpoints/tabdpt/OrmoniTirodei/NaN/seed789/fold5/tabdpt_deepsurv_vanilla.pt
C-index TRAIN: 0.7893
C-index TEST:  0.7739
  [ckpt] Loading TABDPT RSF from checkpoints/tabdpt/OrmoniTirodei/NaN/seed789/fold5/tabdpt_rsf.pkl
C-index train: 0.9232
C-index test:  0.7686
  [ckpt] Loading TABDPT Cox (embedding) from checkpoints/tabdpt/OrmoniTirodei/NaN/seed789/fold5/tabdpt_tab_cox.pkl
C-index train: 0.8154
C-index test:  0.7679

  Preprocess: -1 | Seed: 789
  TABDPT Train Tuned DeepSurv → mean: 0.796526 | std: 0.021316 | min: 0.754356 | max: 0.811066 | folds: [0.803841, 0.811066, 0.803341, 0.810025, 0.754356]
  TABDPT Test Tuned DeepSurv → mean: 0.769706 | std: 0.008843 | min: 0.752566 | max: 0.778024 | folds: [0.773242, 0.771468, 0.773231, 0.778024, 0.752566]
  TABDPT Train Tuned RSF → mean: 0.897822 | std: 0.015972 | min: 0.883929 | max: 0.927915 | folds: [0.927915, 0.890381, 0.886996, 0.899890, 0.883929]
  TABDPT Test Tuned RSF → mean: 0.769663 | std: 0.004113 | min: 0.765645 | max: 0.777536 | folds: [0.767404, 0.765645, 0.768673, 0.777536, 0.769058]
  TABDPT Train Vanilla → mean: 0.808603 | std: 0.007136 | min: 0.794949 | max: 0.814542 | folds: [0.812736, 0.812561, 0.808227, 0.814542, 0.794949]
  TABDPT Test Vanilla → mean: 0.776815 | std: 0.006214 | min: 0.769254 | max: 0.787723 | folds: [0.769254, 0.775820, 0.773073, 0.787723, 0.778207]
  TABDPT Train Simple → mean: 0.793851 | std: 0.013188 | min: 0.770106 | max: 0.806809 | folds: [0.800639, 0.806809, 0.789376, 0.770106, 0.802323]
  TABDPT Test Simple → mean: 0.749400 | std: 0.011462 | min: 0.727921 | max: 0.760960 | folds: [0.727921, 0.755080, 0.748306, 0.754731, 0.760960]
  TABDPT Train RSF → mean: 0.920986 | std: 0.002016 | min: 0.917834 | max: 0.923971 | folds: [0.920136, 0.917834, 0.921160, 0.923971, 0.921829]
  TABDPT Test RSF → mean: 0.768557 | std: 0.005631 | min: 0.763686 | max: 0.779462 | folds: [0.763686, 0.767624, 0.765008, 0.779462, 0.767003]
  TABDPT Train Cox → mean: 0.812466 | std: 0.001222 | min: 0.810945 | max: 0.814404 | folds: [0.813257, 0.812016, 0.811709, 0.810945, 0.814404]
  TABDPT Test Cox → mean: 0.772576 | std: 0.007773 | min: 0.763961 | max: 0.786938 | folds: [0.768996, 0.769701, 0.773285, 0.786938, 0.763961]
  Train Tuned DeepSurv → mean: 0.774408 | std: 0.034513 | min: 0.710648 | max: 0.806723 | folds: [0.777839, 0.773547, 0.803282, 0.710648, 0.806723]
  Test Tuned DeepSurv → mean: 0.766459 | std: 0.029186 | min: 0.708870 | max: 0.788358 | folds: [0.773496, 0.779520, 0.788358, 0.708870, 0.782050]
  Train Tuned RSF → mean: 0.906414 | std: 0.002504 | min: 0.903683 | max: 0.910321 | folds: [0.904952, 0.908351, 0.903683, 0.910321, 0.904763]
  Test Tuned RSF → mean: 0.796936 | std: 0.007381 | min: 0.787702 | max: 0.810368 | folds: [0.794813, 0.787702, 0.796011, 0.810368, 0.795784]
  Train DeepSurv Vanilla → mean: 0.807083 | std: 0.001725 | min: 0.804623 | max: 0.809505 | folds: [0.809505, 0.804623, 0.808496, 0.806520, 0.806274]
  Test DeepSurv Vanilla → mean: 0.791307 | std: 0.007270 | min: 0.781636 | max: 0.801825 | folds: [0.792569, 0.795557, 0.784948, 0.801825, 0.781636]
  Train DeepSurv Simple → mean: 0.789388 | std: 0.003948 | min: 0.783906 | max: 0.795627 | folds: [0.789268, 0.791160, 0.786981, 0.783906, 0.795627]
  Test DeepSurv Simple → mean: 0.781372 | std: 0.007977 | min: 0.768639 | max: 0.791739 | folds: [0.782118, 0.791739, 0.777350, 0.787014, 0.768639]
  Train RSF  → mean: 0.901956 | std: 0.001800 | min: 0.899244 | max: 0.904763 | folds: [0.901269, 0.901854, 0.899244, 0.902649, 0.904763]
  Test RSF   → mean: 0.797567 | std: 0.006672 | min: 0.789809 | max: 0.809936 | folds: [0.795092, 0.789809, 0.797213, 0.809936, 0.795784]
  Train Cox  → mean: 0.800624 | std: 0.001737 | min: 0.798275 | max: 0.803311 | folds: [0.801636, 0.799492, 0.800407, 0.798275, 0.803311]
  Test Cox   → mean: 0.793181 | std: 0.006248 | min: 0.783771 | max: 0.802659 | folds: [0.789891, 0.795421, 0.794161, 0.802659, 0.783771]

  Preprocess: NaN | Seed: 789
  TABDPT Train Tuned DeepSurv → mean: 0.816901 | std: 0.008927 | min: 0.806827 | max: 0.831501 | folds: [0.819833, 0.831501, 0.818038, 0.806827, 0.808304]
  TABDPT Test Tuned DeepSurv → mean: 0.776214 | std: 0.008466 | min: 0.767748 | max: 0.791605 | folds: [0.777305, 0.769333, 0.767748, 0.791605, 0.775078]
  TABDPT Train Tuned RSF → mean: 0.902469 | std: 0.012733 | min: 0.880003 | max: 0.916860 | folds: [0.880003, 0.909602, 0.907817, 0.898062, 0.916860]
  TABDPT Test Tuned RSF → mean: 0.769089 | std: 0.003769 | min: 0.763052 | max: 0.774617 | folds: [0.763052, 0.767693, 0.769694, 0.774617, 0.770392]
  TABDPT Train Vanilla → mean: 0.807800 | std: 0.010762 | min: 0.789323 | max: 0.820031 | folds: [0.816802, 0.820031, 0.807692, 0.805151, 0.789323]
  TABDPT Test Vanilla → mean: 0.778271 | std: 0.005098 | min: 0.773572 | max: 0.787652 | folds: [0.778813, 0.773572, 0.777380, 0.787652, 0.773940]
  TABDPT Train Simple → mean: 0.805751 | std: 0.003242 | min: 0.800751 | max: 0.808811 | folds: [0.807770, 0.808369, 0.800751, 0.808811, 0.803054]
  TABDPT Test Simple → mean: 0.763930 | std: 0.005397 | min: 0.756104 | max: 0.772835 | folds: [0.756104, 0.765102, 0.762038, 0.772835, 0.763571]
  TABDPT Train RSF → mean: 0.922131 | std: 0.001940 | min: 0.919826 | max: 0.924977 | folds: [0.919826, 0.920100, 0.922582, 0.924977, 0.923172]
  TABDPT Test RSF → mean: 0.768742 | std: 0.003828 | min: 0.763193 | max: 0.775212 | folds: [0.767962, 0.763193, 0.768734, 0.775212, 0.768609]
  TABDPT Train Cox → mean: 0.815300 | std: 0.001164 | min: 0.813834 | max: 0.816964 | folds: [0.816081, 0.816964, 0.813834, 0.814192, 0.815430]
  TABDPT Test Cox → mean: 0.773044 | std: 0.006543 | min: 0.764681 | max: 0.783589 | folds: [0.773336, 0.764681, 0.775663, 0.783589, 0.767950]
Result saved in 'results/OrmoniTirodei/tabdpt/results_cv_OrmoniTirodei_tabdpt_seed789.txt'


Preprocess: Replace NaN with -1
Loading existing folds from tmp/splits/HURRAH_seed789.pkl
X_train shape: (13566, 61), X_test shape: (3392, 61)
Generating TABDPT Embeddings...
<class 'dict'>
Loaded TabDPTModel from checkpoint.
<class 'dict'>
Loaded TabDPTModel from checkpoint.
Successfully generated embeddings with shape: (13566, 768)
Traceback (most recent call last):
  File "/scratch.hpc/luca.cotugno/Foundation_model_clinical_data/test_tabular_model.py", line 1106, in <module>
    results = main(dataset_name, feature_event, feature_time, args.seed, args.model, args.tuning, args.shap)
              ^^^^^^^^^^^^^^^^^^^^^^^^^^^^^^^^^^^^^^^^^^^^^^^^^^^^^^^^^^^^^^^^^^^^^^^^^^^^^^^^^^^^^^^^^^^^^^
  File "/scratch.hpc/luca.cotugno/Foundation_model_clinical_data/test_tabular_model.py", line 464, in main
    deepsurv_params = load_params(ckpt_dir, f"{model}_deepsurv_tuned")
                      ^^^^^^^^^^^^^^^^^^^^^^^^^^^^^^^^^^^^^^^^^^^^^^^^
  File "/scratch.hpc/luca.cotugno/Foundation_model_clinical_data/test_tabular_model.py", line 74, in load_params
    return json.load(f)
           ^^^^^^^^^^^^
  File "/home/students/luca.cotugno/.local/share/uv/python/cpython-3.12.12-linux-x86_64-gnu/lib/python3.12/json/__init__.py", line 293, in load
    return loads(fp.read(),
           ^^^^^^^^^^^^^^^^
  File "/home/students/luca.cotugno/.local/share/uv/python/cpython-3.12.12-linux-x86_64-gnu/lib/python3.12/json/__init__.py", line 346, in loads
    return _default_decoder.decode(s)
           ^^^^^^^^^^^^^^^^^^^^^^^^^^
  File "/home/students/luca.cotugno/.local/share/uv/python/cpython-3.12.12-linux-x86_64-gnu/lib/python3.12/json/decoder.py", line 338, in decode
    obj, end = self.raw_decode(s, idx=_w(s, 0).end())
               ^^^^^^^^^^^^^^^^^^^^^^^^^^^^^^^^^^^^^^
  File "/home/students/luca.cotugno/.local/share/uv/python/cpython-3.12.12-linux-x86_64-gnu/lib/python3.12/json/decoder.py", line 356, in raw_decode
    raise JSONDecodeError("Expecting value", s, err.value) from None
json.decoder.JSONDecodeError: Expecting value: line 1 column 1 (char 0)
