STARTED

============================================================
Dataset: OrmoniTirodei
============================================================
Loading existing folds from tmp/splits/OrmoniTirodei_seed456.pkl
Loading NaN ordering from tmp/masks/OrmoniTirodei_tabicl_seed456_fold0_eval.npy
Traceback (most recent call last):
  File "/scratch.hpc/luca.cotugno/Foundation_model_clinical_data/test_nan.py", line 664, in <module>
    results_by_pct = main(dataset_name, feature_event, feature_time,
                     ^^^^^^^^^^^^^^^^^^^^^^^^^^^^^^^^^^^^^^^^^^^^^^^
  File "/scratch.hpc/luca.cotugno/Foundation_model_clinical_data/test_nan.py", line 106, in main
    eval_ordering = get_or_create_nan_ordering(
                    ^^^^^^^^^^^^^^^^^^^^^^^^^^^
  File "/scratch.hpc/luca.cotugno/Foundation_model_clinical_data/test_nan.py", line 350, in get_or_create_nan_ordering
    return np.load(path)
           ^^^^^^^^^^^^^
  File "/scratch.hpc/luca.cotugno/Foundation_model_clinical_data/.venv/lib/python3.12/site-packages/numpy/lib/_npyio_impl.py", line 483, in load
    return format.read_array(fid, allow_pickle=allow_pickle,
           ^^^^^^^^^^^^^^^^^^^^^^^^^^^^^^^^^^^^^^^^^^^^^^^^^
  File "/scratch.hpc/luca.cotugno/Foundation_model_clinical_data/.venv/lib/python3.12/site-packages/numpy/lib/_format_impl.py", line 874, in read_array
    raise ValueError(
ValueError: Failed to read all data for array. Expected (122588,) = 122588 elements, could only read 0 elements. (file seems not fully written?)
