/scratch.hpc/luca.cotugno/Foundation_model_clinical_data/src/tabicl/embedding.py:142: UserWarning: The given NumPy array is not writable, and PyTorch does not support non-writable tensors. This means writing to this tensor will result in undefined behavior. You may want to copy the array to protect its data or make it writable before converting it to a tensor. This type of warning will be suppressed for the rest of this program. (Triggered internally at /pytorch/torch/csrc/utils/tensor_numpy.cpp:213.)
  y_t = torch.from_numpy(y_ctx).long().unsqueeze(0).to(self.device)    # (1, ctx_size)
/scratch.hpc/luca.cotugno/Foundation_model_clinical_data/.venv/lib/python3.12/site-packages/sklearn/utils/validation.py:2684: UserWarning: X has feature names, but RandomSurvivalForest was fitted without feature names
  warnings.warn(
/scratch.hpc/luca.cotugno/Foundation_model_clinical_data/.venv/lib/python3.12/site-packages/sklearn/utils/validation.py:2684: UserWarning: X has feature names, but RandomSurvivalForest was fitted without feature names
  warnings.warn(
/scratch.hpc/luca.cotugno/Foundation_model_clinical_data/.venv/lib/python3.12/site-packages/sklearn/utils/validation.py:2684: UserWarning: X has feature names, but RandomSurvivalForest was fitted without feature names
  warnings.warn(
/scratch.hpc/luca.cotugno/Foundation_model_clinical_data/.venv/lib/python3.12/site-packages/sklearn/utils/validation.py:2684: UserWarning: X has feature names, but RandomSurvivalForest was fitted without feature names
  warnings.warn(
/scratch.hpc/luca.cotugno/Foundation_model_clinical_data/.venv/lib/python3.12/site-packages/sklearn/utils/validation.py:2684: UserWarning: X has feature names, but RandomSurvivalForest was fitted without feature names
  warnings.warn(
/scratch.hpc/luca.cotugno/Foundation_model_clinical_data/.venv/lib/python3.12/site-packages/sklearn/utils/validation.py:2684: UserWarning: X has feature names, but RandomSurvivalForest was fitted without feature names
  warnings.warn(
/scratch.hpc/luca.cotugno/Foundation_model_clinical_data/.venv/lib/python3.12/site-packages/sklearn/utils/validation.py:2684: UserWarning: X has feature names, but RandomSurvivalForest was fitted without feature names
  warnings.warn(
/scratch.hpc/luca.cotugno/Foundation_model_clinical_data/.venv/lib/python3.12/site-packages/sklearn/utils/validation.py:2684: UserWarning: X has feature names, but RandomSurvivalForest was fitted without feature names
  warnings.warn(
/scratch.hpc/luca.cotugno/Foundation_model_clinical_data/.venv/lib/python3.12/site-packages/sklearn/utils/validation.py:2684: UserWarning: X has feature names, but RandomSurvivalForest was fitted without feature names
  warnings.warn(
/scratch.hpc/luca.cotugno/Foundation_model_clinical_data/.venv/lib/python3.12/site-packages/sklearn/utils/validation.py:2684: UserWarning: X has feature names, but RandomSurvivalForest was fitted without feature names
  warnings.warn(
/scratch.hpc/luca.cotugno/Foundation_model_clinical_data/.venv/lib/python3.12/site-packages/sklearn/utils/validation.py:2684: UserWarning: X has feature names, but RandomSurvivalForest was fitted without feature names
  warnings.warn(
/scratch.hpc/luca.cotugno/Foundation_model_clinical_data/.venv/lib/python3.12/site-packages/sklearn/utils/validation.py:2684: UserWarning: X has feature names, but RandomSurvivalForest was fitted without feature names
  warnings.warn(
/scratch.hpc/luca.cotugno/Foundation_model_clinical_data/.venv/lib/python3.12/site-packages/sklearn/utils/validation.py:2684: UserWarning: X has feature names, but RandomSurvivalForest was fitted without feature names
  warnings.warn(
/scratch.hpc/luca.cotugno/Foundation_model_clinical_data/.venv/lib/python3.12/site-packages/sklearn/utils/validation.py:2684: UserWarning: X has feature names, but RandomSurvivalForest was fitted without feature names
  warnings.warn(
/scratch.hpc/luca.cotugno/Foundation_model_clinical_data/.venv/lib/python3.12/site-packages/sklearn/utils/validation.py:2684: UserWarning: X has feature names, but RandomSurvivalForest was fitted without feature names
  warnings.warn(
/scratch.hpc/luca.cotugno/Foundation_model_clinical_data/.venv/lib/python3.12/site-packages/sklearn/utils/validation.py:2684: UserWarning: X has feature names, but RandomSurvivalForest was fitted without feature names
  warnings.warn(
/scratch.hpc/luca.cotugno/Foundation_model_clinical_data/.venv/lib/python3.12/site-packages/sklearn/utils/validation.py:2684: UserWarning: X has feature names, but RandomSurvivalForest was fitted without feature names
  warnings.warn(
/scratch.hpc/luca.cotugno/Foundation_model_clinical_data/.venv/lib/python3.12/site-packages/sklearn/utils/validation.py:2684: UserWarning: X has feature names, but RandomSurvivalForest was fitted without feature names
  warnings.warn(
/scratch.hpc/luca.cotugno/Foundation_model_clinical_data/.venv/lib/python3.12/site-packages/sklearn/utils/validation.py:2684: UserWarning: X has feature names, but RandomSurvivalForest was fitted without feature names
  warnings.warn(
/scratch.hpc/luca.cotugno/Foundation_model_clinical_data/.venv/lib/python3.12/site-packages/sklearn/utils/validation.py:2684: UserWarning: X has feature names, but RandomSurvivalForest was fitted without feature names
  warnings.warn(
STARTED  model=tabicl  seed=456  tuning=False  shap=False


Preprocess: Replace NaN with -1
Loading existing folds from tmp/splits/OrmoniTirodei_seed456.pkl
X_train shape: (5161, 76), X_test shape: (1291, 76)
Generating TABICL Embeddings...
Warming up TabICL model (triggering checkpoint load)...
ARRIVATO QUI 1
Loading TabICL model checkpoint 'tabicl-classifier-v1.1-0506.ckpt'...
ARRIVATO QUI
Performing dummy prediction to ensure model is loaded...
Warming up TabICL model (triggering checkpoint load)...
ARRIVATO QUI 1
Loading TabICL model checkpoint 'tabicl-classifier-v1.1-0506.ckpt'...
ARRIVATO QUI
Performing dummy prediction to ensure model is loaded...
Successfully generated embeddings with shape: (5161, 512)
  [ckpt] Loading DeepSurv Simple from checkpoints/tabicl/OrmoniTirodei/-1/seed456/fold1/tabicl_deepsurv_simple.pt
C-index TRAIN: 0.9275
C-index TEST:  0.7321
  [ckpt] Loading DeepSurv Vanilla from checkpoints/tabicl/OrmoniTirodei/-1/seed456/fold1/tabicl_deepsurv_vanilla.pt
C-index TRAIN: 0.9220
C-index TEST:  0.7304
  [ckpt] Loading TABICL RSF from checkpoints/tabicl/OrmoniTirodei/-1/seed456/fold1/tabicl_rsf.pkl
C-index train: 0.9646
C-index test:  0.7205
  [ckpt] Loading TABICL Cox (embedding) from checkpoints/tabicl/OrmoniTirodei/-1/seed456/fold1/tabicl_tab_cox.pkl
C-index train: 0.9278
C-index test:  0.7384
  [ckpt] Loading DeepSurv Vanilla baseline from checkpoints/tabicl/OrmoniTirodei/-1/seed456/fold1/deepsurv_vanilla_baseline.pt
C-index TRAIN: 0.8126
C-index TEST:  0.7903
  [ckpt] Loading DeepSurv Simple baseline from checkpoints/tabicl/OrmoniTirodei/-1/seed456/fold1/deepsurv_simple_baseline.pt
C-index TRAIN: 0.7775
C-index TEST:  0.7618
  [ckpt] Loading RSF baseline from checkpoints/tabicl/OrmoniTirodei/-1/seed456/fold1/rsf_baseline.pkl
C-index train: 0.9076
C-index test:  0.7915
  [ckpt] Loading Cox baseline from checkpoints/tabicl/OrmoniTirodei/-1/seed456/fold1/tabicl_cox.pkl
C-index train: 0.8023
C-index test:  0.7859
X_train shape: (5161, 76), X_test shape: (1291, 76)
Generating TABICL Embeddings...
Warming up TabICL model (triggering checkpoint load)...
ARRIVATO QUI 1
Loading TabICL model checkpoint 'tabicl-classifier-v1.1-0506.ckpt'...
ARRIVATO QUI
Performing dummy prediction to ensure model is loaded...
Warming up TabICL model (triggering checkpoint load)...
ARRIVATO QUI 1
Loading TabICL model checkpoint 'tabicl-classifier-v1.1-0506.ckpt'...
ARRIVATO QUI
Performing dummy prediction to ensure model is loaded...
Successfully generated embeddings with shape: (5161, 512)
  [ckpt] Loading DeepSurv Simple from checkpoints/tabicl/OrmoniTirodei/-1/seed456/fold2/tabicl_deepsurv_simple.pt
C-index TRAIN: 0.9258
C-index TEST:  0.7144
  [ckpt] Loading DeepSurv Vanilla from checkpoints/tabicl/OrmoniTirodei/-1/seed456/fold2/tabicl_deepsurv_vanilla.pt
C-index TRAIN: 0.9215
C-index TEST:  0.7510
  [ckpt] Loading TABICL RSF from checkpoints/tabicl/OrmoniTirodei/-1/seed456/fold2/tabicl_rsf.pkl
C-index train: 0.9641
C-index test:  0.7390
  [ckpt] Loading TABICL Cox (embedding) from checkpoints/tabicl/OrmoniTirodei/-1/seed456/fold2/tabicl_tab_cox.pkl
C-index train: 0.9264
C-index test:  0.7353
  [ckpt] Loading DeepSurv Vanilla baseline from checkpoints/tabicl/OrmoniTirodei/-1/seed456/fold2/deepsurv_vanilla_baseline.pt
C-index TRAIN: 0.8115
C-index TEST:  0.7797
  [ckpt] Loading DeepSurv Simple baseline from checkpoints/tabicl/OrmoniTirodei/-1/seed456/fold2/deepsurv_simple_baseline.pt
C-index TRAIN: 0.7865
C-index TEST:  0.7713
  [ckpt] Loading RSF baseline from checkpoints/tabicl/OrmoniTirodei/-1/seed456/fold2/rsf_baseline.pkl
C-index train: 0.9056
C-index test:  0.7835
  [ckpt] Loading Cox baseline from checkpoints/tabicl/OrmoniTirodei/-1/seed456/fold2/tabicl_cox.pkl
C-index train: 0.8021
C-index test:  0.7868
X_train shape: (5162, 76), X_test shape: (1290, 76)
Generating TABICL Embeddings...
Warming up TabICL model (triggering checkpoint load)...
ARRIVATO QUI 1
Loading TabICL model checkpoint 'tabicl-classifier-v1.1-0506.ckpt'...
ARRIVATO QUI
Performing dummy prediction to ensure model is loaded...
Warming up TabICL model (triggering checkpoint load)...
ARRIVATO QUI 1
Loading TabICL model checkpoint 'tabicl-classifier-v1.1-0506.ckpt'...
ARRIVATO QUI
Performing dummy prediction to ensure model is loaded...
Successfully generated embeddings with shape: (5162, 512)
  [ckpt] Loading DeepSurv Simple from checkpoints/tabicl/OrmoniTirodei/-1/seed456/fold3/tabicl_deepsurv_simple.pt
C-index TRAIN: 0.9251
C-index TEST:  0.7324
  [ckpt] Loading DeepSurv Vanilla from checkpoints/tabicl/OrmoniTirodei/-1/seed456/fold3/tabicl_deepsurv_vanilla.pt
C-index TRAIN: 0.9237
C-index TEST:  0.7362
  [ckpt] Loading TABICL RSF from checkpoints/tabicl/OrmoniTirodei/-1/seed456/fold3/tabicl_rsf.pkl
C-index train: 0.9660
C-index test:  0.7259
  [ckpt] Loading TABICL Cox (embedding) from checkpoints/tabicl/OrmoniTirodei/-1/seed456/fold3/tabicl_tab_cox.pkl
C-index train: 0.9275
C-index test:  0.7333
  [ckpt] Loading DeepSurv Vanilla baseline from checkpoints/tabicl/OrmoniTirodei/-1/seed456/fold3/deepsurv_vanilla_baseline.pt
C-index TRAIN: 0.8093
C-index TEST:  0.7685
  [ckpt] Loading DeepSurv Simple baseline from checkpoints/tabicl/OrmoniTirodei/-1/seed456/fold3/deepsurv_simple_baseline.pt
C-index TRAIN: 0.7876
C-index TEST:  0.7627
  [ckpt] Loading RSF baseline from checkpoints/tabicl/OrmoniTirodei/-1/seed456/fold3/rsf_baseline.pkl
C-index train: 0.9081
C-index test:  0.7820
  [ckpt] Loading Cox baseline from checkpoints/tabicl/OrmoniTirodei/-1/seed456/fold3/tabicl_cox.pkl
C-index train: 0.8041
C-index test:  0.7757
X_train shape: (5162, 76), X_test shape: (1290, 76)
Generating TABICL Embeddings...
Warming up TabICL model (triggering checkpoint load)...
ARRIVATO QUI 1
Loading TabICL model checkpoint 'tabicl-classifier-v1.1-0506.ckpt'...
ARRIVATO QUI
Performing dummy prediction to ensure model is loaded...
Warming up TabICL model (triggering checkpoint load)...
ARRIVATO QUI 1
Loading TabICL model checkpoint 'tabicl-classifier-v1.1-0506.ckpt'...
ARRIVATO QUI
Performing dummy prediction to ensure model is loaded...
Successfully generated embeddings with shape: (5162, 512)
  [ckpt] Loading DeepSurv Simple from checkpoints/tabicl/OrmoniTirodei/-1/seed456/fold4/tabicl_deepsurv_simple.pt
C-index TRAIN: 0.9195
C-index TEST:  0.7596
  [ckpt] Loading DeepSurv Vanilla from checkpoints/tabicl/OrmoniTirodei/-1/seed456/fold4/tabicl_deepsurv_vanilla.pt
C-index TRAIN: 0.9235
C-index TEST:  0.7440
  [ckpt] Loading TABICL RSF from checkpoints/tabicl/OrmoniTirodei/-1/seed456/fold4/tabicl_rsf.pkl
C-index train: 0.9659
C-index test:  0.7497
  [ckpt] Loading TABICL Cox (embedding) from checkpoints/tabicl/OrmoniTirodei/-1/seed456/fold4/tabicl_tab_cox.pkl
C-index train: 0.9276
C-index test:  0.7619
  [ckpt] Loading DeepSurv Vanilla baseline from checkpoints/tabicl/OrmoniTirodei/-1/seed456/fold4/deepsurv_vanilla_baseline.pt
C-index TRAIN: 0.8054
C-index TEST:  0.8108
  [ckpt] Loading DeepSurv Simple baseline from checkpoints/tabicl/OrmoniTirodei/-1/seed456/fold4/deepsurv_simple_baseline.pt
C-index TRAIN: 0.7840
C-index TEST:  0.8016
  [ckpt] Loading RSF baseline from checkpoints/tabicl/OrmoniTirodei/-1/seed456/fold4/rsf_baseline.pkl
C-index train: 0.9092
C-index test:  0.8109
  [ckpt] Loading Cox baseline from checkpoints/tabicl/OrmoniTirodei/-1/seed456/fold4/tabicl_cox.pkl
C-index train: 0.7969
C-index test:  0.8108
X_train shape: (5162, 76), X_test shape: (1290, 76)
Generating TABICL Embeddings...
Warming up TabICL model (triggering checkpoint load)...
ARRIVATO QUI 1
Loading TabICL model checkpoint 'tabicl-classifier-v1.1-0506.ckpt'...
ARRIVATO QUI
Performing dummy prediction to ensure model is loaded...
Warming up TabICL model (triggering checkpoint load)...
ARRIVATO QUI 1
Loading TabICL model checkpoint 'tabicl-classifier-v1.1-0506.ckpt'...
ARRIVATO QUI
Performing dummy prediction to ensure model is loaded...
Successfully generated embeddings with shape: (5162, 512)
  [ckpt] Loading DeepSurv Simple from checkpoints/tabicl/OrmoniTirodei/-1/seed456/fold5/tabicl_deepsurv_simple.pt
C-index TRAIN: 0.9260
C-index TEST:  0.7538
  [ckpt] Loading DeepSurv Vanilla from checkpoints/tabicl/OrmoniTirodei/-1/seed456/fold5/tabicl_deepsurv_vanilla.pt
C-index TRAIN: 0.9233
C-index TEST:  0.7520
  [ckpt] Loading TABICL RSF from checkpoints/tabicl/OrmoniTirodei/-1/seed456/fold5/tabicl_rsf.pkl
C-index train: 0.9661
C-index test:  0.7521
  [ckpt] Loading TABICL Cox (embedding) from checkpoints/tabicl/OrmoniTirodei/-1/seed456/fold5/tabicl_tab_cox.pkl
C-index train: 0.9273
C-index test:  0.7444
  [ckpt] Loading DeepSurv Vanilla baseline from checkpoints/tabicl/OrmoniTirodei/-1/seed456/fold5/deepsurv_vanilla_baseline.pt
C-index TRAIN: 0.8056
C-index TEST:  0.8046
  [ckpt] Loading DeepSurv Simple baseline from checkpoints/tabicl/OrmoniTirodei/-1/seed456/fold5/deepsurv_simple_baseline.pt
C-index TRAIN: 0.7819
C-index TEST:  0.7916
  [ckpt] Loading RSF baseline from checkpoints/tabicl/OrmoniTirodei/-1/seed456/fold5/rsf_baseline.pkl
C-index train: 0.9076
C-index test:  0.8039
  [ckpt] Loading Cox baseline from checkpoints/tabicl/OrmoniTirodei/-1/seed456/fold5/tabicl_cox.pkl
C-index train: 0.7976
C-index test:  0.8083


Preprocess: Keep NaN
Loading existing folds from tmp/splits/OrmoniTirodei_seed456.pkl
X_train shape: (5161, 76), X_test shape: (1291, 76)
Generating TABICL Embeddings...
Warming up TabICL model (triggering checkpoint load)...
ARRIVATO QUI 1
Loading TabICL model checkpoint 'tabicl-classifier-v1.1-0506.ckpt'...
ARRIVATO QUI
Performing dummy prediction to ensure model is loaded...
Warming up TabICL model (triggering checkpoint load)...
ARRIVATO QUI 1
Loading TabICL model checkpoint 'tabicl-classifier-v1.1-0506.ckpt'...
ARRIVATO QUI
Performing dummy prediction to ensure model is loaded...
Successfully generated embeddings with shape: (5161, 512)
  [ckpt] Loading DeepSurv Simple from checkpoints/tabicl/OrmoniTirodei/NaN/seed456/fold1/tabicl_deepsurv_simple.pt
C-index TRAIN: 0.9267
C-index TEST:  0.7323
  [ckpt] Loading DeepSurv Vanilla from checkpoints/tabicl/OrmoniTirodei/NaN/seed456/fold1/tabicl_deepsurv_vanilla.pt
C-index TRAIN: 0.9192
C-index TEST:  0.7504
  [ckpt] Loading TABICL RSF from checkpoints/tabicl/OrmoniTirodei/NaN/seed456/fold1/tabicl_rsf.pkl
C-index train: 0.9633
C-index test:  0.7296
  [ckpt] Loading TABICL Cox (embedding) from checkpoints/tabicl/OrmoniTirodei/NaN/seed456/fold1/tabicl_tab_cox.pkl
C-index train: 0.9252
C-index test:  0.7395
X_train shape: (5161, 76), X_test shape: (1291, 76)
Generating TABICL Embeddings...
Warming up TabICL model (triggering checkpoint load)...
ARRIVATO QUI 1
Loading TabICL model checkpoint 'tabicl-classifier-v1.1-0506.ckpt'...
ARRIVATO QUI
Performing dummy prediction to ensure model is loaded...
Warming up TabICL model (triggering checkpoint load)...
ARRIVATO QUI 1
Loading TabICL model checkpoint 'tabicl-classifier-v1.1-0506.ckpt'...
ARRIVATO QUI
Performing dummy prediction to ensure model is loaded...
Successfully generated embeddings with shape: (5161, 512)
  [ckpt] Loading DeepSurv Simple from checkpoints/tabicl/OrmoniTirodei/NaN/seed456/fold2/tabicl_deepsurv_simple.pt
C-index TRAIN: 0.9240
C-index TEST:  0.7428
  [ckpt] Loading DeepSurv Vanilla from checkpoints/tabicl/OrmoniTirodei/NaN/seed456/fold2/tabicl_deepsurv_vanilla.pt
C-index TRAIN: 0.9163
C-index TEST:  0.7511
  [ckpt] Loading TABICL RSF from checkpoints/tabicl/OrmoniTirodei/NaN/seed456/fold2/tabicl_rsf.pkl
C-index train: 0.9625
C-index test:  0.7495
  [ckpt] Loading TABICL Cox (embedding) from checkpoints/tabicl/OrmoniTirodei/NaN/seed456/fold2/tabicl_tab_cox.pkl
C-index train: 0.9250
C-index test:  0.7379
X_train shape: (5162, 76), X_test shape: (1290, 76)
Generating TABICL Embeddings...
Warming up TabICL model (triggering checkpoint load)...
ARRIVATO QUI 1
Loading TabICL model checkpoint 'tabicl-classifier-v1.1-0506.ckpt'...
ARRIVATO QUI
Performing dummy prediction to ensure model is loaded...
Warming up TabICL model (triggering checkpoint load)...
ARRIVATO QUI 1
Loading TabICL model checkpoint 'tabicl-classifier-v1.1-0506.ckpt'...
ARRIVATO QUI
Performing dummy prediction to ensure model is loaded...
Successfully generated embeddings with shape: (5162, 512)
  [ckpt] Loading DeepSurv Simple from checkpoints/tabicl/OrmoniTirodei/NaN/seed456/fold3/tabicl_deepsurv_simple.pt
C-index TRAIN: 0.9196
C-index TEST:  0.7237
  [ckpt] Loading DeepSurv Vanilla from checkpoints/tabicl/OrmoniTirodei/NaN/seed456/fold3/tabicl_deepsurv_vanilla.pt
C-index TRAIN: 0.9210
C-index TEST:  0.7386
  [ckpt] Loading TABICL RSF from checkpoints/tabicl/OrmoniTirodei/NaN/seed456/fold3/tabicl_rsf.pkl
C-index train: 0.9629
C-index test:  0.7296
  [ckpt] Loading TABICL Cox (embedding) from checkpoints/tabicl/OrmoniTirodei/NaN/seed456/fold3/tabicl_tab_cox.pkl
C-index train: 0.9244
C-index test:  0.7379
X_train shape: (5162, 76), X_test shape: (1290, 76)
Generating TABICL Embeddings...
Warming up TabICL model (triggering checkpoint load)...
ARRIVATO QUI 1
Loading TabICL model checkpoint 'tabicl-classifier-v1.1-0506.ckpt'...
ARRIVATO QUI
Performing dummy prediction to ensure model is loaded...
Warming up TabICL model (triggering checkpoint load)...
ARRIVATO QUI 1
Loading TabICL model checkpoint 'tabicl-classifier-v1.1-0506.ckpt'...
ARRIVATO QUI
Performing dummy prediction to ensure model is loaded...
Successfully generated embeddings with shape: (5162, 512)
  [ckpt] Loading DeepSurv Simple from checkpoints/tabicl/OrmoniTirodei/NaN/seed456/fold4/tabicl_deepsurv_simple.pt
C-index TRAIN: 0.9249
C-index TEST:  0.7470
  [ckpt] Loading DeepSurv Vanilla from checkpoints/tabicl/OrmoniTirodei/NaN/seed456/fold4/tabicl_deepsurv_vanilla.pt
C-index TRAIN: 0.9235
C-index TEST:  0.7723
  [ckpt] Loading TABICL RSF from checkpoints/tabicl/OrmoniTirodei/NaN/seed456/fold4/tabicl_rsf.pkl
C-index train: 0.9645
C-index test:  0.7641
  [ckpt] Loading TABICL Cox (embedding) from checkpoints/tabicl/OrmoniTirodei/NaN/seed456/fold4/tabicl_tab_cox.pkl
C-index train: 0.9255
C-index test:  0.7703
X_train shape: (5162, 76), X_test shape: (1290, 76)
Generating TABICL Embeddings...
Warming up TabICL model (triggering checkpoint load)...
ARRIVATO QUI 1
Loading TabICL model checkpoint 'tabicl-classifier-v1.1-0506.ckpt'...
ARRIVATO QUI
Performing dummy prediction to ensure model is loaded...
Warming up TabICL model (triggering checkpoint load)...
ARRIVATO QUI 1
Loading TabICL model checkpoint 'tabicl-classifier-v1.1-0506.ckpt'...
ARRIVATO QUI
Performing dummy prediction to ensure model is loaded...
Successfully generated embeddings with shape: (5162, 512)
  [ckpt] Loading DeepSurv Simple from checkpoints/tabicl/OrmoniTirodei/NaN/seed456/fold5/tabicl_deepsurv_simple.pt
C-index TRAIN: 0.9108
C-index TEST:  0.7150
  [ckpt] Loading DeepSurv Vanilla from checkpoints/tabicl/OrmoniTirodei/NaN/seed456/fold5/tabicl_deepsurv_vanilla.pt
C-index TRAIN: 0.9235
C-index TEST:  0.7408
  [ckpt] Loading TABICL RSF from checkpoints/tabicl/OrmoniTirodei/NaN/seed456/fold5/tabicl_rsf.pkl
C-index train: 0.9641
C-index test:  0.7634
  [ckpt] Loading TABICL Cox (embedding) from checkpoints/tabicl/OrmoniTirodei/NaN/seed456/fold5/tabicl_tab_cox.pkl
C-index train: 0.9258
C-index test:  0.7418

  Preprocess: -1 | Seed: 456
  TABICL Train Vanilla → mean: 0.922778 | std: 0.000883 | min: 0.921479 | max: 0.923696
  TABICL Test Vanilla → mean: 0.742720 | std: 0.008351 | min: 0.730409 | max: 0.751963
  TABICL Train Simple → mean: 0.924767 | std: 0.002748 | min: 0.919492 | max: 0.927453
  TABICL Test Simple → mean: 0.738444 | std: 0.016383 | min: 0.714350 | max: 0.759645
  TABICL Train RSF → mean: 0.965320 | std: 0.000837 | min: 0.964059 | max: 0.966088
  TABICL Test RSF → mean: 0.737446 | std: 0.012541 | min: 0.720512 | max: 0.752135
  TABICL Train Cox → mean: 0.927333 | std: 0.000496 | min: 0.926404 | max: 0.927827
  TABICL Test Cox → mean: 0.742641 | std: 0.010331 | min: 0.733251 | max: 0.761882
  Train DeepSurv Vanilla → mean: 0.808878 | std: 0.002949 | min: 0.805385 | max: 0.812595
  Test DeepSurv Vanilla → mean: 0.790776 | std: 0.015577 | min: 0.768486 | max: 0.810817
  Train DeepSurv Simple → mean: 0.783527 | std: 0.003602 | min: 0.777512 | max: 0.787631
  Test DeepSurv Simple → mean: 0.777780 | std: 0.016041 | min: 0.761767 | max: 0.801632
  Train RSF  → mean: 0.907625 | std: 0.001142 | min: 0.905643 | max: 0.909154
  Test RSF   → mean: 0.794361 | std: 0.011321 | min: 0.782046 | max: 0.810875
  Train Cox  → mean: 0.800583 | std: 0.002834 | min: 0.796865 | max: 0.804097
  Test Cox   → mean: 0.793462 | std: 0.013693 | min: 0.775675 | max: 0.810762

  Preprocess: NaN | Seed: 456
  TABICL Train Vanilla → mean: 0.920694 | std: 0.002758 | min: 0.916277 | max: 0.923532
  TABICL Test Vanilla → mean: 0.750645 | std: 0.011937 | min: 0.738568 | max: 0.772325
  TABICL Train Simple → mean: 0.921203 | std: 0.005708 | min: 0.910789 | max: 0.926713
  TABICL Test Simple → mean: 0.732169 | std: 0.011812 | min: 0.715042 | max: 0.747004
  TABICL Train RSF → mean: 0.963475 | std: 0.000735 | min: 0.962520 | max: 0.964540
  TABICL Test RSF → mean: 0.747254 | std: 0.015314 | min: 0.729617 | max: 0.764131
  TABICL Train Cox → mean: 0.925202 | std: 0.000464 | min: 0.924445 | max: 0.925844
  TABICL Test Cox → mean: 0.745488 | std: 0.012489 | min: 0.737937 | max: 0.770306
Result saved in 'results/OrmoniTirodei/tabicl/results_cv_OrmoniTirodei_tabicl_seed456.txt'


Preprocess: Replace NaN with -1
Loading existing folds from tmp/splits/HURRAH_seed456.pkl
X_train shape: (13566, 61), X_test shape: (3392, 61)
Generating TABICL Embeddings...
Warming up TabICL model (triggering checkpoint load)...
ARRIVATO QUI 1
Loading TabICL model checkpoint 'tabicl-classifier-v1.1-0506.ckpt'...
ARRIVATO QUI
Performing dummy prediction to ensure model is loaded...
Warming up TabICL model (triggering checkpoint load)...
ARRIVATO QUI 1
Loading TabICL model checkpoint 'tabicl-classifier-v1.1-0506.ckpt'...
ARRIVATO QUI
Performing dummy prediction to ensure model is loaded...
Successfully generated embeddings with shape: (13566, 512)
  [ckpt] Loading DeepSurv Simple from checkpoints/tabicl/HURRAH/-1/seed456/fold1/tabicl_deepsurv_simple.pt
C-index TRAIN: 0.9632
C-index TEST:  0.7912
  [ckpt] Loading DeepSurv Vanilla from checkpoints/tabicl/HURRAH/-1/seed456/fold1/tabicl_deepsurv_vanilla.pt
C-index TRAIN: 0.9662
C-index TEST:  0.7864
  [ckpt] Loading TABICL RSF from checkpoints/tabicl/HURRAH/-1/seed456/fold1/tabicl_rsf.pkl
C-index train: 0.9839
C-index test:  0.7513
  [ckpt] Loading TABICL Cox (embedding) from checkpoints/tabicl/HURRAH/-1/seed456/fold1/tabicl_tab_cox.pkl
C-index train: 0.9656
C-index test:  0.7615
  [ckpt] Loading DeepSurv Vanilla baseline from checkpoints/tabicl/HURRAH/-1/seed456/fold1/deepsurv_vanilla_baseline.pt
C-index TRAIN: 0.8622
C-index TEST:  0.8449
  [ckpt] Loading DeepSurv Simple baseline from checkpoints/tabicl/HURRAH/-1/seed456/fold1/deepsurv_simple_baseline.pt
C-index TRAIN: 0.8384
C-index TEST:  0.8358
  [ckpt] Loading RSF baseline from checkpoints/tabicl/HURRAH/-1/seed456/fold1/rsf_baseline.pkl
C-index train: 0.9428
C-index test:  0.8498
  [ckpt] Loading Cox baseline from checkpoints/tabicl/HURRAH/-1/seed456/fold1/tabicl_cox.pkl
C-index train: 0.8273
C-index test:  0.8267
X_train shape: (13566, 61), X_test shape: (3392, 61)
Generating TABICL Embeddings...
Warming up TabICL model (triggering checkpoint load)...
ARRIVATO QUI 1
Loading TabICL model checkpoint 'tabicl-classifier-v1.1-0506.ckpt'...
ARRIVATO QUI
Performing dummy prediction to ensure model is loaded...
Warming up TabICL model (triggering checkpoint load)...
ARRIVATO QUI 1
Loading TabICL model checkpoint 'tabicl-classifier-v1.1-0506.ckpt'...
ARRIVATO QUI
Performing dummy prediction to ensure model is loaded...
Successfully generated embeddings with shape: (13566, 512)
  [ckpt] Loading DeepSurv Simple from checkpoints/tabicl/HURRAH/-1/seed456/fold2/tabicl_deepsurv_simple.pt
C-index TRAIN: 0.9621
C-index TEST:  0.8021
  [ckpt] Loading DeepSurv Vanilla from checkpoints/tabicl/HURRAH/-1/seed456/fold2/tabicl_deepsurv_vanilla.pt
C-index TRAIN: 0.9601
C-index TEST:  0.7814
  [ckpt] TABICL RSF saved → checkpoints/tabicl/HURRAH/-1/seed456/fold2/tabicl_rsf.pkl
C-index train: 0.9835
C-index test:  0.7559
  [surv] Saved → survival_predictions/tabicl/HURRAH/-1/seed456/fold2/tabicl_rsf.pkl
  Fitting TABICL Cox (embedding)...
C-index train: 0.9644
C-index test:  0.7688
  [surv] Saved → survival_predictions/tabicl/HURRAH/-1/seed456/fold2/tabicl_cox.pkl
0:	[1s / 1s],		train_loss: 4.7064,	val_loss: 7.1737
1:	[0s / 1s],		train_loss: 4.4513,	val_loss: 7.1353
2:	[0s / 2s],		train_loss: 4.4136,	val_loss: 14.1607
3:	[0s / 2s],		train_loss: 4.3924,	val_loss: 33.3397
4:	[0s / 2s],		train_loss: 4.3654,	val_loss: 30.0305
5:	[0s / 2s],		train_loss: 4.3367,	val_loss: 20.2737
6:	[0s / 3s],		train_loss: 4.3400,	val_loss: 15.0898
7:	[0s / 3s],		train_loss: 4.3054,	val_loss: 13.2774
8:	[0s / 3s],		train_loss: 4.3235,	val_loss: 38.4486
9:	[0s / 3s],		train_loss: 4.3152,	val_loss: 52.7105
10:	[0s / 4s],		train_loss: 4.2976,	val_loss: 40.3859
11:	[0s / 4s],		train_loss: 4.2906,	val_loss: 52.0785
12:	[0s / 4s],		train_loss: 4.3065,	val_loss: 77.1812
13:	[0s / 4s],		train_loss: 4.2969,	val_loss: 38.9843
14:	[0s / 5s],		train_loss: 4.3024,	val_loss: 47.5281
15:	[0s / 5s],		train_loss: 4.2901,	val_loss: 47.9283
16:	[0s / 5s],		train_loss: 4.2723,	val_loss: 60.1998
17:	[0s / 5s],		train_loss: 4.2862,	val_loss: 45.8813
18:	[0s / 6s],		train_loss: 4.2765,	val_loss: 46.2773
19:	[0s / 6s],		train_loss: 4.2894,	val_loss: 31.7174
20:	[0s / 6s],		train_loss: 4.2711,	val_loss: 7.0809
21:	[0s / 6s],		train_loss: 4.2537,	val_loss: 62.0645
22:	[0s / 7s],		train_loss: 4.2675,	val_loss: 46.3531
23:	[0s / 7s],		train_loss: 4.2578,	val_loss: 59.3399
24:	[0s / 7s],		train_loss: 4.2883,	val_loss: 26.1824
25:	[0s / 7s],		train_loss: 4.2905,	val_loss: 42.8655
26:	[0s / 7s],		train_loss: 4.2686,	val_loss: 47.2826
27:	[0s / 8s],		train_loss: 4.2714,	val_loss: 34.8118
28:	[0s / 8s],		train_loss: 4.2542,	val_loss: 44.5281
29:	[0s / 8s],		train_loss: 4.2582,	val_loss: 12.5474
30:	[0s / 8s],		train_loss: 4.2731,	val_loss: 7.0387
31:	[0s / 9s],		train_loss: 4.2575,	val_loss: 14.0125
32:	[0s / 9s],		train_loss: 4.2589,	val_loss: 7.1283
33:	[0s / 9s],		train_loss: 4.2661,	val_loss: 6.9910
34:	[0s / 9s],		train_loss: 4.2673,	val_loss: 79.6978
35:	[0s / 10s],		train_loss: 4.2559,	val_loss: 99.8186
36:	[0s / 10s],		train_loss: 4.2445,	val_loss: 40.5617
37:	[0s / 10s],		train_loss: 4.2729,	val_loss: 38.8106
38:	[0s / 10s],		train_loss: 4.2634,	val_loss: 37.8708
39:	[0s / 11s],		train_loss: 4.2415,	val_loss: 82.3241
40:	[0s / 11s],		train_loss: 4.2811,	val_loss: 27.1014
41:	[0s / 11s],		train_loss: 4.2555,	val_loss: 8.4694
42:	[0s / 11s],		train_loss: 4.2393,	val_loss: 34.3459
43:	[0s / 11s],		train_loss: 4.2401,	val_loss: 31.6188
44:	[0s / 12s],		train_loss: 4.2527,	val_loss: 88.1029
45:	[0s / 12s],		train_loss: 4.2403,	val_loss: 62.0859
46:	[0s / 12s],		train_loss: 4.2320,	val_loss: 63.9529
47:	[0s / 12s],		train_loss: 4.2410,	val_loss: 36.5868
48:	[0s / 13s],		train_loss: 4.2416,	val_loss: 53.1742
49:	[0s / 13s],		train_loss: 4.2223,	val_loss: 20.1763
50:	[0s / 13s],		train_loss: 4.2276,	val_loss: 32.3516
51:	[0s / 13s],		train_loss: 4.2449,	val_loss: 7.0657
52:	[0s / 14s],		train_loss: 4.2249,	val_loss: 8.8184
53:	[0s / 14s],		train_loss: 4.2314,	val_loss: 6.9933
C-index TRAIN: 0.8506
C-index TEST:  0.8598
  [surv] Saved → survival_predictions/tabicl/HURRAH/-1/seed456/fold2/deepsurv_vanilla.pkl
0:	[0s / 0s],		train_loss: 8.5293,	val_loss: 7.3634
1:	[0s / 0s],		train_loss: 4.4488,	val_loss: 7.0831
2:	[0s / 0s],		train_loss: 4.4344,	val_loss: 7.1309
3:	[0s / 0s],		train_loss: 4.3576,	val_loss: 7.1546
4:	[0s / 0s],		train_loss: 4.3714,	val_loss: 7.1193
5:	[0s / 1s],		train_loss: 4.3718,	val_loss: 7.0954
6:	[0s / 1s],		train_loss: 4.3943,	val_loss: 7.0989
7:	[0s / 1s],		train_loss: 4.3850,	val_loss: 7.1069
8:	[0s / 1s],		train_loss: 4.4452,	val_loss: 7.0617
9:	[0s / 1s],		train_loss: 4.3783,	val_loss: 7.2108
10:	[0s / 1s],		train_loss: 4.3868,	val_loss: 7.1173
11:	[0s / 2s],		train_loss: 4.5253,	val_loss: 7.1091
12:	[0s / 2s],		train_loss: 4.4271,	val_loss: 7.3250
13:	[0s / 2s],		train_loss: 4.4141,	val_loss: 7.2340
14:	[0s / 2s],		train_loss: 4.3933,	val_loss: 7.1997
15:	[0s / 2s],		train_loss: 4.4887,	val_loss: 7.3839
16:	[0s / 2s],		train_loss: 4.4727,	val_loss: 7.1357
17:	[0s / 3s],		train_loss: 4.3779,	val_loss: 7.2230
18:	[0s / 3s],		train_loss: 4.7132,	val_loss: 7.2292
19:	[0s / 3s],		train_loss: 4.5626,	val_loss: 7.1424
20:	[0s / 3s],		train_loss: 4.4443,	val_loss: 7.2707
21:	[0s / 3s],		train_loss: 4.5863,	val_loss: 7.2224
22:	[0s / 4s],		train_loss: 4.4524,	val_loss: 7.2208
23:	[0s / 4s],		train_loss: 4.4010,	val_loss: 7.1294
24:	[0s / 4s],		train_loss: 4.4464,	val_loss: 7.2568
25:	[0s / 4s],		train_loss: 4.4129,	val_loss: 7.2891
26:	[0s / 4s],		train_loss: 4.4782,	val_loss: 7.2805
27:	[0s / 4s],		train_loss: 4.5253,	val_loss: 7.2691
28:	[0s / 5s],		train_loss: 4.4303,	val_loss: 7.1439
C-index TRAIN: 0.8308
C-index TEST:  0.8418
  [surv] Saved → survival_predictions/tabicl/HURRAH/-1/seed456/fold2/deepsurv_simple.pkl
  [ckpt] RSF baseline saved → checkpoints/tabicl/HURRAH/-1/seed456/fold2/rsf_baseline.pkl
C-index train: 0.9419
C-index test:  0.8575
  [surv] Saved → survival_predictions/tabicl/HURRAH/-1/seed456/fold2/rsf.pkl
  Fitting Cox baseline...
C-index train: 0.8245
C-index test:  0.8422
  [surv] Saved → survival_predictions/tabicl/HURRAH/-1/seed456/fold2/cox.pkl
X_train shape: (13566, 61), X_test shape: (3392, 61)
Generating TABICL Embeddings...
Warming up TabICL model (triggering checkpoint load)...
ARRIVATO QUI 1
Loading TabICL model checkpoint 'tabicl-classifier-v1.1-0506.ckpt'...
ARRIVATO QUI
Performing dummy prediction to ensure model is loaded...
Warming up TabICL model (triggering checkpoint load)...
ARRIVATO QUI 1
Loading TabICL model checkpoint 'tabicl-classifier-v1.1-0506.ckpt'...
ARRIVATO QUI
Performing dummy prediction to ensure model is loaded...
Successfully generated embeddings with shape: (13566, 512)
0:	[0s / 0s],		train_loss: 2.9192,	val_loss: 7.7155
1:	[0s / 0s],		train_loss: 2.6207,	val_loss: 7.5355
2:	[0s / 0s],		train_loss: 2.6540,	val_loss: 8.0901
3:	[0s / 0s],		train_loss: 2.6852,	val_loss: 8.3027
4:	[0s / 1s],		train_loss: 2.6157,	val_loss: 7.9620
5:	[0s / 1s],		train_loss: 2.5797,	val_loss: 8.2501
6:	[0s / 1s],		train_loss: 2.5746,	val_loss: 8.0367
7:	[0s / 1s],		train_loss: 2.5927,	val_loss: 8.0998
8:	[0s / 1s],		train_loss: 2.5877,	val_loss: 8.0490
9:	[0s / 1s],		train_loss: 2.6468,	val_loss: 7.8920
10:	[0s / 2s],		train_loss: 2.6087,	val_loss: 8.9328
11:	[0s / 2s],		train_loss: 2.6758,	val_loss: 8.4499
12:	[0s / 2s],		train_loss: 2.5484,	val_loss: 8.3591
13:	[0s / 2s],		train_loss: 2.6096,	val_loss: 8.8180
14:	[0s / 2s],		train_loss: 2.5726,	val_loss: 8.1931
15:	[0s / 3s],		train_loss: 2.5686,	val_loss: 8.9414
16:	[0s / 3s],		train_loss: 2.5953,	val_loss: 8.1299
17:	[0s / 3s],		train_loss: 2.6084,	val_loss: 8.1242
18:	[0s / 3s],		train_loss: 2.5559,	val_loss: 8.1601
19:	[0s / 3s],		train_loss: 2.5404,	val_loss: 8.1716
20:	[0s / 4s],		train_loss: 2.5945,	val_loss: 8.3013
21:	[0s / 4s],		train_loss: 2.5564,	val_loss: 8.1161
C-index TRAIN: 0.9611
C-index TEST:  0.7924
  [surv] Saved → survival_predictions/tabicl/HURRAH/-1/seed456/fold3/tabicl_deepsurv_simple.pkl
0:	[0s / 0s],		train_loss: 3.0322,	val_loss: 7.4922
1:	[0s / 0s],		train_loss: 2.7421,	val_loss: 7.7666
2:	[0s / 0s],		train_loss: 2.6823,	val_loss: 7.7001
3:	[0s / 1s],		train_loss: 2.6453,	val_loss: 7.6052
4:	[0s / 1s],		train_loss: 2.5989,	val_loss: 8.3172
5:	[0s / 1s],		train_loss: 2.5813,	val_loss: 7.7538
6:	[0s / 1s],		train_loss: 2.5639,	val_loss: 7.5777
7:	[0s / 2s],		train_loss: 2.5569,	val_loss: 7.6792
8:	[0s / 2s],		train_loss: 2.5396,	val_loss: 7.9065
9:	[0s / 2s],		train_loss: 2.5352,	val_loss: 8.1229
10:	[0s / 3s],		train_loss: 2.5326,	val_loss: 8.3788
11:	[0s / 3s],		train_loss: 2.5254,	val_loss: 7.8772
12:	[0s / 3s],		train_loss: 2.5242,	val_loss: 8.3513
13:	[0s / 3s],		train_loss: 2.5213,	val_loss: 8.8174
14:	[0s / 4s],		train_loss: 2.5262,	val_loss: 8.2313
15:	[0s / 4s],		train_loss: 2.4978,	val_loss: 7.7196
16:	[0s / 4s],		train_loss: 2.4969,	val_loss: 8.5728
17:	[0s / 5s],		train_loss: 2.5006,	val_loss: 8.8637
18:	[0s / 5s],		train_loss: 2.4957,	val_loss: 8.3265
19:	[0s / 5s],		train_loss: 2.4996,	val_loss: 8.2861
20:	[0s / 6s],		train_loss: 2.4874,	val_loss: 8.8080
C-index TRAIN: 0.9612
C-index TEST:  0.7636
  [surv] Saved → survival_predictions/tabicl/HURRAH/-1/seed456/fold3/tabicl_deepsurv_vanilla.pkl
  [ckpt] TABICL RSF saved → checkpoints/tabicl/HURRAH/-1/seed456/fold3/tabicl_rsf.pkl
C-index train: 0.9839
C-index test:  0.7583
  [surv] Saved → survival_predictions/tabicl/HURRAH/-1/seed456/fold3/tabicl_rsf.pkl
  Fitting TABICL Cox (embedding)...
C-index train: 0.9645
C-index test:  0.7598
  [surv] Saved → survival_predictions/tabicl/HURRAH/-1/seed456/fold3/tabicl_cox.pkl
0:	[0s / 0s],		train_loss: 4.6329,	val_loss: 7.1749
1:	[0s / 0s],		train_loss: 4.4135,	val_loss: 7.1142
2:	[0s / 0s],		train_loss: 4.3788,	val_loss: 7.0915
3:	[0s / 0s],		train_loss: 4.3393,	val_loss: 7.0802
4:	[0s / 1s],		train_loss: 4.3340,	val_loss: 7.0539
5:	[0s / 1s],		train_loss: 4.3192,	val_loss: 7.0289
6:	[0s / 1s],		train_loss: 4.3226,	val_loss: 7.0250
7:	[0s / 1s],		train_loss: 4.2828,	val_loss: 7.0528
8:	[0s / 2s],		train_loss: 4.2973,	val_loss: 7.0424
9:	[0s / 2s],		train_loss: 4.2785,	val_loss: 7.0307
10:	[0s / 2s],		train_loss: 4.2652,	val_loss: 7.0242
11:	[0s / 2s],		train_loss: 4.2990,	val_loss: 7.0192
12:	[0s / 3s],		train_loss: 4.2714,	val_loss: 7.0307
13:	[0s / 3s],		train_loss: 4.2573,	val_loss: 6.9960
14:	[0s / 3s],		train_loss: 4.2592,	val_loss: 7.0226
15:	[0s / 3s],		train_loss: 4.2541,	val_loss: 7.0146
16:	[0s / 4s],		train_loss: 4.2411,	val_loss: 7.0462
17:	[0s / 4s],		train_loss: 4.2694,	val_loss: 7.0126
18:	[0s / 4s],		train_loss: 4.2438,	val_loss: 7.0020
19:	[0s / 4s],		train_loss: 4.2310,	val_loss: 7.0083
20:	[0s / 5s],		train_loss: 4.2399,	val_loss: 7.0088
21:	[0s / 5s],		train_loss: 4.2309,	val_loss: 7.0285
22:	[0s / 5s],		train_loss: 4.2486,	val_loss: 7.0231
23:	[0s / 5s],		train_loss: 4.2391,	val_loss: 7.0072
24:	[0s / 6s],		train_loss: 4.2335,	val_loss: 7.0024
25:	[0s / 6s],		train_loss: 4.2217,	val_loss: 7.0556
26:	[0s / 6s],		train_loss: 4.2273,	val_loss: 7.0124
27:	[0s / 6s],		train_loss: 4.2252,	val_loss: 7.0007
28:	[0s / 7s],		train_loss: 4.2154,	val_loss: 7.0454
29:	[0s / 7s],		train_loss: 4.2241,	val_loss: 6.9716
30:	[0s / 7s],		train_loss: 4.2058,	val_loss: 6.9759
31:	[0s / 7s],		train_loss: 4.1879,	val_loss: 7.0701
32:	[0s / 7s],		train_loss: 4.2184,	val_loss: 6.9920
33:	[0s / 8s],		train_loss: 4.2065,	val_loss: 7.0138
34:	[0s / 8s],		train_loss: 4.2048,	val_loss: 6.9849
35:	[0s / 8s],		train_loss: 4.2091,	val_loss: 7.0157
36:	[0s / 8s],		train_loss: 4.2158,	val_loss: 6.9813
37:	[0s / 9s],		train_loss: 4.2049,	val_loss: 6.9859
38:	[0s / 9s],		train_loss: 4.1985,	val_loss: 6.9884
39:	[0s / 9s],		train_loss: 4.2047,	val_loss: 6.9985
40:	[0s / 9s],		train_loss: 4.2206,	val_loss: 7.0365
41:	[0s / 10s],		train_loss: 4.2065,	val_loss: 7.0213
42:	[0s / 10s],		train_loss: 4.1824,	val_loss: 6.9845
43:	[0s / 10s],		train_loss: 4.1897,	val_loss: 6.9716
44:	[0s / 10s],		train_loss: 4.1987,	val_loss: 6.9699
45:	[0s / 11s],		train_loss: 4.1946,	val_loss: 6.9981
46:	[0s / 11s],		train_loss: 4.2047,	val_loss: 6.9801
47:	[0s / 11s],		train_loss: 4.1855,	val_loss: 7.0208
48:	[0s / 11s],		train_loss: 4.1908,	val_loss: 6.9813
49:	[0s / 11s],		train_loss: 4.1928,	val_loss: 6.9689
50:	[0s / 12s],		train_loss: 4.1748,	val_loss: 6.9827
51:	[0s / 12s],		train_loss: 4.1716,	val_loss: 6.9663
52:	[0s / 12s],		train_loss: 4.1837,	val_loss: 6.9670
53:	[0s / 12s],		train_loss: 4.1905,	val_loss: 6.9978
54:	[0s / 13s],		train_loss: 4.1883,	val_loss: 7.0147
55:	[0s / 13s],		train_loss: 4.2049,	val_loss: 6.9758
56:	[0s / 13s],		train_loss: 4.2294,	val_loss: 6.9831
57:	[0s / 13s],		train_loss: 4.1856,	val_loss: 7.0125
58:	[0s / 14s],		train_loss: 4.2015,	val_loss: 7.0000
59:	[0s / 14s],		train_loss: 4.2011,	val_loss: 6.9982
60:	[0s / 14s],		train_loss: 4.1878,	val_loss: 6.9994
61:	[0s / 14s],		train_loss: 4.1749,	val_loss: 6.9906
62:	[0s / 15s],		train_loss: 4.1933,	val_loss: 7.0008
63:	[0s / 15s],		train_loss: 4.2061,	val_loss: 6.9693
64:	[0s / 15s],		train_loss: 4.1956,	val_loss: 7.0039
65:	[0s / 15s],		train_loss: 4.1798,	val_loss: 6.9778
66:	[0s / 16s],		train_loss: 4.2052,	val_loss: 7.0083
67:	[0s / 16s],		train_loss: 4.1892,	val_loss: 7.0660
68:	[0s / 16s],		train_loss: 4.1868,	val_loss: 7.0225
69:	[0s / 16s],		train_loss: 4.1830,	val_loss: 7.1063
70:	[0s / 17s],		train_loss: 4.1888,	val_loss: 6.9883
71:	[0s / 17s],		train_loss: 4.1811,	val_loss: 6.9834
C-index TRAIN: 0.8632
C-index TEST:  0.8359
  [surv] Saved → survival_predictions/tabicl/HURRAH/-1/seed456/fold3/deepsurv_vanilla.pkl
0:	[0s / 0s],		train_loss: 11.1172,	val_loss: 7.5981
1:	[0s / 0s],		train_loss: 4.5291,	val_loss: 7.2209
2:	[0s / 0s],		train_loss: 4.3903,	val_loss: 7.1727
3:	[0s / 0s],		train_loss: 4.3628,	val_loss: 7.0653
4:	[0s / 0s],		train_loss: 4.3574,	val_loss: 7.0963
5:	[0s / 1s],		train_loss: 4.3700,	val_loss: 7.1194
6:	[0s / 1s],		train_loss: 4.4466,	val_loss: 7.1659
7:	[0s / 1s],		train_loss: 4.3971,	val_loss: 7.1082
8:	[0s / 1s],		train_loss: 4.3975,	val_loss: 7.1064
9:	[0s / 1s],		train_loss: 4.4159,	val_loss: 7.1651
10:	[0s / 1s],		train_loss: 4.4105,	val_loss: 7.2238
11:	[0s / 2s],		train_loss: 4.3829,	val_loss: 7.1173
12:	[0s / 2s],		train_loss: 4.4522,	val_loss: 7.3367
13:	[0s / 2s],		train_loss: 4.5752,	val_loss: 7.3823
14:	[0s / 2s],		train_loss: 4.4464,	val_loss: 7.1851
15:	[0s / 2s],		train_loss: 4.4018,	val_loss: 7.1346
16:	[0s / 2s],		train_loss: 4.3937,	val_loss: 7.1594
17:	[0s / 3s],		train_loss: 4.4596,	val_loss: 7.3862
18:	[0s / 3s],		train_loss: 4.3814,	val_loss: 7.0648
19:	[0s / 3s],		train_loss: 4.4205,	val_loss: 7.4223
20:	[0s / 3s],		train_loss: 4.4769,	val_loss: 7.1603
21:	[0s / 3s],		train_loss: 4.5405,	val_loss: 7.1104
22:	[0s / 3s],		train_loss: 4.3945,	val_loss: 7.1098
23:	[0s / 4s],		train_loss: 4.3865,	val_loss: 7.2004
24:	[0s / 4s],		train_loss: 4.5107,	val_loss: 7.1076
25:	[0s / 4s],		train_loss: 4.4105,	val_loss: 7.3855
26:	[0s / 4s],		train_loss: 4.8186,	val_loss: 7.5822
27:	[0s / 4s],		train_loss: 4.5438,	val_loss: 7.1651
28:	[0s / 4s],		train_loss: 4.3824,	val_loss: 7.1102
29:	[0s / 5s],		train_loss: 4.3606,	val_loss: 7.0917
30:	[0s / 5s],		train_loss: 4.3754,	val_loss: 7.2742
31:	[0s / 5s],		train_loss: 4.4153,	val_loss: 7.1296
32:	[0s / 5s],		train_loss: 4.4300,	val_loss: 7.0965
33:	[0s / 5s],		train_loss: 4.4443,	val_loss: 7.1033
34:	[0s / 6s],		train_loss: 4.3703,	val_loss: 7.1024
35:	[0s / 6s],		train_loss: 4.3682,	val_loss: 7.1186
36:	[0s / 6s],		train_loss: 4.4014,	val_loss: 7.1166
37:	[0s / 6s],		train_loss: 4.4715,	val_loss: 7.1172
38:	[0s / 6s],		train_loss: 4.4631,	val_loss: 7.2591
C-index TRAIN: 0.8373
C-index TEST:  0.8330
  [surv] Saved → survival_predictions/tabicl/HURRAH/-1/seed456/fold3/deepsurv_simple.pkl
  [ckpt] RSF baseline saved → checkpoints/tabicl/HURRAH/-1/seed456/fold3/rsf_baseline.pkl
C-index train: 0.9416
C-index test:  0.8475
  [surv] Saved → survival_predictions/tabicl/HURRAH/-1/seed456/fold3/rsf.pkl
  Fitting Cox baseline...
C-index train: 0.8298
C-index test:  0.8233
  [surv] Saved → survival_predictions/tabicl/HURRAH/-1/seed456/fold3/cox.pkl
X_train shape: (13567, 61), X_test shape: (3391, 61)
Generating TABICL Embeddings...
Warming up TabICL model (triggering checkpoint load)...
ARRIVATO QUI 1
Loading TabICL model checkpoint 'tabicl-classifier-v1.1-0506.ckpt'...
ARRIVATO QUI
Performing dummy prediction to ensure model is loaded...
Warming up TabICL model (triggering checkpoint load)...
ARRIVATO QUI 1
Loading TabICL model checkpoint 'tabicl-classifier-v1.1-0506.ckpt'...
ARRIVATO QUI
Performing dummy prediction to ensure model is loaded...
Successfully generated embeddings with shape: (13567, 512)
0:	[0s / 0s],		train_loss: 2.8737,	val_loss: 7.5860
1:	[0s / 0s],		train_loss: 2.6436,	val_loss: 8.1467
2:	[0s / 0s],		train_loss: 2.6010,	val_loss: 8.1067
3:	[0s / 0s],		train_loss: 2.5629,	val_loss: 8.1501
4:	[0s / 0s],		train_loss: 2.5515,	val_loss: 8.1518
5:	[0s / 1s],		train_loss: 2.5940,	val_loss: 8.8335
6:	[0s / 1s],		train_loss: 2.6038,	val_loss: 9.4389
7:	[0s / 1s],		train_loss: 2.5934,	val_loss: 8.3648
8:	[0s / 1s],		train_loss: 2.5626,	val_loss: 8.3684
9:	[0s / 1s],		train_loss: 2.5487,	val_loss: 8.8459
10:	[0s / 1s],		train_loss: 2.5886,	val_loss: 8.8422
11:	[0s / 2s],		train_loss: 2.5669,	val_loss: 7.8835
12:	[0s / 2s],		train_loss: 2.5710,	val_loss: 8.3636
13:	[0s / 2s],		train_loss: 2.5671,	val_loss: 8.8474
14:	[0s / 2s],		train_loss: 2.5716,	val_loss: 8.4855
15:	[0s / 2s],		train_loss: 2.5664,	val_loss: 7.9464
16:	[0s / 2s],		train_loss: 2.5485,	val_loss: 8.8515
17:	[0s / 3s],		train_loss: 2.5410,	val_loss: 8.5053
18:	[0s / 3s],		train_loss: 2.5271,	val_loss: 8.4695
19:	[0s / 3s],		train_loss: 2.5788,	val_loss: 7.9505
20:	[0s / 3s],		train_loss: 2.5967,	val_loss: 7.9786
C-index TRAIN: 0.9583
C-index TEST:  0.7706
  [surv] Saved → survival_predictions/tabicl/HURRAH/-1/seed456/fold4/tabicl_deepsurv_simple.pkl
0:	[0s / 0s],		train_loss: 2.9474,	val_loss: 7.5527
1:	[0s / 0s],		train_loss: 2.7326,	val_loss: 7.6646
2:	[0s / 0s],		train_loss: 2.6718,	val_loss: 7.9249
3:	[0s / 1s],		train_loss: 2.6233,	val_loss: 7.9345
4:	[0s / 1s],		train_loss: 2.5925,	val_loss: 8.0659
5:	[0s / 1s],		train_loss: 2.5729,	val_loss: 8.3981
6:	[0s / 1s],		train_loss: 2.5553,	val_loss: 7.8027
7:	[0s / 1s],		train_loss: 2.5319,	val_loss: 8.3307
8:	[0s / 2s],		train_loss: 2.5237,	val_loss: 8.2570
9:	[0s / 2s],		train_loss: 2.5206,	val_loss: 8.1575
10:	[0s / 2s],		train_loss: 2.5247,	val_loss: 8.2731
11:	[0s / 2s],		train_loss: 2.5102,	val_loss: 8.2513
12:	[0s / 3s],		train_loss: 2.5033,	val_loss: 8.4933
13:	[0s / 3s],		train_loss: 2.5105,	val_loss: 8.0966
14:	[0s / 3s],		train_loss: 2.4931,	val_loss: 8.4796
15:	[0s / 4s],		train_loss: 2.4907,	val_loss: 8.1299
16:	[0s / 4s],		train_loss: 2.4977,	val_loss: 8.2225
17:	[0s / 4s],		train_loss: 2.5110,	val_loss: 8.5368
18:	[0s / 4s],		train_loss: 2.4976,	val_loss: 8.6346
19:	[0s / 5s],		train_loss: 2.4934,	val_loss: 8.1319
20:	[0s / 5s],		train_loss: 2.4792,	val_loss: 8.9811
C-index TRAIN: 0.9614
C-index TEST:  0.7493
  [surv] Saved → survival_predictions/tabicl/HURRAH/-1/seed456/fold4/tabicl_deepsurv_vanilla.pkl
  [ckpt] TABICL RSF saved → checkpoints/tabicl/HURRAH/-1/seed456/fold4/tabicl_rsf.pkl
C-index train: 0.9830
C-index test:  0.7431
  [surv] Saved → survival_predictions/tabicl/HURRAH/-1/seed456/fold4/tabicl_rsf.pkl
  Fitting TABICL Cox (embedding)...
C-index train: 0.9642
C-index test:  0.7601
  [surv] Saved → survival_predictions/tabicl/HURRAH/-1/seed456/fold4/tabicl_cox.pkl
0:	[0s / 0s],		train_loss: 4.6788,	val_loss: 7.2080
1:	[0s / 0s],		train_loss: 4.4288,	val_loss: 7.1137
2:	[0s / 0s],		train_loss: 4.3956,	val_loss: 7.0890
3:	[0s / 0s],		train_loss: 4.3531,	val_loss: 7.0898
4:	[0s / 1s],		train_loss: 4.3219,	val_loss: 7.0557
5:	[0s / 1s],		train_loss: 4.3359,	val_loss: 7.0594
6:	[0s / 1s],		train_loss: 4.3136,	val_loss: 7.0484
7:	[0s / 1s],		train_loss: 4.3101,	val_loss: 7.0528
8:	[0s / 2s],		train_loss: 4.3058,	val_loss: 7.0347
9:	[0s / 2s],		train_loss: 4.2969,	val_loss: 7.0256
10:	[0s / 2s],		train_loss: 4.2744,	val_loss: 7.0367
11:	[0s / 2s],		train_loss: 4.2727,	val_loss: 7.0301
12:	[0s / 3s],		train_loss: 4.2718,	val_loss: 7.0859
13:	[0s / 3s],		train_loss: 4.2645,	val_loss: 7.0089
14:	[0s / 3s],		train_loss: 4.2586,	val_loss: 7.0640
15:	[0s / 3s],		train_loss: 4.2648,	val_loss: 7.0131
16:	[0s / 4s],		train_loss: 4.2732,	val_loss: 7.0115
17:	[0s / 4s],		train_loss: 4.2462,	val_loss: 7.0114
18:	[0s / 4s],		train_loss: 4.2517,	val_loss: 7.0121
19:	[0s / 4s],		train_loss: 4.2457,	val_loss: 7.0279
20:	[0s / 4s],		train_loss: 4.2427,	val_loss: 6.9923
21:	[0s / 5s],		train_loss: 4.2273,	val_loss: 7.0180
22:	[0s / 5s],		train_loss: 4.2431,	val_loss: 7.0203
23:	[0s / 5s],		train_loss: 4.2264,	val_loss: 7.0240
24:	[0s / 5s],		train_loss: 4.2804,	val_loss: 7.1082
25:	[0s / 6s],		train_loss: 4.2746,	val_loss: 7.0257
26:	[0s / 6s],		train_loss: 4.2375,	val_loss: 7.0160
27:	[0s / 6s],		train_loss: 4.2437,	val_loss: 7.0328
28:	[0s / 6s],		train_loss: 4.2487,	val_loss: 7.0210
29:	[0s / 7s],		train_loss: 4.2371,	val_loss: 6.9928
30:	[0s / 7s],		train_loss: 4.2249,	val_loss: 7.0247
31:	[0s / 7s],		train_loss: 4.2314,	val_loss: 7.0117
32:	[0s / 7s],		train_loss: 4.2222,	val_loss: 7.0008
33:	[0s / 7s],		train_loss: 4.2369,	val_loss: 7.0309
34:	[0s / 8s],		train_loss: 4.2232,	val_loss: 6.9955
35:	[0s / 8s],		train_loss: 4.2199,	val_loss: 7.0116
36:	[0s / 8s],		train_loss: 4.2116,	val_loss: 7.0026
37:	[0s / 8s],		train_loss: 4.2119,	val_loss: 7.0164
38:	[0s / 9s],		train_loss: 4.2062,	val_loss: 7.0037
39:	[0s / 9s],		train_loss: 4.2029,	val_loss: 6.9924
40:	[0s / 9s],		train_loss: 4.2348,	val_loss: 7.0072
C-index TRAIN: 0.8550
C-index TEST:  0.8407
  [surv] Saved → survival_predictions/tabicl/HURRAH/-1/seed456/fold4/deepsurv_vanilla.pkl
0:	[0s / 0s],		train_loss: 7.9375,	val_loss: 7.3959
1:	[0s / 0s],		train_loss: 4.4233,	val_loss: 7.0860
2:	[0s / 0s],		train_loss: 4.4058,	val_loss: 7.2324
3:	[0s / 0s],		train_loss: 4.3754,	val_loss: 7.0946
4:	[0s / 0s],		train_loss: 4.3923,	val_loss: 7.1924
5:	[0s / 1s],		train_loss: 4.3792,	val_loss: 7.2001
6:	[0s / 1s],		train_loss: 4.4663,	val_loss: 7.3107
7:	[0s / 1s],		train_loss: 4.3830,	val_loss: 7.0820
8:	[0s / 1s],		train_loss: 4.4254,	val_loss: 7.1801
9:	[0s / 1s],		train_loss: 4.4337,	val_loss: 7.1678
10:	[0s / 1s],		train_loss: 4.4546,	val_loss: 7.7633
11:	[0s / 1s],		train_loss: 4.4194,	val_loss: 7.0929
12:	[0s / 2s],		train_loss: 4.3741,	val_loss: 7.1441
13:	[0s / 2s],		train_loss: 4.4147,	val_loss: 7.1120
14:	[0s / 2s],		train_loss: 4.4340,	val_loss: 7.1516
15:	[0s / 2s],		train_loss: 4.4375,	val_loss: 7.1481
16:	[0s / 2s],		train_loss: 4.4223,	val_loss: 7.1461
17:	[0s / 2s],		train_loss: 4.3999,	val_loss: 7.2498
18:	[0s / 3s],		train_loss: 4.4109,	val_loss: 7.1542
19:	[0s / 3s],		train_loss: 4.4253,	val_loss: 7.4095
20:	[0s / 3s],		train_loss: 4.4738,	val_loss: 7.1178
21:	[0s / 3s],		train_loss: 4.4524,	val_loss: 7.1945
22:	[0s / 3s],		train_loss: 4.4126,	val_loss: 7.0999
23:	[0s / 4s],		train_loss: 4.3768,	val_loss: 7.3668
24:	[0s / 4s],		train_loss: 4.4872,	val_loss: 7.1665
25:	[0s / 4s],		train_loss: 4.4039,	val_loss: 7.2214
26:	[0s / 4s],		train_loss: 4.4870,	val_loss: 7.1005
27:	[0s / 4s],		train_loss: 4.4429,	val_loss: 7.1594
C-index TRAIN: 0.8361
C-index TEST:  0.8171
  [surv] Saved → survival_predictions/tabicl/HURRAH/-1/seed456/fold4/deepsurv_simple.pkl
  [ckpt] RSF baseline saved → checkpoints/tabicl/HURRAH/-1/seed456/fold4/rsf_baseline.pkl
C-index train: 0.9415
C-index test:  0.8447
  [surv] Saved → survival_predictions/tabicl/HURRAH/-1/seed456/fold4/rsf.pkl
  Fitting Cox baseline...
C-index train: 0.8313
C-index test:  0.8151
  [surv] Saved → survival_predictions/tabicl/HURRAH/-1/seed456/fold4/cox.pkl
X_train shape: (13567, 61), X_test shape: (3391, 61)
Generating TABICL Embeddings...
Warming up TabICL model (triggering checkpoint load)...
ARRIVATO QUI 1
Loading TabICL model checkpoint 'tabicl-classifier-v1.1-0506.ckpt'...
ARRIVATO QUI
Performing dummy prediction to ensure model is loaded...
Warming up TabICL model (triggering checkpoint load)...
ARRIVATO QUI 1
Loading TabICL model checkpoint 'tabicl-classifier-v1.1-0506.ckpt'...
ARRIVATO QUI
Performing dummy prediction to ensure model is loaded...
Successfully generated embeddings with shape: (13567, 512)
0:	[0s / 0s],		train_loss: 2.7995,	val_loss: 7.6186
1:	[0s / 0s],		train_loss: 2.7408,	val_loss: 7.5094
2:	[0s / 0s],		train_loss: 2.6526,	val_loss: 8.4935
3:	[0s / 0s],		train_loss: 2.5963,	val_loss: 8.1540
4:	[0s / 0s],		train_loss: 2.6217,	val_loss: 7.7418
5:	[0s / 1s],		train_loss: 2.6088,	val_loss: 7.7187
6:	[0s / 1s],		train_loss: 2.6078,	val_loss: 8.0155
7:	[0s / 1s],		train_loss: 2.5804,	val_loss: 8.3508
8:	[0s / 1s],		train_loss: 2.5694,	val_loss: 7.8717
9:	[0s / 1s],		train_loss: 2.5884,	val_loss: 8.1057
10:	[0s / 1s],		train_loss: 2.6023,	val_loss: 8.1555
11:	[0s / 2s],		train_loss: 2.6068,	val_loss: 7.6218
12:	[0s / 2s],		train_loss: 2.6889,	val_loss: 8.2423
13:	[0s / 2s],		train_loss: 2.7509,	val_loss: 8.4611
14:	[0s / 2s],		train_loss: 2.5853,	val_loss: 7.7367
15:	[0s / 2s],		train_loss: 2.5933,	val_loss: 8.2609
16:	[0s / 3s],		train_loss: 2.5312,	val_loss: 8.8653
17:	[0s / 3s],		train_loss: 2.5644,	val_loss: 8.8687
18:	[0s / 3s],		train_loss: 2.6563,	val_loss: 8.0910
19:	[0s / 3s],		train_loss: 2.6154,	val_loss: 7.9294
20:	[0s / 3s],		train_loss: 2.5310,	val_loss: 8.1678
21:	[0s / 3s],		train_loss: 2.6107,	val_loss: 8.0106
C-index TRAIN: 0.9587
C-index TEST:  0.8162
  [surv] Saved → survival_predictions/tabicl/HURRAH/-1/seed456/fold5/tabicl_deepsurv_simple.pkl
0:	[0s / 0s],		train_loss: 2.9539,	val_loss: 7.6365
1:	[0s / 0s],		train_loss: 2.7274,	val_loss: 7.5520
2:	[0s / 0s],		train_loss: 2.6676,	val_loss: 7.6261
3:	[0s / 1s],		train_loss: 2.6509,	val_loss: 7.6982
4:	[0s / 1s],		train_loss: 2.6069,	val_loss: 7.9287
5:	[0s / 1s],		train_loss: 2.5875,	val_loss: 7.9982
6:	[0s / 1s],		train_loss: 2.5628,	val_loss: 8.9580
7:	[0s / 2s],		train_loss: 2.5522,	val_loss: 8.7363
8:	[0s / 2s],		train_loss: 2.5541,	val_loss: 7.9052
9:	[0s / 2s],		train_loss: 2.5445,	val_loss: 8.0414
10:	[0s / 2s],		train_loss: 2.5307,	val_loss: 7.6674
11:	[0s / 3s],		train_loss: 2.5284,	val_loss: 8.2337
12:	[0s / 3s],		train_loss: 2.5223,	val_loss: 7.8486
13:	[0s / 3s],		train_loss: 2.5473,	val_loss: 8.1123
14:	[0s / 3s],		train_loss: 2.5198,	val_loss: 8.5588
15:	[0s / 4s],		train_loss: 2.5255,	val_loss: 8.0765
16:	[0s / 4s],		train_loss: 2.5074,	val_loss: 8.0219
17:	[0s / 4s],		train_loss: 2.5166,	val_loss: 8.5189
18:	[0s / 4s],		train_loss: 2.5054,	val_loss: 7.8970
19:	[0s / 4s],		train_loss: 2.5093,	val_loss: 8.1123
20:	[0s / 5s],		train_loss: 2.5150,	val_loss: 7.9839
21:	[0s / 5s],		train_loss: 2.5077,	val_loss: 8.3784
C-index TRAIN: 0.9609
C-index TEST:  0.7773
  [surv] Saved → survival_predictions/tabicl/HURRAH/-1/seed456/fold5/tabicl_deepsurv_vanilla.pkl
  [ckpt] TABICL RSF saved → checkpoints/tabicl/HURRAH/-1/seed456/fold5/tabicl_rsf.pkl
C-index train: 0.9826
C-index test:  0.7554
  [surv] Saved → survival_predictions/tabicl/HURRAH/-1/seed456/fold5/tabicl_rsf.pkl
  Fitting TABICL Cox (embedding)...
C-index train: 0.9631
C-index test:  0.7893
  [surv] Saved → survival_predictions/tabicl/HURRAH/-1/seed456/fold5/tabicl_cox.pkl
0:	[0s / 0s],		train_loss: 4.6593,	val_loss: 7.3568
1:	[0s / 0s],		train_loss: 4.4353,	val_loss: 7.1843
2:	[0s / 0s],		train_loss: 4.3997,	val_loss: 7.2285
3:	[0s / 0s],		train_loss: 4.3494,	val_loss: 7.1086
4:	[0s / 1s],		train_loss: 4.3582,	val_loss: 7.1628
5:	[0s / 1s],		train_loss: 4.3459,	val_loss: 7.1138
6:	[0s / 1s],		train_loss: 4.3228,	val_loss: 7.1201
7:	[0s / 1s],		train_loss: 4.3021,	val_loss: 7.0904
8:	[0s / 2s],		train_loss: 4.2990,	val_loss: 7.1298
9:	[0s / 2s],		train_loss: 4.2940,	val_loss: 7.1027
10:	[0s / 2s],		train_loss: 4.2816,	val_loss: 7.0476
11:	[0s / 2s],		train_loss: 4.2732,	val_loss: 7.1463
12:	[0s / 3s],		train_loss: 4.2809,	val_loss: 7.1041
13:	[0s / 3s],		train_loss: 4.2815,	val_loss: 7.1203
14:	[0s / 3s],		train_loss: 4.2517,	val_loss: 7.0328
15:	[0s / 3s],		train_loss: 4.2638,	val_loss: 7.0809
16:	[0s / 4s],		train_loss: 4.2654,	val_loss: 7.1252
17:	[0s / 4s],		train_loss: 4.2806,	val_loss: 7.0224
18:	[0s / 4s],		train_loss: 4.2604,	val_loss: 7.0606
19:	[0s / 4s],		train_loss: 4.2635,	val_loss: 7.0425
20:	[0s / 5s],		train_loss: 4.2516,	val_loss: 7.1894
21:	[0s / 5s],		train_loss: 4.2533,	val_loss: 7.0867
22:	[0s / 5s],		train_loss: 4.2482,	val_loss: 7.0313
23:	[0s / 5s],		train_loss: 4.2547,	val_loss: 7.1940
24:	[0s / 5s],		train_loss: 4.2561,	val_loss: 7.0684
25:	[0s / 6s],		train_loss: 4.2507,	val_loss: 7.0308
26:	[0s / 6s],		train_loss: 4.2338,	val_loss: 7.1119
27:	[0s / 6s],		train_loss: 4.2333,	val_loss: 7.0528
28:	[0s / 6s],		train_loss: 4.2212,	val_loss: 7.0747
29:	[0s / 7s],		train_loss: 4.2251,	val_loss: 7.0342
30:	[0s / 7s],		train_loss: 4.2468,	val_loss: 7.0816
31:	[0s / 7s],		train_loss: 4.2206,	val_loss: 7.0290
32:	[0s / 7s],		train_loss: 4.2119,	val_loss: 7.2130
33:	[0s / 8s],		train_loss: 4.2421,	val_loss: 7.0392
34:	[0s / 8s],		train_loss: 4.2276,	val_loss: 7.0488
35:	[0s / 8s],		train_loss: 4.2331,	val_loss: 8.0048
36:	[0s / 8s],		train_loss: 4.2263,	val_loss: 8.0357
37:	[0s / 9s],		train_loss: 4.2180,	val_loss: 7.2066
C-index TRAIN: 0.8500
C-index TEST:  0.8431
  [surv] Saved → survival_predictions/tabicl/HURRAH/-1/seed456/fold5/deepsurv_vanilla.pkl
0:	[0s / 0s],		train_loss: 5.9391,	val_loss: 7.2875
1:	[0s / 0s],		train_loss: 4.4070,	val_loss: 7.1189
2:	[0s / 0s],		train_loss: 4.3821,	val_loss: 7.0876
3:	[0s / 0s],		train_loss: 4.4127,	val_loss: 7.0770
4:	[0s / 0s],		train_loss: 4.3865,	val_loss: 7.1063
5:	[0s / 1s],		train_loss: 4.3768,	val_loss: 7.1874
6:	[0s / 1s],		train_loss: 4.3983,	val_loss: 7.1788
7:	[0s / 1s],		train_loss: 4.4417,	val_loss: 7.2627
8:	[0s / 1s],		train_loss: 4.3653,	val_loss: 7.2269
9:	[0s / 1s],		train_loss: 4.4225,	val_loss: 7.2052
10:	[0s / 1s],		train_loss: 4.4031,	val_loss: 7.1494
11:	[0s / 2s],		train_loss: 4.4129,	val_loss: 7.3311
12:	[0s / 2s],		train_loss: 4.4115,	val_loss: 7.1852
13:	[0s / 2s],		train_loss: 4.4289,	val_loss: 7.1592
14:	[0s / 2s],		train_loss: 4.3838,	val_loss: 7.1366
15:	[0s / 2s],		train_loss: 4.3940,	val_loss: 7.1996
16:	[0s / 2s],		train_loss: 4.4855,	val_loss: 7.2140
17:	[0s / 3s],		train_loss: 4.4477,	val_loss: 7.3872
18:	[0s / 3s],		train_loss: 4.7319,	val_loss: 7.3383
19:	[0s / 3s],		train_loss: 4.3976,	val_loss: 7.0787
20:	[0s / 3s],		train_loss: 4.5066,	val_loss: 7.2444
21:	[0s / 3s],		train_loss: 4.3852,	val_loss: 7.1282
22:	[0s / 3s],		train_loss: 4.4242,	val_loss: 7.1423
23:	[0s / 4s],		train_loss: 4.5698,	val_loss: 7.1482
C-index TRAIN: 0.8325
C-index TEST:  0.8287
  [surv] Saved → survival_predictions/tabicl/HURRAH/-1/seed456/fold5/deepsurv_simple.pkl
  [ckpt] RSF baseline saved → checkpoints/tabicl/HURRAH/-1/seed456/fold5/rsf_baseline.pkl
C-index train: 0.9420
C-index test:  0.8606
  [surv] Saved → survival_predictions/tabicl/HURRAH/-1/seed456/fold5/rsf.pkl
  Fitting Cox baseline...
C-index train: 0.8279
C-index test:  0.8236
  [surv] Saved → survival_predictions/tabicl/HURRAH/-1/seed456/fold5/cox.pkl


Preprocess: Keep NaN
Loading existing folds from tmp/splits/HURRAH_seed456.pkl
X_train shape: (13566, 61), X_test shape: (3392, 61)
Generating TABICL Embeddings...
Warming up TabICL model (triggering checkpoint load)...
ARRIVATO QUI 1
Loading TabICL model checkpoint 'tabicl-classifier-v1.1-0506.ckpt'...
ARRIVATO QUI
Performing dummy prediction to ensure model is loaded...
Warming up TabICL model (triggering checkpoint load)...
ARRIVATO QUI 1
Loading TabICL model checkpoint 'tabicl-classifier-v1.1-0506.ckpt'...
ARRIVATO QUI
Performing dummy prediction to ensure model is loaded...
Successfully generated embeddings with shape: (13566, 512)
0:	[0s / 0s],		train_loss: 2.9076,	val_loss: 7.3870
1:	[0s / 0s],		train_loss: 2.5963,	val_loss: 7.9695
2:	[0s / 0s],		train_loss: 2.5989,	val_loss: 8.2708
3:	[0s / 0s],		train_loss: 2.6196,	val_loss: 8.5151
4:	[0s / 0s],		train_loss: 2.5802,	val_loss: 7.6276
5:	[0s / 1s],		train_loss: 2.5981,	val_loss: 8.1754
6:	[0s / 1s],		train_loss: 2.5410,	val_loss: 8.6364
7:	[0s / 1s],		train_loss: 2.5311,	val_loss: 7.9067
8:	[0s / 1s],		train_loss: 2.5305,	val_loss: 8.5011
9:	[0s / 1s],		train_loss: 2.5343,	val_loss: 8.2895
10:	[0s / 1s],		train_loss: 2.5136,	val_loss: 7.9351
11:	[0s / 2s],		train_loss: 2.6309,	val_loss: 8.5943
12:	[0s / 2s],		train_loss: 2.6052,	val_loss: 7.5922
13:	[0s / 2s],		train_loss: 2.6052,	val_loss: 8.4350
14:	[0s / 2s],		train_loss: 2.5630,	val_loss: 8.3694
15:	[0s / 2s],		train_loss: 2.5371,	val_loss: 7.8381
16:	[0s / 3s],		train_loss: 2.5447,	val_loss: 8.4396
17:	[0s / 3s],		train_loss: 2.5402,	val_loss: 8.0956
18:	[0s / 3s],		train_loss: 2.5640,	val_loss: 8.4341
19:	[0s / 3s],		train_loss: 2.5266,	val_loss: 7.7741
20:	[0s / 3s],		train_loss: 2.6146,	val_loss: 7.7934
C-index TRAIN: 0.9608
C-index TEST:  0.7951
  [surv] Saved → survival_predictions/tabicl/HURRAH/NaN/seed456/fold1/tabicl_deepsurv_simple.pkl
0:	[0s / 0s],		train_loss: 2.8647,	val_loss: 7.8338
1:	[0s / 0s],		train_loss: 2.6936,	val_loss: 7.7076
2:	[0s / 0s],		train_loss: 2.6461,	val_loss: 7.8934
3:	[0s / 0s],		train_loss: 2.6132,	val_loss: 7.7691
4:	[0s / 1s],		train_loss: 2.5954,	val_loss: 8.2557
5:	[0s / 1s],		train_loss: 2.5475,	val_loss: 8.6699
6:	[0s / 1s],		train_loss: 2.5423,	val_loss: 8.2365
7:	[0s / 1s],		train_loss: 2.5205,	val_loss: 8.0171
8:	[0s / 2s],		train_loss: 2.5120,	val_loss: 8.2515
9:	[0s / 2s],		train_loss: 2.5066,	val_loss: 7.9493
10:	[0s / 2s],		train_loss: 2.5200,	val_loss: 7.6840
11:	[0s / 2s],		train_loss: 2.4836,	val_loss: 8.0504
12:	[0s / 3s],		train_loss: 2.4897,	val_loss: 7.8924
13:	[0s / 3s],		train_loss: 2.4947,	val_loss: 8.3311
14:	[0s / 3s],		train_loss: 2.4894,	val_loss: 7.7497
15:	[0s / 3s],		train_loss: 2.4753,	val_loss: 8.5511
16:	[0s / 4s],		train_loss: 2.4860,	val_loss: 8.1234
17:	[0s / 4s],		train_loss: 2.4682,	val_loss: 8.4511
18:	[0s / 4s],		train_loss: 2.4744,	val_loss: 8.1619
19:	[0s / 4s],		train_loss: 2.4821,	val_loss: 8.4348
20:	[0s / 5s],		train_loss: 2.4708,	val_loss: 8.2493
21:	[0s / 5s],		train_loss: 2.4631,	val_loss: 8.3265
22:	[0s / 5s],		train_loss: 2.4583,	val_loss: 8.2718
23:	[0s / 5s],		train_loss: 2.4555,	val_loss: 8.8325
24:	[0s / 6s],		train_loss: 2.4628,	val_loss: 8.4600
25:	[0s / 6s],		train_loss: 2.4557,	val_loss: 8.9938
26:	[0s / 6s],		train_loss: 2.4646,	val_loss: 8.4127
27:	[0s / 6s],		train_loss: 2.4535,	val_loss: 8.3881
28:	[0s / 7s],		train_loss: 2.4615,	val_loss: 8.0558
29:	[0s / 7s],		train_loss: 2.4598,	val_loss: 8.0840
30:	[0s / 7s],		train_loss: 2.4487,	val_loss: 8.2892
C-index TRAIN: 0.9663
C-index TEST:  0.7808
  [surv] Saved → survival_predictions/tabicl/HURRAH/NaN/seed456/fold1/tabicl_deepsurv_vanilla.pkl
  [ckpt] TABICL RSF saved → checkpoints/tabicl/HURRAH/NaN/seed456/fold1/tabicl_rsf.pkl
C-index train: 0.9827
C-index test:  0.7227
  [surv] Saved → survival_predictions/tabicl/HURRAH/NaN/seed456/fold1/tabicl_rsf.pkl
  Fitting TABICL Cox (embedding)...
C-index train: 0.9646
C-index test:  0.7306
  [surv] Saved → survival_predictions/tabicl/HURRAH/NaN/seed456/fold1/tabicl_cox.pkl
X_train shape: (13566, 61), X_test shape: (3392, 61)
Generating TABICL Embeddings...
Warming up TabICL model (triggering checkpoint load)...
ARRIVATO QUI 1
Loading TabICL model checkpoint 'tabicl-classifier-v1.1-0506.ckpt'...
ARRIVATO QUI
Performing dummy prediction to ensure model is loaded...
Warming up TabICL model (triggering checkpoint load)...
ARRIVATO QUI 1
Loading TabICL model checkpoint 'tabicl-classifier-v1.1-0506.ckpt'...
ARRIVATO QUI
Performing dummy prediction to ensure model is loaded...
Successfully generated embeddings with shape: (13566, 512)
0:	[0s / 0s],		train_loss: 2.9659,	val_loss: 7.7751
1:	[0s / 0s],		train_loss: 2.7014,	val_loss: 8.2139
2:	[0s / 0s],		train_loss: 2.5828,	val_loss: 8.4818
3:	[0s / 0s],		train_loss: 2.6126,	val_loss: 7.9778
4:	[0s / 0s],		train_loss: 2.5580,	val_loss: 8.1473
5:	[0s / 1s],		train_loss: 2.5605,	val_loss: 7.8704
6:	[0s / 1s],		train_loss: 2.6070,	val_loss: 8.2819
7:	[0s / 1s],		train_loss: 2.5817,	val_loss: 8.2119
8:	[0s / 1s],		train_loss: 2.5722,	val_loss: 8.7434
9:	[0s / 1s],		train_loss: 2.6241,	val_loss: 8.0401
10:	[0s / 1s],		train_loss: 2.6249,	val_loss: 8.1106
11:	[0s / 2s],		train_loss: 2.5582,	val_loss: 8.5752
12:	[0s / 2s],		train_loss: 2.6021,	val_loss: 8.0582
13:	[0s / 2s],		train_loss: 2.5276,	val_loss: 7.9546
14:	[0s / 2s],		train_loss: 2.5246,	val_loss: 7.8701
15:	[0s / 2s],		train_loss: 2.5876,	val_loss: 9.3260
16:	[0s / 3s],		train_loss: 2.6001,	val_loss: 8.6689
17:	[0s / 3s],		train_loss: 2.5931,	val_loss: 7.9553
18:	[0s / 3s],		train_loss: 2.5255,	val_loss: 8.2624
19:	[0s / 3s],		train_loss: 2.5785,	val_loss: 7.8522
20:	[0s / 3s],		train_loss: 2.6638,	val_loss: 7.9390
C-index TRAIN: 0.9614
C-index TEST:  0.7879
  [surv] Saved → survival_predictions/tabicl/HURRAH/NaN/seed456/fold2/tabicl_deepsurv_simple.pkl
0:	[0s / 0s],		train_loss: 2.8685,	val_loss: 7.5080
1:	[0s / 0s],		train_loss: 2.6855,	val_loss: 8.0478
2:	[0s / 0s],		train_loss: 2.6467,	val_loss: 7.5577
3:	[0s / 1s],		train_loss: 2.6097,	val_loss: 8.1699
4:	[0s / 1s],		train_loss: 2.5527,	val_loss: 8.1764
5:	[0s / 1s],		train_loss: 2.5566,	val_loss: 7.8479
6:	[0s / 1s],		train_loss: 2.5399,	val_loss: 7.9897
7:	[0s / 2s],		train_loss: 2.5504,	val_loss: 7.6746
8:	[0s / 2s],		train_loss: 2.5419,	val_loss: 7.8915
9:	[0s / 2s],		train_loss: 2.5220,	val_loss: 8.0737
10:	[0s / 2s],		train_loss: 2.4993,	val_loss: 7.8710
11:	[0s / 2s],		train_loss: 2.5269,	val_loss: 8.0665
12:	[0s / 3s],		train_loss: 2.5073,	val_loss: 7.8602
13:	[0s / 3s],		train_loss: 2.4927,	val_loss: 8.0748
14:	[0s / 3s],		train_loss: 2.4936,	val_loss: 8.4558
15:	[0s / 3s],		train_loss: 2.5170,	val_loss: 8.0935
16:	[0s / 4s],		train_loss: 2.5097,	val_loss: 8.0029
17:	[0s / 4s],		train_loss: 2.4938,	val_loss: 8.7049
18:	[0s / 4s],		train_loss: 2.4972,	val_loss: 8.2064
19:	[0s / 4s],		train_loss: 2.4842,	val_loss: 9.0338
20:	[0s / 5s],		train_loss: 2.4969,	val_loss: 8.3152
C-index TRAIN: 0.9604
C-index TEST:  0.7576
  [surv] Saved → survival_predictions/tabicl/HURRAH/NaN/seed456/fold2/tabicl_deepsurv_vanilla.pkl
  [ckpt] TABICL RSF saved → checkpoints/tabicl/HURRAH/NaN/seed456/fold2/tabicl_rsf.pkl
C-index train: 0.9821
C-index test:  0.7266
  [surv] Saved → survival_predictions/tabicl/HURRAH/NaN/seed456/fold2/tabicl_rsf.pkl
  Fitting TABICL Cox (embedding)...
C-index train: 0.9631
C-index test:  0.7440
  [surv] Saved → survival_predictions/tabicl/HURRAH/NaN/seed456/fold2/tabicl_cox.pkl
X_train shape: (13566, 61), X_test shape: (3392, 61)
Generating TABICL Embeddings...
Warming up TabICL model (triggering checkpoint load)...
ARRIVATO QUI 1
Loading TabICL model checkpoint 'tabicl-classifier-v1.1-0506.ckpt'...
ARRIVATO QUI
Performing dummy prediction to ensure model is loaded...
Warming up TabICL model (triggering checkpoint load)...
ARRIVATO QUI 1
Loading TabICL model checkpoint 'tabicl-classifier-v1.1-0506.ckpt'...
ARRIVATO QUI
Performing dummy prediction to ensure model is loaded...
Successfully generated embeddings with shape: (13566, 512)
0:	[0s / 0s],		train_loss: 2.9217,	val_loss: 7.5970
1:	[0s / 0s],		train_loss: 2.6364,	val_loss: 7.8809
2:	[0s / 0s],		train_loss: 2.6572,	val_loss: 7.5080
3:	[0s / 0s],		train_loss: 2.6438,	val_loss: 8.3790
4:	[0s / 0s],		train_loss: 2.5798,	val_loss: 8.9234
5:	[0s / 1s],		train_loss: 2.5869,	val_loss: 7.5552
6:	[0s / 1s],		train_loss: 2.6047,	val_loss: 7.5450
7:	[0s / 1s],		train_loss: 2.6097,	val_loss: 8.0820
8:	[0s / 1s],		train_loss: 2.5658,	val_loss: 8.0194
9:	[0s / 1s],		train_loss: 2.5894,	val_loss: 8.4601
10:	[0s / 2s],		train_loss: 2.6227,	val_loss: 8.1535
11:	[0s / 2s],		train_loss: 2.5663,	val_loss: 8.4012
12:	[0s / 2s],		train_loss: 2.6142,	val_loss: 8.1253
13:	[0s / 2s],		train_loss: 2.5987,	val_loss: 8.0638
14:	[0s / 2s],		train_loss: 2.6162,	val_loss: 8.1468
15:	[0s / 2s],		train_loss: 2.6091,	val_loss: 8.0587
16:	[0s / 3s],		train_loss: 2.5832,	val_loss: 8.7723
17:	[0s / 3s],		train_loss: 2.5328,	val_loss: 8.4989
18:	[0s / 3s],		train_loss: 2.5497,	val_loss: 8.7279
19:	[0s / 3s],		train_loss: 2.5502,	val_loss: 8.1887
20:	[0s / 3s],		train_loss: 2.5788,	val_loss: 8.8323
21:	[0s / 4s],		train_loss: 2.6079,	val_loss: 8.0964
22:	[0s / 4s],		train_loss: 2.5927,	val_loss: 8.5847
C-index TRAIN: 0.9617
C-index TEST:  0.7926
  [surv] Saved → survival_predictions/tabicl/HURRAH/NaN/seed456/fold3/tabicl_deepsurv_simple.pkl
0:	[0s / 0s],		train_loss: 2.8727,	val_loss: 8.0593
1:	[0s / 0s],		train_loss: 2.6859,	val_loss: 7.4588
2:	[0s / 0s],		train_loss: 2.6304,	val_loss: 7.7712
3:	[0s / 1s],		train_loss: 2.6243,	val_loss: 8.0145
4:	[0s / 1s],		train_loss: 2.5587,	val_loss: 7.7651
5:	[0s / 1s],		train_loss: 2.5751,	val_loss: 7.5400
6:	[0s / 1s],		train_loss: 2.5639,	val_loss: 7.6394
7:	[0s / 2s],		train_loss: 2.5354,	val_loss: 8.1775
8:	[0s / 2s],		train_loss: 2.5271,	val_loss: 7.8025
9:	[0s / 2s],		train_loss: 2.5512,	val_loss: 7.9359
10:	[0s / 2s],		train_loss: 2.5136,	val_loss: 8.6199
11:	[0s / 3s],		train_loss: 2.5002,	val_loss: 7.9455
12:	[0s / 3s],		train_loss: 2.5192,	val_loss: 7.9592
13:	[0s / 3s],		train_loss: 2.5286,	val_loss: 8.5579
14:	[0s / 3s],		train_loss: 2.5149,	val_loss: 7.9379
15:	[0s / 4s],		train_loss: 2.5049,	val_loss: 8.3033
16:	[0s / 4s],		train_loss: 2.5033,	val_loss: 8.3317
17:	[0s / 4s],		train_loss: 2.5217,	val_loss: 8.0405
18:	[0s / 4s],		train_loss: 2.5251,	val_loss: 8.1574
19:	[0s / 5s],		train_loss: 2.4947,	val_loss: 8.0519
20:	[0s / 5s],		train_loss: 2.5059,	val_loss: 8.6456
21:	[0s / 5s],		train_loss: 2.4957,	val_loss: 8.6485
C-index TRAIN: 0.9611
C-index TEST:  0.7670
  [surv] Saved → survival_predictions/tabicl/HURRAH/NaN/seed456/fold3/tabicl_deepsurv_vanilla.pkl
  [ckpt] TABICL RSF saved → checkpoints/tabicl/HURRAH/NaN/seed456/fold3/tabicl_rsf.pkl
C-index train: 0.9822
C-index test:  0.7099
  [surv] Saved → survival_predictions/tabicl/HURRAH/NaN/seed456/fold3/tabicl_rsf.pkl
  Fitting TABICL Cox (embedding)...
C-index train: 0.9632
C-index test:  0.7260
  [surv] Saved → survival_predictions/tabicl/HURRAH/NaN/seed456/fold3/tabicl_cox.pkl
X_train shape: (13567, 61), X_test shape: (3391, 61)
Generating TABICL Embeddings...
Warming up TabICL model (triggering checkpoint load)...
ARRIVATO QUI 1
Loading TabICL model checkpoint 'tabicl-classifier-v1.1-0506.ckpt'...
ARRIVATO QUI
Performing dummy prediction to ensure model is loaded...
Warming up TabICL model (triggering checkpoint load)...
ARRIVATO QUI 1
Loading TabICL model checkpoint 'tabicl-classifier-v1.1-0506.ckpt'...
ARRIVATO QUI
Performing dummy prediction to ensure model is loaded...
Successfully generated embeddings with shape: (13567, 512)
0:	[0s / 0s],		train_loss: 2.8697,	val_loss: 7.7000
1:	[0s / 0s],		train_loss: 2.6275,	val_loss: 7.6439
2:	[0s / 0s],		train_loss: 2.6545,	val_loss: 8.0810
3:	[0s / 0s],		train_loss: 2.5942,	val_loss: 8.1821
4:	[0s / 0s],		train_loss: 2.6026,	val_loss: 9.8473
5:	[0s / 1s],		train_loss: 2.7837,	val_loss: 8.6488
6:	[0s / 1s],		train_loss: 2.6079,	val_loss: 8.5653
7:	[0s / 1s],		train_loss: 2.6110,	val_loss: 7.8417
8:	[0s / 1s],		train_loss: 2.6306,	val_loss: 8.4991
9:	[0s / 1s],		train_loss: 2.5212,	val_loss: 8.1119
10:	[0s / 1s],		train_loss: 2.5661,	val_loss: 7.8045
11:	[0s / 2s],		train_loss: 2.5731,	val_loss: 8.2954
12:	[0s / 2s],		train_loss: 2.5612,	val_loss: 8.2464
13:	[0s / 2s],		train_loss: 2.5532,	val_loss: 7.7362
14:	[0s / 2s],		train_loss: 2.5430,	val_loss: 9.0187
15:	[0s / 2s],		train_loss: 2.5431,	val_loss: 7.9832
16:	[0s / 3s],		train_loss: 2.6515,	val_loss: 8.1574
17:	[0s / 3s],		train_loss: 2.5909,	val_loss: 8.2387
18:	[0s / 3s],		train_loss: 2.5705,	val_loss: 8.0180
19:	[0s / 3s],		train_loss: 2.6090,	val_loss: 8.3475
20:	[0s / 3s],		train_loss: 2.5782,	val_loss: 8.9668
21:	[0s / 3s],		train_loss: 2.5770,	val_loss: 8.7020
C-index TRAIN: 0.9598
C-index TEST:  0.7643
  [surv] Saved → survival_predictions/tabicl/HURRAH/NaN/seed456/fold4/tabicl_deepsurv_simple.pkl
0:	[0s / 0s],		train_loss: 2.8797,	val_loss: 7.8346
1:	[0s / 0s],		train_loss: 2.7140,	val_loss: 7.7121
2:	[0s / 0s],		train_loss: 2.6278,	val_loss: 7.7531
3:	[0s / 1s],		train_loss: 2.5880,	val_loss: 7.5062
4:	[0s / 1s],		train_loss: 2.5662,	val_loss: 8.2481
5:	[0s / 1s],		train_loss: 2.5572,	val_loss: 7.6452
6:	[0s / 1s],		train_loss: 2.5417,	val_loss: 8.4841
7:	[0s / 1s],		train_loss: 2.5233,	val_loss: 8.3654
8:	[0s / 2s],		train_loss: 2.5414,	val_loss: 7.9766
9:	[0s / 2s],		train_loss: 2.5061,	val_loss: 8.1174
10:	[0s / 2s],		train_loss: 2.5053,	val_loss: 8.1428
11:	[0s / 2s],		train_loss: 2.4755,	val_loss: 8.1855
12:	[0s / 3s],		train_loss: 2.4840,	val_loss: 7.9114
13:	[0s / 3s],		train_loss: 2.4951,	val_loss: 8.2256
14:	[0s / 3s],		train_loss: 2.4921,	val_loss: 7.8432
15:	[0s / 3s],		train_loss: 2.4945,	val_loss: 7.8509
16:	[0s / 4s],		train_loss: 2.4910,	val_loss: 7.8759
17:	[0s / 4s],		train_loss: 2.4748,	val_loss: 7.8229
18:	[0s / 4s],		train_loss: 2.4759,	val_loss: 7.9640
19:	[0s / 4s],		train_loss: 2.4690,	val_loss: 8.0084
20:	[0s / 5s],		train_loss: 2.4786,	val_loss: 8.2651
21:	[0s / 5s],		train_loss: 2.4839,	val_loss: 8.0657
22:	[0s / 5s],		train_loss: 2.4889,	val_loss: 8.3301
23:	[0s / 6s],		train_loss: 2.4768,	val_loss: 8.4540
C-index TRAIN: 0.9637
C-index TEST:  0.7592
  [surv] Saved → survival_predictions/tabicl/HURRAH/NaN/seed456/fold4/tabicl_deepsurv_vanilla.pkl
  [ckpt] TABICL RSF saved → checkpoints/tabicl/HURRAH/NaN/seed456/fold4/tabicl_rsf.pkl
C-index train: 0.9824
C-index test:  0.7041
  [surv] Saved → survival_predictions/tabicl/HURRAH/NaN/seed456/fold4/tabicl_rsf.pkl
  Fitting TABICL Cox (embedding)...
C-index train: 0.9638
C-index test:  0.7328
  [surv] Saved → survival_predictions/tabicl/HURRAH/NaN/seed456/fold4/tabicl_cox.pkl
X_train shape: (13567, 61), X_test shape: (3391, 61)
Generating TABICL Embeddings...
Warming up TabICL model (triggering checkpoint load)...
ARRIVATO QUI 1
Loading TabICL model checkpoint 'tabicl-classifier-v1.1-0506.ckpt'...
ARRIVATO QUI
Performing dummy prediction to ensure model is loaded...
Warming up TabICL model (triggering checkpoint load)...
ARRIVATO QUI 1
Loading TabICL model checkpoint 'tabicl-classifier-v1.1-0506.ckpt'...
ARRIVATO QUI
Performing dummy prediction to ensure model is loaded...
Successfully generated embeddings with shape: (13567, 512)
0:	[0s / 0s],		train_loss: 2.8958,	val_loss: 8.0913
1:	[0s / 0s],		train_loss: 2.7031,	val_loss: 8.1483
2:	[0s / 0s],		train_loss: 2.6004,	val_loss: 7.5642
3:	[0s / 0s],		train_loss: 2.7357,	val_loss: 7.6866
4:	[0s / 0s],		train_loss: 2.6520,	val_loss: 7.8694
5:	[0s / 1s],		train_loss: 2.5899,	val_loss: 8.0004
6:	[0s / 1s],		train_loss: 2.5830,	val_loss: 7.9185
7:	[0s / 1s],		train_loss: 2.5830,	val_loss: 8.5883
8:	[0s / 1s],		train_loss: 2.6072,	val_loss: 7.5096
9:	[0s / 1s],		train_loss: 2.6729,	val_loss: 8.0067
10:	[0s / 1s],		train_loss: 2.5646,	val_loss: 8.2106
11:	[0s / 2s],		train_loss: 2.5728,	val_loss: 7.8493
12:	[0s / 2s],		train_loss: 2.6622,	val_loss: 8.3595
13:	[0s / 2s],		train_loss: 2.6171,	val_loss: 7.9445
14:	[0s / 2s],		train_loss: 2.5999,	val_loss: 7.8813
15:	[0s / 2s],		train_loss: 2.5468,	val_loss: 8.1657
16:	[0s / 3s],		train_loss: 2.5437,	val_loss: 8.9937
17:	[0s / 3s],		train_loss: 2.5974,	val_loss: 8.8202
18:	[0s / 3s],		train_loss: 2.6348,	val_loss: 7.9494
19:	[0s / 3s],		train_loss: 2.5577,	val_loss: 8.1498
20:	[0s / 3s],		train_loss: 2.5627,	val_loss: 8.0229
21:	[0s / 4s],		train_loss: 2.6876,	val_loss: 8.2534
22:	[0s / 4s],		train_loss: 2.5565,	val_loss: 8.0426
23:	[0s / 4s],		train_loss: 2.5812,	val_loss: 7.7313
24:	[0s / 4s],		train_loss: 2.5779,	val_loss: 8.8529
25:	[0s / 4s],		train_loss: 2.6529,	val_loss: 8.2389
26:	[0s / 5s],		train_loss: 2.5656,	val_loss: 8.0704
27:	[0s / 5s],		train_loss: 2.5785,	val_loss: 8.4184
28:	[0s / 5s],		train_loss: 2.6417,	val_loss: 7.8733
C-index TRAIN: 0.9607
C-index TEST:  0.7822
  [surv] Saved → survival_predictions/tabicl/HURRAH/NaN/seed456/fold5/tabicl_deepsurv_simple.pkl
0:	[0s / 0s],		train_loss: 2.9278,	val_loss: 7.7373
1:	[0s / 0s],		train_loss: 2.7331,	val_loss: 8.1867
2:	[0s / 0s],		train_loss: 2.6835,	val_loss: 8.2879
3:	[0s / 1s],		train_loss: 2.6207,	val_loss: 7.8100
4:	[0s / 1s],		train_loss: 2.6047,	val_loss: 8.0982
5:	[0s / 1s],		train_loss: 2.5658,	val_loss: 8.7364
6:	[0s / 1s],		train_loss: 2.5802,	val_loss: 8.9324
7:	[0s / 2s],		train_loss: 2.5499,	val_loss: 8.6451
8:	[0s / 2s],		train_loss: 2.5610,	val_loss: 8.3298
9:	[0s / 2s],		train_loss: 2.5365,	val_loss: 8.5546
10:	[0s / 2s],		train_loss: 2.5479,	val_loss: 8.3598
11:	[0s / 3s],		train_loss: 2.5458,	val_loss: 8.4717
12:	[0s / 3s],		train_loss: 2.5256,	val_loss: 9.2142
13:	[0s / 3s],		train_loss: 2.5306,	val_loss: 8.6669
14:	[0s / 3s],		train_loss: 2.5278,	val_loss: 8.6876
15:	[0s / 4s],		train_loss: 2.5239,	val_loss: 8.5465
16:	[0s / 4s],		train_loss: 2.5218,	val_loss: 8.3165
17:	[0s / 4s],		train_loss: 2.5042,	val_loss: 8.5620
18:	[0s / 5s],		train_loss: 2.5309,	val_loss: 8.7027
19:	[0s / 5s],		train_loss: 2.5079,	val_loss: 8.6587
20:	[0s / 5s],		train_loss: 2.5088,	val_loss: 8.6086
C-index TRAIN: 0.9600
C-index TEST:  0.7067
  [surv] Saved → survival_predictions/tabicl/HURRAH/NaN/seed456/fold5/tabicl_deepsurv_vanilla.pkl
  [ckpt] TABICL RSF saved → checkpoints/tabicl/HURRAH/NaN/seed456/fold5/tabicl_rsf.pkl
C-index train: 0.9820
C-index test:  0.7121
  [surv] Saved → survival_predictions/tabicl/HURRAH/NaN/seed456/fold5/tabicl_rsf.pkl
  Fitting TABICL Cox (embedding)...
C-index train: 0.9624
C-index test:  0.7578
  [surv] Saved → survival_predictions/tabicl/HURRAH/NaN/seed456/fold5/tabicl_cox.pkl

  Preprocess: -1 | Seed: 456
  TABICL Train Vanilla → mean: 0.961963 | std: 0.002168 | min: 0.960081 | max: 0.966204
  TABICL Test Vanilla → mean: 0.771592 | std: 0.013481 | min: 0.749287 | max: 0.786362
  TABICL Train Simple → mean: 0.960670 | std: 0.001911 | min: 0.958257 | max: 0.963199
  TABICL Test Simple → mean: 0.794476 | std: 0.014940 | min: 0.770560 | max: 0.816163
  TABICL Train RSF → mean: 0.983383 | std: 0.000506 | min: 0.982613 | max: 0.983932
  TABICL Test RSF → mean: 0.752808 | std: 0.005344 | min: 0.743132 | max: 0.758346
  TABICL Train Cox → mean: 0.964369 | std: 0.000783 | min: 0.963131 | max: 0.965588
  TABICL Test Cox → mean: 0.767884 | std: 0.011182 | min: 0.759755 | max: 0.789252
  Train DeepSurv Vanilla → mean: 0.856206 | std: 0.005561 | min: 0.850028 | max: 0.863153
  Test DeepSurv Vanilla → mean: 0.844902 | std: 0.008058 | min: 0.835911 | max: 0.859836
  Train DeepSurv Simple → mean: 0.835028 | std: 0.002908 | min: 0.830762 | max: 0.838403
  Test DeepSurv Simple → mean: 0.831289 | std: 0.008264 | min: 0.817139 | max: 0.841835
  Train RSF  → mean: 0.941957 | std: 0.000445 | min: 0.941489 | max: 0.942764
  Test RSF   → mean: 0.852011 | std: 0.006049 | min: 0.844664 | max: 0.860618
  Train Cox  → mean: 0.828158 | std: 0.002323 | min: 0.824469 | max: 0.831299
  Test Cox   → mean: 0.826174 | std: 0.008891 | min: 0.815081 | max: 0.842201

  Preprocess: NaN | Seed: 456
  TABICL Train Vanilla → mean: 0.962303 | std: 0.002373 | min: 0.960006 | max: 0.966297
  TABICL Test Vanilla → mean: 0.754241 | std: 0.025168 | min: 0.706651 | max: 0.780776
  TABICL Train Simple → mean: 0.960864 | std: 0.000656 | min: 0.959808 | max: 0.961705
  TABICL Test Simple → mean: 0.784413 | std: 0.010981 | min: 0.764296 | max: 0.795086
  TABICL Train RSF → mean: 0.982262 | std: 0.000255 | min: 0.981982 | max: 0.982707
  TABICL Test RSF → mean: 0.715084 | std: 0.008338 | min: 0.704081 | max: 0.726636
  TABICL Train Cox → mean: 0.963394 | std: 0.000731 | min: 0.962393 | max: 0.964566
  TABICL Test Cox → mean: 0.738249 | std: 0.011436 | min: 0.726015 | max: 0.757808
Result saved in 'results/HURRAH/tabicl/results_cv_HURRAH_tabicl_seed456.txt'
