ENV CHECKPOINT PATH: 
DEFAULT PATH: /scratch.hpc/luca.cotugno/Foundation_model_clinical_data/src/models_diff/tabdpt1_1.pth
ENV CHECKPOINT PATH: 
DEFAULT PATH: /scratch.hpc/luca.cotugno/Foundation_model_clinical_data/src/models_diff/tabdpt1_1.pth
/scratch.hpc/luca.cotugno/Foundation_model_clinical_data/.venv/lib/python3.12/site-packages/torchtuples/tupletree.py:146: UserWarning: The given NumPy array is not writable, and PyTorch does not support non-writable tensors. This means writing to this tensor will result in undefined behavior. You may want to copy the array to protect its data or make it writable before converting it to a tensor. This type of warning will be suppressed for the rest of this program. (Triggered internally at /pytorch/torch/csrc/utils/tensor_numpy.cpp:213.)
  return torch.from_numpy(data)
ENV CHECKPOINT PATH: 
DEFAULT PATH: /scratch.hpc/luca.cotugno/Foundation_model_clinical_data/src/models_diff/tabdpt1_1.pth
ENV CHECKPOINT PATH: 
DEFAULT PATH: /scratch.hpc/luca.cotugno/Foundation_model_clinical_data/src/models_diff/tabdpt1_1.pth
ENV CHECKPOINT PATH: 
DEFAULT PATH: /scratch.hpc/luca.cotugno/Foundation_model_clinical_data/src/models_diff/tabdpt1_1.pth
ENV CHECKPOINT PATH: 
DEFAULT PATH: /scratch.hpc/luca.cotugno/Foundation_model_clinical_data/src/models_diff/tabdpt1_1.pth
ENV CHECKPOINT PATH: 
DEFAULT PATH: /scratch.hpc/luca.cotugno/Foundation_model_clinical_data/src/models_diff/tabdpt1_1.pth
ENV CHECKPOINT PATH: 
DEFAULT PATH: /scratch.hpc/luca.cotugno/Foundation_model_clinical_data/src/models_diff/tabdpt1_1.pth
ENV CHECKPOINT PATH: 
DEFAULT PATH: /scratch.hpc/luca.cotugno/Foundation_model_clinical_data/src/models_diff/tabdpt1_1.pth
ENV CHECKPOINT PATH: 
DEFAULT PATH: /scratch.hpc/luca.cotugno/Foundation_model_clinical_data/src/models_diff/tabdpt1_1.pth
ENV CHECKPOINT PATH: 
DEFAULT PATH: /scratch.hpc/luca.cotugno/Foundation_model_clinical_data/src/models_diff/tabdpt1_1.pth
STARTED  model=tabdpt  seed=77  tuning=False  shap=False


Preprocess: Replace NaN with -1
Loading existing folds from tmp/splits/OrmoniTirodei_seed77.pkl
X_train shape: (5161, 76), X_test shape: (1291, 76)
Generating TABDPT Embeddings...
<class 'dict'>
Loaded TabDPTModel from checkpoint.
<class 'dict'>
Loaded TabDPTModel from checkpoint.
Successfully generated embeddings with shape: (5161, 768)
0:	[1s / 1s],		train_loss: 5.6532,	val_loss: 7.2494
1:	[0s / 1s],		train_loss: 4.7520,	val_loss: 6.5738
2:	[0s / 1s],		train_loss: 4.5178,	val_loss: 6.4255
3:	[0s / 1s],		train_loss: 4.6465,	val_loss: 6.6674
4:	[0s / 1s],		train_loss: 4.5628,	val_loss: 6.6552
5:	[0s / 1s],		train_loss: 4.3625,	val_loss: 6.8178
6:	[0s / 1s],		train_loss: 4.6814,	val_loss: 6.7998
7:	[0s / 1s],		train_loss: 4.7575,	val_loss: 6.8069
8:	[0s / 1s],		train_loss: 4.5672,	val_loss: 6.7279
9:	[0s / 1s],		train_loss: 4.4360,	val_loss: 6.6409
10:	[0s / 1s],		train_loss: 4.4484,	val_loss: 6.5973
11:	[0s / 1s],		train_loss: 4.3875,	val_loss: 6.9419
12:	[0s / 1s],		train_loss: 4.5453,	val_loss: 6.8849
13:	[0s / 1s],		train_loss: 4.4476,	val_loss: 6.6349
14:	[0s / 1s],		train_loss: 4.4472,	val_loss: 6.7363
15:	[0s / 1s],		train_loss: 4.4301,	val_loss: 6.6670
16:	[0s / 1s],		train_loss: 4.3797,	val_loss: 6.6314
17:	[0s / 1s],		train_loss: 4.4102,	val_loss: 6.5821
18:	[0s / 1s],		train_loss: 4.9112,	val_loss: 6.7259
19:	[0s / 1s],		train_loss: 5.0018,	val_loss: 6.9922
20:	[0s / 1s],		train_loss: 4.9953,	val_loss: 7.8109
21:	[0s / 1s],		train_loss: 4.9507,	val_loss: 6.8300
22:	[0s / 1s],		train_loss: 4.5979,	val_loss: 6.7314
C-index TRAIN: 0.7802
C-index TEST:  0.7445
  [surv] Saved → survival_predictions/tabdpt/OrmoniTirodei/-1/seed77/fold1/tabdpt_deepsurv_simple.pkl
0:	[0s / 0s],		train_loss: 4.5422,	val_loss: 6.3652
1:	[0s / 0s],		train_loss: 4.4093,	val_loss: 6.3827
2:	[0s / 0s],		train_loss: 4.3868,	val_loss: 6.3517
3:	[0s / 0s],		train_loss: 4.3248,	val_loss: 6.3574
4:	[0s / 0s],		train_loss: 4.3370,	val_loss: 6.3844
5:	[0s / 0s],		train_loss: 4.3086,	val_loss: 6.3692
6:	[0s / 0s],		train_loss: 4.3004,	val_loss: 6.3510
7:	[0s / 0s],		train_loss: 4.2557,	val_loss: 6.4381
8:	[0s / 0s],		train_loss: 4.2551,	val_loss: 6.4043
9:	[0s / 0s],		train_loss: 4.2445,	val_loss: 6.4079
10:	[0s / 0s],		train_loss: 4.2292,	val_loss: 6.3776
11:	[0s / 0s],		train_loss: 4.2205,	val_loss: 6.4070
12:	[0s / 0s],		train_loss: 4.1984,	val_loss: 6.4519
13:	[0s / 0s],		train_loss: 4.1785,	val_loss: 6.4333
14:	[0s / 1s],		train_loss: 4.1889,	val_loss: 6.4406
15:	[0s / 1s],		train_loss: 4.1580,	val_loss: 6.4570
16:	[0s / 1s],		train_loss: 4.1596,	val_loss: 6.4664
17:	[0s / 1s],		train_loss: 4.1861,	val_loss: 6.4831
18:	[0s / 1s],		train_loss: 4.1615,	val_loss: 6.5147
19:	[0s / 1s],		train_loss: 4.1716,	val_loss: 6.5535
20:	[0s / 1s],		train_loss: 4.1243,	val_loss: 6.4669
21:	[0s / 1s],		train_loss: 4.1068,	val_loss: 6.5319
22:	[0s / 1s],		train_loss: 4.1149,	val_loss: 6.4873
23:	[0s / 1s],		train_loss: 4.1054,	val_loss: 6.6269
24:	[0s / 1s],		train_loss: 4.0695,	val_loss: 6.6339
25:	[0s / 1s],		train_loss: 4.0723,	val_loss: 6.5780
26:	[0s / 1s],		train_loss: 4.0821,	val_loss: 6.5629
C-index TRAIN: 0.8245
C-index TEST:  0.7713
  [surv] Saved → survival_predictions/tabdpt/OrmoniTirodei/-1/seed77/fold1/tabdpt_deepsurv_vanilla.pkl
  [ckpt] TABDPT RSF saved → checkpoints/tabdpt/OrmoniTirodei/-1/seed77/fold1/tabdpt_rsf.pkl
C-index train: 0.9215
C-index test:  0.7666
  [surv] Saved → survival_predictions/tabdpt/OrmoniTirodei/-1/seed77/fold1/tabdpt_rsf.pkl
  Fitting TABDPT Cox (embedding)...
C-index train: 0.8166
C-index test:  0.7690
  [surv] Saved → survival_predictions/tabdpt/OrmoniTirodei/-1/seed77/fold1/tabdpt_cox.pkl
0:	[0s / 0s],		train_loss: 4.7966,	val_loss: 6.5051
1:	[0s / 0s],		train_loss: 4.5544,	val_loss: 6.3766
2:	[0s / 0s],		train_loss: 4.4853,	val_loss: 6.3620
3:	[0s / 0s],		train_loss: 4.4745,	val_loss: 6.3936
4:	[0s / 0s],		train_loss: 4.4527,	val_loss: 6.3148
5:	[0s / 0s],		train_loss: 4.4500,	val_loss: 6.3173
6:	[0s / 0s],		train_loss: 4.4253,	val_loss: 6.2953
7:	[0s / 0s],		train_loss: 4.4286,	val_loss: 6.3277
8:	[0s / 0s],		train_loss: 4.4214,	val_loss: 6.2941
9:	[0s / 0s],		train_loss: 4.4020,	val_loss: 6.3303
10:	[0s / 0s],		train_loss: 4.4032,	val_loss: 6.3012
11:	[0s / 0s],		train_loss: 4.3901,	val_loss: 6.2974
12:	[0s / 0s],		train_loss: 4.3883,	val_loss: 6.2952
13:	[0s / 0s],		train_loss: 4.4171,	val_loss: 6.2800
14:	[0s / 0s],		train_loss: 4.3975,	val_loss: 6.3088
15:	[0s / 0s],		train_loss: 4.3827,	val_loss: 6.2859
16:	[0s / 0s],		train_loss: 4.3946,	val_loss: 6.2921
17:	[0s / 0s],		train_loss: 4.3811,	val_loss: 6.2716
18:	[0s / 0s],		train_loss: 4.3492,	val_loss: 6.2777
19:	[0s / 1s],		train_loss: 4.3618,	val_loss: 6.2943
20:	[0s / 1s],		train_loss: 4.3961,	val_loss: 6.2998
21:	[0s / 1s],		train_loss: 4.3778,	val_loss: 6.3056
22:	[0s / 1s],		train_loss: 4.3806,	val_loss: 6.2762
23:	[0s / 1s],		train_loss: 4.3611,	val_loss: 6.2908
24:	[0s / 1s],		train_loss: 4.3303,	val_loss: 6.2905
25:	[0s / 1s],		train_loss: 4.3712,	val_loss: 6.2902
26:	[0s / 1s],		train_loss: 4.3518,	val_loss: 6.3069
27:	[0s / 1s],		train_loss: 4.3508,	val_loss: 6.2836
28:	[0s / 1s],		train_loss: 4.3550,	val_loss: 6.2891
29:	[0s / 1s],		train_loss: 4.3374,	val_loss: 6.2946
30:	[0s / 1s],		train_loss: 4.3560,	val_loss: 6.3209
31:	[0s / 1s],		train_loss: 4.3525,	val_loss: 6.2720
32:	[0s / 1s],		train_loss: 4.3209,	val_loss: 6.2782
33:	[0s / 1s],		train_loss: 4.3357,	val_loss: 6.2737
34:	[0s / 1s],		train_loss: 4.3358,	val_loss: 6.2628
35:	[0s / 1s],		train_loss: 4.3430,	val_loss: 6.2657
36:	[0s / 1s],		train_loss: 4.3394,	val_loss: 6.2735
37:	[0s / 1s],		train_loss: 4.3490,	val_loss: 6.2774
38:	[0s / 2s],		train_loss: 4.3087,	val_loss: 6.2733
39:	[0s / 2s],		train_loss: 4.3414,	val_loss: 6.2622
40:	[0s / 2s],		train_loss: 4.3181,	val_loss: 6.2817
41:	[0s / 2s],		train_loss: 4.3216,	val_loss: 6.2551
42:	[0s / 2s],		train_loss: 4.3105,	val_loss: 6.2799
43:	[0s / 2s],		train_loss: 4.3440,	val_loss: 6.2747
44:	[0s / 2s],		train_loss: 4.3005,	val_loss: 6.2588
45:	[0s / 2s],		train_loss: 4.3315,	val_loss: 6.2671
46:	[0s / 2s],		train_loss: 4.3599,	val_loss: 6.3106
47:	[0s / 2s],		train_loss: 4.3422,	val_loss: 6.3271
48:	[0s / 2s],		train_loss: 4.3277,	val_loss: 6.3176
49:	[0s / 2s],		train_loss: 4.3304,	val_loss: 6.2593
50:	[0s / 2s],		train_loss: 4.3044,	val_loss: 6.2710
51:	[0s / 2s],		train_loss: 4.3408,	val_loss: 6.2725
52:	[0s / 2s],		train_loss: 4.2887,	val_loss: 6.2838
53:	[0s / 2s],		train_loss: 4.3359,	val_loss: 6.2754
54:	[0s / 2s],		train_loss: 4.3140,	val_loss: 6.2950
55:	[0s / 2s],		train_loss: 4.3184,	val_loss: 6.2844
56:	[0s / 2s],		train_loss: 4.3414,	val_loss: 6.2581
57:	[0s / 3s],		train_loss: 4.3367,	val_loss: 6.3230
58:	[0s / 3s],		train_loss: 4.2994,	val_loss: 6.2698
59:	[0s / 3s],		train_loss: 4.3195,	val_loss: 6.2603
60:	[0s / 3s],		train_loss: 4.3230,	val_loss: 6.2867
61:	[0s / 3s],		train_loss: 4.3279,	val_loss: 6.2670
C-index TRAIN: 0.8119
C-index TEST:  0.7792
  [surv] Saved → survival_predictions/tabdpt/OrmoniTirodei/-1/seed77/fold1/deepsurv_vanilla.pkl
0:	[0s / 0s],		train_loss: 131.8945,	val_loss: 32.7941
1:	[0s / 0s],		train_loss: 19.7354,	val_loss: 19.5683
2:	[0s / 0s],		train_loss: 13.7696,	val_loss: 14.8492
3:	[0s / 0s],		train_loss: 10.5244,	val_loss: 12.7844
4:	[0s / 0s],		train_loss: 8.7924,	val_loss: 11.0880
5:	[0s / 0s],		train_loss: 7.4942,	val_loss: 11.1109
6:	[0s / 0s],		train_loss: 7.8150,	val_loss: 9.9945
7:	[0s / 1s],		train_loss: 6.5474,	val_loss: 9.0245
8:	[0s / 1s],		train_loss: 6.3879,	val_loss: 8.7821
9:	[0s / 1s],		train_loss: 6.0094,	val_loss: 8.3231
10:	[0s / 1s],		train_loss: 5.4649,	val_loss: 7.3589
11:	[0s / 1s],		train_loss: 4.7882,	val_loss: 6.4917
12:	[0s / 1s],		train_loss: 4.5478,	val_loss: 6.8594
13:	[0s / 1s],		train_loss: 4.6141,	val_loss: 6.5545
14:	[0s / 1s],		train_loss: 4.5888,	val_loss: 6.7579
15:	[0s / 1s],		train_loss: 4.9709,	val_loss: 6.9829
16:	[0s / 1s],		train_loss: 4.6889,	val_loss: 7.1234
17:	[0s / 1s],		train_loss: 4.9938,	val_loss: 6.9774
18:	[0s / 1s],		train_loss: 4.9783,	val_loss: 7.6196
19:	[0s / 1s],		train_loss: 5.9920,	val_loss: 7.5808
20:	[0s / 1s],		train_loss: 5.0291,	val_loss: 7.0255
21:	[0s / 1s],		train_loss: 4.8405,	val_loss: 8.0726
22:	[0s / 1s],		train_loss: 7.7423,	val_loss: 9.9124
23:	[0s / 1s],		train_loss: 6.5540,	val_loss: 10.6702
24:	[0s / 1s],		train_loss: 6.0834,	val_loss: 8.2048
25:	[0s / 1s],		train_loss: 5.5027,	val_loss: 7.6989
26:	[0s / 1s],		train_loss: 7.8945,	val_loss: 9.8717
27:	[0s / 1s],		train_loss: 8.3701,	val_loss: 8.8315
28:	[0s / 1s],		train_loss: 6.7304,	val_loss: 7.3795
29:	[0s / 1s],		train_loss: 4.9591,	val_loss: 6.7358
30:	[0s / 1s],		train_loss: 4.7735,	val_loss: 7.2102
31:	[0s / 1s],		train_loss: 4.9278,	val_loss: 7.7386
C-index TRAIN: 0.7792
C-index TEST:  0.7588
  [surv] Saved → survival_predictions/tabdpt/OrmoniTirodei/-1/seed77/fold1/deepsurv_simple.pkl
  [ckpt] RSF baseline saved → checkpoints/tabdpt/OrmoniTirodei/-1/seed77/fold1/rsf_baseline.pkl
C-index train: 0.9079
C-index test:  0.7946
  [surv] Saved → survival_predictions/tabdpt/OrmoniTirodei/-1/seed77/fold1/rsf.pkl
  Fitting Cox baseline...
C-index train: 0.8025
C-index test:  0.7858
  [surv] Saved → survival_predictions/tabdpt/OrmoniTirodei/-1/seed77/fold1/cox.pkl
X_train shape: (5161, 76), X_test shape: (1291, 76)
Generating TABDPT Embeddings...
<class 'dict'>
Loaded TabDPTModel from checkpoint.
<class 'dict'>
Loaded TabDPTModel from checkpoint.
Successfully generated embeddings with shape: (5161, 768)
0:	[0s / 0s],		train_loss: 5.4131,	val_loss: 6.6541
1:	[0s / 0s],		train_loss: 4.6488,	val_loss: 6.6086
2:	[0s / 0s],		train_loss: 4.5795,	val_loss: 6.5293
3:	[0s / 0s],		train_loss: 4.4844,	val_loss: 6.6502
4:	[0s / 0s],		train_loss: 4.4424,	val_loss: 6.5609
5:	[0s / 0s],		train_loss: 4.5172,	val_loss: 6.5978
6:	[0s / 0s],		train_loss: 4.4527,	val_loss: 6.5452
7:	[0s / 0s],		train_loss: 4.4577,	val_loss: 6.7253
8:	[0s / 0s],		train_loss: 4.4940,	val_loss: 6.5382
9:	[0s / 0s],		train_loss: 4.3905,	val_loss: 6.6412
10:	[0s / 0s],		train_loss: 4.5307,	val_loss: 6.6503
11:	[0s / 0s],		train_loss: 4.5331,	val_loss: 6.6374
12:	[0s / 0s],		train_loss: 4.4244,	val_loss: 6.8148
13:	[0s / 0s],		train_loss: 4.6115,	val_loss: 6.9354
14:	[0s / 0s],		train_loss: 4.7607,	val_loss: 6.7082
15:	[0s / 0s],		train_loss: 4.4411,	val_loss: 6.7471
16:	[0s / 0s],		train_loss: 4.6033,	val_loss: 6.6819
17:	[0s / 0s],		train_loss: 4.8004,	val_loss: 6.9765
18:	[0s / 0s],		train_loss: 4.9627,	val_loss: 7.0341
19:	[0s / 0s],		train_loss: 4.9647,	val_loss: 6.8808
20:	[0s / 0s],		train_loss: 4.6455,	val_loss: 6.8307
21:	[0s / 0s],		train_loss: 4.5641,	val_loss: 6.7098
22:	[0s / 0s],		train_loss: 4.4765,	val_loss: 6.5763
C-index TRAIN: 0.7919
C-index TEST:  0.7680
  [surv] Saved → survival_predictions/tabdpt/OrmoniTirodei/-1/seed77/fold2/tabdpt_deepsurv_simple.pkl
0:	[0s / 0s],		train_loss: 4.5976,	val_loss: 6.3445
1:	[0s / 0s],		train_loss: 4.4151,	val_loss: 6.3738
2:	[0s / 0s],		train_loss: 4.3729,	val_loss: 6.4231
3:	[0s / 0s],		train_loss: 4.3215,	val_loss: 6.3819
4:	[0s / 0s],		train_loss: 4.2967,	val_loss: 6.4001
5:	[0s / 0s],		train_loss: 4.3004,	val_loss: 6.4158
6:	[0s / 0s],		train_loss: 4.3045,	val_loss: 6.3779
7:	[0s / 0s],		train_loss: 4.2755,	val_loss: 6.3918
8:	[0s / 0s],		train_loss: 4.2669,	val_loss: 6.4083
9:	[0s / 0s],		train_loss: 4.2490,	val_loss: 6.4963
10:	[0s / 0s],		train_loss: 4.2399,	val_loss: 6.4058
11:	[0s / 0s],		train_loss: 4.2374,	val_loss: 6.3979
12:	[0s / 0s],		train_loss: 4.2186,	val_loss: 6.4681
13:	[0s / 0s],		train_loss: 4.2169,	val_loss: 6.4481
14:	[0s / 1s],		train_loss: 4.2191,	val_loss: 6.8242
15:	[0s / 1s],		train_loss: 4.1901,	val_loss: 6.4285
16:	[0s / 1s],		train_loss: 4.1992,	val_loss: 6.4487
17:	[0s / 1s],		train_loss: 4.1413,	val_loss: 6.4697
18:	[0s / 1s],		train_loss: 4.1681,	val_loss: 6.4511
19:	[0s / 1s],		train_loss: 4.1711,	val_loss: 6.4487
20:	[0s / 1s],		train_loss: 4.1832,	val_loss: 6.4614
C-index TRAIN: 0.7867
C-index TEST:  0.7868
  [surv] Saved → survival_predictions/tabdpt/OrmoniTirodei/-1/seed77/fold2/tabdpt_deepsurv_vanilla.pkl
  [ckpt] TABDPT RSF saved → checkpoints/tabdpt/OrmoniTirodei/-1/seed77/fold2/tabdpt_rsf.pkl
C-index train: 0.9190
C-index test:  0.7751
  [surv] Saved → survival_predictions/tabdpt/OrmoniTirodei/-1/seed77/fold2/tabdpt_rsf.pkl
  Fitting TABDPT Cox (embedding)...
C-index train: 0.8128
C-index test:  0.7893
  [surv] Saved → survival_predictions/tabdpt/OrmoniTirodei/-1/seed77/fold2/tabdpt_cox.pkl
0:	[0s / 0s],		train_loss: 4.7832,	val_loss: 6.5417
1:	[0s / 0s],		train_loss: 4.5894,	val_loss: 6.3900
2:	[0s / 0s],		train_loss: 4.4829,	val_loss: 6.3263
3:	[0s / 0s],		train_loss: 4.4903,	val_loss: 6.3415
4:	[0s / 0s],		train_loss: 4.4545,	val_loss: 6.3170
5:	[0s / 0s],		train_loss: 4.4503,	val_loss: 6.3305
6:	[0s / 0s],		train_loss: 4.4406,	val_loss: 6.3048
7:	[0s / 0s],		train_loss: 4.4263,	val_loss: 6.2974
8:	[0s / 0s],		train_loss: 4.4116,	val_loss: 6.3166
9:	[0s / 0s],		train_loss: 4.4241,	val_loss: 6.3044
10:	[0s / 0s],		train_loss: 4.4168,	val_loss: 6.2832
11:	[0s / 0s],		train_loss: 4.4071,	val_loss: 6.2669
12:	[0s / 0s],		train_loss: 4.3863,	val_loss: 6.2740
13:	[0s / 0s],		train_loss: 4.3908,	val_loss: 6.2867
14:	[0s / 0s],		train_loss: 4.3551,	val_loss: 6.2834
15:	[0s / 0s],		train_loss: 4.3732,	val_loss: 6.3071
16:	[0s / 0s],		train_loss: 4.3771,	val_loss: 6.3049
17:	[0s / 0s],		train_loss: 4.3747,	val_loss: 6.2773
18:	[0s / 0s],		train_loss: 4.3891,	val_loss: 6.2785
19:	[0s / 1s],		train_loss: 4.3892,	val_loss: 6.2702
20:	[0s / 1s],		train_loss: 4.3759,	val_loss: 6.2675
21:	[0s / 1s],		train_loss: 4.3562,	val_loss: 6.2670
22:	[0s / 1s],		train_loss: 4.4024,	val_loss: 6.2698
23:	[0s / 1s],		train_loss: 4.3657,	val_loss: 6.2612
24:	[0s / 1s],		train_loss: 4.3724,	val_loss: 6.2738
25:	[0s / 1s],		train_loss: 4.3664,	val_loss: 6.2730
26:	[0s / 1s],		train_loss: 4.3593,	val_loss: 6.2744
27:	[0s / 1s],		train_loss: 4.3673,	val_loss: 6.2655
28:	[0s / 1s],		train_loss: 4.3678,	val_loss: 6.2638
29:	[0s / 1s],		train_loss: 4.3525,	val_loss: 6.3032
30:	[0s / 1s],		train_loss: 4.3553,	val_loss: 6.2566
31:	[0s / 1s],		train_loss: 4.3677,	val_loss: 6.2935
32:	[0s / 1s],		train_loss: 4.4111,	val_loss: 6.2685
33:	[0s / 1s],		train_loss: 4.3813,	val_loss: 6.2583
34:	[0s / 1s],		train_loss: 4.3651,	val_loss: 6.2795
35:	[0s / 1s],		train_loss: 4.3716,	val_loss: 6.2669
36:	[0s / 1s],		train_loss: 4.3569,	val_loss: 6.2434
37:	[0s / 1s],		train_loss: 4.3495,	val_loss: 6.2698
38:	[0s / 1s],		train_loss: 4.3692,	val_loss: 6.2615
39:	[0s / 1s],		train_loss: 4.3503,	val_loss: 6.2969
40:	[0s / 1s],		train_loss: 4.3609,	val_loss: 6.2642
41:	[0s / 2s],		train_loss: 4.3445,	val_loss: 6.2839
42:	[0s / 2s],		train_loss: 4.3579,	val_loss: 6.2616
43:	[0s / 2s],		train_loss: 4.3475,	val_loss: 6.2498
44:	[0s / 2s],		train_loss: 4.3397,	val_loss: 6.2629
45:	[0s / 2s],		train_loss: 4.3519,	val_loss: 6.2658
46:	[0s / 2s],		train_loss: 4.3439,	val_loss: 6.2901
47:	[0s / 2s],		train_loss: 4.3455,	val_loss: 6.2807
48:	[0s / 2s],		train_loss: 4.3269,	val_loss: 6.3098
49:	[0s / 2s],		train_loss: 4.3464,	val_loss: 6.2929
50:	[0s / 2s],		train_loss: 4.3266,	val_loss: 6.2555
51:	[0s / 2s],		train_loss: 4.3364,	val_loss: 6.2534
52:	[0s / 2s],		train_loss: 4.3166,	val_loss: 6.2898
53:	[0s / 2s],		train_loss: 4.3041,	val_loss: 6.2708
54:	[0s / 2s],		train_loss: 4.3307,	val_loss: 6.2613
55:	[0s / 2s],		train_loss: 4.3425,	val_loss: 6.2738
56:	[0s / 2s],		train_loss: 4.3255,	val_loss: 6.2581
C-index TRAIN: 0.8018
C-index TEST:  0.8038
  [surv] Saved → survival_predictions/tabdpt/OrmoniTirodei/-1/seed77/fold2/deepsurv_vanilla.pkl
0:	[0s / 0s],		train_loss: 100.0759,	val_loss: 39.1851
1:	[0s / 0s],		train_loss: 18.0414,	val_loss: 17.9246
2:	[0s / 0s],		train_loss: 12.1678,	val_loss: 20.4122
3:	[0s / 0s],		train_loss: 9.5374,	val_loss: 11.6220
4:	[0s / 0s],		train_loss: 7.8539,	val_loss: 9.9606
5:	[0s / 0s],		train_loss: 6.8200,	val_loss: 9.0561
6:	[0s / 0s],		train_loss: 6.4913,	val_loss: 11.1346
7:	[0s / 0s],		train_loss: 7.1987,	val_loss: 9.1567
8:	[0s / 0s],		train_loss: 6.1082,	val_loss: 7.9120
9:	[0s / 0s],		train_loss: 6.9888,	val_loss: 10.3253
10:	[0s / 0s],		train_loss: 8.5737,	val_loss: 10.2433
11:	[0s / 0s],		train_loss: 7.0627,	val_loss: 8.3446
12:	[0s / 0s],		train_loss: 6.1857,	val_loss: 7.2079
13:	[0s / 0s],		train_loss: 4.9239,	val_loss: 6.7279
14:	[0s / 0s],		train_loss: 4.9255,	val_loss: 8.2071
15:	[0s / 0s],		train_loss: 7.2940,	val_loss: 8.4022
16:	[0s / 0s],		train_loss: 5.8956,	val_loss: 6.6878
17:	[0s / 0s],		train_loss: 4.5790,	val_loss: 7.8344
18:	[0s / 0s],		train_loss: 7.3828,	val_loss: 8.6995
19:	[0s / 0s],		train_loss: 6.6501,	val_loss: 6.9264
20:	[0s / 0s],		train_loss: 5.6827,	val_loss: 8.3662
21:	[0s / 0s],		train_loss: 7.1965,	val_loss: 8.6111
22:	[0s / 0s],		train_loss: 6.7667,	val_loss: 8.0371
23:	[0s / 0s],		train_loss: 5.4664,	val_loss: 7.7977
24:	[0s / 0s],		train_loss: 5.1240,	val_loss: 6.6567
25:	[0s / 0s],		train_loss: 5.1104,	val_loss: 6.8942
26:	[0s / 0s],		train_loss: 4.6475,	val_loss: 6.5962
27:	[0s / 0s],		train_loss: 5.5007,	val_loss: 7.6659
28:	[0s / 0s],		train_loss: 5.5670,	val_loss: 7.3037
29:	[0s / 0s],		train_loss: 6.4459,	val_loss: 9.5122
30:	[0s / 1s],		train_loss: 7.1892,	val_loss: 11.2188
31:	[0s / 1s],		train_loss: 9.0801,	val_loss: 12.6482
32:	[0s / 1s],		train_loss: 9.7560,	val_loss: 12.8981
33:	[0s / 1s],		train_loss: 10.3990,	val_loss: 11.7505
34:	[0s / 1s],		train_loss: 7.8277,	val_loss: 9.6988
35:	[0s / 1s],		train_loss: 8.9634,	val_loss: 9.9463
36:	[0s / 1s],		train_loss: 7.0823,	val_loss: 7.7322
37:	[0s / 1s],		train_loss: 4.8642,	val_loss: 6.6037
38:	[0s / 1s],		train_loss: 4.7833,	val_loss: 6.5721
39:	[0s / 1s],		train_loss: 6.4239,	val_loss: 9.6827
40:	[0s / 1s],		train_loss: 6.9882,	val_loss: 10.7378
41:	[0s / 1s],		train_loss: 6.3712,	val_loss: 8.4760
42:	[0s / 1s],		train_loss: 6.2654,	val_loss: 9.0665
43:	[0s / 1s],		train_loss: 7.1812,	val_loss: 8.8351
44:	[0s / 1s],		train_loss: 7.3640,	val_loss: 9.8317
45:	[0s / 1s],		train_loss: 6.3912,	val_loss: 7.5483
46:	[0s / 1s],		train_loss: 5.2651,	val_loss: 7.1928
47:	[0s / 1s],		train_loss: 4.9690,	val_loss: 6.8594
48:	[0s / 1s],		train_loss: 4.9809,	val_loss: 7.5759
49:	[0s / 1s],		train_loss: 6.8012,	val_loss: 10.0618
50:	[0s / 1s],		train_loss: 7.3050,	val_loss: 9.1815
51:	[0s / 1s],		train_loss: 6.3685,	val_loss: 8.9757
52:	[0s / 1s],		train_loss: 8.1489,	val_loss: 11.9333
53:	[0s / 1s],		train_loss: 8.6233,	val_loss: 10.5900
54:	[0s / 1s],		train_loss: 8.3565,	val_loss: 11.2040
55:	[0s / 1s],		train_loss: 8.0776,	val_loss: 8.6358
56:	[0s / 1s],		train_loss: 5.4158,	val_loss: 6.9982
57:	[0s / 1s],		train_loss: 4.8777,	val_loss: 6.5988
58:	[0s / 1s],		train_loss: 4.8902,	val_loss: 7.0374
C-index TRAIN: 0.7823
C-index TEST:  0.8020
  [surv] Saved → survival_predictions/tabdpt/OrmoniTirodei/-1/seed77/fold2/deepsurv_simple.pkl
  [ckpt] RSF baseline saved → checkpoints/tabdpt/OrmoniTirodei/-1/seed77/fold2/rsf_baseline.pkl
C-index train: 0.9052
C-index test:  0.8087
  [surv] Saved → survival_predictions/tabdpt/OrmoniTirodei/-1/seed77/fold2/rsf.pkl
  Fitting Cox baseline...
C-index train: 0.7980
C-index test:  0.8055
  [surv] Saved → survival_predictions/tabdpt/OrmoniTirodei/-1/seed77/fold2/cox.pkl
X_train shape: (5162, 76), X_test shape: (1290, 76)
Generating TABDPT Embeddings...
<class 'dict'>
Loaded TabDPTModel from checkpoint.
<class 'dict'>
Loaded TabDPTModel from checkpoint.
Successfully generated embeddings with shape: (5162, 768)
0:	[0s / 0s],		train_loss: 5.9575,	val_loss: 6.7047
1:	[0s / 0s],		train_loss: 4.6807,	val_loss: 6.7691
2:	[0s / 0s],		train_loss: 4.5556,	val_loss: 6.5530
3:	[0s / 0s],		train_loss: 4.5337,	val_loss: 6.5267
4:	[0s / 0s],		train_loss: 4.4542,	val_loss: 6.5001
5:	[0s / 0s],		train_loss: 4.4484,	val_loss: 6.6461
6:	[0s / 0s],		train_loss: 4.7304,	val_loss: 6.6520
7:	[0s / 0s],		train_loss: 4.4475,	val_loss: 6.6549
8:	[0s / 0s],		train_loss: 4.4620,	val_loss: 6.7056
9:	[0s / 0s],		train_loss: 4.4996,	val_loss: 6.5317
10:	[0s / 0s],		train_loss: 4.3639,	val_loss: 6.7434
11:	[0s / 0s],		train_loss: 4.4755,	val_loss: 6.6104
12:	[0s / 0s],		train_loss: 4.6407,	val_loss: 6.8114
13:	[0s / 0s],		train_loss: 4.4687,	val_loss: 6.8162
14:	[0s / 0s],		train_loss: 4.7591,	val_loss: 6.8516
15:	[0s / 0s],		train_loss: 4.6798,	val_loss: 6.7215
16:	[0s / 0s],		train_loss: 4.5695,	val_loss: 6.8263
17:	[0s / 0s],		train_loss: 4.4645,	val_loss: 6.9542
18:	[0s / 0s],		train_loss: 4.4575,	val_loss: 6.6842
19:	[0s / 0s],		train_loss: 4.4736,	val_loss: 7.0182
20:	[0s / 0s],		train_loss: 5.3448,	val_loss: 7.0842
21:	[0s / 1s],		train_loss: 5.0561,	val_loss: 7.1050
22:	[0s / 1s],		train_loss: 4.7019,	val_loss: 6.9842
23:	[0s / 1s],		train_loss: 4.4232,	val_loss: 6.7246
24:	[0s / 1s],		train_loss: 4.3852,	val_loss: 6.7711
C-index TRAIN: 0.7940
C-index TEST:  0.7529
  [surv] Saved → survival_predictions/tabdpt/OrmoniTirodei/-1/seed77/fold3/tabdpt_deepsurv_simple.pkl
0:	[0s / 0s],		train_loss: 4.5576,	val_loss: 6.4009
1:	[0s / 0s],		train_loss: 4.4197,	val_loss: 6.4322
2:	[0s / 0s],		train_loss: 4.3712,	val_loss: 6.4204
3:	[0s / 0s],		train_loss: 4.3320,	val_loss: 6.4595
4:	[0s / 0s],		train_loss: 4.3324,	val_loss: 6.4392
5:	[0s / 0s],		train_loss: 4.2952,	val_loss: 6.3837
6:	[0s / 0s],		train_loss: 4.2996,	val_loss: 6.3928
7:	[0s / 0s],		train_loss: 4.2813,	val_loss: 6.4207
8:	[0s / 0s],		train_loss: 4.2356,	val_loss: 6.4454
9:	[0s / 0s],		train_loss: 4.2490,	val_loss: 6.3960
10:	[0s / 0s],		train_loss: 4.2360,	val_loss: 6.4252
11:	[0s / 0s],		train_loss: 4.2108,	val_loss: 6.4813
12:	[0s / 0s],		train_loss: 4.2238,	val_loss: 6.4860
13:	[0s / 0s],		train_loss: 4.2400,	val_loss: 6.4755
14:	[0s / 0s],		train_loss: 4.1944,	val_loss: 6.5014
15:	[0s / 0s],		train_loss: 4.1752,	val_loss: 6.5443
16:	[0s / 1s],		train_loss: 4.1412,	val_loss: 6.4898
17:	[0s / 1s],		train_loss: 4.1810,	val_loss: 6.5088
18:	[0s / 1s],		train_loss: 4.1675,	val_loss: 6.4994
19:	[0s / 1s],		train_loss: 4.1590,	val_loss: 6.4477
20:	[0s / 1s],		train_loss: 4.1372,	val_loss: 6.5642
21:	[0s / 1s],		train_loss: 4.0951,	val_loss: 6.5497
22:	[0s / 1s],		train_loss: 4.1130,	val_loss: 6.5164
23:	[0s / 1s],		train_loss: 4.0931,	val_loss: 6.6257
24:	[0s / 1s],		train_loss: 4.1087,	val_loss: 6.5798
25:	[0s / 1s],		train_loss: 4.0907,	val_loss: 6.5428
C-index TRAIN: 0.8190
C-index TEST:  0.7794
  [surv] Saved → survival_predictions/tabdpt/OrmoniTirodei/-1/seed77/fold3/tabdpt_deepsurv_vanilla.pkl
  [ckpt] TABDPT RSF saved → checkpoints/tabdpt/OrmoniTirodei/-1/seed77/fold3/tabdpt_rsf.pkl
C-index train: 0.9198
C-index test:  0.7664
  [surv] Saved → survival_predictions/tabdpt/OrmoniTirodei/-1/seed77/fold3/tabdpt_rsf.pkl
  Fitting TABDPT Cox (embedding)...
C-index train: 0.8116
C-index test:  0.7805
  [surv] Saved → survival_predictions/tabdpt/OrmoniTirodei/-1/seed77/fold3/tabdpt_cox.pkl
0:	[0s / 0s],		train_loss: 4.7816,	val_loss: 6.4950
1:	[0s / 0s],		train_loss: 4.5861,	val_loss: 6.3712
2:	[0s / 0s],		train_loss: 4.5436,	val_loss: 6.3460
3:	[0s / 0s],		train_loss: 4.4599,	val_loss: 6.3341
4:	[0s / 0s],		train_loss: 4.4267,	val_loss: 6.3234
5:	[0s / 0s],		train_loss: 4.4074,	val_loss: 6.2984
6:	[0s / 0s],		train_loss: 4.4297,	val_loss: 6.3359
7:	[0s / 0s],		train_loss: 4.4201,	val_loss: 6.3026
8:	[0s / 0s],		train_loss: 4.3906,	val_loss: 6.3244
9:	[0s / 0s],		train_loss: 4.3865,	val_loss: 6.2944
10:	[0s / 0s],		train_loss: 4.3792,	val_loss: 6.2943
11:	[0s / 0s],		train_loss: 4.3972,	val_loss: 6.3851
12:	[0s / 0s],		train_loss: 4.3981,	val_loss: 6.2897
13:	[0s / 0s],		train_loss: 4.3615,	val_loss: 6.2878
14:	[0s / 0s],		train_loss: 4.3894,	val_loss: 6.3064
15:	[0s / 0s],		train_loss: 4.3881,	val_loss: 6.3088
16:	[0s / 0s],		train_loss: 4.3560,	val_loss: 6.2778
17:	[0s / 0s],		train_loss: 4.3664,	val_loss: 6.2996
18:	[0s / 0s],		train_loss: 4.3675,	val_loss: 6.3128
19:	[0s / 0s],		train_loss: 4.3412,	val_loss: 6.2897
20:	[0s / 1s],		train_loss: 4.3425,	val_loss: 6.2635
21:	[0s / 1s],		train_loss: 4.3565,	val_loss: 6.2761
22:	[0s / 1s],		train_loss: 4.3734,	val_loss: 6.2862
23:	[0s / 1s],		train_loss: 4.3282,	val_loss: 6.2818
24:	[0s / 1s],		train_loss: 4.3492,	val_loss: 6.2795
25:	[0s / 1s],		train_loss: 4.3411,	val_loss: 6.3219
26:	[0s / 1s],		train_loss: 4.3217,	val_loss: 6.2745
27:	[0s / 1s],		train_loss: 4.3243,	val_loss: 6.2842
28:	[0s / 1s],		train_loss: 4.3368,	val_loss: 6.2645
29:	[0s / 1s],		train_loss: 4.3495,	val_loss: 6.2743
30:	[0s / 1s],		train_loss: 4.3586,	val_loss: 6.2717
31:	[0s / 1s],		train_loss: 4.3399,	val_loss: 6.2867
32:	[0s / 1s],		train_loss: 4.3236,	val_loss: 6.2885
33:	[0s / 1s],		train_loss: 4.3305,	val_loss: 6.2656
34:	[0s / 1s],		train_loss: 4.3423,	val_loss: 6.2967
35:	[0s / 1s],		train_loss: 4.3722,	val_loss: 6.3014
36:	[0s / 1s],		train_loss: 4.3440,	val_loss: 6.2799
37:	[0s / 1s],		train_loss: 4.3334,	val_loss: 6.3021
38:	[0s / 1s],		train_loss: 4.3229,	val_loss: 6.2745
39:	[0s / 1s],		train_loss: 4.3240,	val_loss: 6.2761
40:	[0s / 1s],		train_loss: 4.3179,	val_loss: 6.2708
C-index TRAIN: 0.8029
C-index TEST:  0.7966
  [surv] Saved → survival_predictions/tabdpt/OrmoniTirodei/-1/seed77/fold3/deepsurv_vanilla.pkl
0:	[0s / 0s],		train_loss: 74.6117,	val_loss: 32.2218
1:	[0s / 0s],		train_loss: 20.9859,	val_loss: 35.2752
2:	[0s / 0s],		train_loss: 12.1735,	val_loss: 13.2067
3:	[0s / 0s],		train_loss: 9.4441,	val_loss: 10.9837
4:	[0s / 0s],		train_loss: 7.4668,	val_loss: 9.1936
5:	[0s / 0s],		train_loss: 6.1057,	val_loss: 8.7362
6:	[0s / 0s],		train_loss: 6.1111,	val_loss: 8.6181
7:	[0s / 0s],		train_loss: 5.7875,	val_loss: 8.3465
8:	[0s / 0s],		train_loss: 6.0222,	val_loss: 7.5518
9:	[0s / 0s],		train_loss: 5.1478,	val_loss: 8.1518
10:	[0s / 0s],		train_loss: 6.5350,	val_loss: 9.0748
11:	[0s / 0s],		train_loss: 6.3119,	val_loss: 8.3399
12:	[0s / 0s],		train_loss: 5.9671,	val_loss: 7.4331
13:	[0s / 0s],		train_loss: 4.7651,	val_loss: 6.6946
14:	[0s / 0s],		train_loss: 4.7875,	val_loss: 8.0739
15:	[0s / 0s],		train_loss: 6.2746,	val_loss: 9.3375
16:	[0s / 0s],		train_loss: 7.7483,	val_loss: 8.9346
17:	[0s / 0s],		train_loss: 6.2334,	val_loss: 6.9512
18:	[0s / 0s],		train_loss: 4.9340,	val_loss: 7.4242
19:	[0s / 0s],		train_loss: 5.4398,	val_loss: 6.7144
20:	[0s / 0s],		train_loss: 4.6289,	val_loss: 6.8576
21:	[0s / 0s],		train_loss: 4.8828,	val_loss: 7.7310
22:	[0s / 0s],		train_loss: 6.2930,	val_loss: 8.5632
23:	[0s / 0s],		train_loss: 5.7557,	val_loss: 6.7677
24:	[0s / 0s],		train_loss: 6.6261,	val_loss: 9.0602
25:	[0s / 0s],		train_loss: 10.4596,	val_loss: 15.5143
26:	[0s / 0s],		train_loss: 12.5868,	val_loss: 16.2306
27:	[0s / 0s],		train_loss: 10.9387,	val_loss: 13.4690
28:	[0s / 0s],		train_loss: 8.8354,	val_loss: 11.8002
29:	[0s / 0s],		train_loss: 7.8094,	val_loss: 10.2286
30:	[0s / 1s],		train_loss: 6.2656,	val_loss: 8.1743
31:	[0s / 1s],		train_loss: 5.8096,	val_loss: 7.5541
32:	[0s / 1s],		train_loss: 5.4442,	val_loss: 7.9855
33:	[0s / 1s],		train_loss: 5.7678,	val_loss: 8.9347
C-index TRAIN: 0.7897
C-index TEST:  0.7855
  [surv] Saved → survival_predictions/tabdpt/OrmoniTirodei/-1/seed77/fold3/deepsurv_simple.pkl
  [ckpt] RSF baseline saved → checkpoints/tabdpt/OrmoniTirodei/-1/seed77/fold3/rsf_baseline.pkl
C-index train: 0.9061
C-index test:  0.8036
  [surv] Saved → survival_predictions/tabdpt/OrmoniTirodei/-1/seed77/fold3/rsf.pkl
  Fitting Cox baseline...
C-index train: 0.7982
C-index test:  0.8060
  [surv] Saved → survival_predictions/tabdpt/OrmoniTirodei/-1/seed77/fold3/cox.pkl
X_train shape: (5162, 76), X_test shape: (1290, 76)
Generating TABDPT Embeddings...
<class 'dict'>
Loaded TabDPTModel from checkpoint.
<class 'dict'>
Loaded TabDPTModel from checkpoint.
Successfully generated embeddings with shape: (5162, 768)
0:	[0s / 0s],		train_loss: 5.8477,	val_loss: 6.7360
1:	[0s / 0s],		train_loss: 4.7139,	val_loss: 6.7990
2:	[0s / 0s],		train_loss: 4.7751,	val_loss: 6.6932
3:	[0s / 0s],		train_loss: 5.1496,	val_loss: 6.8858
4:	[0s / 0s],		train_loss: 4.8455,	val_loss: 6.5716
5:	[0s / 0s],		train_loss: 4.6101,	val_loss: 6.6251
6:	[0s / 0s],		train_loss: 4.7090,	val_loss: 6.7142
7:	[0s / 0s],		train_loss: 4.5272,	val_loss: 6.6729
8:	[0s / 0s],		train_loss: 4.6077,	val_loss: 6.5791
9:	[0s / 0s],		train_loss: 4.4948,	val_loss: 6.8600
10:	[0s / 0s],		train_loss: 4.4733,	val_loss: 6.7785
11:	[0s / 0s],		train_loss: 4.4615,	val_loss: 6.4562
12:	[0s / 0s],		train_loss: 4.3620,	val_loss: 6.6680
13:	[0s / 0s],		train_loss: 4.5564,	val_loss: 6.9351
14:	[0s / 0s],		train_loss: 4.9147,	val_loss: 6.5535
15:	[0s / 0s],		train_loss: 4.5309,	val_loss: 6.7517
16:	[0s / 0s],		train_loss: 4.5335,	val_loss: 6.6686
17:	[0s / 0s],		train_loss: 4.3767,	val_loss: 6.5463
18:	[0s / 0s],		train_loss: 4.4361,	val_loss: 6.5256
19:	[0s / 0s],		train_loss: 4.3288,	val_loss: 6.6780
20:	[0s / 0s],		train_loss: 4.5548,	val_loss: 6.6183
21:	[0s / 0s],		train_loss: 4.3961,	val_loss: 6.5752
22:	[0s / 0s],		train_loss: 4.4702,	val_loss: 6.6920
23:	[0s / 0s],		train_loss: 4.3701,	val_loss: 6.9946
24:	[0s / 1s],		train_loss: 4.3455,	val_loss: 6.6595
25:	[0s / 1s],		train_loss: 4.5248,	val_loss: 6.8349
26:	[0s / 1s],		train_loss: 4.4757,	val_loss: 6.6289
27:	[0s / 1s],		train_loss: 4.3489,	val_loss: 6.6711
28:	[0s / 1s],		train_loss: 4.3599,	val_loss: 6.6781
29:	[0s / 1s],		train_loss: 4.3605,	val_loss: 6.8624
30:	[0s / 1s],		train_loss: 4.5756,	val_loss: 6.8335
31:	[0s / 1s],		train_loss: 4.4956,	val_loss: 6.7594
C-index TRAIN: 0.7948
C-index TEST:  0.7534
  [surv] Saved → survival_predictions/tabdpt/OrmoniTirodei/-1/seed77/fold4/tabdpt_deepsurv_simple.pkl
0:	[0s / 0s],		train_loss: 4.5190,	val_loss: 6.3640
1:	[0s / 0s],		train_loss: 4.3455,	val_loss: 6.3385
2:	[0s / 0s],		train_loss: 4.3650,	val_loss: 6.3400
3:	[0s / 0s],		train_loss: 4.3130,	val_loss: 6.4374
4:	[0s / 0s],		train_loss: 4.3124,	val_loss: 6.3649
5:	[0s / 0s],		train_loss: 4.2352,	val_loss: 6.3540
6:	[0s / 0s],		train_loss: 4.2746,	val_loss: 6.4722
7:	[0s / 0s],		train_loss: 4.2575,	val_loss: 6.3741
8:	[0s / 0s],		train_loss: 4.2564,	val_loss: 6.3624
9:	[0s / 0s],		train_loss: 4.2344,	val_loss: 6.4872
10:	[0s / 0s],		train_loss: 4.2328,	val_loss: 6.4523
11:	[0s / 0s],		train_loss: 4.2134,	val_loss: 6.4886
12:	[0s / 0s],		train_loss: 4.2181,	val_loss: 6.4940
13:	[0s / 0s],		train_loss: 4.1780,	val_loss: 6.5345
14:	[0s / 0s],		train_loss: 4.1887,	val_loss: 6.4982
15:	[0s / 0s],		train_loss: 4.1895,	val_loss: 6.4218
16:	[0s / 1s],		train_loss: 4.1767,	val_loss: 6.3931
17:	[0s / 1s],		train_loss: 4.1320,	val_loss: 6.5428
18:	[0s / 1s],		train_loss: 4.1128,	val_loss: 6.5776
19:	[0s / 1s],		train_loss: 4.1170,	val_loss: 6.5076
20:	[0s / 1s],		train_loss: 4.1837,	val_loss: 6.4800
21:	[0s / 1s],		train_loss: 4.1413,	val_loss: 6.5822
C-index TRAIN: 0.8051
C-index TEST:  0.7709
  [surv] Saved → survival_predictions/tabdpt/OrmoniTirodei/-1/seed77/fold4/tabdpt_deepsurv_vanilla.pkl
  [ckpt] TABDPT RSF saved → checkpoints/tabdpt/OrmoniTirodei/-1/seed77/fold4/tabdpt_rsf.pkl
C-index train: 0.9226
C-index test:  0.7688
  [surv] Saved → survival_predictions/tabdpt/OrmoniTirodei/-1/seed77/fold4/tabdpt_rsf.pkl
  Fitting TABDPT Cox (embedding)...
C-index train: 0.8177
C-index test:  0.7742
  [surv] Saved → survival_predictions/tabdpt/OrmoniTirodei/-1/seed77/fold4/tabdpt_cox.pkl
0:	[0s / 0s],		train_loss: 4.7541,	val_loss: 6.4537
1:	[0s / 0s],		train_loss: 4.5581,	val_loss: 6.3775
2:	[0s / 0s],		train_loss: 4.4568,	val_loss: 6.3623
3:	[0s / 0s],		train_loss: 4.4460,	val_loss: 6.3411
4:	[0s / 0s],		train_loss: 4.3898,	val_loss: 6.3012
5:	[0s / 0s],		train_loss: 4.4125,	val_loss: 6.3286
6:	[0s / 0s],		train_loss: 4.4094,	val_loss: 6.3251
7:	[0s / 0s],		train_loss: 4.4001,	val_loss: 6.3202
8:	[0s / 0s],		train_loss: 4.4180,	val_loss: 6.2940
9:	[0s / 0s],		train_loss: 4.3981,	val_loss: 6.2970
10:	[0s / 0s],		train_loss: 4.3722,	val_loss: 6.2842
11:	[0s / 0s],		train_loss: 4.3667,	val_loss: 6.2903
12:	[0s / 0s],		train_loss: 4.3727,	val_loss: 6.3112
13:	[0s / 0s],		train_loss: 4.3415,	val_loss: 6.3080
14:	[0s / 0s],		train_loss: 4.3939,	val_loss: 6.3411
15:	[0s / 0s],		train_loss: 4.3638,	val_loss: 6.2987
16:	[0s / 0s],		train_loss: 4.3693,	val_loss: 6.2756
17:	[0s / 0s],		train_loss: 4.3463,	val_loss: 6.2832
18:	[0s / 1s],		train_loss: 4.3456,	val_loss: 6.2972
19:	[0s / 1s],		train_loss: 4.3562,	val_loss: 6.2771
20:	[0s / 1s],		train_loss: 4.3431,	val_loss: 6.3046
21:	[0s / 1s],		train_loss: 4.3358,	val_loss: 6.2631
22:	[0s / 1s],		train_loss: 4.3521,	val_loss: 6.2595
23:	[0s / 1s],		train_loss: 4.3189,	val_loss: 6.2891
24:	[0s / 1s],		train_loss: 4.3488,	val_loss: 6.3217
25:	[0s / 1s],		train_loss: 4.3499,	val_loss: 6.3048
26:	[0s / 1s],		train_loss: 4.3346,	val_loss: 6.3059
27:	[0s / 1s],		train_loss: 4.3309,	val_loss: 6.3219
28:	[0s / 1s],		train_loss: 4.3361,	val_loss: 6.3372
29:	[0s / 1s],		train_loss: 4.3405,	val_loss: 6.3130
30:	[0s / 1s],		train_loss: 4.3060,	val_loss: 6.3219
31:	[0s / 1s],		train_loss: 4.3111,	val_loss: 48.1773
32:	[0s / 1s],		train_loss: 4.3339,	val_loss: 11.9380
33:	[0s / 1s],		train_loss: 4.3110,	val_loss: 6.2942
34:	[0s / 1s],		train_loss: 4.3130,	val_loss: 17.1721
35:	[0s / 1s],		train_loss: 4.3187,	val_loss: 21.3451
36:	[0s / 1s],		train_loss: 4.3212,	val_loss: 14.4564
37:	[0s / 1s],		train_loss: 4.3062,	val_loss: 9.2752
38:	[0s / 2s],		train_loss: 4.3195,	val_loss: 6.2958
39:	[0s / 2s],		train_loss: 4.2831,	val_loss: 6.2545
40:	[0s / 2s],		train_loss: 4.2700,	val_loss: 6.2984
41:	[0s / 2s],		train_loss: 4.3120,	val_loss: 6.6520
42:	[0s / 2s],		train_loss: 4.3188,	val_loss: 6.3335
43:	[0s / 2s],		train_loss: 4.3043,	val_loss: 14.2539
44:	[0s / 2s],		train_loss: 4.2731,	val_loss: 6.7516
45:	[0s / 2s],		train_loss: 4.2852,	val_loss: 6.4409
46:	[0s / 2s],		train_loss: 4.3222,	val_loss: 17.2245
47:	[0s / 2s],		train_loss: 4.2987,	val_loss: 29.1067
48:	[0s / 2s],		train_loss: 4.2879,	val_loss: 6.5474
49:	[0s / 2s],		train_loss: 4.3021,	val_loss: 9.7665
50:	[0s / 2s],		train_loss: 4.2915,	val_loss: 6.3162
51:	[0s / 2s],		train_loss: 4.2935,	val_loss: 8.3906
52:	[0s / 2s],		train_loss: 4.3055,	val_loss: 6.3165
53:	[0s / 2s],		train_loss: 4.2870,	val_loss: 14.6601
54:	[0s / 2s],		train_loss: 4.2758,	val_loss: 9.6307
55:	[0s / 2s],		train_loss: 4.2854,	val_loss: 7.6127
56:	[0s / 2s],		train_loss: 4.2782,	val_loss: 6.9743
57:	[0s / 2s],		train_loss: 4.2826,	val_loss: 10.0041
58:	[0s / 2s],		train_loss: 4.2934,	val_loss: 20.3830
59:	[0s / 3s],		train_loss: 4.2692,	val_loss: 9.4366
C-index TRAIN: 0.8126
C-index TEST:  0.7771
  [surv] Saved → survival_predictions/tabdpt/OrmoniTirodei/-1/seed77/fold4/deepsurv_vanilla.pkl
0:	[0s / 0s],		train_loss: 120.1375,	val_loss: 36.1525
1:	[0s / 0s],		train_loss: 15.7364,	val_loss: 16.6904
2:	[0s / 0s],		train_loss: 11.5460,	val_loss: 12.4142
3:	[0s / 0s],		train_loss: 10.3624,	val_loss: 10.9362
4:	[0s / 0s],		train_loss: 8.3367,	val_loss: 9.5787
5:	[0s / 0s],		train_loss: 6.9619,	val_loss: 7.9179
6:	[0s / 0s],		train_loss: 5.4565,	val_loss: 6.8126
7:	[0s / 0s],		train_loss: 6.4641,	val_loss: 8.8419
8:	[0s / 0s],		train_loss: 6.3092,	val_loss: 7.7758
9:	[0s / 0s],		train_loss: 5.1960,	val_loss: 6.4416
10:	[0s / 0s],		train_loss: 4.5964,	val_loss: 6.5652
11:	[0s / 0s],		train_loss: 4.4896,	val_loss: 6.4555
12:	[0s / 0s],		train_loss: 4.4663,	val_loss: 6.4625
13:	[0s / 0s],		train_loss: 4.4367,	val_loss: 6.4786
14:	[0s / 0s],		train_loss: 4.6389,	val_loss: 6.7604
15:	[0s / 0s],		train_loss: 4.9046,	val_loss: 6.9014
16:	[0s / 0s],		train_loss: 4.5205,	val_loss: 6.3926
17:	[0s / 0s],		train_loss: 4.8457,	val_loss: 7.7805
18:	[0s / 0s],		train_loss: 5.3853,	val_loss: 7.8309
19:	[0s / 0s],		train_loss: 5.3532,	val_loss: 7.6360
20:	[0s / 0s],		train_loss: 4.8996,	val_loss: 6.7726
21:	[0s / 0s],		train_loss: 4.5112,	val_loss: 6.7361
22:	[0s / 0s],		train_loss: 4.5885,	val_loss: 6.5493
23:	[0s / 0s],		train_loss: 4.6289,	val_loss: 7.1671
24:	[0s / 0s],		train_loss: 5.3966,	val_loss: 8.0391
25:	[0s / 0s],		train_loss: 6.3819,	val_loss: 7.6394
26:	[0s / 0s],		train_loss: 5.3639,	val_loss: 7.3335
27:	[0s / 0s],		train_loss: 5.1136,	val_loss: 7.3311
28:	[0s / 0s],		train_loss: 8.2335,	val_loss: 10.0257
29:	[0s / 0s],		train_loss: 7.1771,	val_loss: 9.1557
30:	[0s / 1s],		train_loss: 6.1243,	val_loss: 8.5104
31:	[0s / 1s],		train_loss: 6.2712,	val_loss: 8.4359
32:	[0s / 1s],		train_loss: 6.2895,	val_loss: 8.9602
33:	[0s / 1s],		train_loss: 6.5563,	val_loss: 7.9897
34:	[0s / 1s],		train_loss: 5.7927,	val_loss: 7.9210
35:	[0s / 1s],		train_loss: 5.8824,	val_loss: 8.7553
36:	[0s / 1s],		train_loss: 6.8957,	val_loss: 8.1446
C-index TRAIN: 0.7900
C-index TEST:  0.7590
  [surv] Saved → survival_predictions/tabdpt/OrmoniTirodei/-1/seed77/fold4/deepsurv_simple.pkl
  [ckpt] RSF baseline saved → checkpoints/tabdpt/OrmoniTirodei/-1/seed77/fold4/rsf_baseline.pkl
C-index train: 0.9121
C-index test:  0.7834
  [surv] Saved → survival_predictions/tabdpt/OrmoniTirodei/-1/seed77/fold4/rsf.pkl
  Fitting Cox baseline...
C-index train: 0.8041
C-index test:  0.7792
  [surv] Saved → survival_predictions/tabdpt/OrmoniTirodei/-1/seed77/fold4/cox.pkl
X_train shape: (5162, 76), X_test shape: (1290, 76)
Generating TABDPT Embeddings...
<class 'dict'>
Loaded TabDPTModel from checkpoint.
<class 'dict'>
Loaded TabDPTModel from checkpoint.
Successfully generated embeddings with shape: (5162, 768)
0:	[0s / 0s],		train_loss: 5.7273,	val_loss: 6.8770
1:	[0s / 0s],		train_loss: 4.7934,	val_loss: 6.4801
2:	[0s / 0s],		train_loss: 4.4499,	val_loss: 6.5527
3:	[0s / 0s],		train_loss: 4.5584,	val_loss: 7.0716
4:	[0s / 0s],		train_loss: 4.6842,	val_loss: 6.6339
5:	[0s / 0s],		train_loss: 4.4309,	val_loss: 6.6245
6:	[0s / 0s],		train_loss: 4.4195,	val_loss: 6.5650
7:	[0s / 0s],		train_loss: 4.5471,	val_loss: 6.6281
8:	[0s / 0s],		train_loss: 4.4636,	val_loss: 6.7342
9:	[0s / 0s],		train_loss: 4.4412,	val_loss: 7.2211
10:	[0s / 0s],		train_loss: 4.7704,	val_loss: 6.8135
11:	[0s / 0s],		train_loss: 4.5872,	val_loss: 6.6943
12:	[0s / 0s],		train_loss: 4.4344,	val_loss: 6.7220
13:	[0s / 0s],		train_loss: 4.4104,	val_loss: 6.6045
14:	[0s / 0s],		train_loss: 4.4520,	val_loss: 6.7411
15:	[0s / 0s],		train_loss: 4.5120,	val_loss: 6.5652
16:	[0s / 0s],		train_loss: 4.8128,	val_loss: 7.0198
17:	[0s / 0s],		train_loss: 4.7777,	val_loss: 6.7155
18:	[0s / 0s],		train_loss: 4.8818,	val_loss: 6.7351
19:	[0s / 0s],		train_loss: 4.5332,	val_loss: 6.8681
20:	[0s / 0s],		train_loss: 4.5799,	val_loss: 6.6645
21:	[0s / 0s],		train_loss: 4.6200,	val_loss: 6.9500
C-index TRAIN: 0.7928
C-index TEST:  0.7457
  [surv] Saved → survival_predictions/tabdpt/OrmoniTirodei/-1/seed77/fold5/tabdpt_deepsurv_simple.pkl
0:	[0s / 0s],		train_loss: 4.5300,	val_loss: 6.3739
1:	[0s / 0s],		train_loss: 4.3910,	val_loss: 6.3506
2:	[0s / 0s],		train_loss: 4.3447,	val_loss: 6.3952
3:	[0s / 0s],		train_loss: 4.3397,	val_loss: 6.3429
4:	[0s / 0s],		train_loss: 4.3307,	val_loss: 6.3656
5:	[0s / 0s],		train_loss: 4.3165,	val_loss: 6.3716
6:	[0s / 0s],		train_loss: 4.3073,	val_loss: 6.4091
7:	[0s / 0s],		train_loss: 4.3111,	val_loss: 6.3578
8:	[0s / 0s],		train_loss: 4.2821,	val_loss: 6.3941
9:	[0s / 0s],		train_loss: 4.2422,	val_loss: 6.4045
10:	[0s / 0s],		train_loss: 4.2277,	val_loss: 6.3701
11:	[0s / 0s],		train_loss: 4.1950,	val_loss: 6.4574
12:	[0s / 0s],		train_loss: 4.2124,	val_loss: 6.4802
13:	[0s / 0s],		train_loss: 4.2014,	val_loss: 6.4622
14:	[0s / 0s],		train_loss: 4.1792,	val_loss: 6.4806
15:	[0s / 0s],		train_loss: 4.1643,	val_loss: 6.4203
16:	[0s / 1s],		train_loss: 4.1591,	val_loss: 6.5506
17:	[0s / 1s],		train_loss: 4.1722,	val_loss: 6.4576
18:	[0s / 1s],		train_loss: 4.1571,	val_loss: 6.4642
19:	[0s / 1s],		train_loss: 4.0987,	val_loss: 6.5502
20:	[0s / 1s],		train_loss: 4.1052,	val_loss: 6.4678
21:	[0s / 1s],		train_loss: 4.0951,	val_loss: 6.5463
22:	[0s / 1s],		train_loss: 4.1058,	val_loss: 6.5191
23:	[0s / 1s],		train_loss: 4.0782,	val_loss: 6.5749
C-index TRAIN: 0.8107
C-index TEST:  0.7718
  [surv] Saved → survival_predictions/tabdpt/OrmoniTirodei/-1/seed77/fold5/tabdpt_deepsurv_vanilla.pkl
  [ckpt] TABDPT RSF saved → checkpoints/tabdpt/OrmoniTirodei/-1/seed77/fold5/tabdpt_rsf.pkl
C-index train: 0.9237
C-index test:  0.7580
  [surv] Saved → survival_predictions/tabdpt/OrmoniTirodei/-1/seed77/fold5/tabdpt_rsf.pkl
  Fitting TABDPT Cox (embedding)...
C-index train: 0.8151
C-index test:  0.7678
  [surv] Saved → survival_predictions/tabdpt/OrmoniTirodei/-1/seed77/fold5/tabdpt_cox.pkl
0:	[0s / 0s],		train_loss: 5.2870,	val_loss: 6.7476
1:	[0s / 0s],		train_loss: 4.7223,	val_loss: 6.4836
2:	[0s / 0s],		train_loss: 4.5623,	val_loss: 6.4249
3:	[0s / 0s],		train_loss: 4.5026,	val_loss: 6.3521
4:	[0s / 0s],		train_loss: 4.4696,	val_loss: 6.3883
5:	[0s / 0s],		train_loss: 4.4530,	val_loss: 6.3174
6:	[0s / 0s],		train_loss: 4.4186,	val_loss: 6.3207
7:	[0s / 0s],		train_loss: 4.4358,	val_loss: 6.3464
8:	[0s / 0s],		train_loss: 4.3973,	val_loss: 6.3169
9:	[0s / 0s],		train_loss: 4.3980,	val_loss: 6.2956
10:	[0s / 0s],		train_loss: 4.3884,	val_loss: 6.3294
11:	[0s / 0s],		train_loss: 4.3657,	val_loss: 6.3030
12:	[0s / 0s],		train_loss: 4.3661,	val_loss: 6.2811
13:	[0s / 0s],		train_loss: 4.3978,	val_loss: 6.2963
14:	[0s / 0s],		train_loss: 4.3562,	val_loss: 6.3003
15:	[0s / 0s],		train_loss: 4.3591,	val_loss: 6.3105
16:	[0s / 0s],		train_loss: 4.4076,	val_loss: 6.3115
17:	[0s / 0s],		train_loss: 4.3689,	val_loss: 6.2917
18:	[0s / 0s],		train_loss: 4.3938,	val_loss: 6.2864
19:	[0s / 0s],		train_loss: 4.3642,	val_loss: 6.3182
20:	[0s / 1s],		train_loss: 4.3832,	val_loss: 6.2811
21:	[0s / 1s],		train_loss: 4.3438,	val_loss: 6.2706
22:	[0s / 1s],		train_loss: 4.3683,	val_loss: 6.3030
23:	[0s / 1s],		train_loss: 4.3244,	val_loss: 6.2993
24:	[0s / 1s],		train_loss: 4.3437,	val_loss: 6.3037
25:	[0s / 1s],		train_loss: 4.3057,	val_loss: 6.3189
26:	[0s / 1s],		train_loss: 4.3274,	val_loss: 6.2859
27:	[0s / 1s],		train_loss: 4.3490,	val_loss: 6.3014
28:	[0s / 1s],		train_loss: 4.3216,	val_loss: 6.2759
29:	[0s / 1s],		train_loss: 4.3545,	val_loss: 6.3000
30:	[0s / 1s],		train_loss: 4.3445,	val_loss: 6.2708
31:	[0s / 1s],		train_loss: 4.3124,	val_loss: 6.2578
32:	[0s / 1s],		train_loss: 4.3210,	val_loss: 6.2625
33:	[0s / 1s],		train_loss: 4.3031,	val_loss: 6.2772
34:	[0s / 1s],		train_loss: 4.3156,	val_loss: 6.2989
35:	[0s / 1s],		train_loss: 4.3163,	val_loss: 6.2774
36:	[0s / 1s],		train_loss: 4.3151,	val_loss: 6.2907
37:	[0s / 1s],		train_loss: 4.3267,	val_loss: 6.2865
38:	[0s / 1s],		train_loss: 4.3138,	val_loss: 6.2947
39:	[0s / 1s],		train_loss: 4.3042,	val_loss: 6.2718
40:	[0s / 1s],		train_loss: 4.3189,	val_loss: 6.2939
41:	[0s / 1s],		train_loss: 4.2928,	val_loss: 6.2795
42:	[0s / 2s],		train_loss: 4.3011,	val_loss: 6.2673
43:	[0s / 2s],		train_loss: 4.2820,	val_loss: 6.2920
44:	[0s / 2s],		train_loss: 4.2909,	val_loss: 6.2952
45:	[0s / 2s],		train_loss: 4.3127,	val_loss: 6.2970
46:	[0s / 2s],		train_loss: 4.3213,	val_loss: 6.2759
47:	[0s / 2s],		train_loss: 4.2858,	val_loss: 6.2850
48:	[0s / 2s],		train_loss: 4.3016,	val_loss: 6.2858
49:	[0s / 2s],		train_loss: 4.3137,	val_loss: 6.2903
50:	[0s / 2s],		train_loss: 4.3190,	val_loss: 6.2880
51:	[0s / 2s],		train_loss: 4.2920,	val_loss: 6.2828
C-index TRAIN: 0.8080
C-index TEST:  0.7917
  [surv] Saved → survival_predictions/tabdpt/OrmoniTirodei/-1/seed77/fold5/deepsurv_vanilla.pkl
0:	[0s / 0s],		train_loss: 173.9105,	val_loss: 35.3861
1:	[0s / 0s],		train_loss: 18.3555,	val_loss: 17.3215
2:	[0s / 0s],		train_loss: 12.0883,	val_loss: 14.6303
3:	[0s / 0s],		train_loss: 10.4057,	val_loss: 12.8231
4:	[0s / 0s],		train_loss: 9.0407,	val_loss: 11.2785
5:	[0s / 0s],		train_loss: 7.7465,	val_loss: 9.8853
6:	[0s / 0s],		train_loss: 6.5865,	val_loss: 9.1722
7:	[0s / 0s],		train_loss: 6.1976,	val_loss: 8.6112
8:	[0s / 0s],		train_loss: 5.6107,	val_loss: 7.6932
9:	[0s / 0s],		train_loss: 5.2412,	val_loss: 7.0790
10:	[0s / 0s],		train_loss: 4.7315,	val_loss: 6.5667
11:	[0s / 0s],		train_loss: 4.5179,	val_loss: 6.4040
12:	[0s / 0s],		train_loss: 4.3802,	val_loss: 6.3696
13:	[0s / 0s],		train_loss: 4.3812,	val_loss: 6.4438
14:	[0s / 0s],		train_loss: 4.4650,	val_loss: 6.4131
15:	[0s / 0s],		train_loss: 4.4896,	val_loss: 6.4924
16:	[0s / 0s],		train_loss: 4.9531,	val_loss: 6.6732
17:	[0s / 0s],		train_loss: 4.5627,	val_loss: 6.5882
18:	[0s / 0s],		train_loss: 4.6642,	val_loss: 6.9230
19:	[0s / 0s],		train_loss: 4.6732,	val_loss: 6.5075
20:	[0s / 0s],		train_loss: 4.6664,	val_loss: 7.0840
21:	[0s / 0s],		train_loss: 4.9817,	val_loss: 6.6369
22:	[0s / 0s],		train_loss: 6.3662,	val_loss: 8.4967
23:	[0s / 0s],		train_loss: 7.0635,	val_loss: 8.4861
24:	[0s / 0s],		train_loss: 5.9419,	val_loss: 7.5132
25:	[0s / 0s],		train_loss: 5.6497,	val_loss: 8.0477
26:	[0s / 0s],		train_loss: 6.4854,	val_loss: 9.2351
27:	[0s / 0s],		train_loss: 6.1403,	val_loss: 8.1077
28:	[0s / 0s],		train_loss: 5.4935,	val_loss: 6.9552
29:	[0s / 0s],		train_loss: 4.7779,	val_loss: 6.6509
30:	[0s / 0s],		train_loss: 5.0521,	val_loss: 7.1888
31:	[0s / 1s],		train_loss: 5.2931,	val_loss: 6.8982
32:	[0s / 1s],		train_loss: 4.6298,	val_loss: 6.4762
C-index TRAIN: 0.7944
C-index TEST:  0.7820
  [surv] Saved → survival_predictions/tabdpt/OrmoniTirodei/-1/seed77/fold5/deepsurv_simple.pkl
  [ckpt] RSF baseline saved → checkpoints/tabdpt/OrmoniTirodei/-1/seed77/fold5/rsf_baseline.pkl
C-index train: 0.9093
C-index test:  0.7940
  [surv] Saved → survival_predictions/tabdpt/OrmoniTirodei/-1/seed77/fold5/rsf.pkl
  Fitting Cox baseline...
C-index train: 0.8009
C-index test:  0.7926
  [surv] Saved → survival_predictions/tabdpt/OrmoniTirodei/-1/seed77/fold5/cox.pkl


Preprocess: Keep NaN
Loading existing folds from tmp/splits/OrmoniTirodei_seed77.pkl
X_train shape: (5161, 76), X_test shape: (1291, 76)
Generating TABDPT Embeddings...
<class 'dict'>
Loaded TabDPTModel from checkpoint.
Traceback (most recent call last):
  File "/scratch.hpc/luca.cotugno/Foundation_model_clinical_data/test_tabular_model.py", line 955, in <module>
    results = main(dataset_name, feature_event, feature_time, args.seed, args.model, args.tuning, args.shap)
              ^^^^^^^^^^^^^^^^^^^^^^^^^^^^^^^^^^^^^^^^^^^^^^^^^^^^^^^^^^^^^^^^^^^^^^^^^^^^^^^^^^^^^^^^^^^^^^
  File "/scratch.hpc/luca.cotugno/Foundation_model_clinical_data/test_tabular_model.py", line 447, in main
    train_emb, test_emb = get_embeddings(model, X_train, y_train, X_test, y_test, seed, device)
                          ^^^^^^^^^^^^^^^^^^^^^^^^^^^^^^^^^^^^^^^^^^^^^^^^^^^^^^^^^^^^^^^^^^^^^
  File "/scratch.hpc/luca.cotugno/Foundation_model_clinical_data/test_tabular_model.py", line 216, in get_embeddings
    return get_tabdpt_embeddings(X_train, y_train, X_query, device=device)
           ^^^^^^^^^^^^^^^^^^^^^^^^^^^^^^^^^^^^^^^^^^^^^^^^^^^^^^^^^^^^^^^
  File "/scratch.hpc/luca.cotugno/Foundation_model_clinical_data/src/tabdpt/__init__.py", line 64, in get_tabdpt_embeddings
    extractor.fit(X_train, y_train)
  File "/scratch.hpc/luca.cotugno/Foundation_model_clinical_data/src/tabdpt/embedding.py", line 126, in fit
    self._clf.fit(X_train, y_train)
  File "/scratch.hpc/luca.cotugno/Foundation_model_clinical_data/src/tabdpt/tabdpt/tabdpt.py", line 221, in fit
    super().fit(X, y, faiss_index)
  File "/scratch.hpc/luca.cotugno/Foundation_model_clinical_data/src/tabdpt/tabdpt/tabdpt.py", line 80, in fit
    self.faiss_knn = faiss_index if faiss_index is not None else FAISS(X)
                                                                 ^^^^^^^^
  File "/scratch.hpc/luca.cotugno/Foundation_model_clinical_data/src/tabdpt/tabdpt/retrieval.py", line 23, in __init__
    self.index.fit(X)
  File "/scratch.hpc/luca.cotugno/Foundation_model_clinical_data/.venv/lib/python3.12/site-packages/sklearn/base.py", line 1336, in wrapper
    return fit_method(estimator, *args, **kwargs)
           ^^^^^^^^^^^^^^^^^^^^^^^^^^^^^^^^^^^^^^
  File "/scratch.hpc/luca.cotugno/Foundation_model_clinical_data/.venv/lib/python3.12/site-packages/sklearn/neighbors/_unsupervised.py", line 179, in fit
    return self._fit(X)
           ^^^^^^^^^^^^
  File "/scratch.hpc/luca.cotugno/Foundation_model_clinical_data/.venv/lib/python3.12/site-packages/sklearn/neighbors/_base.py", line 519, in _fit
    X = validate_data(
        ^^^^^^^^^^^^^^
  File "/scratch.hpc/luca.cotugno/Foundation_model_clinical_data/.venv/lib/python3.12/site-packages/sklearn/utils/validation.py", line 2902, in validate_data
    out = check_array(X, input_name="X", **check_params)
          ^^^^^^^^^^^^^^^^^^^^^^^^^^^^^^^^^^^^^^^^^^^^^^
  File "/scratch.hpc/luca.cotugno/Foundation_model_clinical_data/.venv/lib/python3.12/site-packages/sklearn/utils/validation.py", line 1074, in check_array
    _assert_all_finite(
  File "/scratch.hpc/luca.cotugno/Foundation_model_clinical_data/.venv/lib/python3.12/site-packages/sklearn/utils/validation.py", line 133, in _assert_all_finite
    _assert_all_finite_element_wise(
  File "/scratch.hpc/luca.cotugno/Foundation_model_clinical_data/.venv/lib/python3.12/site-packages/sklearn/utils/validation.py", line 182, in _assert_all_finite_element_wise
    raise ValueError(msg_err)
ValueError: Input X contains NaN.
NearestNeighbors does not accept missing values encoded as NaN natively. For supervised learning, you might want to consider sklearn.ensemble.HistGradientBoostingClassifier and Regressor which accept missing values encoded as NaNs natively. Alternatively, it is possible to preprocess the data, for instance by using an imputer transformer in a pipeline or drop samples with missing values. See https://scikit-learn.org/stable/modules/impute.html You can find a list of all estimators that handle NaN values at the following page: https://scikit-learn.org/stable/modules/impute.html#estimators-that-handle-nan-values
